******************************************************************************
                  TI ARM Linker Unix v20.2.7                   
******************************************************************************
>> Linked Fri Mar  3 21:26:34 2023

OUTPUT FILE NAME:   <part1_exercise3.out>
ENTRY POINT SYMBOL: "_c_int00_noargs"  address: 00004571


MEMORY CONFIGURATION

         name            origin    length      used     unused   attr    fill
----------------------  --------  ---------  --------  --------  ----  --------
  MAIN                  00000000   00040000  0000589c  0003a764  R  X
  INFO                  00200000   00004000  00000000  00004000  R  X
  SRAM_CODE             01000000   00010000  00000318  0000fce8  RW X
  SRAM_DATA             20000000   00010000  00000318  0000fce8  RW  


SEGMENT ALLOCATION MAP

run origin  load origin   length   init length attrs members
----------  ----------- ---------- ----------- ----- -------
00000000    00000000    000058a0   000058a0    r-x
  00000000    00000000    000000e4   000000e4    r-- .intvecs
  000000e4    000000e4    0000473c   0000473c    r-x .text
  00004820    00004820    0000100c   0000100c    r-- .const
  00005830    00005830    00000070   00000070    r-- .cinit
20000000    20000000    0000011a   00000000    rw-
  20000000    20000000    000000b6   00000000    rw- .data
  200000b8    200000b8    00000062   00000000    rw- .bss
2000fe00    2000fe00    00000200   00000000    rw-
  2000fe00    2000fe00    00000200   00000000    rw- .stack


SECTION ALLOCATION MAP

 output                                  attributes/
section   page    origin      length       input sections
--------  ----  ----------  ----------   ----------------
.intvecs   0    00000000    000000e4     
                  00000000    000000e4     startup_msp432p401r_ccs.obj (.intvecs:retain)

.text      0    000000e4    0000473c     
                  000000e4    00000a4e     rtsv7M4_T_le_v4SPD16_eabi.lib : _printfi.c.obj (.text:__TI_printfi)
                  00000b32    0000047e     game.lib : string.obj (.text:Graphics_drawString)
                  00000fb0    000003f4              : Crystalfontz128x128_ST7735.obj (.text)
                  000013a4    00000334     system_msp432p401r.obj (.text)
                  000016d8    00000270     rtsv7M4_T_le_v4SPD16_eabi.lib : _printfi.c.obj (.text:_pconv_a)
                  00001948    0000026e     game.lib : circle.obj (.text:Graphics_drawCircle)
                  00001bb6    00000002     rtsv7M4_T_le_v4SPD16_eabi.lib : div0.asm.obj (.text)
                  00001bb8    00000248     game.lib : road.obj (.text)
                  00001e00    0000022a              : circle.obj (.text:Graphics_fillCircle)
                  0000202a    00000002     --HOLE-- [fill = 0]
                  0000202c    000001ec              : lcd.obj (.text)
                  00002218    000001d0     rtsv7M4_T_le_v4SPD16_eabi.lib : _printfi.c.obj (.text:_pconv_g)
                  000023e8    000001b6                                   : fd_add_t2.asm.obj (.text)
                  0000259e    00000180     game.lib : line.obj (.text:Graphics_clipLine)
                  0000271e    00000174              : line.obj (.text:Graphics_drawLine)
                  00002892    00000002     --HOLE-- [fill = 0]
                  00002894    0000014c              : menu.obj (.text)
                  000029e0    0000013c     rtsv7M4_T_le_v4SPD16_eabi.lib : _printfi.c.obj (.text:_pconv_e)
                  00002b1c    00000136                                   : fd_div_t2.asm.obj (.text)
                  00002c52    00000002     --HOLE-- [fill = 0]
                  00002c54    0000012c     buttons.obj (.text)
                  00002d80    00000128     game.lib : car.obj (.text)
                  00002ea8    00000124     rtsv7M4_T_le_v4SPD16_eabi.lib : _printfi.c.obj (.text:fcvt)
                  00002fcc    00000112     game.lib : rectangle.obj (.text:Graphics_fillRectangle)
                  000030de    00000002     --HOLE-- [fill = 0]
                  000030e0    00000110     rtsv7M4_T_le_v4SPD16_eabi.lib : s_scalbn.c.obj (.text:scalbn)
                  000031f0    000000fc                                   : fd_mul_t2.asm.obj (.text)
                  000032ec    000000fa     game.lib : string.obj (.text:Graphics_getStringWidth)
                  000033e6    00000002     --HOLE-- [fill = 0]
                  000033e8    000000f8     rtsv7M4_T_le_v4SPD16_eabi.lib : s_floor.c.obj (.text:floor)
                  000034e0    000000c4                                   : s_round.c.obj (.text:round)
                  000035a4    000000bc     main.obj (.text)
                  00003660    000000b1     rtsv7M4_T_le_v4SPD16_eabi.lib : _printfi.c.obj (.text:_ltostr)
                  00003711    00000001     --HOLE-- [fill = 0]
                  00003712    000000b0     game.lib : spi.o (.text:SPI_initMaster)
                  000037c2    00000002     --HOLE-- [fill = 0]
                  000037c4    000000ac              : HAL_MSP_EXP432P401R_Crystalfontz128x128_ST7735.obj (.text)
                  00003870    000000a0              : random.obj (.text)
                  00003910    0000009c              : line.obj (.text:Graphics_drawLineH)
                  000039ac    0000009c              : line.obj (.text:Graphics_drawLineV)
                  00003a48    0000009c     rtsv7M4_T_le_v4SPD16_eabi.lib : memcpy_t2.asm.obj (.text)
                  00003ae4    00000098     game.lib : init_game.obj (.text)
                  00003b7c    00000096     rtsv7M4_T_le_v4SPD16_eabi.lib : ull_div_t2.asm.obj (.text)
                  00003c12    00000002     --HOLE-- [fill = 0]
                  00003c14    00000092     game.lib : scores.obj (.text)
                  00003ca6    00000002     --HOLE-- [fill = 0]
                  00003ca8    00000088              : gpio.o (.text:GPIO_setAsPeripheralModuleFunctionOutputPin)
                  00003d30    00000086     rtsv7M4_T_le_v4SPD16_eabi.lib : fd_cmp_t2.asm.obj (.text:__aeabi_cdcmple)
                  00003db6    00000086                                   : fd_cmp_t2.asm.obj (.text:__aeabi_cdrcmple)
                  00003e3c    0000007a                                   : memset_t2.asm.obj (.text)
                  00003eb6    0000006e                                   : _printfi.c.obj (.text:_mcpy)
                  00003f24    0000006e                                   : fd_tos_t2.asm.obj (.text)
                  00003f92    00000068                                   : copy_decompress_lzss.c.obj (.text:decompress:lzss:__TI_decompress_lzss)
                  00003ffa    00000064     game.lib : line.obj (.text:Graphics_getClipCode)
                  0000405e    00000002     --HOLE-- [fill = 0]
                  00004060    00000064     rtsv7M4_T_le_v4SPD16_eabi.lib : s_frexp.c.obj (.text:frexp)
                  000040c4    0000005a     game.lib : context.obj (.text:Graphics_drawPixel)
                  0000411e    00000056     rtsv7M4_T_le_v4SPD16_eabi.lib : _printfi.c.obj (.text:_pconv_f)
                  00004174    00000054                                   : _ltoa.c.obj (.text:__TI_ltoa)
                  000041c8    00000052     game.lib : context.obj (.text:Graphics_initContext)
                  0000421a    00000052     rtsv7M4_T_le_v4SPD16_eabi.lib : _printfi.c.obj (.text:_ecpy)
                  0000426c    0000004c                                   : atoi.c.obj (.text:atoi)
                  000042b8    00000048     game.lib : string.obj (.text:Graphics_drawStringCentered)
                  00004300    00000048     rtsv7M4_T_le_v4SPD16_eabi.lib : fd_toi_t2.asm.obj (.text)
                  00004348    00000044                                   : autoinit.c.obj (.text:__TI_auto_init_nobinit_nopinit:__TI_auto_init_nobinit_nopinit)
                  0000438c    00000040     game.lib : gpio.o (.text:GPIO_setAsOutputPin)
                  000043cc    00000040              : string.obj (.text:Graphics_getNumberOfLeadingZeros)
                  0000440c    00000040              : spi.o (.text:is_A_Module)
                  0000444c    00000040     rtsv7M4_T_le_v4SPD16_eabi.lib : sprintf.c.obj (.text:sprintf)
                  0000448c    0000003e                                   : _printfi.c.obj (.text:_fcpy)
                  000044ca    00000038                                   : fs_tod_t2.asm.obj (.text)
                  00004502    00000036     game.lib : display.obj (.text:Graphics_drawHorizontalLineOnDisplay)
                  00004538    00000036              : display.obj (.text:Graphics_drawVerticalLineOnDisplay)
                  0000456e    00000002     --HOLE-- [fill = 0]
                  00004570    00000034     rtsv7M4_T_le_v4SPD16_eabi.lib : boot_cortex_m.c.obj (.text:_c_int00_noargs:_c_int00_noargs)
                  000045a4    0000002e                                   : i_tofd_t2.asm.obj (.text)
                  000045d2    0000002c     game.lib : display.obj (.text:Graphics_drawPixelOnDisplay)
                  000045fe    00000002     --HOLE-- [fill = 0]
                  00004600    00000028              : gpio.o (.text:GPIO_setOutputHighOnPin)
                  00004628    00000028              : gpio.o (.text:GPIO_setOutputLowOnPin)
                  00004650    0000001e              : display.obj (.text:Graphics_fillRectangleOnDisplay)
                  0000466e    0000001c              : spi.o (.text:SPI_enableModule)
                  0000468a    0000001c     rtsv7M4_T_le_v4SPD16_eabi.lib : copy_zero_init.c.obj (.text:decompress:ZI:__TI_zero_init_nomemset:__TI_zero_init_nomemset)
                  000046a6    0000001c                                   : memccpy.c.obj (.text:memccpy)
                  000046c2    0000001a     game.lib : display.obj (.text:Graphics_clearDisplayOnDisplay)
                  000046dc    0000001a              : context.obj (.text:Graphics_setBackgroundColor)
                  000046f6    0000001a              : context.obj (.text:Graphics_setFont)
                  00004710    0000001a     rtsv7M4_T_le_v4SPD16_eabi.lib : s_copysign.c.obj (.text:copysign)
                  0000472a    00000018                                   : sprintf.c.obj (.text:_outs)
                  00004742    00000016     game.lib : spi.o (.text:EUSCI_A_SPI_enable)
                  00004758    00000016              : spi.o (.text:EUSCI_B_SPI_enable)
                  0000476e    00000016              : context.obj (.text:Graphics_setForegroundColor)
                  00004784    00000016              : display.obj (.text:Graphics_translateColorOnDisplay)
                  0000479a    00000016     rtsv7M4_T_le_v4SPD16_eabi.lib : strchr.c.obj (.text:strchr)
                  000047b0    00000014                                   : strlen.c.obj (.text:strlen)
                  000047c4    00000012     game.lib : context.obj (.text:Graphics_clearDisplay)
                  000047d6    00000012     rtsv7M4_T_le_v4SPD16_eabi.lib : wcslen.c.obj (.text:wcslen)
                  000047e8    0000000e                                   : copy_decompress_none.c.obj (.text:decompress:none:__TI_decompress_none)
                  000047f6    0000000e     startup_msp432p401r_ccs.obj (.text)
                  00004804    0000000a     rtsv7M4_T_le_v4SPD16_eabi.lib : sprintf.c.obj (.text:_outc)
                  0000480e    00000002     --HOLE-- [fill = 0]
                  00004810    00000008                                   : errno.c.obj (.text:__aeabi_errno_addr)
                  00004818    00000004                                   : pre_init.c.obj (.text:_system_pre_init)
                  0000481c    00000004                                   : exit.c.obj (.text:abort:abort)

.const     0    00004820    0000100c     
                  00004820    00000a17     game.lib : fontcmsc22.obj (.const:.string:g_pucCmsc22Data)
                  00005237    000002f8              : fontfixed6x8.obj (.const:.string:g_pucFontFixed6x8Data)
                  0000552f    00000101     rtsv7M4_T_le_v4SPD16_eabi.lib : ctype.c.obj (.const:.string:_ctypes_)
                  00005630    000000c8     game.lib : fontcmsc22.obj (.const:g_sFontCmsc22)
                  000056f8    000000c8              : fontfixed6x8.obj (.const:g_sFontFixed6x8)
                  000057c0    00000030              : gpio.o (.const:GPIO_PORT_TO_BASE)
                  000057f0    00000020              : Crystalfontz128x128_ST7735.obj (.const:g_sCrystalfontz128x128_funcs)
                  00005810    0000001c              : HAL_MSP_EXP432P401R_Crystalfontz128x128_ST7735.obj (.const:$P$T0$1)

.cinit     0    00005830    00000070     
                  00005830    00000046     (.cinit..data.load) [load image, compression = lzss]
                  00005876    00000002     --HOLE-- [fill = 0]
                  00005878    0000000c     (__TI_handler_table)
                  00005884    00000004     --HOLE-- [fill = 0]
                  00005888    00000008     (.cinit..bss.load) [load image, compression = zero_init]
                  00005890    00000010     (__TI_cinit_table)

.init_array 
*          0    00000000    00000000     UNINITIALIZED

.binit     0    00000000    00000000     

.data      0    20000000    000000b6     UNINITIALIZED
                  20000000    00000078     game.lib : menu.obj (.data:options)
                  20000078    00000010              : Crystalfontz128x128_ST7735.obj (.data:g_sCrystalfontz128x128)
                  20000088    0000000c              : menu.obj (.data:color)
                  20000094    0000000c              : road.obj (.data)
                  200000a0    00000008              : car.obj (.data)
                  200000a8    00000004     rtsv7M4_T_le_v4SPD16_eabi.lib : errno.c.obj (.data)
                  200000ac    00000004     system_msp432p401r.obj (.data)
                  200000b0    00000002     buttons.obj (.data)
                  200000b2    00000002     game.lib : random.obj (.data)
                  200000b4    00000001              : init_game.obj (.data)
                  200000b5    00000001              : menu.obj (.data)

.bss       0    200000b8    00000062     UNINITIALIZED
                  200000b8    00000020     game.lib : road.obj (.bss:road)
                  200000d8    0000001c              : lcd.obj (.bss:g_sContext)
                  200000f4    0000001c              : lcd.obj (.bss:g_sContext_big_font)
                  20000110    00000002     (.common:Lcd_ScreenHeigth)
                  20000112    00000002     (.common:Lcd_ScreenWidth)
                  20000114    00000002     (.common:Lcd_TouchTrim)
                  20000116    00000001     (.common:Lcd_FlagRead)
                  20000117    00000001     (.common:Lcd_FontSolid)
                  20000118    00000001     (.common:Lcd_Orientation)
                  20000119    00000001     (.common:Lcd_PenSolid)

.stack     0    2000fe00    00000200     UNINITIALIZED
                  2000fe00    00000004     rtsv7M4_T_le_v4SPD16_eabi.lib : boot_cortex_m.c.obj (.stack)
                  2000fe04    000001fc     --HOLE--

__llvm_prf_cnts 
*          0    20000000    00000000     UNINITIALIZED

MODULE SUMMARY

       Module                                               code    ro data   rw data
       ------                                               ----    -------   -------
    ./
       system_msp432p401r.obj                               820     0         8      
       startup_msp432p401r_ccs.obj                          14      228       0      
       main.obj                                             188     0         0      
    +--+----------------------------------------------------+-------+---------+---------+
       Total:                                               1022    228       8      
                                                                                     
    ./buttons/
       buttons.obj                                          300     0         4      
    +--+----------------------------------------------------+-------+---------+---------+
       Total:                                               300     0         4      
                                                                                     
    ../game.lib
       fontcmsc22.obj                                       0       2783      0      
       string.obj                                           1536    0         0      
       circle.obj                                           1176    0         0      
       line.obj                                             1168    0         0      
       Crystalfontz128x128_ST7735.obj                       1012    32        52     
       fontfixed6x8.obj                                     0       960       0      
       road.obj                                             584     0         88     
       lcd.obj                                              492     0         112    
       menu.obj                                             332     0         266    
       gpio.o                                               280     48        0      
       car.obj                                              296     0         16     
       spi.o                                                312     0         0      
       rectangle.obj                                        274     0         0      
       context.obj                                          264     0         0      
       display.obj                                          230     0         0      
       HAL_MSP_EXP432P401R_Crystalfontz128x128_ST7735.obj   172     28        0      
       random.obj                                           160     0         4      
       init_game.obj                                        152     0         2      
       scores.obj                                           146     0         0      
    +--+----------------------------------------------------+-------+---------+---------+
       Total:                                               8586    3851      540    
                                                                                     
    /Applications/ti/ccs1220/ccs/tools/compiler/ti-cgt-arm_20.2.7.LTS/lib/rtsv7M4_T_le_v4SPD16_eabi.lib
       _printfi.c.obj                                       4851    0         0      
       fd_add_t2.asm.obj                                    438     0         0      
       fd_div_t2.asm.obj                                    310     0         0      
       s_scalbn.c.obj                                       272     0         0      
       fd_cmp_t2.asm.obj                                    268     0         0      
       ctype.c.obj                                          0       257       0      
       fd_mul_t2.asm.obj                                    252     0         0      
       s_floor.c.obj                                        248     0         0      
       s_round.c.obj                                        196     0         0      
       memcpy_t2.asm.obj                                    156     0         0      
       ull_div_t2.asm.obj                                   150     0         0      
       memset_t2.asm.obj                                    122     0         0      
       fd_tos_t2.asm.obj                                    110     0         0      
       copy_decompress_lzss.c.obj                           104     0         0      
       s_frexp.c.obj                                        100     0         0      
       sprintf.c.obj                                        98      0         0      
       _ltoa.c.obj                                          84      0         0      
       atoi.c.obj                                           76      0         0      
       fd_toi_t2.asm.obj                                    72      0         0      
       autoinit.c.obj                                       68      0         0      
       fs_tod_t2.asm.obj                                    56      0         0      
       boot_cortex_m.c.obj                                  52      0         0      
       i_tofd_t2.asm.obj                                    46      0         0      
       copy_zero_init.c.obj                                 28      0         0      
       memccpy.c.obj                                        28      0         0      
       s_copysign.c.obj                                     26      0         0      
       strchr.c.obj                                         22      0         0      
       strlen.c.obj                                         20      0         0      
       wcslen.c.obj                                         18      0         0      
       errno.c.obj                                          8       0         8      
       copy_decompress_none.c.obj                           14      0         0      
       exit.c.obj                                           4       0         0      
       pre_init.c.obj                                       4       0         0      
       div0.asm.obj                                         2       0         0      
    +--+----------------------------------------------------+-------+---------+---------+
       Total:                                               8303    257       8      
                                                                                     
       Stack:                                               0       0         1024   
       Linker Generated:                                    0       106       0      
    +--+----------------------------------------------------+-------+---------+---------+
       Grand Total:                                         18211   4442      1584   


LINKER GENERATED COPY TABLES

__TI_cinit_table @ 00005890 records: 2, size/record: 8, table size: 16
	.data: load addr=00005830, load size=00000046 bytes, run addr=20000000, run size=000000b6 bytes, compression=lzss
	.bss: load addr=00005888, load size=00000008 bytes, run addr=200000b8, run size=00000062 bytes, compression=zero_init


LINKER GENERATED HANDLER TABLE

__TI_handler_table @ 00005878 records: 3, size/record: 4, table size: 12
	index: 0, handler: __TI_decompress_lzss
	index: 1, handler: __TI_decompress_none
	index: 2, handler: __TI_zero_init


GLOBAL SYMBOLS: SORTED ALPHABETICALLY BY Name 

address   name                                       
-------   ----                                       
00004803  ADC14_IRQHandler                           
00004803  AES256_IRQHandler                          
00004803  BusFault_Handler                           
0000481d  C$$EXIT                                    
00004803  COMP_E0_IRQHandler                         
00004803  COMP_E1_IRQHandler                         
00004803  CS_IRQHandler                              
00002e7f  Check_Crash                                
000028fd  Create_Menu                                
0000125d  Crystalfontz128x128_Init                   
00000fe1  Crystalfontz128x128_SetDrawFrame           
00000fb1  Crystalfontz128x128_SetOrientation         
00004803  DMA_ERR_IRQHandler                         
00004803  DMA_INT0_IRQHandler                        
00004803  DMA_INT1_IRQHandler                        
00004803  DMA_INT2_IRQHandler                        
00004803  DMA_INT3_IRQHandler                        
00004803  DebugMon_Handler                           
00004803  Default_Handler                            
00002daf  Draw_Car                                   
00001d83  Draw_Road                                  
00004803  EUSCIA0_IRQHandler                         
00004803  EUSCIA1_IRQHandler                         
00004803  EUSCIA2_IRQHandler                         
00004803  EUSCIA3_IRQHandler                         
00004803  EUSCIB0_IRQHandler                         
00004803  EUSCIB1_IRQHandler                         
00004803  EUSCIB2_IRQHandler                         
00004803  EUSCIB3_IRQHandler                         
00004743  EUSCI_A_SPI_enable                         
00004759  EUSCI_B_SPI_enable                         
00004803  FLCTL_IRQHandler                           
00004803  FPU_IRQHandler                             
0000438d  GPIO_setAsOutputPin                        
00003ca9  GPIO_setAsPeripheralModuleFunctionOutputPin
00004601  GPIO_setOutputHighOnPin                    
00004629  GPIO_setOutputLowOnPin                     
00003c6d  Game_Over                                  
000047c5  Graphics_clearDisplay                      
000046c3  Graphics_clearDisplayOnDisplay             
00001949  Graphics_drawCircle                        
00004503  Graphics_drawHorizontalLineOnDisplay       
0000271f  Graphics_drawLine                          
00003911  Graphics_drawLineH                         
000039ad  Graphics_drawLineV                         
000040c5  Graphics_drawPixel                         
000045d3  Graphics_drawPixelOnDisplay                
00000b33  Graphics_drawString                        
000042b9  Graphics_drawStringCentered                
00004539  Graphics_drawVerticalLineOnDisplay         
00001e01  Graphics_fillCircle                        
00002fcd  Graphics_fillRectangle                     
00004651  Graphics_fillRectangleOnDisplay            
000032ed  Graphics_getStringWidth                    
000041c9  Graphics_initContext                       
000046dd  Graphics_setBackgroundColor                
000046f7  Graphics_setFont                           
0000476f  Graphics_setForegroundColor                
00004785  Graphics_translateColorOnDisplay           
00003835  HAL_LCD_PortInit                           
000037fd  HAL_LCD_SpiInit                            
000037d7  HAL_LCD_writeCommand                       
000037c5  HAL_LCD_writeData                          
00004803  HardFault_Handler                          
00002e6f  Init_Car                                   
00003b4f  Init_Game                                  
00002193  Init_Lcd                                   
000038e9  Init_Random                                
00001bdb  Init_Road                                  
20000116  Lcd_FlagRead                               
20000117  Lcd_FontSolid                              
20000118  Lcd_Orientation                            
20000119  Lcd_PenSolid                               
20000110  Lcd_ScreenHeigth                           
20000112  Lcd_ScreenWidth                            
20000114  Lcd_TouchTrim                              
00004803  MemManage_Handler                          
00004803  NMI_Handler                                
00004803  PCM_IRQHandler                             
00004803  PORT1_IRQHandler                           
00004803  PORT2_IRQHandler                           
00002d2f  PORT3_IRQHandler                           
00002d2f  PORT3_IRQHandler                           
00004803  PORT4_IRQHandler                           
00004803  PORT5_IRQHandler                           
00004803  PORT6_IRQHandler                           
00004803  PSS_IRQHandler                             
00004803  PendSV_Handler                             
00004803  RTC_C_IRQHandler                           
000047f7  Reset_Handler                              
0000466f  SPI_enableModule                           
00003713  SPI_initMaster                             
00004803  SVC_Handler                                
00002d8f  Set_Car_Color                              
00002895  Show_Menu                                  
00003c6b  Show_Msg                                   
00003c15  Show_Scores                                
00003b21  Start_SysTick                              
00002d81  Steering_Wheel                             
00003b19  SysTick_Handler                            
00003b19  SysTick_Handler                            
200000ac  SystemCoreClock                            
000013a5  SystemCoreClockUpdate                      
0000161d  SystemInit                                 
00004803  T32_INT1_IRQHandler                        
00004803  T32_INT2_IRQHandler                        
00004803  T32_INTC_IRQHandler                        
00004803  TA0_0_IRQHandler                           
00004803  TA0_N_IRQHandler                           
00004803  TA1_0_IRQHandler                           
00004803  TA1_N_IRQHandler                           
00004803  TA2_0_IRQHandler                           
00004803  TA2_N_IRQHandler                           
00004803  TA3_0_IRQHandler                           
00004803  TA3_N_IRQHandler                           
00004803  UsageFault_Handler                         
4000480c  WDTCTL_SYM                                 
00004803  WDT_A_IRQHandler                           
20010000  __STACK_END                                
00000200  __STACK_SIZE                               
00005890  __TI_CINIT_Base                            
000058a0  __TI_CINIT_Limit                           
00005878  __TI_Handler_Table_Base                    
00005884  __TI_Handler_Table_Limit                   
00004349  __TI_auto_init_nobinit_nopinit             
00003f93  __TI_decompress_lzss                       
000047e9  __TI_decompress_none                       
00004175  __TI_ltoa                                  
ffffffff  __TI_pprof_out_hndl                        
000000e5  __TI_printfi                               
ffffffff  __TI_prof_data_size                        
ffffffff  __TI_prof_data_start                       
00000000  __TI_static_base__                         
0000468b  __TI_zero_init_nomemset                    
00003d31  __aeabi_cdcmpeq                            
00003d31  __aeabi_cdcmple                            
00003db7  __aeabi_cdrcmple                           
00003f25  __aeabi_d2f                                
00004301  __aeabi_d2iz                               
000023f3  __aeabi_dadd                               
00002b1d  __aeabi_ddiv                               
000031f1  __aeabi_dmul                               
000023e9  __aeabi_dsub                               
00004811  __aeabi_errno_addr                         
000044cb  __aeabi_f2d                                
000045a5  __aeabi_i2d                                
00001bb7  __aeabi_idiv0                              
00001bb7  __aeabi_ldiv0                              
00003e3d  __aeabi_memclr                             
00003e3d  __aeabi_memclr4                            
00003e3d  __aeabi_memclr8                            
00003a49  __aeabi_memcpy                             
00003a49  __aeabi_memcpy4                            
00003a49  __aeabi_memcpy8                            
00003e3f  __aeabi_memset                             
00003e3f  __aeabi_memset4                            
00003e3f  __aeabi_memset8                            
00003b7d  __aeabi_uldivmod                           
ffffffff  __binit__                                  
ffffffff  __c_args__                                 
UNDEFED   __mpu_init                                 
2000fe00  __stack                                    
20000000  __start___llvm_prf_cnts                    
20000000  __stop___llvm_prf_cnts                     
00004571  _c_int00_noargs                            
0000552f  _ctypes_                                   
UNDEFED   _system_post_cinit                         
00004819  _system_pre_init                           
0000481d  abort                                      
0000426d  atoi                                       
ffffffff  binit                                      
200000b0  button_bottom_flag                         
00002cef  button_bottom_fsm                          
00001bb9  change_speed                               
00003b05  check_SysTick_flag                         
0000217d  clear_display                              
00004711  copysign                                   
00004711  copysignl                                  
00002153  drawLine                                   
00002133  draw_circle                                
000020db  draw_string_back                           
000020a7  draw_string_big_font                       
00002073  draw_string_font                           
200000a8  errno                                      
00002053  fill_circle                                
0000202d  fill_rectangle                             
200000b4  flag_SysTick                               
000033e9  floor                                      
000033e9  floorl                                     
00003b01  foo                                        
00004061  frexp                                      
00004061  frexpl                                     
20000078  g_sCrystalfontz128x128                     
000057f0  g_sCrystalfontz128x128_funcs               
00005630  g_sFontCmsc22                              
000056f8  g_sFontFixed6x8                            
00002c55  init_buttons                               
00002c93  init_buttons_int                           
00000000  interruptVectors                           
000030e1  ldexp                                      
000030e1  ldexpl                                     
000035a5  main                                       
000046a7  memccpy                                    
00003a49  memcpy                                     
00003e45  memset                                     
00003871  rand                                       
00002ccd  read_button_bottom                         
000034e1  round                                      
000034e1  roundl                                     
000030e1  scalbn                                     
000030e1  scalbnl                                    
00003ae5  show_error                                 
0000444d  sprintf                                    
0000479b  strchr                                     
000047b1  strlen                                     
000047d7  wcslen                                     


GLOBAL SYMBOLS: SORTED BY Symbol Address 

address   name                                       
-------   ----                                       
00000000  __TI_static_base__                         
00000000  interruptVectors                           
000000e5  __TI_printfi                               
00000200  __STACK_SIZE                               
00000b33  Graphics_drawString                        
00000fb1  Crystalfontz128x128_SetOrientation         
00000fe1  Crystalfontz128x128_SetDrawFrame           
0000125d  Crystalfontz128x128_Init                   
000013a5  SystemCoreClockUpdate                      
0000161d  SystemInit                                 
00001949  Graphics_drawCircle                        
00001bb7  __aeabi_idiv0                              
00001bb7  __aeabi_ldiv0                              
00001bb9  change_speed                               
00001bdb  Init_Road                                  
00001d83  Draw_Road                                  
00001e01  Graphics_fillCircle                        
0000202d  fill_rectangle                             
00002053  fill_circle                                
00002073  draw_string_font                           
000020a7  draw_string_big_font                       
000020db  draw_string_back                           
00002133  draw_circle                                
00002153  drawLine                                   
0000217d  clear_display                              
00002193  Init_Lcd                                   
000023e9  __aeabi_dsub                               
000023f3  __aeabi_dadd                               
0000271f  Graphics_drawLine                          
00002895  Show_Menu                                  
000028fd  Create_Menu                                
00002b1d  __aeabi_ddiv                               
00002c55  init_buttons                               
00002c93  init_buttons_int                           
00002ccd  read_button_bottom                         
00002cef  button_bottom_fsm                          
00002d2f  PORT3_IRQHandler                           
00002d2f  PORT3_IRQHandler                           
00002d81  Steering_Wheel                             
00002d8f  Set_Car_Color                              
00002daf  Draw_Car                                   
00002e6f  Init_Car                                   
00002e7f  Check_Crash                                
00002fcd  Graphics_fillRectangle                     
000030e1  ldexp                                      
000030e1  ldexpl                                     
000030e1  scalbn                                     
000030e1  scalbnl                                    
000031f1  __aeabi_dmul                               
000032ed  Graphics_getStringWidth                    
000033e9  floor                                      
000033e9  floorl                                     
000034e1  round                                      
000034e1  roundl                                     
000035a5  main                                       
00003713  SPI_initMaster                             
000037c5  HAL_LCD_writeData                          
000037d7  HAL_LCD_writeCommand                       
000037fd  HAL_LCD_SpiInit                            
00003835  HAL_LCD_PortInit                           
00003871  rand                                       
000038e9  Init_Random                                
00003911  Graphics_drawLineH                         
000039ad  Graphics_drawLineV                         
00003a49  __aeabi_memcpy                             
00003a49  __aeabi_memcpy4                            
00003a49  __aeabi_memcpy8                            
00003a49  memcpy                                     
00003ae5  show_error                                 
00003b01  foo                                        
00003b05  check_SysTick_flag                         
00003b19  SysTick_Handler                            
00003b19  SysTick_Handler                            
00003b21  Start_SysTick                              
00003b4f  Init_Game                                  
00003b7d  __aeabi_uldivmod                           
00003c15  Show_Scores                                
00003c6b  Show_Msg                                   
00003c6d  Game_Over                                  
00003ca9  GPIO_setAsPeripheralModuleFunctionOutputPin
00003d31  __aeabi_cdcmpeq                            
00003d31  __aeabi_cdcmple                            
00003db7  __aeabi_cdrcmple                           
00003e3d  __aeabi_memclr                             
00003e3d  __aeabi_memclr4                            
00003e3d  __aeabi_memclr8                            
00003e3f  __aeabi_memset                             
00003e3f  __aeabi_memset4                            
00003e3f  __aeabi_memset8                            
00003e45  memset                                     
00003f25  __aeabi_d2f                                
00003f93  __TI_decompress_lzss                       
00004061  frexp                                      
00004061  frexpl                                     
000040c5  Graphics_drawPixel                         
00004175  __TI_ltoa                                  
000041c9  Graphics_initContext                       
0000426d  atoi                                       
000042b9  Graphics_drawStringCentered                
00004301  __aeabi_d2iz                               
00004349  __TI_auto_init_nobinit_nopinit             
0000438d  GPIO_setAsOutputPin                        
0000444d  sprintf                                    
000044cb  __aeabi_f2d                                
00004503  Graphics_drawHorizontalLineOnDisplay       
00004539  Graphics_drawVerticalLineOnDisplay         
00004571  _c_int00_noargs                            
000045a5  __aeabi_i2d                                
000045d3  Graphics_drawPixelOnDisplay                
00004601  GPIO_setOutputHighOnPin                    
00004629  GPIO_setOutputLowOnPin                     
00004651  Graphics_fillRectangleOnDisplay            
0000466f  SPI_enableModule                           
0000468b  __TI_zero_init_nomemset                    
000046a7  memccpy                                    
000046c3  Graphics_clearDisplayOnDisplay             
000046dd  Graphics_setBackgroundColor                
000046f7  Graphics_setFont                           
00004711  copysign                                   
00004711  copysignl                                  
00004743  EUSCI_A_SPI_enable                         
00004759  EUSCI_B_SPI_enable                         
0000476f  Graphics_setForegroundColor                
00004785  Graphics_translateColorOnDisplay           
0000479b  strchr                                     
000047b1  strlen                                     
000047c5  Graphics_clearDisplay                      
000047d7  wcslen                                     
000047e9  __TI_decompress_none                       
000047f7  Reset_Handler                              
00004803  ADC14_IRQHandler                           
00004803  AES256_IRQHandler                          
00004803  BusFault_Handler                           
00004803  COMP_E0_IRQHandler                         
00004803  COMP_E1_IRQHandler                         
00004803  CS_IRQHandler                              
00004803  DMA_ERR_IRQHandler                         
00004803  DMA_INT0_IRQHandler                        
00004803  DMA_INT1_IRQHandler                        
00004803  DMA_INT2_IRQHandler                        
00004803  DMA_INT3_IRQHandler                        
00004803  DebugMon_Handler                           
00004803  Default_Handler                            
00004803  EUSCIA0_IRQHandler                         
00004803  EUSCIA1_IRQHandler                         
00004803  EUSCIA2_IRQHandler                         
00004803  EUSCIA3_IRQHandler                         
00004803  EUSCIB0_IRQHandler                         
00004803  EUSCIB1_IRQHandler                         
00004803  EUSCIB2_IRQHandler                         
00004803  EUSCIB3_IRQHandler                         
00004803  FLCTL_IRQHandler                           
00004803  FPU_IRQHandler                             
00004803  HardFault_Handler                          
00004803  MemManage_Handler                          
00004803  NMI_Handler                                
00004803  PCM_IRQHandler                             
00004803  PORT1_IRQHandler                           
00004803  PORT2_IRQHandler                           
00004803  PORT4_IRQHandler                           
00004803  PORT5_IRQHandler                           
00004803  PORT6_IRQHandler                           
00004803  PSS_IRQHandler                             
00004803  PendSV_Handler                             
00004803  RTC_C_IRQHandler                           
00004803  SVC_Handler                                
00004803  T32_INT1_IRQHandler                        
00004803  T32_INT2_IRQHandler                        
00004803  T32_INTC_IRQHandler                        
00004803  TA0_0_IRQHandler                           
00004803  TA0_N_IRQHandler                           
00004803  TA1_0_IRQHandler                           
00004803  TA1_N_IRQHandler                           
00004803  TA2_0_IRQHandler                           
00004803  TA2_N_IRQHandler                           
00004803  TA3_0_IRQHandler                           
00004803  TA3_N_IRQHandler                           
00004803  UsageFault_Handler                         
00004803  WDT_A_IRQHandler                           
00004811  __aeabi_errno_addr                         
00004819  _system_pre_init                           
0000481d  C$$EXIT                                    
0000481d  abort                                      
0000552f  _ctypes_                                   
00005630  g_sFontCmsc22                              
000056f8  g_sFontFixed6x8                            
000057f0  g_sCrystalfontz128x128_funcs               
00005878  __TI_Handler_Table_Base                    
00005884  __TI_Handler_Table_Limit                   
00005890  __TI_CINIT_Base                            
000058a0  __TI_CINIT_Limit                           
20000000  __start___llvm_prf_cnts                    
20000000  __stop___llvm_prf_cnts                     
20000078  g_sCrystalfontz128x128                     
200000a8  errno                                      
200000ac  SystemCoreClock                            
200000b0  button_bottom_flag                         
200000b4  flag_SysTick                               
20000110  Lcd_ScreenHeigth                           
20000112  Lcd_ScreenWidth                            
20000114  Lcd_TouchTrim                              
20000116  Lcd_FlagRead                               
20000117  Lcd_FontSolid                              
20000118  Lcd_Orientation                            
20000119  Lcd_PenSolid                               
2000fe00  __stack                                    
20010000  __STACK_END                                
4000480c  WDTCTL_SYM                                 
ffffffff  __TI_pprof_out_hndl                        
ffffffff  __TI_prof_data_size                        
ffffffff  __TI_prof_data_start                       
ffffffff  __binit__                                  
ffffffff  __c_args__                                 
ffffffff  binit                                      
UNDEFED   __mpu_init                                 
UNDEFED   _system_post_cinit                         

[216 symbols]
