******************************************************************************
                  TI ARM Linker Unix v20.2.7                   
******************************************************************************
>> Linked Fri Mar 31 16:22:17 2023

OUTPUT FILE NAME:   <part3_exercise21.out>
ENTRY POINT SYMBOL: "_c_int00_noargs"  address: 000039bd


MEMORY CONFIGURATION

         name            origin    length      used     unused   attr    fill
----------------------  --------  ---------  --------  --------  ----  --------
  MAIN                  00000000   00040000  00003db9  0003c247  R  X
  INFO                  00200000   00004000  00000000  00004000  R  X
  SRAM_CODE             01000000   00010000  000009c6  0000f63a  RW X
  SRAM_DATA             20000000   00010000  000009c6  0000f63a  RW  


SEGMENT ALLOCATION MAP

run origin  load origin   length   init length attrs members
----------  ----------- ---------- ----------- ----- -------
00000000    00000000    00003dc0   00003dc0    r-x
  00000000    00000000    000000e4   000000e4    r-- .intvecs
  000000e4    000000e4    00003b44   00003b44    r-x .text
  00003c28    00003c28    00000101   00000101    r-- .const
  00003d30    00003d30    00000090   00000090    r-- .cinit
20000000    20000000    000007c6   00000000    rw-
  20000000    20000000    00000400   00000000    rw- .sysmem
  20000400    20000400    000001f4   00000000    rw- .data
  200005f4    200005f4    000001d2   00000000    rw- .bss
2000fe00    2000fe00    00000200   00000000    rw-
  2000fe00    2000fe00    00000200   00000000    rw- .stack


SECTION ALLOCATION MAP

 output                                  attributes/
section   page    origin      length       input sections
--------  ----  ----------  ----------   ----------------
.intvecs   0    00000000    000000e4     
                  00000000    000000e4     startup_msp432p401r_ccs.obj (.intvecs:retain)

.text      0    000000e4    00003b44     
                  000000e4    00000a4e     rtsv7M4_T_le_v4SPD16_eabi.lib : _printfi.c.obj (.text:__TI_printfi)
                  00000b32    00000002                                   : _lock.c.obj (.text:_nop)
                  00000b34    000004b4     timer.obj (.text)
                  00000fe8    0000045c     analog.obj (.text)
                  00001444    00000354     system_msp432p401r.obj (.text)
                  00001798    000002b8     buttons.obj (.text)
                  00001a50    00000270     rtsv7M4_T_le_v4SPD16_eabi.lib : _printfi.c.obj (.text:_pconv_a)
                  00001cc0    000001d0                                   : _printfi.c.obj (.text:_pconv_g)
                  00001e90    000001b6                                   : fd_add_t2.asm.obj (.text)
                  00002046    00000002                                   : div0.asm.obj (.text)
                  00002048    00000184     main.obj (.text)
                  000021cc    0000013c     rtsv7M4_T_le_v4SPD16_eabi.lib : _printfi.c.obj (.text:_pconv_e)
                  00002308    00000136                                   : fd_div_t2.asm.obj (.text)
                  0000243e    00000002     --HOLE-- [fill = 0]
                  00002440    00000124                                   : _printfi.c.obj (.text:fcvt)
                  00002564    00000114                                   : fputs.c.obj (.text:fputs)
                  00002678    00000110                                   : s_scalbn.c.obj (.text:scalbn)
                  00002788    00000100                                   : memory.c.obj (.text:aligned_alloc)
                  00002888    000000fc                                   : fd_mul_t2.asm.obj (.text)
                  00002984    000000e4                                   : memory.c.obj (.text:free)
                  00002a68    000000dc                                   : setvbuf.c.obj (.text:setvbuf)
                  00002b44    000000b1                                   : _printfi.c.obj (.text:_ltostr)
                  00002bf5    00000001     --HOLE-- [fill = 0]
                  00002bf6    0000009c                                   : memcpy_t2.asm.obj (.text)
                  00002c92    00000096                                   : ull_div_t2.asm.obj (.text)
                  00002d28    0000008c                                   : fputc.c.obj (.text:fputc)
                  00002db4    00000086                                   : fd_cmp_t2.asm.obj (.text:__aeabi_cdcmple)
                  00002e3a    00000086                                   : fd_cmp_t2.asm.obj (.text:__aeabi_cdrcmple)
                  00002ec0    0000007a                                   : memset_t2.asm.obj (.text)
                  00002f3a    00000002     --HOLE-- [fill = 0]
                  00002f3c    00000074                                   : fclose.c.obj (.text:__TI_closefile)
                  00002fb0    00000070                                   : memory.c.obj (.text:split)
                  00003020    0000006e                                   : _printfi.c.obj (.text:_mcpy)
                  0000308e    0000006e                                   : fd_tos_t2.asm.obj (.text)
                  000030fc    0000006c                                   : hostrename.c.obj (.text:HOSTrename)
                  00003168    00000068                                   : hostlseek.c.obj (.text:HOSTlseek)
                  000031d0    00000068                                   : copy_decompress_lzss.c.obj (.text:decompress:lzss:__TI_decompress_lzss)
                  00003238    00000068                                   : printf.c.obj (.text:printf)
                  000032a0    00000064                                   : s_frexp.c.obj (.text:frexp)
                  00003304    00000064                                   : fseek.c.obj (.text:fseek)
                  00003368    00000062                                   : _io_perm.c.obj (.text:__TI_wrt_ok)
                  000033ca    00000002     --HOLE-- [fill = 0]
                  000033cc    00000060                                   : hostopen.c.obj (.text:HOSTopen)
                  0000342c    0000005c                                   : close.c.obj (.text:close)
                  00003488    00000058                                   : hostread.c.obj (.text:HOSTread)
                  000034e0    00000058                                   : hostwrite.c.obj (.text:HOSTwrite)
                  00003538    00000056                                   : _printfi.c.obj (.text:_pconv_f)
                  0000358e    00000054                                   : _ltoa.c.obj (.text:__TI_ltoa)
                  000035e2    00000052                                   : _printfi.c.obj (.text:_ecpy)
                  00003634    0000004c                                   : fflush.c.obj (.text:__TI_doflush)
                  00003680    0000004c                                   : atoi.c.obj (.text:atoi)
                  000036cc    00000048                                   : exit.c.obj (.text:exit)
                  00003714    00000048                                   : fd_toi_t2.asm.obj (.text)
                  0000375c    00000044                                   : hostclose.c.obj (.text:HOSTclose)
                  000037a0    00000044                                   : hostunlink.c.obj (.text:HOSTunlink)
                  000037e4    00000044                                   : autoinit.c.obj (.text:__TI_auto_init_nobinit_nopinit:__TI_auto_init_nobinit_nopinit)
                  00003828    00000044                                   : getdevice.c.obj (.text:getdevice)
                  0000386c    0000003e                                   : _printfi.c.obj (.text:_fcpy)
                  000038aa    00000002     --HOLE-- [fill = 0]
                  000038ac    00000038                                   : trgmsg.c.obj (.text:__TI_writemsg)
                  000038e4    00000038                                   : fs_tod_t2.asm.obj (.text)
                  0000391c    00000036                                   : strncpy.c.obj (.text:strncpy)
                  00003952    00000002     --HOLE-- [fill = 0]
                  00003954    00000034                                   : fopen.c.obj (.text:__TI_cleanup)
                  00003988    00000034                                   : trgmsg.c.obj (.text:__TI_readmsg)
                  000039bc    00000034                                   : boot_cortex_m.c.obj (.text:_c_int00_noargs:_c_int00_noargs)
                  000039f0    00000030                                   : getdevice.c.obj (.text:finddevice)
                  00003a20    0000002e                                   : i_tofd_t2.asm.obj (.text)
                  00003a4e    00000002     --HOLE-- [fill = 0]
                  00003a50    0000002c                                   : unlink.c.obj (.text:unlink)
                  00003a7c    00000028                                   : memory.c.obj (.text:free_list_insert)
                  00003aa4    00000028                                   : lseek.c.obj (.text:lseek)
                  00003acc    00000028                                   : write.c.obj (.text:write)
                  00003af4    00000020                                   : memchr.c.obj (.text:memchr)
                  00003b14    0000001c                                   : copy_zero_init.c.obj (.text:decompress:ZI:__TI_zero_init_nomemset:__TI_zero_init_nomemset)
                  00003b30    0000001c                                   : memory.c.obj (.text:free_list_remove)
                  00003b4c    0000001c                                   : memccpy.c.obj (.text:memccpy)
                  00003b68    0000001a                                   : s_copysign.c.obj (.text:copysign)
                  00003b82    00000018                                   : strcmp.c.obj (.text:strcmp)
                  00003b9a    00000016                                   : strchr.c.obj (.text:strchr)
                  00003bb0    00000014                                   : strcpy.c.obj (.text:strcpy)
                  00003bc4    00000014                                   : strlen.c.obj (.text:strlen)
                  00003bd8    00000012                                   : wcslen.c.obj (.text:wcslen)
                  00003bea    0000000e                                   : copy_decompress_none.c.obj (.text:decompress:none:__TI_decompress_none)
                  00003bf8    0000000e     startup_msp432p401r_ccs.obj (.text)
                  00003c06    00000002     --HOLE-- [fill = 0]
                  00003c08    00000008     rtsv7M4_T_le_v4SPD16_eabi.lib : errno.c.obj (.text:__aeabi_errno_addr)
                  00003c10    00000008                                   : memory.c.obj (.text:malloc)
                  00003c18    00000004                                   : printf.c.obj (.text:_outc)
                  00003c1c    00000004                                   : printf.c.obj (.text:_outs)
                  00003c20    00000004                                   : pre_init.c.obj (.text:_system_pre_init)
                  00003c24    00000004                                   : exit.c.obj (.text:abort:abort)

.const     0    00003c28    00000101     
                  00003c28    00000101     rtsv7M4_T_le_v4SPD16_eabi.lib : ctype.c.obj (.const:.string:_ctypes_)

.cinit     0    00003d30    00000090     
                  00003d30    0000006b     (.cinit..data.load) [load image, compression = lzss]
                  00003d9b    00000001     --HOLE-- [fill = 0]
                  00003d9c    0000000c     (__TI_handler_table)
                  00003da8    00000008     (.cinit..bss.load) [load image, compression = zero_init]
                  00003db0    00000010     (__TI_cinit_table)

.init_array 
*          0    00000000    00000000     UNINITIALIZED

.binit     0    00000000    00000000     

.sysmem    0    20000000    00000400     UNINITIALIZED
                  20000000    00000010     rtsv7M4_T_le_v4SPD16_eabi.lib : memory.c.obj (.sysmem)
                  20000010    000003f0     --HOLE--

.data      0    20000400    000001f4     UNINITIALIZED
                  20000400    000000f0     rtsv7M4_T_le_v4SPD16_eabi.lib : defs.c.obj (.data:_ftable)
                  200004f0    00000078                                   : host_device.c.obj (.data:_device)
                  20000568    00000050                                   : host_device.c.obj (.data:_stream)
                  200005b8    00000010                                   : defs.c.obj (.data)
                  200005c8    0000000c                                   : exit.c.obj (.data:$O1$$)
                  200005d4    00000008                                   : _lock.c.obj (.data:$O1$$)
                  200005dc    00000008                                   : memory.c.obj (.data:$O1$$)
                  200005e4    00000004     analog.obj (.data)
                  200005e8    00000004     buttons.obj (.data)
                  200005ec    00000004     rtsv7M4_T_le_v4SPD16_eabi.lib : errno.c.obj (.data)
                  200005f0    00000004     system_msp432p401r.obj (.data)

.bss       0    200005f4    000001d2     UNINITIALIZED
                  200005f4    00000120     rtsv7M4_T_le_v4SPD16_eabi.lib : trgmsg.c.obj (.bss:_CIOBUF_)
                  20000714    000000a0     (.common:__TI_tmpnams)
                  200007b4    0000000a     timer.obj (.bss)
                  200007be    00000008     (.common:parmbuf)

.stack     0    2000fe00    00000200     UNINITIALIZED
                  2000fe00    00000004     rtsv7M4_T_le_v4SPD16_eabi.lib : boot_cortex_m.c.obj (.stack)
                  2000fe04    000001fc     --HOLE--

__llvm_prf_cnts 
*          0    20000000    00000000     UNINITIALIZED

MODULE SUMMARY

       Module                        code    ro data   rw data
       ------                        ----    -------   -------
    ./
       system_msp432p401r.obj        852     0         8      
       main.obj                      388     0         0      
       startup_msp432p401r_ccs.obj   14      228       0      
    +--+-----------------------------+-------+---------+---------+
       Total:                        1254    228       8      
                                                              
    ./Analog/
       analog.obj                    1116    0         8      
    +--+-----------------------------+-------+---------+---------+
       Total:                        1116    0         8      
                                                              
    ./buttons/
       buttons.obj                   696     0         8      
    +--+-----------------------------+-------+---------+---------+
       Total:                        696     0         8      
                                                              
    ./timer/
       timer.obj                     1204    0         20     
    +--+-----------------------------+-------+---------+---------+
       Total:                        1204    0         20     
                                                              
    /Applications/ti/ccs1220/ccs/tools/compiler/ti-cgt-arm_20.2.7.LTS/lib/rtsv7M4_T_le_v4SPD16_eabi.lib
       _printfi.c.obj                4851    0         0      
       defs.c.obj                    0       0         832    
       memory.c.obj                  672     0         16     
       trgmsg.c.obj                  108     0         576    
       fd_add_t2.asm.obj             438     0         0      
       host_device.c.obj             0       0         400    
       fd_div_t2.asm.obj             310     0         0      
       fputs.c.obj                   276     0         0      
       s_scalbn.c.obj                272     0         0      
       fd_cmp_t2.asm.obj             268     0         0      
       ctype.c.obj                   0       257       0      
       fd_mul_t2.asm.obj             252     0         0      
       setvbuf.c.obj                 220     0         0      
       memcpy_t2.asm.obj             156     0         0      
       ull_div_t2.asm.obj            150     0         0      
       fputc.c.obj                   140     0         0      
       memset_t2.asm.obj             122     0         0      
       fclose.c.obj                  116     0         0      
       getdevice.c.obj               116     0         0      
       hostopen.c.obj                96      0         16     
       printf.c.obj                  112     0         0      
       fd_tos_t2.asm.obj             110     0         0      
       hostrename.c.obj              108     0         0      
       copy_decompress_lzss.c.obj    104     0         0      
       hostlseek.c.obj               104     0         0      
       exit.c.obj                    76      0         24     
       fseek.c.obj                   100     0         0      
       s_frexp.c.obj                 100     0         0      
       _io_perm.c.obj                98      0         0      
       close.c.obj                   92      0         0      
       hostread.c.obj                88      0         0      
       hostwrite.c.obj               88      0         0      
       _ltoa.c.obj                   84      0         0      
       atoi.c.obj                    76      0         0      
       fflush.c.obj                  76      0         0      
       fd_toi_t2.asm.obj             72      0         0      
       autoinit.c.obj                68      0         0      
       hostclose.c.obj               68      0         0      
       hostunlink.c.obj              68      0         0      
       fs_tod_t2.asm.obj             56      0         0      
       strncpy.c.obj                 54      0         0      
       boot_cortex_m.c.obj           52      0         0      
       fopen.c.obj                   52      0         0      
       i_tofd_t2.asm.obj             46      0         0      
       unlink.c.obj                  44      0         0      
       lseek.c.obj                   40      0         0      
       write.c.obj                   40      0         0      
       memchr.c.obj                  32      0         0      
       copy_zero_init.c.obj          28      0         0      
       memccpy.c.obj                 28      0         0      
       s_copysign.c.obj              26      0         0      
       strcmp.c.obj                  24      0         0      
       strchr.c.obj                  22      0         0      
       strcpy.c.obj                  20      0         0      
       strlen.c.obj                  20      0         0      
       _lock.c.obj                   2       0         16     
       wcslen.c.obj                  18      0         0      
       errno.c.obj                   8       0         8      
       copy_decompress_none.c.obj    14      0         0      
       pre_init.c.obj                4       0         0      
       div0.asm.obj                  2       0         0      
    +--+-----------------------------+-------+---------+---------+
       Total:                        10887   257       1888   
                                                              
       Heap:                         0       0         2048   
       Stack:                        0       0         1024   
       Linker Generated:             0       143       0      
    +--+-----------------------------+-------+---------+---------+
       Grand Total:                  15157   628       5004   


LINKER GENERATED COPY TABLES

__TI_cinit_table @ 00003db0 records: 2, size/record: 8, table size: 16
	.data: load addr=00003d30, load size=0000006b bytes, run addr=20000400, run size=000001f4 bytes, compression=lzss
	.bss: load addr=00003da8, load size=00000008 bytes, run addr=200005f4, run size=000001d2 bytes, compression=zero_init


LINKER GENERATED HANDLER TABLE

__TI_handler_table @ 00003d9c records: 3, size/record: 4, table size: 12
	index: 0, handler: __TI_decompress_lzss
	index: 1, handler: __TI_decompress_none
	index: 2, handler: __TI_zero_init


GLOBAL SYMBOLS: SORTED ALPHABETICALLY BY Name 

address   name                           
-------   ----                           
000013c9  ADC14_IRQHandler               
000013c9  ADC14_IRQHandler               
00003c05  AES256_IRQHandler              
00003c05  BusFault_Handler               
00003c25  C$$EXIT                        
000038db  C$$IO$$                        
00003c05  COMP_E0_IRQHandler             
00003c05  COMP_E1_IRQHandler             
00003c05  CS_IRQHandler                  
00003c05  DMA_ERR_IRQHandler             
00003c05  DMA_INT0_IRQHandler            
00003c05  DMA_INT1_IRQHandler            
00003c05  DMA_INT2_IRQHandler            
00003c05  DMA_INT3_IRQHandler            
00003c05  DebugMon_Handler               
00003c05  Default_Handler                
00003c05  EUSCIA0_IRQHandler             
00003c05  EUSCIA1_IRQHandler             
00003c05  EUSCIA2_IRQHandler             
00003c05  EUSCIA3_IRQHandler             
00003c05  EUSCIB0_IRQHandler             
00003c05  EUSCIB1_IRQHandler             
00003c05  EUSCIB2_IRQHandler             
00003c05  EUSCIB3_IRQHandler             
00003c05  FLCTL_IRQHandler               
00003c05  FPU_IRQHandler                 
0000375d  HOSTclose                      
00003169  HOSTlseek                      
000033cd  HOSTopen                       
00003489  HOSTread                       
000030fd  HOSTrename                     
000037a1  HOSTunlink                     
000034e1  HOSTwrite                      
00003c05  HardFault_Handler              
00003c05  MemManage_Handler              
00003c05  NMI_Handler                    
00003c05  PCM_IRQHandler                 
00003c05  PORT1_IRQHandler               
00003c05  PORT2_IRQHandler               
00001991  PORT3_IRQHandler               
00001991  PORT3_IRQHandler               
000019b5  PORT4_IRQHandler               
000019b5  PORT4_IRQHandler               
000019cb  PORT5_IRQHandler               
000019cb  PORT5_IRQHandler               
00003c05  PORT6_IRQHandler               
00003c05  PSS_IRQHandler                 
00003c05  PendSV_Handler                 
00003c05  RTC_C_IRQHandler               
00003bf9  Reset_Handler                  
00003c05  SVC_Handler                    
00003c05  SysTick_Handler                
200005f0  SystemCoreClock                
00001445  SystemCoreClockUpdate          
000016bd  SystemInit                     
00003c05  T32_INT1_IRQHandler            
00003c05  T32_INT2_IRQHandler            
00003c05  T32_INTC_IRQHandler            
00003c05  TA0_0_IRQHandler               
00000efd  TA0_N_IRQHandler               
00000efd  TA0_N_IRQHandler               
00003c05  TA1_0_IRQHandler               
00003c05  TA1_N_IRQHandler               
00003c05  TA2_0_IRQHandler               
00000f89  TA2_N_IRQHandler               
00000f89  TA2_N_IRQHandler               
00003c05  TA3_0_IRQHandler               
00003c05  TA3_N_IRQHandler               
00003c05  UsageFault_Handler             
4000480c  WDTCTL_SYM                     
00003c05  WDT_A_IRQHandler               
200005f4  __CIOBUF_                      
20010000  __STACK_END                    
00000200  __STACK_SIZE                   
00000400  __SYSMEM_SIZE                  
00003db0  __TI_CINIT_Base                
00003dc0  __TI_CINIT_Limit               
00003d9c  __TI_Handler_Table_Base        
00003da8  __TI_Handler_Table_Limit       
000037e5  __TI_auto_init_nobinit_nopinit 
00003955  __TI_cleanup                   
200005c8  __TI_cleanup_ptr               
00002f3d  __TI_closefile                 
000031d1  __TI_decompress_lzss           
00003beb  __TI_decompress_none           
00003635  __TI_doflush                   
200005cc  __TI_dtors_ptr                 
200005d0  __TI_enable_exit_profile_output
200005b8  __TI_ft_end                    
0000358f  __TI_ltoa                      
ffffffff  __TI_pprof_out_hndl            
000000e5  __TI_printfi                   
ffffffff  __TI_prof_data_size            
ffffffff  __TI_prof_data_start           
00003989  __TI_readmsg                   
00000000  __TI_static_base__             
20000714  __TI_tmpnams                   
000038ad  __TI_writemsg                  
00003369  __TI_wrt_ok                    
00003b15  __TI_zero_init_nomemset        
00002db5  __aeabi_cdcmpeq                
00002db5  __aeabi_cdcmple                
00002e3b  __aeabi_cdrcmple               
0000308f  __aeabi_d2f                    
00003715  __aeabi_d2iz                   
00001e9b  __aeabi_dadd                   
00002309  __aeabi_ddiv                   
00002889  __aeabi_dmul                   
00001e91  __aeabi_dsub                   
00003c09  __aeabi_errno_addr             
000038e5  __aeabi_f2d                    
00003a21  __aeabi_i2d                    
00002047  __aeabi_idiv0                  
00002047  __aeabi_ldiv0                  
00002ec1  __aeabi_memclr                 
00002ec1  __aeabi_memclr4                
00002ec1  __aeabi_memclr8                
00002bf7  __aeabi_memcpy                 
00002bf7  __aeabi_memcpy4                
00002bf7  __aeabi_memcpy8                
00002ec3  __aeabi_memset                 
00002ec3  __aeabi_memset4                
00002ec3  __aeabi_memset8                
200005c4  __aeabi_stderr                 
200005bc  __aeabi_stdin                  
200005c0  __aeabi_stdout                 
00002c93  __aeabi_uldivmod               
ffffffff  __binit__                      
ffffffff  __c_args__                     
UNDEFED   __mpu_init                     
2000fe00  __stack                        
20000000  __start___llvm_prf_cnts        
20000000  __stop___llvm_prf_cnts         
000039bd  _c_int00_noargs                
00003c28  _ctypes_                       
200004f0  _device                        
20000400  _ftable                        
200005d4  _lock                          
00000b33  _nop                           
20000568  _stream                        
20000000  _sys_memory                    
UNDEFED   _system_post_cinit             
00003c21  _system_pre_init               
200005d8  _unlock                        
00003c25  abort                          
00002789  aligned_alloc                  
00001391  all_values_temp                
00003681  atoi                           
00001237  better_control                 
ffffffff  binit                          
000018d9  button_bottom_fsm              
00001919  check_and_clear_bb_flag        
00001941  check_and_clear_bj_flag        
00001969  check_and_clear_bu_flag        
0000342d  close                          
000010d5  config_accel                   
00000b61  config_blue_pwm                
00001059  config_joystic                 
00000bc9  config_red_green_pwm           
00001029  config_temp                    
0000133d  convert_to_Celsius             
000012f5  convert_to_volts               
00003b69  copysign                       
00003b69  copysignl                      
200005ec  errno                          
000036cd  exit                           
000039f1  finddevice                     
00002d29  fputc                          
00002565  fputs                          
00002985  free                           
000032a1  frexp                          
000032a1  frexpl                         
00003305  fseek                          
00003829  getdevice                      
00000fe9  init_adc14                     
000017c5  init_buttons                   
00001821  init_buttons_int               
00000000  interruptVectors               
00002679  ldexp                          
00002679  ldexpl                         
00003aa5  lseek                          
00002049  main                           
00003c11  malloc                         
00002789  memalign                       
00003b4d  memccpy                        
00003af5  memchr                         
00002bf7  memcpy                         
00002ec9  memset                         
200007be  parmbuf                        
00003239  printf                         
00002d29  putc                           
00000c71  pwm_blue                       
00000dfb  pwm_green                      
00000d33  pwm_red                        
000011b9  read_accel                     
00001895  read_button_bottom             
00001175  read_joystick                  
00001207  read_temp                      
000018b7  read_upper_bottom              
00003a51  remove                         
00002679  scalbn                         
00002679  scalbnl                        
00002a69  setvbuf                        
00003b9b  strchr                         
00003b83  strcmp                         
00003bb1  strcpy                         
00003bc5  strlen                         
0000391d  strncpy                        
200005e4  temp                           
00003a51  unlink                         
00003bd9  wcslen                         
00003acd  write                          


GLOBAL SYMBOLS: SORTED BY Symbol Address 

address   name                           
-------   ----                           
00000000  __TI_static_base__             
00000000  interruptVectors               
000000e5  __TI_printfi                   
00000200  __STACK_SIZE                   
00000400  __SYSMEM_SIZE                  
00000b33  _nop                           
00000b61  config_blue_pwm                
00000bc9  config_red_green_pwm           
00000c71  pwm_blue                       
00000d33  pwm_red                        
00000dfb  pwm_green                      
00000efd  TA0_N_IRQHandler               
00000efd  TA0_N_IRQHandler               
00000f89  TA2_N_IRQHandler               
00000f89  TA2_N_IRQHandler               
00000fe9  init_adc14                     
00001029  config_temp                    
00001059  config_joystic                 
000010d5  config_accel                   
00001175  read_joystick                  
000011b9  read_accel                     
00001207  read_temp                      
00001237  better_control                 
000012f5  convert_to_volts               
0000133d  convert_to_Celsius             
00001391  all_values_temp                
000013c9  ADC14_IRQHandler               
000013c9  ADC14_IRQHandler               
00001445  SystemCoreClockUpdate          
000016bd  SystemInit                     
000017c5  init_buttons                   
00001821  init_buttons_int               
00001895  read_button_bottom             
000018b7  read_upper_bottom              
000018d9  button_bottom_fsm              
00001919  check_and_clear_bb_flag        
00001941  check_and_clear_bj_flag        
00001969  check_and_clear_bu_flag        
00001991  PORT3_IRQHandler               
00001991  PORT3_IRQHandler               
000019b5  PORT4_IRQHandler               
000019b5  PORT4_IRQHandler               
000019cb  PORT5_IRQHandler               
000019cb  PORT5_IRQHandler               
00001e91  __aeabi_dsub                   
00001e9b  __aeabi_dadd                   
00002047  __aeabi_idiv0                  
00002047  __aeabi_ldiv0                  
00002049  main                           
00002309  __aeabi_ddiv                   
00002565  fputs                          
00002679  ldexp                          
00002679  ldexpl                         
00002679  scalbn                         
00002679  scalbnl                        
00002789  aligned_alloc                  
00002789  memalign                       
00002889  __aeabi_dmul                   
00002985  free                           
00002a69  setvbuf                        
00002bf7  __aeabi_memcpy                 
00002bf7  __aeabi_memcpy4                
00002bf7  __aeabi_memcpy8                
00002bf7  memcpy                         
00002c93  __aeabi_uldivmod               
00002d29  fputc                          
00002d29  putc                           
00002db5  __aeabi_cdcmpeq                
00002db5  __aeabi_cdcmple                
00002e3b  __aeabi_cdrcmple               
00002ec1  __aeabi_memclr                 
00002ec1  __aeabi_memclr4                
00002ec1  __aeabi_memclr8                
00002ec3  __aeabi_memset                 
00002ec3  __aeabi_memset4                
00002ec3  __aeabi_memset8                
00002ec9  memset                         
00002f3d  __TI_closefile                 
0000308f  __aeabi_d2f                    
000030fd  HOSTrename                     
00003169  HOSTlseek                      
000031d1  __TI_decompress_lzss           
00003239  printf                         
000032a1  frexp                          
000032a1  frexpl                         
00003305  fseek                          
00003369  __TI_wrt_ok                    
000033cd  HOSTopen                       
0000342d  close                          
00003489  HOSTread                       
000034e1  HOSTwrite                      
0000358f  __TI_ltoa                      
00003635  __TI_doflush                   
00003681  atoi                           
000036cd  exit                           
00003715  __aeabi_d2iz                   
0000375d  HOSTclose                      
000037a1  HOSTunlink                     
000037e5  __TI_auto_init_nobinit_nopinit 
00003829  getdevice                      
000038ad  __TI_writemsg                  
000038db  C$$IO$$                        
000038e5  __aeabi_f2d                    
0000391d  strncpy                        
00003955  __TI_cleanup                   
00003989  __TI_readmsg                   
000039bd  _c_int00_noargs                
000039f1  finddevice                     
00003a21  __aeabi_i2d                    
00003a51  remove                         
00003a51  unlink                         
00003aa5  lseek                          
00003acd  write                          
00003af5  memchr                         
00003b15  __TI_zero_init_nomemset        
00003b4d  memccpy                        
00003b69  copysign                       
00003b69  copysignl                      
00003b83  strcmp                         
00003b9b  strchr                         
00003bb1  strcpy                         
00003bc5  strlen                         
00003bd9  wcslen                         
00003beb  __TI_decompress_none           
00003bf9  Reset_Handler                  
00003c05  AES256_IRQHandler              
00003c05  BusFault_Handler               
00003c05  COMP_E0_IRQHandler             
00003c05  COMP_E1_IRQHandler             
00003c05  CS_IRQHandler                  
00003c05  DMA_ERR_IRQHandler             
00003c05  DMA_INT0_IRQHandler            
00003c05  DMA_INT1_IRQHandler            
00003c05  DMA_INT2_IRQHandler            
00003c05  DMA_INT3_IRQHandler            
00003c05  DebugMon_Handler               
00003c05  Default_Handler                
00003c05  EUSCIA0_IRQHandler             
00003c05  EUSCIA1_IRQHandler             
00003c05  EUSCIA2_IRQHandler             
00003c05  EUSCIA3_IRQHandler             
00003c05  EUSCIB0_IRQHandler             
00003c05  EUSCIB1_IRQHandler             
00003c05  EUSCIB2_IRQHandler             
00003c05  EUSCIB3_IRQHandler             
00003c05  FLCTL_IRQHandler               
00003c05  FPU_IRQHandler                 
00003c05  HardFault_Handler              
00003c05  MemManage_Handler              
00003c05  NMI_Handler                    
00003c05  PCM_IRQHandler                 
00003c05  PORT1_IRQHandler               
00003c05  PORT2_IRQHandler               
00003c05  PORT6_IRQHandler               
00003c05  PSS_IRQHandler                 
00003c05  PendSV_Handler                 
00003c05  RTC_C_IRQHandler               
00003c05  SVC_Handler                    
00003c05  SysTick_Handler                
00003c05  T32_INT1_IRQHandler            
00003c05  T32_INT2_IRQHandler            
00003c05  T32_INTC_IRQHandler            
00003c05  TA0_0_IRQHandler               
00003c05  TA1_0_IRQHandler               
00003c05  TA1_N_IRQHandler               
00003c05  TA2_0_IRQHandler               
00003c05  TA3_0_IRQHandler               
00003c05  TA3_N_IRQHandler               
00003c05  UsageFault_Handler             
00003c05  WDT_A_IRQHandler               
00003c09  __aeabi_errno_addr             
00003c11  malloc                         
00003c21  _system_pre_init               
00003c25  C$$EXIT                        
00003c25  abort                          
00003c28  _ctypes_                       
00003d9c  __TI_Handler_Table_Base        
00003da8  __TI_Handler_Table_Limit       
00003db0  __TI_CINIT_Base                
00003dc0  __TI_CINIT_Limit               
20000000  __start___llvm_prf_cnts        
20000000  __stop___llvm_prf_cnts         
20000000  _sys_memory                    
20000400  _ftable                        
200004f0  _device                        
20000568  _stream                        
200005b8  __TI_ft_end                    
200005bc  __aeabi_stdin                  
200005c0  __aeabi_stdout                 
200005c4  __aeabi_stderr                 
200005c8  __TI_cleanup_ptr               
200005cc  __TI_dtors_ptr                 
200005d0  __TI_enable_exit_profile_output
200005d4  _lock                          
200005d8  _unlock                        
200005e4  temp                           
200005ec  errno                          
200005f0  SystemCoreClock                
200005f4  __CIOBUF_                      
20000714  __TI_tmpnams                   
200007be  parmbuf                        
2000fe00  __stack                        
20010000  __STACK_END                    
4000480c  WDTCTL_SYM                     
ffffffff  __TI_pprof_out_hndl            
ffffffff  __TI_prof_data_size            
ffffffff  __TI_prof_data_start           
ffffffff  __binit__                      
ffffffff  __c_args__                     
ffffffff  binit                          
UNDEFED   __mpu_init                     
UNDEFED   _system_post_cinit             

[212 symbols]
