******************************************************************************
                  TI ARM Linker Unix v20.2.7                   
******************************************************************************
>> Linked Tue Mar  7 21:47:10 2023

OUTPUT FILE NAME:   <part1_exercise4.out>
ENTRY POINT SYMBOL: "_c_int00_noargs"  address: 0000459d


MEMORY CONFIGURATION

         name            origin    length      used     unused   attr    fill
----------------------  --------  ---------  --------  --------  ----  --------
  MAIN                  00000000   00040000  000058c8  0003a738  R  X
  INFO                  00200000   00004000  00000000  00004000  R  X
  SRAM_CODE             01000000   00010000  00000318  0000fce8  RW X
  SRAM_DATA             20000000   00010000  00000318  0000fce8  RW  


SEGMENT ALLOCATION MAP

run origin  load origin   length   init length attrs members
----------  ----------- ---------- ----------- ----- -------
00000000    00000000    000058c8   000058c8    r-x
  00000000    00000000    000000e4   000000e4    r-- .intvecs
  000000e4    000000e4    00004768   00004768    r-x .text
  0000484c    0000484c    0000100c   0000100c    r-- .const
  00005858    00005858    00000070   00000070    r-- .cinit
20000000    20000000    0000011a   00000000    rw-
  20000000    20000000    000000b6   00000000    rw- .data
  200000b8    200000b8    00000062   00000000    rw- .bss
2000fe00    2000fe00    00000200   00000000    rw-
  2000fe00    2000fe00    00000200   00000000    rw- .stack


SECTION ALLOCATION MAP

 output                                  attributes/
section   page    origin      length       input sections
--------  ----  ----------  ----------   ----------------
.intvecs   0    00000000    000000e4     
                  00000000    000000e4     startup_msp432p401r_ccs.obj (.intvecs:retain)

.text      0    000000e4    00004768     
                  000000e4    00000a4e     rtsv7M4_T_le_v4SPD16_eabi.lib : _printfi.c.obj (.text:__TI_printfi)
                  00000b32    0000047e     game.lib : string.obj (.text:Graphics_drawString)
                  00000fb0    000003f4              : Crystalfontz128x128_ST7735.obj (.text)
                  000013a4    00000334     system_msp432p401r.obj (.text)
                  000016d8    00000270     rtsv7M4_T_le_v4SPD16_eabi.lib : _printfi.c.obj (.text:_pconv_a)
                  00001948    0000026e     game.lib : circle.obj (.text:Graphics_drawCircle)
                  00001bb6    00000002     rtsv7M4_T_le_v4SPD16_eabi.lib : div0.asm.obj (.text)
                  00001bb8    00000248     game.lib : road.obj (.text)
                  00001e00    0000022a              : circle.obj (.text:Graphics_fillCircle)
                  0000202a    00000002     --HOLE-- [fill = 0]
                  0000202c    000001ec              : lcd.obj (.text)
                  00002218    000001d0     rtsv7M4_T_le_v4SPD16_eabi.lib : _printfi.c.obj (.text:_pconv_g)
                  000023e8    000001b6                                   : fd_add_t2.asm.obj (.text)
                  0000259e    00000180     game.lib : line.obj (.text:Graphics_clipLine)
                  0000271e    00000174              : line.obj (.text:Graphics_drawLine)
                  00002892    00000002     --HOLE-- [fill = 0]
                  00002894    00000164     buttons.obj (.text)
                  000029f8    0000014c     game.lib : menu.obj (.text)
                  00002b44    0000013c     rtsv7M4_T_le_v4SPD16_eabi.lib : _printfi.c.obj (.text:_pconv_e)
                  00002c80    00000136                                   : fd_div_t2.asm.obj (.text)
                  00002db6    00000002     --HOLE-- [fill = 0]
                  00002db8    00000128     game.lib : car.obj (.text)
                  00002ee0    00000124     rtsv7M4_T_le_v4SPD16_eabi.lib : _printfi.c.obj (.text:fcvt)
                  00003004    00000112     game.lib : rectangle.obj (.text:Graphics_fillRectangle)
                  00003116    00000002     --HOLE-- [fill = 0]
                  00003118    00000110     rtsv7M4_T_le_v4SPD16_eabi.lib : s_scalbn.c.obj (.text:scalbn)
                  00003228    000000fc                                   : fd_mul_t2.asm.obj (.text)
                  00003324    000000fa     game.lib : string.obj (.text:Graphics_getStringWidth)
                  0000341e    00000002     --HOLE-- [fill = 0]
                  00003420    000000f8     rtsv7M4_T_le_v4SPD16_eabi.lib : s_floor.c.obj (.text:floor)
                  00003518    000000c4                                   : s_round.c.obj (.text:round)
                  000035dc    000000b1                                   : _printfi.c.obj (.text:_ltostr)
                  0000368d    00000001     --HOLE-- [fill = 0]
                  0000368e    000000b0     game.lib : spi.o (.text:SPI_initMaster)
                  0000373e    00000002     --HOLE-- [fill = 0]
                  00003740    000000b0     main.obj (.text)
                  000037f0    000000ac     game.lib : HAL_MSP_EXP432P401R_Crystalfontz128x128_ST7735.obj (.text)
                  0000389c    000000a0              : random.obj (.text)
                  0000393c    0000009c              : line.obj (.text:Graphics_drawLineH)
                  000039d8    0000009c              : line.obj (.text:Graphics_drawLineV)
                  00003a74    0000009c     rtsv7M4_T_le_v4SPD16_eabi.lib : memcpy_t2.asm.obj (.text)
                  00003b10    00000098     game.lib : init_game.obj (.text)
                  00003ba8    00000096     rtsv7M4_T_le_v4SPD16_eabi.lib : ull_div_t2.asm.obj (.text)
                  00003c3e    00000002     --HOLE-- [fill = 0]
                  00003c40    00000092     game.lib : scores.obj (.text)
                  00003cd2    00000002     --HOLE-- [fill = 0]
                  00003cd4    00000088              : gpio.o (.text:GPIO_setAsPeripheralModuleFunctionOutputPin)
                  00003d5c    00000086     rtsv7M4_T_le_v4SPD16_eabi.lib : fd_cmp_t2.asm.obj (.text:__aeabi_cdcmple)
                  00003de2    00000086                                   : fd_cmp_t2.asm.obj (.text:__aeabi_cdrcmple)
                  00003e68    0000007a                                   : memset_t2.asm.obj (.text)
                  00003ee2    0000006e                                   : _printfi.c.obj (.text:_mcpy)
                  00003f50    0000006e                                   : fd_tos_t2.asm.obj (.text)
                  00003fbe    00000068                                   : copy_decompress_lzss.c.obj (.text:decompress:lzss:__TI_decompress_lzss)
                  00004026    00000064     game.lib : line.obj (.text:Graphics_getClipCode)
                  0000408a    00000002     --HOLE-- [fill = 0]
                  0000408c    00000064     rtsv7M4_T_le_v4SPD16_eabi.lib : s_frexp.c.obj (.text:frexp)
                  000040f0    0000005a     game.lib : context.obj (.text:Graphics_drawPixel)
                  0000414a    00000056     rtsv7M4_T_le_v4SPD16_eabi.lib : _printfi.c.obj (.text:_pconv_f)
                  000041a0    00000054                                   : _ltoa.c.obj (.text:__TI_ltoa)
                  000041f4    00000052     game.lib : context.obj (.text:Graphics_initContext)
                  00004246    00000052     rtsv7M4_T_le_v4SPD16_eabi.lib : _printfi.c.obj (.text:_ecpy)
                  00004298    0000004c                                   : atoi.c.obj (.text:atoi)
                  000042e4    00000048     game.lib : string.obj (.text:Graphics_drawStringCentered)
                  0000432c    00000048     rtsv7M4_T_le_v4SPD16_eabi.lib : fd_toi_t2.asm.obj (.text)
                  00004374    00000044                                   : autoinit.c.obj (.text:__TI_auto_init_nobinit_nopinit:__TI_auto_init_nobinit_nopinit)
                  000043b8    00000040     game.lib : gpio.o (.text:GPIO_setAsOutputPin)
                  000043f8    00000040              : string.obj (.text:Graphics_getNumberOfLeadingZeros)
                  00004438    00000040              : spi.o (.text:is_A_Module)
                  00004478    00000040     rtsv7M4_T_le_v4SPD16_eabi.lib : sprintf.c.obj (.text:sprintf)
                  000044b8    0000003e                                   : _printfi.c.obj (.text:_fcpy)
                  000044f6    00000038                                   : fs_tod_t2.asm.obj (.text)
                  0000452e    00000036     game.lib : display.obj (.text:Graphics_drawHorizontalLineOnDisplay)
                  00004564    00000036              : display.obj (.text:Graphics_drawVerticalLineOnDisplay)
                  0000459a    00000002     --HOLE-- [fill = 0]
                  0000459c    00000034     rtsv7M4_T_le_v4SPD16_eabi.lib : boot_cortex_m.c.obj (.text:_c_int00_noargs:_c_int00_noargs)
                  000045d0    0000002e                                   : i_tofd_t2.asm.obj (.text)
                  000045fe    0000002c     game.lib : display.obj (.text:Graphics_drawPixelOnDisplay)
                  0000462a    00000002     --HOLE-- [fill = 0]
                  0000462c    00000028              : gpio.o (.text:GPIO_setOutputHighOnPin)
                  00004654    00000028              : gpio.o (.text:GPIO_setOutputLowOnPin)
                  0000467c    0000001e              : display.obj (.text:Graphics_fillRectangleOnDisplay)
                  0000469a    0000001c              : spi.o (.text:SPI_enableModule)
                  000046b6    0000001c     rtsv7M4_T_le_v4SPD16_eabi.lib : copy_zero_init.c.obj (.text:decompress:ZI:__TI_zero_init_nomemset:__TI_zero_init_nomemset)
                  000046d2    0000001c                                   : memccpy.c.obj (.text:memccpy)
                  000046ee    0000001a     game.lib : display.obj (.text:Graphics_clearDisplayOnDisplay)
                  00004708    0000001a              : context.obj (.text:Graphics_setBackgroundColor)
                  00004722    0000001a              : context.obj (.text:Graphics_setFont)
                  0000473c    0000001a     rtsv7M4_T_le_v4SPD16_eabi.lib : s_copysign.c.obj (.text:copysign)
                  00004756    00000018                                   : sprintf.c.obj (.text:_outs)
                  0000476e    00000016     game.lib : spi.o (.text:EUSCI_A_SPI_enable)
                  00004784    00000016              : spi.o (.text:EUSCI_B_SPI_enable)
                  0000479a    00000016              : context.obj (.text:Graphics_setForegroundColor)
                  000047b0    00000016              : display.obj (.text:Graphics_translateColorOnDisplay)
                  000047c6    00000016     rtsv7M4_T_le_v4SPD16_eabi.lib : strchr.c.obj (.text:strchr)
                  000047dc    00000014                                   : strlen.c.obj (.text:strlen)
                  000047f0    00000012     game.lib : context.obj (.text:Graphics_clearDisplay)
                  00004802    00000012     rtsv7M4_T_le_v4SPD16_eabi.lib : wcslen.c.obj (.text:wcslen)
                  00004814    0000000e                                   : copy_decompress_none.c.obj (.text:decompress:none:__TI_decompress_none)
                  00004822    0000000e     startup_msp432p401r_ccs.obj (.text)
                  00004830    0000000a     rtsv7M4_T_le_v4SPD16_eabi.lib : sprintf.c.obj (.text:_outc)
                  0000483a    00000002     --HOLE-- [fill = 0]
                  0000483c    00000008                                   : errno.c.obj (.text:__aeabi_errno_addr)
                  00004844    00000004                                   : pre_init.c.obj (.text:_system_pre_init)
                  00004848    00000004                                   : exit.c.obj (.text:abort:abort)

.const     0    0000484c    0000100c     
                  0000484c    00000a17     game.lib : fontcmsc22.obj (.const:.string:g_pucCmsc22Data)
                  00005263    000002f8              : fontfixed6x8.obj (.const:.string:g_pucFontFixed6x8Data)
                  0000555b    00000101     rtsv7M4_T_le_v4SPD16_eabi.lib : ctype.c.obj (.const:.string:_ctypes_)
                  0000565c    000000c8     game.lib : fontcmsc22.obj (.const:g_sFontCmsc22)
                  00005724    000000c8              : fontfixed6x8.obj (.const:g_sFontFixed6x8)
                  000057ec    00000030              : gpio.o (.const:GPIO_PORT_TO_BASE)
                  0000581c    00000020              : Crystalfontz128x128_ST7735.obj (.const:g_sCrystalfontz128x128_funcs)
                  0000583c    0000001c              : HAL_MSP_EXP432P401R_Crystalfontz128x128_ST7735.obj (.const:$P$T0$1)

.cinit     0    00005858    00000070     
                  00005858    00000046     (.cinit..data.load) [load image, compression = lzss]
                  0000589e    00000002     --HOLE-- [fill = 0]
                  000058a0    0000000c     (__TI_handler_table)
                  000058ac    00000004     --HOLE-- [fill = 0]
                  000058b0    00000008     (.cinit..bss.load) [load image, compression = zero_init]
                  000058b8    00000010     (__TI_cinit_table)

.init_array 
*          0    00000000    00000000     UNINITIALIZED

.binit     0    00000000    00000000     

.data      0    20000000    000000b6     UNINITIALIZED
                  20000000    00000078     game.lib : menu.obj (.data:options)
                  20000078    00000010              : Crystalfontz128x128_ST7735.obj (.data:g_sCrystalfontz128x128)
                  20000088    0000000c              : menu.obj (.data:color)
                  20000094    0000000c              : road.obj (.data)
                  200000a0    00000008              : car.obj (.data)
                  200000a8    00000004     rtsv7M4_T_le_v4SPD16_eabi.lib : errno.c.obj (.data)
                  200000ac    00000004     system_msp432p401r.obj (.data)
                  200000b0    00000002     buttons.obj (.data)
                  200000b2    00000002     game.lib : random.obj (.data)
                  200000b4    00000001              : init_game.obj (.data)
                  200000b5    00000001              : menu.obj (.data)

.bss       0    200000b8    00000062     UNINITIALIZED
                  200000b8    00000020     game.lib : road.obj (.bss:road)
                  200000d8    0000001c              : lcd.obj (.bss:g_sContext)
                  200000f4    0000001c              : lcd.obj (.bss:g_sContext_big_font)
                  20000110    00000002     (.common:Lcd_ScreenHeigth)
                  20000112    00000002     (.common:Lcd_ScreenWidth)
                  20000114    00000002     (.common:Lcd_TouchTrim)
                  20000116    00000001     (.common:Lcd_FlagRead)
                  20000117    00000001     (.common:Lcd_FontSolid)
                  20000118    00000001     (.common:Lcd_Orientation)
                  20000119    00000001     (.common:Lcd_PenSolid)

.stack     0    2000fe00    00000200     UNINITIALIZED
                  2000fe00    00000004     rtsv7M4_T_le_v4SPD16_eabi.lib : boot_cortex_m.c.obj (.stack)
                  2000fe04    000001fc     --HOLE--

__llvm_prf_cnts 
*          0    20000000    00000000     UNINITIALIZED

MODULE SUMMARY

       Module                                               code    ro data   rw data
       ------                                               ----    -------   -------
    ./
       system_msp432p401r.obj                               820     0         8      
       startup_msp432p401r_ccs.obj                          14      228       0      
       main.obj                                             176     0         0      
    +--+----------------------------------------------------+-------+---------+---------+
       Total:                                               1010    228       8      
                                                                                     
    ./buttons/
       buttons.obj                                          356     0         4      
    +--+----------------------------------------------------+-------+---------+---------+
       Total:                                               356     0         4      
                                                                                     
    ../game.lib
       fontcmsc22.obj                                       0       2783      0      
       string.obj                                           1536    0         0      
       circle.obj                                           1176    0         0      
       line.obj                                             1168    0         0      
       Crystalfontz128x128_ST7735.obj                       1012    32        52     
       fontfixed6x8.obj                                     0       960       0      
       road.obj                                             584     0         88     
       lcd.obj                                              492     0         112    
       menu.obj                                             332     0         266    
       gpio.o                                               280     48        0      
       car.obj                                              296     0         16     
       spi.o                                                312     0         0      
       rectangle.obj                                        274     0         0      
       context.obj                                          264     0         0      
       display.obj                                          230     0         0      
       HAL_MSP_EXP432P401R_Crystalfontz128x128_ST7735.obj   172     28        0      
       random.obj                                           160     0         4      
       init_game.obj                                        152     0         2      
       scores.obj                                           146     0         0      
    +--+----------------------------------------------------+-------+---------+---------+
       Total:                                               8586    3851      540    
                                                                                     
    /Applications/ti/ccs1220/ccs/tools/compiler/ti-cgt-arm_20.2.7.LTS/lib/rtsv7M4_T_le_v4SPD16_eabi.lib
       _printfi.c.obj                                       4851    0         0      
       fd_add_t2.asm.obj                                    438     0         0      
       fd_div_t2.asm.obj                                    310     0         0      
       s_scalbn.c.obj                                       272     0         0      
       fd_cmp_t2.asm.obj                                    268     0         0      
       ctype.c.obj                                          0       257       0      
       fd_mul_t2.asm.obj                                    252     0         0      
       s_floor.c.obj                                        248     0         0      
       s_round.c.obj                                        196     0         0      
       memcpy_t2.asm.obj                                    156     0         0      
       ull_div_t2.asm.obj                                   150     0         0      
       memset_t2.asm.obj                                    122     0         0      
       fd_tos_t2.asm.obj                                    110     0         0      
       copy_decompress_lzss.c.obj                           104     0         0      
       s_frexp.c.obj                                        100     0         0      
       sprintf.c.obj                                        98      0         0      
       _ltoa.c.obj                                          84      0         0      
       atoi.c.obj                                           76      0         0      
       fd_toi_t2.asm.obj                                    72      0         0      
       autoinit.c.obj                                       68      0         0      
       fs_tod_t2.asm.obj                                    56      0         0      
       boot_cortex_m.c.obj                                  52      0         0      
       i_tofd_t2.asm.obj                                    46      0         0      
       copy_zero_init.c.obj                                 28      0         0      
       memccpy.c.obj                                        28      0         0      
       s_copysign.c.obj                                     26      0         0      
       strchr.c.obj                                         22      0         0      
       strlen.c.obj                                         20      0         0      
       wcslen.c.obj                                         18      0         0      
       errno.c.obj                                          8       0         8      
       copy_decompress_none.c.obj                           14      0         0      
       exit.c.obj                                           4       0         0      
       pre_init.c.obj                                       4       0         0      
       div0.asm.obj                                         2       0         0      
    +--+----------------------------------------------------+-------+---------+---------+
       Total:                                               8303    257       8      
                                                                                     
       Stack:                                               0       0         1024   
       Linker Generated:                                    0       106       0      
    +--+----------------------------------------------------+-------+---------+---------+
       Grand Total:                                         18255   4442      1584   


LINKER GENERATED COPY TABLES

__TI_cinit_table @ 000058b8 records: 2, size/record: 8, table size: 16
	.data: load addr=00005858, load size=00000046 bytes, run addr=20000000, run size=000000b6 bytes, compression=lzss
	.bss: load addr=000058b0, load size=00000008 bytes, run addr=200000b8, run size=00000062 bytes, compression=zero_init


LINKER GENERATED HANDLER TABLE

__TI_handler_table @ 000058a0 records: 3, size/record: 4, table size: 12
	index: 0, handler: __TI_decompress_lzss
	index: 1, handler: __TI_decompress_none
	index: 2, handler: __TI_zero_init


GLOBAL SYMBOLS: SORTED ALPHABETICALLY BY Name 

address   name                                       
-------   ----                                       
0000482f  ADC14_IRQHandler                           
0000482f  AES256_IRQHandler                          
0000482f  BusFault_Handler                           
00004849  C$$EXIT                                    
0000482f  COMP_E0_IRQHandler                         
0000482f  COMP_E1_IRQHandler                         
0000482f  CS_IRQHandler                              
00002eb7  Check_Crash                                
00002a61  Create_Menu                                
0000125d  Crystalfontz128x128_Init                   
00000fe1  Crystalfontz128x128_SetDrawFrame           
00000fb1  Crystalfontz128x128_SetOrientation         
0000482f  DMA_ERR_IRQHandler                         
0000482f  DMA_INT0_IRQHandler                        
0000482f  DMA_INT1_IRQHandler                        
0000482f  DMA_INT2_IRQHandler                        
0000482f  DMA_INT3_IRQHandler                        
0000482f  DebugMon_Handler                           
0000482f  Default_Handler                            
00002de7  Draw_Car                                   
00001d83  Draw_Road                                  
0000482f  EUSCIA0_IRQHandler                         
0000482f  EUSCIA1_IRQHandler                         
0000482f  EUSCIA2_IRQHandler                         
0000482f  EUSCIA3_IRQHandler                         
0000482f  EUSCIB0_IRQHandler                         
0000482f  EUSCIB1_IRQHandler                         
0000482f  EUSCIB2_IRQHandler                         
0000482f  EUSCIB3_IRQHandler                         
0000476f  EUSCI_A_SPI_enable                         
00004785  EUSCI_B_SPI_enable                         
0000482f  FLCTL_IRQHandler                           
0000482f  FPU_IRQHandler                             
000043b9  GPIO_setAsOutputPin                        
00003cd5  GPIO_setAsPeripheralModuleFunctionOutputPin
0000462d  GPIO_setOutputHighOnPin                    
00004655  GPIO_setOutputLowOnPin                     
00003c99  Game_Over                                  
000047f1  Graphics_clearDisplay                      
000046ef  Graphics_clearDisplayOnDisplay             
00001949  Graphics_drawCircle                        
0000452f  Graphics_drawHorizontalLineOnDisplay       
0000271f  Graphics_drawLine                          
0000393d  Graphics_drawLineH                         
000039d9  Graphics_drawLineV                         
000040f1  Graphics_drawPixel                         
000045ff  Graphics_drawPixelOnDisplay                
00000b33  Graphics_drawString                        
000042e5  Graphics_drawStringCentered                
00004565  Graphics_drawVerticalLineOnDisplay         
00001e01  Graphics_fillCircle                        
00003005  Graphics_fillRectangle                     
0000467d  Graphics_fillRectangleOnDisplay            
00003325  Graphics_getStringWidth                    
000041f5  Graphics_initContext                       
00004709  Graphics_setBackgroundColor                
00004723  Graphics_setFont                           
0000479b  Graphics_setForegroundColor                
000047b1  Graphics_translateColorOnDisplay           
00003861  HAL_LCD_PortInit                           
00003829  HAL_LCD_SpiInit                            
00003803  HAL_LCD_writeCommand                       
000037f1  HAL_LCD_writeData                          
0000482f  HardFault_Handler                          
00002ea7  Init_Car                                   
00003b7b  Init_Game                                  
00002193  Init_Lcd                                   
00003915  Init_Random                                
00001bdb  Init_Road                                  
20000116  Lcd_FlagRead                               
20000117  Lcd_FontSolid                              
20000118  Lcd_Orientation                            
20000119  Lcd_PenSolid                               
20000110  Lcd_ScreenHeigth                           
20000112  Lcd_ScreenWidth                            
20000114  Lcd_TouchTrim                              
0000482f  MemManage_Handler                          
0000482f  NMI_Handler                                
0000482f  PCM_IRQHandler                             
0000482f  PORT1_IRQHandler                           
0000482f  PORT2_IRQHandler                           
00002997  PORT3_IRQHandler                           
00002997  PORT3_IRQHandler                           
0000482f  PORT4_IRQHandler                           
0000482f  PORT5_IRQHandler                           
0000482f  PORT6_IRQHandler                           
0000482f  PSS_IRQHandler                             
0000482f  PendSV_Handler                             
0000482f  RTC_C_IRQHandler                           
00004823  Reset_Handler                              
0000469b  SPI_enableModule                           
0000368f  SPI_initMaster                             
0000482f  SVC_Handler                                
00002dc7  Set_Car_Color                              
000029f9  Show_Menu                                  
00003c97  Show_Msg                                   
00003c41  Show_Scores                                
00003b4d  Start_SysTick                              
00002db9  Steering_Wheel                             
00003b45  SysTick_Handler                            
00003b45  SysTick_Handler                            
200000ac  SystemCoreClock                            
000013a5  SystemCoreClockUpdate                      
0000161d  SystemInit                                 
0000482f  T32_INT1_IRQHandler                        
0000482f  T32_INT2_IRQHandler                        
0000482f  T32_INTC_IRQHandler                        
0000482f  TA0_0_IRQHandler                           
0000482f  TA0_N_IRQHandler                           
0000482f  TA1_0_IRQHandler                           
0000482f  TA1_N_IRQHandler                           
0000482f  TA2_0_IRQHandler                           
0000482f  TA2_N_IRQHandler                           
0000482f  TA3_0_IRQHandler                           
0000482f  TA3_N_IRQHandler                           
0000482f  UsageFault_Handler                         
4000480c  WDTCTL_SYM                                 
0000482f  WDT_A_IRQHandler                           
20010000  __STACK_END                                
00000200  __STACK_SIZE                               
000058b8  __TI_CINIT_Base                            
000058c8  __TI_CINIT_Limit                           
000058a0  __TI_Handler_Table_Base                    
000058ac  __TI_Handler_Table_Limit                   
00004375  __TI_auto_init_nobinit_nopinit             
00003fbf  __TI_decompress_lzss                       
00004815  __TI_decompress_none                       
000041a1  __TI_ltoa                                  
ffffffff  __TI_pprof_out_hndl                        
000000e5  __TI_printfi                               
ffffffff  __TI_prof_data_size                        
ffffffff  __TI_prof_data_start                       
00000000  __TI_static_base__                         
000046b7  __TI_zero_init_nomemset                    
00003d5d  __aeabi_cdcmpeq                            
00003d5d  __aeabi_cdcmple                            
00003de3  __aeabi_cdrcmple                           
00003f51  __aeabi_d2f                                
0000432d  __aeabi_d2iz                               
000023f3  __aeabi_dadd                               
00002c81  __aeabi_ddiv                               
00003229  __aeabi_dmul                               
000023e9  __aeabi_dsub                               
0000483d  __aeabi_errno_addr                         
000044f7  __aeabi_f2d                                
000045d1  __aeabi_i2d                                
00001bb7  __aeabi_idiv0                              
00001bb7  __aeabi_ldiv0                              
00003e69  __aeabi_memclr                             
00003e69  __aeabi_memclr4                            
00003e69  __aeabi_memclr8                            
00003a75  __aeabi_memcpy                             
00003a75  __aeabi_memcpy4                            
00003a75  __aeabi_memcpy8                            
00003e6b  __aeabi_memset                             
00003e6b  __aeabi_memset4                            
00003e6b  __aeabi_memset8                            
00003ba9  __aeabi_uldivmod                           
ffffffff  __binit__                                  
ffffffff  __c_args__                                 
UNDEFED   __mpu_init                                 
2000fe00  __stack                                    
20000000  __start___llvm_prf_cnts                    
20000000  __stop___llvm_prf_cnts                     
0000459d  _c_int00_noargs                            
0000555b  _ctypes_                                   
UNDEFED   _system_post_cinit                         
00004845  _system_pre_init                           
00004849  abort                                      
00004299  atoi                                       
ffffffff  binit                                      
0000292f  button_bottom_fsm                          
00001bb9  change_speed                               
00003b31  check_SysTick_flag                         
0000296f  check_and_clear_bb_flag                    
0000217d  clear_display                              
0000473d  copysign                                   
0000473d  copysignl                                  
00002153  drawLine                                   
00002133  draw_circle                                
000020db  draw_string_back                           
000020a7  draw_string_big_font                       
00002073  draw_string_font                           
200000a8  errno                                      
00002053  fill_circle                                
0000202d  fill_rectangle                             
200000b4  flag_SysTick                               
00003421  floor                                      
00003421  floorl                                     
00003b2d  foo                                        
0000408d  frexp                                      
0000408d  frexpl                                     
20000078  g_sCrystalfontz128x128                     
0000581c  g_sCrystalfontz128x128_funcs               
0000565c  g_sFontCmsc22                              
00005724  g_sFontFixed6x8                            
00002895  init_buttons                               
000028d3  init_buttons_int                           
00000000  interruptVectors                           
00003119  ldexp                                      
00003119  ldexpl                                     
00003741  main                                       
000046d3  memccpy                                    
00003a75  memcpy                                     
00003e71  memset                                     
0000389d  rand                                       
0000290d  read_button_bottom                         
00003519  round                                      
00003519  roundl                                     
00003119  scalbn                                     
00003119  scalbnl                                    
00003b11  show_error                                 
00004479  sprintf                                    
000047c7  strchr                                     
000047dd  strlen                                     
00004803  wcslen                                     


GLOBAL SYMBOLS: SORTED BY Symbol Address 

address   name                                       
-------   ----                                       
00000000  __TI_static_base__                         
00000000  interruptVectors                           
000000e5  __TI_printfi                               
00000200  __STACK_SIZE                               
00000b33  Graphics_drawString                        
00000fb1  Crystalfontz128x128_SetOrientation         
00000fe1  Crystalfontz128x128_SetDrawFrame           
0000125d  Crystalfontz128x128_Init                   
000013a5  SystemCoreClockUpdate                      
0000161d  SystemInit                                 
00001949  Graphics_drawCircle                        
00001bb7  __aeabi_idiv0                              
00001bb7  __aeabi_ldiv0                              
00001bb9  change_speed                               
00001bdb  Init_Road                                  
00001d83  Draw_Road                                  
00001e01  Graphics_fillCircle                        
0000202d  fill_rectangle                             
00002053  fill_circle                                
00002073  draw_string_font                           
000020a7  draw_string_big_font                       
000020db  draw_string_back                           
00002133  draw_circle                                
00002153  drawLine                                   
0000217d  clear_display                              
00002193  Init_Lcd                                   
000023e9  __aeabi_dsub                               
000023f3  __aeabi_dadd                               
0000271f  Graphics_drawLine                          
00002895  init_buttons                               
000028d3  init_buttons_int                           
0000290d  read_button_bottom                         
0000292f  button_bottom_fsm                          
0000296f  check_and_clear_bb_flag                    
00002997  PORT3_IRQHandler                           
00002997  PORT3_IRQHandler                           
000029f9  Show_Menu                                  
00002a61  Create_Menu                                
00002c81  __aeabi_ddiv                               
00002db9  Steering_Wheel                             
00002dc7  Set_Car_Color                              
00002de7  Draw_Car                                   
00002ea7  Init_Car                                   
00002eb7  Check_Crash                                
00003005  Graphics_fillRectangle                     
00003119  ldexp                                      
00003119  ldexpl                                     
00003119  scalbn                                     
00003119  scalbnl                                    
00003229  __aeabi_dmul                               
00003325  Graphics_getStringWidth                    
00003421  floor                                      
00003421  floorl                                     
00003519  round                                      
00003519  roundl                                     
0000368f  SPI_initMaster                             
00003741  main                                       
000037f1  HAL_LCD_writeData                          
00003803  HAL_LCD_writeCommand                       
00003829  HAL_LCD_SpiInit                            
00003861  HAL_LCD_PortInit                           
0000389d  rand                                       
00003915  Init_Random                                
0000393d  Graphics_drawLineH                         
000039d9  Graphics_drawLineV                         
00003a75  __aeabi_memcpy                             
00003a75  __aeabi_memcpy4                            
00003a75  __aeabi_memcpy8                            
00003a75  memcpy                                     
00003b11  show_error                                 
00003b2d  foo                                        
00003b31  check_SysTick_flag                         
00003b45  SysTick_Handler                            
00003b45  SysTick_Handler                            
00003b4d  Start_SysTick                              
00003b7b  Init_Game                                  
00003ba9  __aeabi_uldivmod                           
00003c41  Show_Scores                                
00003c97  Show_Msg                                   
00003c99  Game_Over                                  
00003cd5  GPIO_setAsPeripheralModuleFunctionOutputPin
00003d5d  __aeabi_cdcmpeq                            
00003d5d  __aeabi_cdcmple                            
00003de3  __aeabi_cdrcmple                           
00003e69  __aeabi_memclr                             
00003e69  __aeabi_memclr4                            
00003e69  __aeabi_memclr8                            
00003e6b  __aeabi_memset                             
00003e6b  __aeabi_memset4                            
00003e6b  __aeabi_memset8                            
00003e71  memset                                     
00003f51  __aeabi_d2f                                
00003fbf  __TI_decompress_lzss                       
0000408d  frexp                                      
0000408d  frexpl                                     
000040f1  Graphics_drawPixel                         
000041a1  __TI_ltoa                                  
000041f5  Graphics_initContext                       
00004299  atoi                                       
000042e5  Graphics_drawStringCentered                
0000432d  __aeabi_d2iz                               
00004375  __TI_auto_init_nobinit_nopinit             
000043b9  GPIO_setAsOutputPin                        
00004479  sprintf                                    
000044f7  __aeabi_f2d                                
0000452f  Graphics_drawHorizontalLineOnDisplay       
00004565  Graphics_drawVerticalLineOnDisplay         
0000459d  _c_int00_noargs                            
000045d1  __aeabi_i2d                                
000045ff  Graphics_drawPixelOnDisplay                
0000462d  GPIO_setOutputHighOnPin                    
00004655  GPIO_setOutputLowOnPin                     
0000467d  Graphics_fillRectangleOnDisplay            
0000469b  SPI_enableModule                           
000046b7  __TI_zero_init_nomemset                    
000046d3  memccpy                                    
000046ef  Graphics_clearDisplayOnDisplay             
00004709  Graphics_setBackgroundColor                
00004723  Graphics_setFont                           
0000473d  copysign                                   
0000473d  copysignl                                  
0000476f  EUSCI_A_SPI_enable                         
00004785  EUSCI_B_SPI_enable                         
0000479b  Graphics_setForegroundColor                
000047b1  Graphics_translateColorOnDisplay           
000047c7  strchr                                     
000047dd  strlen                                     
000047f1  Graphics_clearDisplay                      
00004803  wcslen                                     
00004815  __TI_decompress_none                       
00004823  Reset_Handler                              
0000482f  ADC14_IRQHandler                           
0000482f  AES256_IRQHandler                          
0000482f  BusFault_Handler                           
0000482f  COMP_E0_IRQHandler                         
0000482f  COMP_E1_IRQHandler                         
0000482f  CS_IRQHandler                              
0000482f  DMA_ERR_IRQHandler                         
0000482f  DMA_INT0_IRQHandler                        
0000482f  DMA_INT1_IRQHandler                        
0000482f  DMA_INT2_IRQHandler                        
0000482f  DMA_INT3_IRQHandler                        
0000482f  DebugMon_Handler                           
0000482f  Default_Handler                            
0000482f  EUSCIA0_IRQHandler                         
0000482f  EUSCIA1_IRQHandler                         
0000482f  EUSCIA2_IRQHandler                         
0000482f  EUSCIA3_IRQHandler                         
0000482f  EUSCIB0_IRQHandler                         
0000482f  EUSCIB1_IRQHandler                         
0000482f  EUSCIB2_IRQHandler                         
0000482f  EUSCIB3_IRQHandler                         
0000482f  FLCTL_IRQHandler                           
0000482f  FPU_IRQHandler                             
0000482f  HardFault_Handler                          
0000482f  MemManage_Handler                          
0000482f  NMI_Handler                                
0000482f  PCM_IRQHandler                             
0000482f  PORT1_IRQHandler                           
0000482f  PORT2_IRQHandler                           
0000482f  PORT4_IRQHandler                           
0000482f  PORT5_IRQHandler                           
0000482f  PORT6_IRQHandler                           
0000482f  PSS_IRQHandler                             
0000482f  PendSV_Handler                             
0000482f  RTC_C_IRQHandler                           
0000482f  SVC_Handler                                
0000482f  T32_INT1_IRQHandler                        
0000482f  T32_INT2_IRQHandler                        
0000482f  T32_INTC_IRQHandler                        
0000482f  TA0_0_IRQHandler                           
0000482f  TA0_N_IRQHandler                           
0000482f  TA1_0_IRQHandler                           
0000482f  TA1_N_IRQHandler                           
0000482f  TA2_0_IRQHandler                           
0000482f  TA2_N_IRQHandler                           
0000482f  TA3_0_IRQHandler                           
0000482f  TA3_N_IRQHandler                           
0000482f  UsageFault_Handler                         
0000482f  WDT_A_IRQHandler                           
0000483d  __aeabi_errno_addr                         
00004845  _system_pre_init                           
00004849  C$$EXIT                                    
00004849  abort                                      
0000555b  _ctypes_                                   
0000565c  g_sFontCmsc22                              
00005724  g_sFontFixed6x8                            
0000581c  g_sCrystalfontz128x128_funcs               
000058a0  __TI_Handler_Table_Base                    
000058ac  __TI_Handler_Table_Limit                   
000058b8  __TI_CINIT_Base                            
000058c8  __TI_CINIT_Limit                           
20000000  __start___llvm_prf_cnts                    
20000000  __stop___llvm_prf_cnts                     
20000078  g_sCrystalfontz128x128                     
200000a8  errno                                      
200000ac  SystemCoreClock                            
200000b4  flag_SysTick                               
20000110  Lcd_ScreenHeigth                           
20000112  Lcd_ScreenWidth                            
20000114  Lcd_TouchTrim                              
20000116  Lcd_FlagRead                               
20000117  Lcd_FontSolid                              
20000118  Lcd_Orientation                            
20000119  Lcd_PenSolid                               
2000fe00  __stack                                    
20010000  __STACK_END                                
4000480c  WDTCTL_SYM                                 
ffffffff  __TI_pprof_out_hndl                        
ffffffff  __TI_prof_data_size                        
ffffffff  __TI_prof_data_start                       
ffffffff  __binit__                                  
ffffffff  __c_args__                                 
ffffffff  binit                                      
UNDEFED   __mpu_init                                 
UNDEFED   _system_post_cinit                         

[216 symbols]
