******************************************************************************
                  TI ARM Linker Unix v20.2.7                   
******************************************************************************
>> Linked Thu Mar 23 14:01:02 2023

OUTPUT FILE NAME:   <part1_exercise8.out>
ENTRY POINT SYMBOL: "_c_int00_noargs"  address: 00000a61


MEMORY CONFIGURATION

         name            origin    length      used     unused   attr    fill
----------------------  --------  ---------  --------  --------  ----  --------
  MAIN                  00000000   00040000  00000ad4  0003f52c  R  X
  INFO                  00200000   00004000  00000000  00004000  R  X
  SRAM_CODE             01000000   00010000  00000208  0000fdf8  RW X
  SRAM_DATA             20000000   00010000  00000208  0000fdf8  RW  


SEGMENT ALLOCATION MAP

run origin  load origin   length   init length attrs members
----------  ----------- ---------- ----------- ----- -------
00000000    00000000    00000ad4   00000ad4    r-x
  00000000    00000000    000000e4   000000e4    r-- .intvecs
  000000e4    000000e4    000009d4   000009d4    r-x .text
  00000ab8    00000ab8    0000001c   0000001c    r-- .cinit
20000000    20000000    00000008   00000000    rw-
  20000000    20000000    00000008   00000000    rw- .data
2000fe00    2000fe00    00000200   00000000    rw-
  2000fe00    2000fe00    00000200   00000000    rw- .stack


SECTION ALLOCATION MAP

 output                                  attributes/
section   page    origin      length       input sections
--------  ----  ----------  ----------   ----------------
.intvecs   0    00000000    000000e4     
                  00000000    000000e4     startup_msp432p401r_ccs.obj (.intvecs:retain)

.text      0    000000e4    000009d4     
                  000000e4    00000354     system_msp432p401r.obj (.text)
                  00000438    000002b8     buttons.obj (.text)
                  000006f0    00000138     led.obj (.text)
                  00000828    000000f0     main.obj (.text)
                  00000918    0000009c     rtsv7M4_T_le_v4SPD16_eabi.lib : memcpy_t2.asm.obj (.text)
                  000009b4    00000068                                   : copy_decompress_lzss.c.obj (.text:decompress:lzss:__TI_decompress_lzss)
                  00000a1c    00000044                                   : autoinit.c.obj (.text:__TI_auto_init_nobinit_nopinit:__TI_auto_init_nobinit_nopinit)
                  00000a60    00000034                                   : boot_cortex_m.c.obj (.text:_c_int00_noargs:_c_int00_noargs)
                  00000a94    0000000e                                   : copy_decompress_none.c.obj (.text:decompress:none:__TI_decompress_none)
                  00000aa2    0000000e     startup_msp432p401r_ccs.obj (.text)
                  00000ab0    00000004     rtsv7M4_T_le_v4SPD16_eabi.lib : pre_init.c.obj (.text:_system_pre_init)
                  00000ab4    00000004                                   : exit.c.obj (.text:abort:abort)

.cinit     0    00000ab8    0000001c     
                  00000ab8    0000000a     (.cinit..data.load) [load image, compression = lzss]
                  00000ac2    00000002     --HOLE-- [fill = 0]
                  00000ac4    00000008     (__TI_handler_table)
                  00000acc    00000008     (__TI_cinit_table)

.init_array 
*          0    00000000    00000000     UNINITIALIZED

.binit     0    00000000    00000000     

.data      0    20000000    00000008     UNINITIALIZED
                  20000000    00000004     buttons.obj (.data)
                  20000004    00000004     system_msp432p401r.obj (.data)

.stack     0    2000fe00    00000200     UNINITIALIZED
                  2000fe00    00000004     rtsv7M4_T_le_v4SPD16_eabi.lib : boot_cortex_m.c.obj (.stack)
                  2000fe04    000001fc     --HOLE--

__llvm_prf_cnts 
*          0    20000000    00000000     UNINITIALIZED

MODULE SUMMARY

       Module                        code   ro data   rw data
       ------                        ----   -------   -------
    ./
       system_msp432p401r.obj        852    0         8      
       startup_msp432p401r_ccs.obj   14     228       0      
       main.obj                      240    0         0      
    +--+-----------------------------+------+---------+---------+
       Total:                        1106   228       8      
                                                             
    ./LED/
       led.obj                       312    0         0      
    +--+-----------------------------+------+---------+---------+
       Total:                        312    0         0      
                                                             
    ./buttons/
       buttons.obj                   696    0         8      
    +--+-----------------------------+------+---------+---------+
       Total:                        696    0         8      
                                                             
    /Applications/ti/ccs1220/ccs/tools/compiler/ti-cgt-arm_20.2.7.LTS/lib/rtsv7M4_T_le_v4SPD16_eabi.lib
       memcpy_t2.asm.obj             156    0         0      
       copy_decompress_lzss.c.obj    104    0         0      
       autoinit.c.obj                68     0         0      
       boot_cortex_m.c.obj           52     0         0      
       copy_decompress_none.c.obj    14     0         0      
       exit.c.obj                    4      0         0      
       pre_init.c.obj                4      0         0      
    +--+-----------------------------+------+---------+---------+
       Total:                        402    0         0      
                                                             
       Stack:                        0      0         1024   
       Linker Generated:             0      26        0      
    +--+-----------------------------+------+---------+---------+
       Grand Total:                  2516   254       1040   


LINKER GENERATED COPY TABLES

__TI_cinit_table @ 00000acc records: 1, size/record: 8, table size: 8
	.data: load addr=00000ab8, load size=0000000a bytes, run addr=20000000, run size=00000008 bytes, compression=lzss


LINKER GENERATED HANDLER TABLE

__TI_handler_table @ 00000ac4 records: 2, size/record: 4, table size: 8
	index: 0, handler: __TI_decompress_lzss
	index: 1, handler: __TI_decompress_none


GLOBAL SYMBOLS: SORTED ALPHABETICALLY BY Name 

address   name                          
-------   ----                          
00000aaf  ADC14_IRQHandler              
00000aaf  AES256_IRQHandler             
00000aaf  BusFault_Handler              
00000ab5  C$$EXIT                       
00000aaf  COMP_E0_IRQHandler            
00000aaf  COMP_E1_IRQHandler            
00000aaf  CS_IRQHandler                 
UNDEFED   Create_Menu                   
00000aaf  DMA_ERR_IRQHandler            
00000aaf  DMA_INT0_IRQHandler           
00000aaf  DMA_INT1_IRQHandler           
00000aaf  DMA_INT2_IRQHandler           
00000aaf  DMA_INT3_IRQHandler           
00000aaf  DebugMon_Handler              
00000aaf  Default_Handler               
UNDEFED   Draw_Car                      
UNDEFED   Draw_Road                     
00000aaf  EUSCIA0_IRQHandler            
00000aaf  EUSCIA1_IRQHandler            
00000aaf  EUSCIA2_IRQHandler            
00000aaf  EUSCIA3_IRQHandler            
00000aaf  EUSCIB0_IRQHandler            
00000aaf  EUSCIB1_IRQHandler            
00000aaf  EUSCIB2_IRQHandler            
00000aaf  EUSCIB3_IRQHandler            
00000aaf  FLCTL_IRQHandler              
00000aaf  FPU_IRQHandler                
00000aaf  HardFault_Handler             
UNDEFED   Init_Game                     
00000aaf  MemManage_Handler             
00000aaf  NMI_Handler                   
00000aaf  PCM_IRQHandler                
00000aaf  PORT1_IRQHandler              
00000aaf  PORT2_IRQHandler              
00000631  PORT3_IRQHandler              
00000631  PORT3_IRQHandler              
00000655  PORT4_IRQHandler              
00000655  PORT4_IRQHandler              
0000066b  PORT5_IRQHandler              
0000066b  PORT5_IRQHandler              
00000aaf  PORT6_IRQHandler              
00000aaf  PSS_IRQHandler                
00000aaf  PendSV_Handler                
00000aaf  RTC_C_IRQHandler              
00000aa3  Reset_Handler                 
00000aaf  SVC_Handler                   
UNDEFED   Set_Car_Color                 
UNDEFED   Show_Menu                     
00000aaf  SysTick_Handler               
20000004  SystemCoreClock               
000000e5  SystemCoreClockUpdate         
0000035d  SystemInit                    
00000aaf  T32_INT1_IRQHandler           
00000aaf  T32_INT2_IRQHandler           
00000aaf  T32_INTC_IRQHandler           
00000aaf  TA0_0_IRQHandler              
00000aaf  TA0_N_IRQHandler              
00000aaf  TA1_0_IRQHandler              
00000aaf  TA1_N_IRQHandler              
00000aaf  TA2_0_IRQHandler              
00000aaf  TA2_N_IRQHandler              
00000aaf  TA3_0_IRQHandler              
00000aaf  TA3_N_IRQHandler              
00000aaf  UsageFault_Handler            
4000480c  WDTCTL_SYM                    
00000aaf  WDT_A_IRQHandler              
20010000  __STACK_END                   
00000200  __STACK_SIZE                  
00000acc  __TI_CINIT_Base               
00000ad4  __TI_CINIT_Limit              
00000ac4  __TI_Handler_Table_Base       
00000acc  __TI_Handler_Table_Limit      
00000a1d  __TI_auto_init_nobinit_nopinit
000009b5  __TI_decompress_lzss          
00000a95  __TI_decompress_none          
ffffffff  __TI_pprof_out_hndl           
ffffffff  __TI_prof_data_size           
ffffffff  __TI_prof_data_start          
00000000  __TI_static_base__            
00000919  __aeabi_memcpy                
00000919  __aeabi_memcpy4               
00000919  __aeabi_memcpy8               
ffffffff  __binit__                     
ffffffff  __c_args__                    
UNDEFED   __mpu_init                    
2000fe00  __stack                       
20000000  __start___llvm_prf_cnts       
20000000  __stop___llvm_prf_cnts        
00000a61  _c_int00_noargs               
UNDEFED   _system_post_cinit            
00000ab1  _system_pre_init              
00000ab5  abort                         
ffffffff  binit                         
00000579  button_bottom_fsm             
UNDEFED   change_speed                  
UNDEFED   check_SysTick_flag            
000005b9  check_and_clear_bb_flag       
000005e1  check_and_clear_bj_flag       
00000609  check_and_clear_bu_flag       
00000465  init_buttons                  
000004c1  init_buttons_int              
000006f1  init_rgb                      
00000000  interruptVectors              
000007e7  led_off                       
0000076b  led_on                        
00000829  main                          
00000919  memcpy                        
00000535  read_button_bottom            
00000557  read_upper_bottom             
UNDEFED   show_error                    


GLOBAL SYMBOLS: SORTED BY Symbol Address 

address   name                          
-------   ----                          
00000000  __TI_static_base__            
00000000  interruptVectors              
000000e5  SystemCoreClockUpdate         
00000200  __STACK_SIZE                  
0000035d  SystemInit                    
00000465  init_buttons                  
000004c1  init_buttons_int              
00000535  read_button_bottom            
00000557  read_upper_bottom             
00000579  button_bottom_fsm             
000005b9  check_and_clear_bb_flag       
000005e1  check_and_clear_bj_flag       
00000609  check_and_clear_bu_flag       
00000631  PORT3_IRQHandler              
00000631  PORT3_IRQHandler              
00000655  PORT4_IRQHandler              
00000655  PORT4_IRQHandler              
0000066b  PORT5_IRQHandler              
0000066b  PORT5_IRQHandler              
000006f1  init_rgb                      
0000076b  led_on                        
000007e7  led_off                       
00000829  main                          
00000919  __aeabi_memcpy                
00000919  __aeabi_memcpy4               
00000919  __aeabi_memcpy8               
00000919  memcpy                        
000009b5  __TI_decompress_lzss          
00000a1d  __TI_auto_init_nobinit_nopinit
00000a61  _c_int00_noargs               
00000a95  __TI_decompress_none          
00000aa3  Reset_Handler                 
00000aaf  ADC14_IRQHandler              
00000aaf  AES256_IRQHandler             
00000aaf  BusFault_Handler              
00000aaf  COMP_E0_IRQHandler            
00000aaf  COMP_E1_IRQHandler            
00000aaf  CS_IRQHandler                 
00000aaf  DMA_ERR_IRQHandler            
00000aaf  DMA_INT0_IRQHandler           
00000aaf  DMA_INT1_IRQHandler           
00000aaf  DMA_INT2_IRQHandler           
00000aaf  DMA_INT3_IRQHandler           
00000aaf  DebugMon_Handler              
00000aaf  Default_Handler               
00000aaf  EUSCIA0_IRQHandler            
00000aaf  EUSCIA1_IRQHandler            
00000aaf  EUSCIA2_IRQHandler            
00000aaf  EUSCIA3_IRQHandler            
00000aaf  EUSCIB0_IRQHandler            
00000aaf  EUSCIB1_IRQHandler            
00000aaf  EUSCIB2_IRQHandler            
00000aaf  EUSCIB3_IRQHandler            
00000aaf  FLCTL_IRQHandler              
00000aaf  FPU_IRQHandler                
00000aaf  HardFault_Handler             
00000aaf  MemManage_Handler             
00000aaf  NMI_Handler                   
00000aaf  PCM_IRQHandler                
00000aaf  PORT1_IRQHandler              
00000aaf  PORT2_IRQHandler              
00000aaf  PORT6_IRQHandler              
00000aaf  PSS_IRQHandler                
00000aaf  PendSV_Handler                
00000aaf  RTC_C_IRQHandler              
00000aaf  SVC_Handler                   
00000aaf  SysTick_Handler               
00000aaf  T32_INT1_IRQHandler           
00000aaf  T32_INT2_IRQHandler           
00000aaf  T32_INTC_IRQHandler           
00000aaf  TA0_0_IRQHandler              
00000aaf  TA0_N_IRQHandler              
00000aaf  TA1_0_IRQHandler              
00000aaf  TA1_N_IRQHandler              
00000aaf  TA2_0_IRQHandler              
00000aaf  TA2_N_IRQHandler              
00000aaf  TA3_0_IRQHandler              
00000aaf  TA3_N_IRQHandler              
00000aaf  UsageFault_Handler            
00000aaf  WDT_A_IRQHandler              
00000ab1  _system_pre_init              
00000ab5  C$$EXIT                       
00000ab5  abort                         
00000ac4  __TI_Handler_Table_Base       
00000acc  __TI_CINIT_Base               
00000acc  __TI_Handler_Table_Limit      
00000ad4  __TI_CINIT_Limit              
20000000  __start___llvm_prf_cnts       
20000000  __stop___llvm_prf_cnts        
20000004  SystemCoreClock               
2000fe00  __stack                       
20010000  __STACK_END                   
4000480c  WDTCTL_SYM                    
ffffffff  __TI_pprof_out_hndl           
ffffffff  __TI_prof_data_size           
ffffffff  __TI_prof_data_start          
ffffffff  __binit__                     
ffffffff  __c_args__                    
ffffffff  binit                         
UNDEFED   Create_Menu                   
UNDEFED   Draw_Car                      
UNDEFED   Draw_Road                     
UNDEFED   Init_Game                     
UNDEFED   Set_Car_Color                 
UNDEFED   Show_Menu                     
UNDEFED   __mpu_init                    
UNDEFED   _system_post_cinit            
UNDEFED   change_speed                  
UNDEFED   check_SysTick_flag            
UNDEFED   show_error                    

[110 symbols]
