<?xml version="1.0" encoding="ISO-8859-1" ?>
<link_info>
   <banner>TI ARM Linker Unix v20.2.7.LTS</banner>
   <copyright>Copyright (c) 1996-2018 Texas Instruments Incorporated</copyright>
   <link_time>0x64117872</link_time>
   <link_errors>0x0</link_errors>
   <output_file>part2_exercise9.out</output_file>
   <entry_point>
      <name>_c_int00_noargs</name>
      <address>0x4889</address>
   </entry_point>
   <input_file_list>
      <input_file id="fl-1">
         <path>./</path>
         <kind>object</kind>
         <file>main.obj</file>
         <name>main.obj</name>
      </input_file>
      <input_file id="fl-2">
         <path>./</path>
         <kind>object</kind>
         <file>startup_msp432p401r_ccs.obj</file>
         <name>startup_msp432p401r_ccs.obj</name>
      </input_file>
      <input_file id="fl-3">
         <path>./</path>
         <kind>object</kind>
         <file>system_msp432p401r.obj</file>
         <name>system_msp432p401r.obj</name>
      </input_file>
      <input_file id="fl-4">
         <path>./LED/</path>
         <kind>object</kind>
         <file>led.obj</file>
         <name>led.obj</name>
      </input_file>
      <input_file id="fl-5">
         <path>./buttons/</path>
         <kind>object</kind>
         <file>buttons.obj</file>
         <name>buttons.obj</name>
      </input_file>
      <input_file id="fl-a">
         <kind>object</kind>
         <file>&lt;internal&gt;</file>
         <name>&lt;internal&gt;</name>
      </input_file>
      <input_file id="fl-b">
         <path>../</path>
         <kind>archive</kind>
         <file>game.lib</file>
         <name>car.obj</name>
      </input_file>
      <input_file id="fl-c">
         <path>../</path>
         <kind>archive</kind>
         <file>game.lib</file>
         <name>init_game.obj</name>
      </input_file>
      <input_file id="fl-d">
         <path>../</path>
         <kind>archive</kind>
         <file>game.lib</file>
         <name>lcd.obj</name>
      </input_file>
      <input_file id="fl-e">
         <path>../</path>
         <kind>archive</kind>
         <file>game.lib</file>
         <name>line.obj</name>
      </input_file>
      <input_file id="fl-f">
         <path>../</path>
         <kind>archive</kind>
         <file>game.lib</file>
         <name>menu.obj</name>
      </input_file>
      <input_file id="fl-10">
         <path>../</path>
         <kind>archive</kind>
         <file>game.lib</file>
         <name>random.obj</name>
      </input_file>
      <input_file id="fl-11">
         <path>../</path>
         <kind>archive</kind>
         <file>game.lib</file>
         <name>rectangle.obj</name>
      </input_file>
      <input_file id="fl-12">
         <path>../</path>
         <kind>archive</kind>
         <file>game.lib</file>
         <name>road.obj</name>
      </input_file>
      <input_file id="fl-13">
         <path>../</path>
         <kind>archive</kind>
         <file>game.lib</file>
         <name>scores.obj</name>
      </input_file>
      <input_file id="fl-14">
         <path>../</path>
         <kind>archive</kind>
         <file>game.lib</file>
         <name>string.obj</name>
      </input_file>
      <input_file id="fl-15">
         <path>../</path>
         <kind>archive</kind>
         <file>game.lib</file>
         <name>circle.obj</name>
      </input_file>
      <input_file id="fl-16">
         <path>../</path>
         <kind>archive</kind>
         <file>game.lib</file>
         <name>context.obj</name>
      </input_file>
      <input_file id="fl-17">
         <path>../</path>
         <kind>archive</kind>
         <file>game.lib</file>
         <name>Crystalfontz128x128_ST7735.obj</name>
      </input_file>
      <input_file id="fl-18">
         <path>../</path>
         <kind>archive</kind>
         <file>game.lib</file>
         <name>display.obj</name>
      </input_file>
      <input_file id="fl-19">
         <path>../</path>
         <kind>archive</kind>
         <file>game.lib</file>
         <name>fontcmsc22.obj</name>
      </input_file>
      <input_file id="fl-1a">
         <path>../</path>
         <kind>archive</kind>
         <file>game.lib</file>
         <name>fontfixed6x8.obj</name>
      </input_file>
      <input_file id="fl-1b">
         <path>../</path>
         <kind>archive</kind>
         <file>game.lib</file>
         <name>gpio.o</name>
      </input_file>
      <input_file id="fl-1c">
         <path>../</path>
         <kind>archive</kind>
         <file>game.lib</file>
         <name>HAL_MSP_EXP432P401R_Crystalfontz128x128_ST7735.obj</name>
      </input_file>
      <input_file id="fl-1d">
         <path>../</path>
         <kind>archive</kind>
         <file>game.lib</file>
         <name>interrupt.o</name>
      </input_file>
      <input_file id="fl-1e">
         <path>../</path>
         <kind>archive</kind>
         <file>game.lib</file>
         <name>spi.o</name>
      </input_file>
      <input_file id="fl-1f">
         <path>../</path>
         <kind>archive</kind>
         <file>game.lib</file>
         <name>cpu.o</name>
      </input_file>
      <input_file id="fl-d5">
         <path>/Applications/ti/ccs1220/ccs/tools/compiler/ti-cgt-arm_20.2.7.LTS/lib/</path>
         <kind>archive</kind>
         <file>rtsv7M4_T_le_v4SPD16_eabi.lib</file>
         <name>s_round.c.obj</name>
      </input_file>
      <input_file id="fl-d6">
         <path>/Applications/ti/ccs1220/ccs/tools/compiler/ti-cgt-arm_20.2.7.LTS/lib/</path>
         <kind>archive</kind>
         <file>rtsv7M4_T_le_v4SPD16_eabi.lib</file>
         <name>sprintf.c.obj</name>
      </input_file>
      <input_file id="fl-d7">
         <path>/Applications/ti/ccs1220/ccs/tools/compiler/ti-cgt-arm_20.2.7.LTS/lib/</path>
         <kind>archive</kind>
         <file>rtsv7M4_T_le_v4SPD16_eabi.lib</file>
         <name>fd_add_t2.asm.obj</name>
      </input_file>
      <input_file id="fl-d8">
         <path>/Applications/ti/ccs1220/ccs/tools/compiler/ti-cgt-arm_20.2.7.LTS/lib/</path>
         <kind>archive</kind>
         <file>rtsv7M4_T_le_v4SPD16_eabi.lib</file>
         <name>fd_cmp_t2.asm.obj</name>
      </input_file>
      <input_file id="fl-d9">
         <path>/Applications/ti/ccs1220/ccs/tools/compiler/ti-cgt-arm_20.2.7.LTS/lib/</path>
         <kind>archive</kind>
         <file>rtsv7M4_T_le_v4SPD16_eabi.lib</file>
         <name>fd_toi_t2.asm.obj</name>
      </input_file>
      <input_file id="fl-da">
         <path>/Applications/ti/ccs1220/ccs/tools/compiler/ti-cgt-arm_20.2.7.LTS/lib/</path>
         <kind>archive</kind>
         <file>rtsv7M4_T_le_v4SPD16_eabi.lib</file>
         <name>fd_tos_t2.asm.obj</name>
      </input_file>
      <input_file id="fl-db">
         <path>/Applications/ti/ccs1220/ccs/tools/compiler/ti-cgt-arm_20.2.7.LTS/lib/</path>
         <kind>archive</kind>
         <file>rtsv7M4_T_le_v4SPD16_eabi.lib</file>
         <name>fs_tod_t2.asm.obj</name>
      </input_file>
      <input_file id="fl-dc">
         <path>/Applications/ti/ccs1220/ccs/tools/compiler/ti-cgt-arm_20.2.7.LTS/lib/</path>
         <kind>archive</kind>
         <file>rtsv7M4_T_le_v4SPD16_eabi.lib</file>
         <name>i_tofd_t2.asm.obj</name>
      </input_file>
      <input_file id="fl-dd">
         <path>/Applications/ti/ccs1220/ccs/tools/compiler/ti-cgt-arm_20.2.7.LTS/lib/</path>
         <kind>archive</kind>
         <file>rtsv7M4_T_le_v4SPD16_eabi.lib</file>
         <name>memcpy_t2.asm.obj</name>
      </input_file>
      <input_file id="fl-de">
         <path>/Applications/ti/ccs1220/ccs/tools/compiler/ti-cgt-arm_20.2.7.LTS/lib/</path>
         <kind>archive</kind>
         <file>rtsv7M4_T_le_v4SPD16_eabi.lib</file>
         <name>copy_zero_init.c.obj</name>
      </input_file>
      <input_file id="fl-df">
         <path>/Applications/ti/ccs1220/ccs/tools/compiler/ti-cgt-arm_20.2.7.LTS/lib/</path>
         <kind>archive</kind>
         <file>rtsv7M4_T_le_v4SPD16_eabi.lib</file>
         <name>copy_decompress_none.c.obj</name>
      </input_file>
      <input_file id="fl-e0">
         <path>/Applications/ti/ccs1220/ccs/tools/compiler/ti-cgt-arm_20.2.7.LTS/lib/</path>
         <kind>archive</kind>
         <file>rtsv7M4_T_le_v4SPD16_eabi.lib</file>
         <name>copy_decompress_lzss.c.obj</name>
      </input_file>
      <input_file id="fl-e1">
         <path>/Applications/ti/ccs1220/ccs/tools/compiler/ti-cgt-arm_20.2.7.LTS/lib/</path>
         <kind>archive</kind>
         <file>rtsv7M4_T_le_v4SPD16_eabi.lib</file>
         <name>boot_cortex_m.c.obj</name>
      </input_file>
      <input_file id="fl-e2">
         <path>/Applications/ti/ccs1220/ccs/tools/compiler/ti-cgt-arm_20.2.7.LTS/lib/</path>
         <kind>archive</kind>
         <file>rtsv7M4_T_le_v4SPD16_eabi.lib</file>
         <name>s_floor.c.obj</name>
      </input_file>
      <input_file id="fl-e3">
         <path>/Applications/ti/ccs1220/ccs/tools/compiler/ti-cgt-arm_20.2.7.LTS/lib/</path>
         <kind>archive</kind>
         <file>rtsv7M4_T_le_v4SPD16_eabi.lib</file>
         <name>_printfi.c.obj</name>
      </input_file>
      <input_file id="fl-e4">
         <path>/Applications/ti/ccs1220/ccs/tools/compiler/ti-cgt-arm_20.2.7.LTS/lib/</path>
         <kind>archive</kind>
         <file>rtsv7M4_T_le_v4SPD16_eabi.lib</file>
         <name>fd_div_t2.asm.obj</name>
      </input_file>
      <input_file id="fl-e5">
         <path>/Applications/ti/ccs1220/ccs/tools/compiler/ti-cgt-arm_20.2.7.LTS/lib/</path>
         <kind>archive</kind>
         <file>rtsv7M4_T_le_v4SPD16_eabi.lib</file>
         <name>fd_mul_t2.asm.obj</name>
      </input_file>
      <input_file id="fl-e6">
         <path>/Applications/ti/ccs1220/ccs/tools/compiler/ti-cgt-arm_20.2.7.LTS/lib/</path>
         <kind>archive</kind>
         <file>rtsv7M4_T_le_v4SPD16_eabi.lib</file>
         <name>memset_t2.asm.obj</name>
      </input_file>
      <input_file id="fl-e7">
         <path>/Applications/ti/ccs1220/ccs/tools/compiler/ti-cgt-arm_20.2.7.LTS/lib/</path>
         <kind>archive</kind>
         <file>rtsv7M4_T_le_v4SPD16_eabi.lib</file>
         <name>ull_div_t2.asm.obj</name>
      </input_file>
      <input_file id="fl-e8">
         <path>/Applications/ti/ccs1220/ccs/tools/compiler/ti-cgt-arm_20.2.7.LTS/lib/</path>
         <kind>archive</kind>
         <file>rtsv7M4_T_le_v4SPD16_eabi.lib</file>
         <name>autoinit.c.obj</name>
      </input_file>
      <input_file id="fl-e9">
         <path>/Applications/ti/ccs1220/ccs/tools/compiler/ti-cgt-arm_20.2.7.LTS/lib/</path>
         <kind>archive</kind>
         <file>rtsv7M4_T_le_v4SPD16_eabi.lib</file>
         <name>pre_init.c.obj</name>
      </input_file>
      <input_file id="fl-ea">
         <path>/Applications/ti/ccs1220/ccs/tools/compiler/ti-cgt-arm_20.2.7.LTS/lib/</path>
         <kind>archive</kind>
         <file>rtsv7M4_T_le_v4SPD16_eabi.lib</file>
         <name>cpy_tbl.c.obj</name>
      </input_file>
      <input_file id="fl-eb">
         <path>/Applications/ti/ccs1220/ccs/tools/compiler/ti-cgt-arm_20.2.7.LTS/lib/</path>
         <kind>archive</kind>
         <file>rtsv7M4_T_le_v4SPD16_eabi.lib</file>
         <name>exit.c.obj</name>
      </input_file>
      <input_file id="fl-ec">
         <path>/Applications/ti/ccs1220/ccs/tools/compiler/ti-cgt-arm_20.2.7.LTS/lib/</path>
         <kind>archive</kind>
         <file>rtsv7M4_T_le_v4SPD16_eabi.lib</file>
         <name>_lock.c.obj</name>
      </input_file>
      <input_file id="fl-ed">
         <path>/Applications/ti/ccs1220/ccs/tools/compiler/ti-cgt-arm_20.2.7.LTS/lib/</path>
         <kind>archive</kind>
         <file>rtsv7M4_T_le_v4SPD16_eabi.lib</file>
         <name>_ltoa.c.obj</name>
      </input_file>
      <input_file id="fl-ee">
         <path>/Applications/ti/ccs1220/ccs/tools/compiler/ti-cgt-arm_20.2.7.LTS/lib/</path>
         <kind>archive</kind>
         <file>rtsv7M4_T_le_v4SPD16_eabi.lib</file>
         <name>args_main.c.obj</name>
      </input_file>
      <input_file id="fl-ef">
         <path>/Applications/ti/ccs1220/ccs/tools/compiler/ti-cgt-arm_20.2.7.LTS/lib/</path>
         <kind>archive</kind>
         <file>rtsv7M4_T_le_v4SPD16_eabi.lib</file>
         <name>atoi.c.obj</name>
      </input_file>
      <input_file id="fl-f0">
         <path>/Applications/ti/ccs1220/ccs/tools/compiler/ti-cgt-arm_20.2.7.LTS/lib/</path>
         <kind>archive</kind>
         <file>rtsv7M4_T_le_v4SPD16_eabi.lib</file>
         <name>ctype.c.obj</name>
      </input_file>
      <input_file id="fl-f1">
         <path>/Applications/ti/ccs1220/ccs/tools/compiler/ti-cgt-arm_20.2.7.LTS/lib/</path>
         <kind>archive</kind>
         <file>rtsv7M4_T_le_v4SPD16_eabi.lib</file>
         <name>memccpy.c.obj</name>
      </input_file>
      <input_file id="fl-f2">
         <path>/Applications/ti/ccs1220/ccs/tools/compiler/ti-cgt-arm_20.2.7.LTS/lib/</path>
         <kind>archive</kind>
         <file>rtsv7M4_T_le_v4SPD16_eabi.lib</file>
         <name>strchr.c.obj</name>
      </input_file>
      <input_file id="fl-f3">
         <path>/Applications/ti/ccs1220/ccs/tools/compiler/ti-cgt-arm_20.2.7.LTS/lib/</path>
         <kind>archive</kind>
         <file>rtsv7M4_T_le_v4SPD16_eabi.lib</file>
         <name>strlen.c.obj</name>
      </input_file>
      <input_file id="fl-f4">
         <path>/Applications/ti/ccs1220/ccs/tools/compiler/ti-cgt-arm_20.2.7.LTS/lib/</path>
         <kind>archive</kind>
         <file>rtsv7M4_T_le_v4SPD16_eabi.lib</file>
         <name>errno.c.obj</name>
      </input_file>
      <input_file id="fl-f5">
         <path>/Applications/ti/ccs1220/ccs/tools/compiler/ti-cgt-arm_20.2.7.LTS/lib/</path>
         <kind>archive</kind>
         <file>rtsv7M4_T_le_v4SPD16_eabi.lib</file>
         <name>wcslen.c.obj</name>
      </input_file>
      <input_file id="fl-f6">
         <path>/Applications/ti/ccs1220/ccs/tools/compiler/ti-cgt-arm_20.2.7.LTS/lib/</path>
         <kind>archive</kind>
         <file>rtsv7M4_T_le_v4SPD16_eabi.lib</file>
         <name>s_frexp.c.obj</name>
      </input_file>
      <input_file id="fl-f7">
         <path>/Applications/ti/ccs1220/ccs/tools/compiler/ti-cgt-arm_20.2.7.LTS/lib/</path>
         <kind>archive</kind>
         <file>rtsv7M4_T_le_v4SPD16_eabi.lib</file>
         <name>s_scalbn.c.obj</name>
      </input_file>
      <input_file id="fl-f8">
         <path>/Applications/ti/ccs1220/ccs/tools/compiler/ti-cgt-arm_20.2.7.LTS/lib/</path>
         <kind>archive</kind>
         <file>rtsv7M4_T_le_v4SPD16_eabi.lib</file>
         <name>div0.asm.obj</name>
      </input_file>
      <input_file id="fl-f9">
         <path>/Applications/ti/ccs1220/ccs/tools/compiler/ti-cgt-arm_20.2.7.LTS/lib/</path>
         <kind>archive</kind>
         <file>rtsv7M4_T_le_v4SPD16_eabi.lib</file>
         <name>s_copysign.c.obj</name>
      </input_file>
   </input_file_list>
   <object_component_list>
      <object_component id="oc-26">
         <name>.intvecs:retain</name>
         <load_address>0x0</load_address>
         <run_address>0x0</run_address>
         <size>0xe4</size>
         <input_file_ref idref="fl-2"/>
      </object_component>
      <object_component id="oc-379">
         <name>.text:__TI_printfi</name>
         <load_address>0xe4</load_address>
         <run_address>0xe4</run_address>
         <size>0xa4e</size>
         <input_file_ref idref="fl-e3"/>
      </object_component>
      <object_component id="oc-167">
         <name>.text:Graphics_drawString</name>
         <load_address>0xb32</load_address>
         <run_address>0xb32</run_address>
         <size>0x47e</size>
         <input_file_ref idref="fl-14"/>
      </object_component>
      <object_component id="oc-179">
         <name>.text</name>
         <load_address>0xfb0</load_address>
         <run_address>0xfb0</run_address>
         <size>0x3f4</size>
         <input_file_ref idref="fl-17"/>
      </object_component>
      <object_component id="oc-b1">
         <name>.text</name>
         <load_address>0x13a4</load_address>
         <run_address>0x13a4</run_address>
         <size>0x354</size>
         <input_file_ref idref="fl-3"/>
      </object_component>
      <object_component id="oc-73">
         <name>.text</name>
         <load_address>0x16f8</load_address>
         <run_address>0x16f8</run_address>
         <size>0x2b8</size>
         <input_file_ref idref="fl-5"/>
      </object_component>
      <object_component id="oc-3f2">
         <name>.text:_pconv_a</name>
         <load_address>0x19b0</load_address>
         <run_address>0x19b0</run_address>
         <size>0x270</size>
         <input_file_ref idref="fl-e3"/>
      </object_component>
      <object_component id="oc-16d">
         <name>.text:Graphics_drawCircle</name>
         <load_address>0x1c20</load_address>
         <run_address>0x1c20</run_address>
         <size>0x26e</size>
         <input_file_ref idref="fl-15"/>
      </object_component>
      <object_component id="oc-4a1">
         <name>.text</name>
         <load_address>0x1e8e</load_address>
         <run_address>0x1e8e</run_address>
         <size>0x2</size>
         <input_file_ref idref="fl-f8"/>
      </object_component>
      <object_component id="oc-c4">
         <name>.text</name>
         <load_address>0x1e90</load_address>
         <run_address>0x1e90</run_address>
         <size>0x248</size>
         <input_file_ref idref="fl-12"/>
      </object_component>
      <object_component id="oc-155">
         <name>.text:Graphics_fillCircle</name>
         <load_address>0x20d8</load_address>
         <run_address>0x20d8</run_address>
         <size>0x22a</size>
         <input_file_ref idref="fl-15"/>
      </object_component>
      <object_component id="oc-b8">
         <name>.text</name>
         <load_address>0x2304</load_address>
         <run_address>0x2304</run_address>
         <size>0x1ec</size>
         <input_file_ref idref="fl-d"/>
      </object_component>
      <object_component id="oc-3e0">
         <name>.text:_pconv_g</name>
         <load_address>0x24f0</load_address>
         <run_address>0x24f0</run_address>
         <size>0x1d0</size>
         <input_file_ref idref="fl-e3"/>
      </object_component>
      <object_component id="oc-1c6">
         <name>.text</name>
         <load_address>0x26c0</load_address>
         <run_address>0x26c0</run_address>
         <size>0x1b6</size>
         <input_file_ref idref="fl-d7"/>
      </object_component>
      <object_component id="oc-267">
         <name>.text:Graphics_clipLine</name>
         <load_address>0x2876</load_address>
         <run_address>0x2876</run_address>
         <size>0x180</size>
         <input_file_ref idref="fl-e"/>
      </object_component>
      <object_component id="oc-173">
         <name>.text:Graphics_drawLine</name>
         <load_address>0x29f6</load_address>
         <run_address>0x29f6</run_address>
         <size>0x174</size>
         <input_file_ref idref="fl-e"/>
      </object_component>
      <object_component id="oc-100">
         <name>.text</name>
         <load_address>0x2b6c</load_address>
         <run_address>0x2b6c</run_address>
         <size>0x14c</size>
         <input_file_ref idref="fl-f"/>
      </object_component>
      <object_component id="oc-3ec">
         <name>.text:_pconv_e</name>
         <load_address>0x2cb8</load_address>
         <run_address>0x2cb8</run_address>
         <size>0x13c</size>
         <input_file_ref idref="fl-e3"/>
      </object_component>
      <object_component id="oc-fa">
         <name>.text</name>
         <load_address>0x2df4</load_address>
         <run_address>0x2df4</run_address>
         <size>0x138</size>
         <input_file_ref idref="fl-4"/>
      </object_component>
      <object_component id="oc-442">
         <name>.text</name>
         <load_address>0x2f2c</load_address>
         <run_address>0x2f2c</run_address>
         <size>0x136</size>
         <input_file_ref idref="fl-e4"/>
      </object_component>
      <object_component id="oc-ca">
         <name>.text</name>
         <load_address>0x3064</load_address>
         <run_address>0x3064</run_address>
         <size>0x128</size>
         <input_file_ref idref="fl-b"/>
      </object_component>
      <object_component id="oc-45a">
         <name>.text:fcvt</name>
         <load_address>0x318c</load_address>
         <run_address>0x318c</run_address>
         <size>0x124</size>
         <input_file_ref idref="fl-e3"/>
      </object_component>
      <object_component id="oc-14f">
         <name>.text:Graphics_fillRectangle</name>
         <load_address>0x32b0</load_address>
         <run_address>0x32b0</run_address>
         <size>0x112</size>
         <input_file_ref idref="fl-11"/>
      </object_component>
      <object_component id="oc-46e">
         <name>.text:scalbn</name>
         <load_address>0x33c4</load_address>
         <run_address>0x33c4</run_address>
         <size>0x110</size>
         <input_file_ref idref="fl-f7"/>
      </object_component>
      <object_component id="oc-43d">
         <name>.text</name>
         <load_address>0x34d4</load_address>
         <run_address>0x34d4</run_address>
         <size>0xfc</size>
         <input_file_ref idref="fl-e5"/>
      </object_component>
      <object_component id="oc-244">
         <name>.text:Graphics_getStringWidth</name>
         <load_address>0x35d0</load_address>
         <run_address>0x35d0</run_address>
         <size>0xfa</size>
         <input_file_ref idref="fl-14"/>
      </object_component>
      <object_component id="oc-2ab">
         <name>.text:floor</name>
         <load_address>0x36cc</load_address>
         <run_address>0x36cc</run_address>
         <size>0xf8</size>
         <input_file_ref idref="fl-e2"/>
      </object_component>
      <object_component id="oc-9f">
         <name>.text</name>
         <load_address>0x37c4</load_address>
         <run_address>0x37c4</run_address>
         <size>0xf0</size>
         <input_file_ref idref="fl-1"/>
      </object_component>
      <object_component id="oc-1b4">
         <name>.text:round</name>
         <load_address>0x38b4</load_address>
         <run_address>0x38b4</run_address>
         <size>0xc4</size>
         <input_file_ref idref="fl-d5"/>
      </object_component>
      <object_component id="oc-3da">
         <name>.text:_ltostr</name>
         <load_address>0x3978</load_address>
         <run_address>0x3978</run_address>
         <size>0xb1</size>
         <input_file_ref idref="fl-e3"/>
      </object_component>
      <object_component id="oc-329">
         <name>.text:SPI_initMaster</name>
         <load_address>0x3a2a</load_address>
         <run_address>0x3a2a</run_address>
         <size>0xb0</size>
         <input_file_ref idref="fl-1e"/>
      </object_component>
      <object_component id="oc-26f">
         <name>.text</name>
         <load_address>0x3adc</load_address>
         <run_address>0x3adc</run_address>
         <size>0xac</size>
         <input_file_ref idref="fl-1c"/>
      </object_component>
      <object_component id="oc-be">
         <name>.text</name>
         <load_address>0x3b88</load_address>
         <run_address>0x3b88</run_address>
         <size>0xa0</size>
         <input_file_ref idref="fl-10"/>
      </object_component>
      <object_component id="oc-23c">
         <name>.text:Graphics_drawLineH</name>
         <load_address>0x3c28</load_address>
         <run_address>0x3c28</run_address>
         <size>0x9c</size>
         <input_file_ref idref="fl-e"/>
      </object_component>
      <object_component id="oc-261">
         <name>.text:Graphics_drawLineV</name>
         <load_address>0x3cc4</load_address>
         <run_address>0x3cc4</run_address>
         <size>0x9c</size>
         <input_file_ref idref="fl-e"/>
      </object_component>
      <object_component id="oc-37">
         <name>.text</name>
         <load_address>0x3d60</load_address>
         <run_address>0x3d60</run_address>
         <size>0x9c</size>
         <input_file_ref idref="fl-dd"/>
      </object_component>
      <object_component id="oc-6d">
         <name>.text</name>
         <load_address>0x3dfc</load_address>
         <run_address>0x3dfc</run_address>
         <size>0x98</size>
         <input_file_ref idref="fl-c"/>
      </object_component>
      <object_component id="oc-437">
         <name>.text</name>
         <load_address>0x3e94</load_address>
         <run_address>0x3e94</run_address>
         <size>0x96</size>
         <input_file_ref idref="fl-e7"/>
      </object_component>
      <object_component id="oc-1d0">
         <name>.text</name>
         <load_address>0x3f2c</load_address>
         <run_address>0x3f2c</run_address>
         <size>0x92</size>
         <input_file_ref idref="fl-13"/>
      </object_component>
      <object_component id="oc-335">
         <name>.text:GPIO_setAsPeripheralModuleFunctionOutputPin</name>
         <load_address>0x3fc0</load_address>
         <run_address>0x3fc0</run_address>
         <size>0x88</size>
         <input_file_ref idref="fl-1b"/>
      </object_component>
      <object_component id="oc-2b1">
         <name>.text:__aeabi_cdcmple</name>
         <load_address>0x4048</load_address>
         <run_address>0x4048</run_address>
         <size>0x86</size>
         <input_file_ref idref="fl-d8"/>
      </object_component>
      <object_component id="oc-36a">
         <name>.text:__aeabi_cdrcmple</name>
         <load_address>0x40ce</load_address>
         <run_address>0x40ce</run_address>
         <size>0x86</size>
         <input_file_ref idref="fl-d8"/>
      </object_component>
      <object_component id="oc-93">
         <name>.text</name>
         <load_address>0x4154</load_address>
         <run_address>0x4154</run_address>
         <size>0x7a</size>
         <input_file_ref idref="fl-e6"/>
      </object_component>
      <object_component id="oc-453">
         <name>.text:_mcpy</name>
         <load_address>0x41ce</load_address>
         <run_address>0x41ce</run_address>
         <size>0x6e</size>
         <input_file_ref idref="fl-e3"/>
      </object_component>
      <object_component id="oc-1cb">
         <name>.text</name>
         <load_address>0x423c</load_address>
         <run_address>0x423c</run_address>
         <size>0x6e</size>
         <input_file_ref idref="fl-da"/>
      </object_component>
      <object_component id="oc-17">
         <name>.text:decompress:lzss:__TI_decompress_lzss</name>
         <load_address>0x42aa</load_address>
         <run_address>0x42aa</run_address>
         <size>0x68</size>
         <input_file_ref idref="fl-e0"/>
      </object_component>
      <object_component id="oc-320">
         <name>.text:Graphics_getClipCode</name>
         <load_address>0x4312</load_address>
         <run_address>0x4312</run_address>
         <size>0x64</size>
         <input_file_ref idref="fl-e"/>
      </object_component>
      <object_component id="oc-468">
         <name>.text:frexp</name>
         <load_address>0x4378</load_address>
         <run_address>0x4378</run_address>
         <size>0x64</size>
         <input_file_ref idref="fl-f6"/>
      </object_component>
      <object_component id="oc-25a">
         <name>.text:Graphics_drawPixel</name>
         <load_address>0x43dc</load_address>
         <run_address>0x43dc</run_address>
         <size>0x5a</size>
         <input_file_ref idref="fl-16"/>
      </object_component>
      <object_component id="oc-3e6">
         <name>.text:_pconv_f</name>
         <load_address>0x4436</load_address>
         <run_address>0x4436</run_address>
         <size>0x56</size>
         <input_file_ref idref="fl-e3"/>
      </object_component>
      <object_component id="oc-447">
         <name>.text:__TI_ltoa</name>
         <load_address>0x448c</load_address>
         <run_address>0x448c</run_address>
         <size>0x54</size>
         <input_file_ref idref="fl-ed"/>
      </object_component>
      <object_component id="oc-17f">
         <name>.text:Graphics_initContext</name>
         <load_address>0x44e0</load_address>
         <run_address>0x44e0</run_address>
         <size>0x52</size>
         <input_file_ref idref="fl-16"/>
      </object_component>
      <object_component id="oc-44d">
         <name>.text:_ecpy</name>
         <load_address>0x4532</load_address>
         <run_address>0x4532</run_address>
         <size>0x52</size>
         <input_file_ref idref="fl-e3"/>
      </object_component>
      <object_component id="oc-3d4">
         <name>.text:atoi</name>
         <load_address>0x4584</load_address>
         <run_address>0x4584</run_address>
         <size>0x4c</size>
         <input_file_ref idref="fl-ef"/>
      </object_component>
      <object_component id="oc-15b">
         <name>.text:Graphics_drawStringCentered</name>
         <load_address>0x45d0</load_address>
         <run_address>0x45d0</run_address>
         <size>0x48</size>
         <input_file_ref idref="fl-14"/>
      </object_component>
      <object_component id="oc-1ba">
         <name>.text</name>
         <load_address>0x4618</load_address>
         <run_address>0x4618</run_address>
         <size>0x48</size>
         <input_file_ref idref="fl-d9"/>
      </object_component>
      <object_component id="oc-113">
         <name>.text:__TI_auto_init_nobinit_nopinit:__TI_auto_init_nobinit_nopinit</name>
         <load_address>0x4660</load_address>
         <run_address>0x4660</run_address>
         <size>0x44</size>
         <input_file_ref idref="fl-e8"/>
      </object_component>
      <object_component id="oc-33b">
         <name>.text:GPIO_setAsOutputPin</name>
         <load_address>0x46a4</load_address>
         <run_address>0x46a4</run_address>
         <size>0x40</size>
         <input_file_ref idref="fl-1b"/>
      </object_component>
      <object_component id="oc-24d">
         <name>.text:Graphics_getNumberOfLeadingZeros</name>
         <load_address>0x46e4</load_address>
         <run_address>0x46e4</run_address>
         <size>0x40</size>
         <input_file_ref idref="fl-14"/>
      </object_component>
      <object_component id="oc-3a8">
         <name>.text:is_A_Module</name>
         <load_address>0x4724</load_address>
         <run_address>0x4724</run_address>
         <size>0x40</size>
         <input_file_ref idref="fl-1e"/>
      </object_component>
      <object_component id="oc-2bc">
         <name>.text:sprintf</name>
         <load_address>0x4764</load_address>
         <run_address>0x4764</run_address>
         <size>0x40</size>
         <input_file_ref idref="fl-d6"/>
      </object_component>
      <object_component id="oc-460">
         <name>.text:_fcpy</name>
         <load_address>0x47a4</load_address>
         <run_address>0x47a4</run_address>
         <size>0x3e</size>
         <input_file_ref idref="fl-e3"/>
      </object_component>
      <object_component id="oc-1c1">
         <name>.text</name>
         <load_address>0x47e2</load_address>
         <run_address>0x47e2</run_address>
         <size>0x38</size>
         <input_file_ref idref="fl-db"/>
      </object_component>
      <object_component id="oc-30a">
         <name>.text:Graphics_drawHorizontalLineOnDisplay</name>
         <load_address>0x481a</load_address>
         <run_address>0x481a</run_address>
         <size>0x36</size>
         <input_file_ref idref="fl-18"/>
      </object_component>
      <object_component id="oc-319">
         <name>.text:Graphics_drawVerticalLineOnDisplay</name>
         <load_address>0x4850</load_address>
         <run_address>0x4850</run_address>
         <size>0x36</size>
         <input_file_ref idref="fl-18"/>
      </object_component>
      <object_component id="oc-55">
         <name>.text:_c_int00_noargs:_c_int00_noargs</name>
         <load_address>0x4888</load_address>
         <run_address>0x4888</run_address>
         <size>0x34</size>
         <input_file_ref idref="fl-e1"/>
      </object_component>
      <object_component id="oc-1af">
         <name>.text</name>
         <load_address>0x48bc</load_address>
         <run_address>0x48bc</run_address>
         <size>0x2e</size>
         <input_file_ref idref="fl-dc"/>
      </object_component>
      <object_component id="oc-253">
         <name>.text:Graphics_drawPixelOnDisplay</name>
         <load_address>0x48ea</load_address>
         <run_address>0x48ea</run_address>
         <size>0x2c</size>
         <input_file_ref idref="fl-18"/>
      </object_component>
      <object_component id="oc-27e">
         <name>.text:GPIO_setOutputHighOnPin</name>
         <load_address>0x4918</load_address>
         <run_address>0x4918</run_address>
         <size>0x28</size>
         <input_file_ref idref="fl-1b"/>
      </object_component>
      <object_component id="oc-278">
         <name>.text:GPIO_setOutputLowOnPin</name>
         <load_address>0x4940</load_address>
         <run_address>0x4940</run_address>
         <size>0x28</size>
         <input_file_ref idref="fl-1b"/>
      </object_component>
      <object_component id="oc-22f">
         <name>.text:Graphics_fillRectangleOnDisplay</name>
         <load_address>0x4968</load_address>
         <run_address>0x4968</run_address>
         <size>0x1e</size>
         <input_file_ref idref="fl-18"/>
      </object_component>
      <object_component id="oc-32f">
         <name>.text:SPI_enableModule</name>
         <load_address>0x4986</load_address>
         <run_address>0x4986</run_address>
         <size>0x1c</size>
         <input_file_ref idref="fl-1e"/>
      </object_component>
      <object_component id="oc-43">
         <name>.text:decompress:ZI:__TI_zero_init_nomemset:__TI_zero_init_nomemset</name>
         <load_address>0x49a2</load_address>
         <run_address>0x49a2</run_address>
         <size>0x1c</size>
         <input_file_ref idref="fl-de"/>
      </object_component>
      <object_component id="oc-3f8">
         <name>.text:memccpy</name>
         <load_address>0x49be</load_address>
         <run_address>0x49be</run_address>
         <size>0x1c</size>
         <input_file_ref idref="fl-f1"/>
      </object_component>
      <object_component id="oc-28d">
         <name>.text:Graphics_clearDisplayOnDisplay</name>
         <load_address>0x49da</load_address>
         <run_address>0x49da</run_address>
         <size>0x1a</size>
         <input_file_ref idref="fl-18"/>
      </object_component>
      <object_component id="oc-161">
         <name>.text:Graphics_setBackgroundColor</name>
         <load_address>0x49f4</load_address>
         <run_address>0x49f4</run_address>
         <size>0x1a</size>
         <input_file_ref idref="fl-16"/>
      </object_component>
      <object_component id="oc-185">
         <name>.text:Graphics_setFont</name>
         <load_address>0x4a0e</load_address>
         <run_address>0x4a0e</run_address>
         <size>0x1a</size>
         <input_file_ref idref="fl-16"/>
      </object_component>
      <object_component id="oc-4b6">
         <name>.text:copysign</name>
         <load_address>0x4a28</load_address>
         <run_address>0x4a28</run_address>
         <size>0x1a</size>
         <input_file_ref idref="fl-f9"/>
      </object_component>
      <object_component id="oc-37f">
         <name>.text:_outs</name>
         <load_address>0x4a42</load_address>
         <run_address>0x4a42</run_address>
         <size>0x18</size>
         <input_file_ref idref="fl-d6"/>
      </object_component>
      <object_component id="oc-3b0">
         <name>.text:EUSCI_A_SPI_enable</name>
         <load_address>0x4a5a</load_address>
         <run_address>0x4a5a</run_address>
         <size>0x16</size>
         <input_file_ref idref="fl-1e"/>
      </object_component>
      <object_component id="oc-3b6">
         <name>.text:EUSCI_B_SPI_enable</name>
         <load_address>0x4a70</load_address>
         <run_address>0x4a70</run_address>
         <size>0x16</size>
         <input_file_ref idref="fl-1e"/>
      </object_component>
      <object_component id="oc-149">
         <name>.text:Graphics_setForegroundColor</name>
         <load_address>0x4a86</load_address>
         <run_address>0x4a86</run_address>
         <size>0x16</size>
         <input_file_ref idref="fl-16"/>
      </object_component>
      <object_component id="oc-222">
         <name>.text:Graphics_translateColorOnDisplay</name>
         <load_address>0x4a9c</load_address>
         <run_address>0x4a9c</run_address>
         <size>0x16</size>
         <input_file_ref idref="fl-18"/>
      </object_component>
      <object_component id="oc-474">
         <name>.text:strchr</name>
         <load_address>0x4ab2</load_address>
         <run_address>0x4ab2</run_address>
         <size>0x16</size>
         <input_file_ref idref="fl-f2"/>
      </object_component>
      <object_component id="oc-3ce">
         <name>.text:strlen</name>
         <load_address>0x4ac8</load_address>
         <run_address>0x4ac8</run_address>
         <size>0x14</size>
         <input_file_ref idref="fl-f3"/>
      </object_component>
      <object_component id="oc-18b">
         <name>.text:Graphics_clearDisplay</name>
         <load_address>0x4adc</load_address>
         <run_address>0x4adc</run_address>
         <size>0x12</size>
         <input_file_ref idref="fl-16"/>
      </object_component>
      <object_component id="oc-3fe">
         <name>.text:wcslen</name>
         <load_address>0x4aee</load_address>
         <run_address>0x4aee</run_address>
         <size>0x12</size>
         <input_file_ref idref="fl-f5"/>
      </object_component>
      <object_component id="oc-1d">
         <name>.text:decompress:none:__TI_decompress_none</name>
         <load_address>0x4b00</load_address>
         <run_address>0x4b00</run_address>
         <size>0xe</size>
         <input_file_ref idref="fl-df"/>
      </object_component>
      <object_component id="oc-67">
         <name>.text</name>
         <load_address>0x4b0e</load_address>
         <run_address>0x4b0e</run_address>
         <size>0xe</size>
         <input_file_ref idref="fl-2"/>
      </object_component>
      <object_component id="oc-385">
         <name>.text:_outc</name>
         <load_address>0x4b1c</load_address>
         <run_address>0x4b1c</run_address>
         <size>0xa</size>
         <input_file_ref idref="fl-d6"/>
      </object_component>
      <object_component id="oc-404">
         <name>.text:__aeabi_errno_addr</name>
         <load_address>0x4b28</load_address>
         <run_address>0x4b28</run_address>
         <size>0x8</size>
         <input_file_ref idref="fl-f4"/>
      </object_component>
      <object_component id="oc-99">
         <name>.text:_system_pre_init</name>
         <load_address>0x4b30</load_address>
         <run_address>0x4b30</run_address>
         <size>0x4</size>
         <input_file_ref idref="fl-e9"/>
      </object_component>
      <object_component id="oc-107">
         <name>.text:abort:abort</name>
         <load_address>0x4b34</load_address>
         <run_address>0x4b34</run_address>
         <size>0x4</size>
         <input_file_ref idref="fl-eb"/>
      </object_component>
      <object_component id="oc-2a2">
         <name>.const:.string:g_pucCmsc22Data</name>
         <load_address>0x4b38</load_address>
         <run_address>0x4b38</run_address>
         <size>0xa17</size>
         <input_file_ref idref="fl-19"/>
      </object_component>
      <object_component id="oc-29c">
         <name>.const:.string:g_pucFontFixed6x8Data</name>
         <load_address>0x554f</load_address>
         <run_address>0x554f</run_address>
         <size>0x2f8</size>
         <input_file_ref idref="fl-1a"/>
      </object_component>
      <object_component id="oc-432">
         <name>.const:.string:_ctypes_</name>
         <load_address>0x5847</load_address>
         <run_address>0x5847</run_address>
         <size>0x101</size>
         <input_file_ref idref="fl-f0"/>
      </object_component>
      <object_component id="oc-1a0">
         <name>.const:g_sFontCmsc22</name>
         <load_address>0x5948</load_address>
         <run_address>0x5948</run_address>
         <size>0xc8</size>
         <input_file_ref idref="fl-19"/>
      </object_component>
      <object_component id="oc-19d">
         <name>.const:g_sFontFixed6x8</name>
         <load_address>0x5a10</load_address>
         <run_address>0x5a10</run_address>
         <size>0xc8</size>
         <input_file_ref idref="fl-1a"/>
      </object_component>
      <object_component id="oc-357">
         <name>.const:GPIO_PORT_TO_BASE</name>
         <load_address>0x5ad8</load_address>
         <run_address>0x5ad8</run_address>
         <size>0x30</size>
         <input_file_ref idref="fl-1b"/>
      </object_component>
      <object_component id="oc-19a">
         <name>.const:g_sCrystalfontz128x128_funcs</name>
         <load_address>0x5b08</load_address>
         <run_address>0x5b08</run_address>
         <size>0x20</size>
         <input_file_ref idref="fl-17"/>
      </object_component>
      <object_component id="oc-341">
         <name>.const:$P$T0$1</name>
         <load_address>0x5b28</load_address>
         <run_address>0x5b28</run_address>
         <size>0x1c</size>
         <input_file_ref idref="fl-1c"/>
      </object_component>
      <object_component id="oc-514">
         <name>.cinit..data.load</name>
         <load_address>0x5b48</load_address>
         <run_address>0x5b48</run_address>
         <size>0x45</size>
      </object_component>
      <object_component id="oc-512">
         <name>__TI_handler_table</name>
         <load_address>0x5b90</load_address>
         <run_address>0x5b90</run_address>
         <size>0xc</size>
      </object_component>
      <object_component id="oc-515">
         <name>.cinit..bss.load</name>
         <load_address>0x5ba0</load_address>
         <run_address>0x5ba0</run_address>
         <size>0x8</size>
      </object_component>
      <object_component id="oc-513">
         <name>__TI_cinit_table</name>
         <load_address>0x5ba8</load_address>
         <run_address>0x5ba8</run_address>
         <size>0x10</size>
      </object_component>
      <object_component id="oc-4e6">
         <name>.binit</name>
         <load_address>0x0</load_address>
         <run_address>0x0</run_address>
         <size>0x0</size>
      </object_component>
      <object_component id="oc-145">
         <name>.data</name>
         <load_address>0x200000b0</load_address>
         <run_address>0x200000b0</run_address>
         <size>0x4</size>
         <input_file_ref idref="fl-3"/>
      </object_component>
      <object_component id="oc-da">
         <name>.data</name>
         <load_address>0x200000a8</load_address>
         <run_address>0x200000a8</run_address>
         <size>0x4</size>
         <input_file_ref idref="fl-5"/>
      </object_component>
      <object_component id="oc-1de">
         <name>.data</name>
         <load_address>0x200000a0</load_address>
         <run_address>0x200000a0</run_address>
         <size>0x8</size>
         <input_file_ref idref="fl-b"/>
      </object_component>
      <object_component id="oc-d0">
         <name>.data</name>
         <load_address>0x200000b6</load_address>
         <run_address>0x200000b6</run_address>
         <size>0x1</size>
         <input_file_ref idref="fl-c"/>
      </object_component>
      <object_component id="oc-1f8">
         <name>.data:options</name>
         <load_address>0x20000000</load_address>
         <run_address>0x20000000</run_address>
         <size>0x78</size>
         <input_file_ref idref="fl-f"/>
      </object_component>
      <object_component id="oc-1fb">
         <name>.data:color</name>
         <load_address>0x20000088</load_address>
         <run_address>0x20000088</run_address>
         <size>0xc</size>
         <input_file_ref idref="fl-f"/>
      </object_component>
      <object_component id="oc-1f5">
         <name>.data</name>
         <load_address>0x200000b7</load_address>
         <run_address>0x200000b7</run_address>
         <size>0x1</size>
         <input_file_ref idref="fl-f"/>
      </object_component>
      <object_component id="oc-1bf">
         <name>.data</name>
         <load_address>0x200000b4</load_address>
         <run_address>0x200000b4</run_address>
         <size>0x2</size>
         <input_file_ref idref="fl-10"/>
      </object_component>
      <object_component id="oc-1d6">
         <name>.data</name>
         <load_address>0x20000094</load_address>
         <run_address>0x20000094</run_address>
         <size>0xc</size>
         <input_file_ref idref="fl-12"/>
      </object_component>
      <object_component id="oc-197">
         <name>.data:g_sCrystalfontz128x128</name>
         <load_address>0x20000078</load_address>
         <run_address>0x20000078</run_address>
         <size>0x10</size>
         <input_file_ref idref="fl-17"/>
      </object_component>
      <object_component id="oc-484">
         <name>.data</name>
         <load_address>0x200000ac</load_address>
         <run_address>0x200000ac</run_address>
         <size>0x4</size>
         <input_file_ref idref="fl-f4"/>
      </object_component>
      <object_component id="oc-191">
         <name>.bss:g_sContext</name>
         <uninitialized>true</uninitialized>
         <run_address>0x200000d8</run_address>
         <size>0x1c</size>
         <input_file_ref idref="fl-d"/>
      </object_component>
      <object_component id="oc-194">
         <name>.bss:g_sContext_big_font</name>
         <uninitialized>true</uninitialized>
         <run_address>0x200000f4</run_address>
         <size>0x1c</size>
         <input_file_ref idref="fl-d"/>
      </object_component>
      <object_component id="oc-1d9">
         <name>.bss:road</name>
         <uninitialized>true</uninitialized>
         <run_address>0x200000b8</run_address>
         <size>0x20</size>
         <input_file_ref idref="fl-12"/>
      </object_component>
      <object_component id="oc-275">
         <name>.common:Lcd_Orientation</name>
         <uninitialized>true</uninitialized>
         <run_address>0x20000118</run_address>
         <size>0x1</size>
      </object_component>
      <object_component id="oc-284">
         <name>.common:Lcd_ScreenWidth</name>
         <uninitialized>true</uninitialized>
         <run_address>0x20000112</run_address>
         <size>0x2</size>
      </object_component>
      <object_component id="oc-285">
         <name>.common:Lcd_ScreenHeigth</name>
         <uninitialized>true</uninitialized>
         <run_address>0x20000110</run_address>
         <size>0x2</size>
      </object_component>
      <object_component id="oc-286">
         <name>.common:Lcd_PenSolid</name>
         <uninitialized>true</uninitialized>
         <run_address>0x20000119</run_address>
         <size>0x1</size>
      </object_component>
      <object_component id="oc-287">
         <name>.common:Lcd_FontSolid</name>
         <uninitialized>true</uninitialized>
         <run_address>0x20000117</run_address>
         <size>0x1</size>
      </object_component>
      <object_component id="oc-288">
         <name>.common:Lcd_FlagRead</name>
         <uninitialized>true</uninitialized>
         <run_address>0x20000116</run_address>
         <size>0x1</size>
      </object_component>
      <object_component id="oc-289">
         <name>.common:Lcd_TouchTrim</name>
         <uninitialized>true</uninitialized>
         <run_address>0x20000114</run_address>
         <size>0x2</size>
      </object_component>
      <object_component id="oc-29">
         <name>.stack</name>
         <uninitialized>true</uninitialized>
         <run_address>0x2000fe00</run_address>
         <size>0x4</size>
         <input_file_ref idref="fl-e1"/>
      </object_component>
      <object_component id="oc-517">
         <name>.stack</name>
         <uninitialized>true</uninitialized>
         <run_address>0x2000fe00</run_address>
         <size>0x0</size>
      </object_component>
      <object_component id="oc-1f3">
         <name>.debug_info</name>
         <load_address>0x0</load_address>
         <run_address>0x0</run_address>
         <size>0x80e</size>
         <input_file_ref idref="fl-1"/>
      </object_component>
      <object_component id="oc-a0">
         <name>.debug_info</name>
         <load_address>0x80e</load_address>
         <run_address>0x80e</run_address>
         <size>0x317</size>
         <input_file_ref idref="fl-1"/>
      </object_component>
      <object_component id="oc-de">
         <name>.debug_info</name>
         <load_address>0xb25</load_address>
         <run_address>0xb25</run_address>
         <size>0x37e2</size>
         <input_file_ref idref="fl-1"/>
      </object_component>
      <object_component id="oc-e5">
         <name>.debug_info</name>
         <load_address>0x4307</load_address>
         <run_address>0x4307</run_address>
         <size>0x26b</size>
         <input_file_ref idref="fl-1"/>
      </object_component>
      <object_component id="oc-1ec">
         <name>.debug_info</name>
         <load_address>0x4572</load_address>
         <run_address>0x4572</run_address>
         <size>0x1055</size>
         <input_file_ref idref="fl-1"/>
      </object_component>
      <object_component id="oc-32">
         <name>.debug_info</name>
         <load_address>0x55c7</load_address>
         <run_address>0x55c7</run_address>
         <size>0x84</size>
         <input_file_ref idref="fl-1"/>
      </object_component>
      <object_component id="oc-1e5">
         <name>.debug_info</name>
         <load_address>0x564b</load_address>
         <run_address>0x564b</run_address>
         <size>0x2a4</size>
         <input_file_ref idref="fl-1"/>
      </object_component>
      <object_component id="oc-352">
         <name>.debug_info</name>
         <load_address>0x58ef</load_address>
         <run_address>0x58ef</run_address>
         <size>0xef</size>
         <input_file_ref idref="fl-1"/>
      </object_component>
      <object_component id="oc-d4">
         <name>.debug_info</name>
         <load_address>0x59de</load_address>
         <run_address>0x59de</run_address>
         <size>0xbb</size>
         <input_file_ref idref="fl-1"/>
      </object_component>
      <object_component id="oc-7b">
         <name>.debug_info</name>
         <load_address>0x5a99</load_address>
         <run_address>0x5a99</run_address>
         <size>0x2eb</size>
         <input_file_ref idref="fl-2"/>
      </object_component>
      <object_component id="oc-27">
         <name>.debug_info</name>
         <load_address>0x5d84</load_address>
         <run_address>0x5d84</run_address>
         <size>0x117</size>
         <input_file_ref idref="fl-2"/>
      </object_component>
      <object_component id="oc-68">
         <name>.debug_info</name>
         <load_address>0x5e9b</load_address>
         <run_address>0x5e9b</run_address>
         <size>0x1de</size>
         <input_file_ref idref="fl-2"/>
      </object_component>
      <object_component id="oc-146">
         <name>.debug_info</name>
         <load_address>0x6079</load_address>
         <run_address>0x6079</run_address>
         <size>0x110</size>
         <input_file_ref idref="fl-3"/>
      </object_component>
      <object_component id="oc-b2">
         <name>.debug_info</name>
         <load_address>0x6189</load_address>
         <run_address>0x6189</run_address>
         <size>0x282</size>
         <input_file_ref idref="fl-3"/>
      </object_component>
      <object_component id="oc-fb">
         <name>.debug_info</name>
         <load_address>0x640b</load_address>
         <run_address>0x640b</run_address>
         <size>0x1da</size>
         <input_file_ref idref="fl-4"/>
      </object_component>
      <object_component id="oc-db">
         <name>.debug_info</name>
         <load_address>0x65e5</load_address>
         <run_address>0x65e5</run_address>
         <size>0x17c</size>
         <input_file_ref idref="fl-5"/>
      </object_component>
      <object_component id="oc-74">
         <name>.debug_info</name>
         <load_address>0x6761</load_address>
         <run_address>0x6761</run_address>
         <size>0x7fa</size>
         <input_file_ref idref="fl-5"/>
      </object_component>
      <object_component id="oc-1e2">
         <name>.debug_info</name>
         <load_address>0x6f5b</load_address>
         <run_address>0x6f5b</run_address>
         <size>0x41c</size>
         <input_file_ref idref="fl-b"/>
      </object_component>
      <object_component id="oc-1df">
         <name>.debug_info</name>
         <load_address>0x7377</load_address>
         <run_address>0x7377</run_address>
         <size>0x122</size>
         <input_file_ref idref="fl-b"/>
      </object_component>
      <object_component id="oc-cb">
         <name>.debug_info</name>
         <load_address>0x7499</load_address>
         <run_address>0x7499</run_address>
         <size>0x3ca</size>
         <input_file_ref idref="fl-b"/>
      </object_component>
      <object_component id="oc-1a5">
         <name>.debug_info</name>
         <load_address>0x7863</load_address>
         <run_address>0x7863</run_address>
         <size>0x439</size>
         <input_file_ref idref="fl-b"/>
      </object_component>
      <object_component id="oc-d9">
         <name>.debug_info</name>
         <load_address>0x7c9c</load_address>
         <run_address>0x7c9c</run_address>
         <size>0x7b8</size>
         <input_file_ref idref="fl-c"/>
      </object_component>
      <object_component id="oc-d1">
         <name>.debug_info</name>
         <load_address>0x8454</load_address>
         <run_address>0x8454</run_address>
         <size>0xf9</size>
         <input_file_ref idref="fl-c"/>
      </object_component>
      <object_component id="oc-71">
         <name>.debug_info</name>
         <load_address>0x854d</load_address>
         <run_address>0x854d</run_address>
         <size>0x3fb</size>
         <input_file_ref idref="fl-c"/>
      </object_component>
      <object_component id="oc-1a4">
         <name>.debug_info</name>
         <load_address>0x8948</load_address>
         <run_address>0x8948</run_address>
         <size>0xb56</size>
         <input_file_ref idref="fl-d"/>
      </object_component>
      <object_component id="oc-192">
         <name>.debug_info</name>
         <load_address>0x949e</load_address>
         <run_address>0x949e</run_address>
         <size>0xf3</size>
         <input_file_ref idref="fl-d"/>
      </object_component>
      <object_component id="oc-195">
         <name>.debug_info</name>
         <load_address>0x9591</load_address>
         <run_address>0x9591</run_address>
         <size>0x105</size>
         <input_file_ref idref="fl-d"/>
      </object_component>
      <object_component id="oc-bb">
         <name>.debug_info</name>
         <load_address>0x9696</load_address>
         <run_address>0x9696</run_address>
         <size>0xb65</size>
         <input_file_ref idref="fl-d"/>
      </object_component>
      <object_component id="oc-1aa">
         <name>.debug_info</name>
         <load_address>0xa1fb</load_address>
         <run_address>0xa1fb</run_address>
         <size>0x8b</size>
         <input_file_ref idref="fl-d"/>
      </object_component>
      <object_component id="oc-345">
         <name>.debug_info</name>
         <load_address>0xa286</load_address>
         <run_address>0xa286</run_address>
         <size>0x131</size>
         <input_file_ref idref="fl-d"/>
      </object_component>
      <object_component id="oc-26e">
         <name>.debug_info</name>
         <load_address>0xa3b7</load_address>
         <run_address>0xa3b7</run_address>
         <size>0x53b</size>
         <input_file_ref idref="fl-e"/>
      </object_component>
      <object_component id="oc-23d">
         <name>.debug_info</name>
         <load_address>0xa8f2</load_address>
         <run_address>0xa8f2</run_address>
         <size>0x216</size>
         <input_file_ref idref="fl-e"/>
      </object_component>
      <object_component id="oc-262">
         <name>.debug_info</name>
         <load_address>0xab08</load_address>
         <run_address>0xab08</run_address>
         <size>0x214</size>
         <input_file_ref idref="fl-e"/>
      </object_component>
      <object_component id="oc-322">
         <name>.debug_info</name>
         <load_address>0xad1c</load_address>
         <run_address>0xad1c</run_address>
         <size>0x1d4</size>
         <input_file_ref idref="fl-e"/>
      </object_component>
      <object_component id="oc-269">
         <name>.debug_info</name>
         <load_address>0xaef0</load_address>
         <run_address>0xaef0</run_address>
         <size>0x2ad</size>
         <input_file_ref idref="fl-e"/>
      </object_component>
      <object_component id="oc-175">
         <name>.debug_info</name>
         <load_address>0xb19d</load_address>
         <run_address>0xb19d</run_address>
         <size>0x2e2</size>
         <input_file_ref idref="fl-e"/>
      </object_component>
      <object_component id="oc-2fd">
         <name>.debug_info</name>
         <load_address>0xb47f</load_address>
         <run_address>0xb47f</run_address>
         <size>0x26b</size>
         <input_file_ref idref="fl-e"/>
      </object_component>
      <object_component id="oc-237">
         <name>.debug_info</name>
         <load_address>0xb6ea</load_address>
         <run_address>0xb6ea</run_address>
         <size>0x439</size>
         <input_file_ref idref="fl-e"/>
      </object_component>
      <object_component id="oc-302">
         <name>.debug_info</name>
         <load_address>0xbb23</load_address>
         <run_address>0xbb23</run_address>
         <size>0x297</size>
         <input_file_ref idref="fl-e"/>
      </object_component>
      <object_component id="oc-35b">
         <name>.debug_info</name>
         <load_address>0xbdba</load_address>
         <run_address>0xbdba</run_address>
         <size>0xef</size>
         <input_file_ref idref="fl-e"/>
      </object_component>
      <object_component id="oc-22a">
         <name>.debug_info</name>
         <load_address>0xbea9</load_address>
         <run_address>0xbea9</run_address>
         <size>0xbb</size>
         <input_file_ref idref="fl-e"/>
      </object_component>
      <object_component id="oc-1ff">
         <name>.debug_info</name>
         <load_address>0xbf64</load_address>
         <run_address>0xbf64</run_address>
         <size>0x46b</size>
         <input_file_ref idref="fl-f"/>
      </object_component>
      <object_component id="oc-1f9">
         <name>.debug_info</name>
         <load_address>0xc3cf</load_address>
         <run_address>0xc3cf</run_address>
         <size>0xe9</size>
         <input_file_ref idref="fl-f"/>
      </object_component>
      <object_component id="oc-1fc">
         <name>.debug_info</name>
         <load_address>0xc4b8</load_address>
         <run_address>0xc4b8</run_address>
         <size>0xe5</size>
         <input_file_ref idref="fl-f"/>
      </object_component>
      <object_component id="oc-1f6">
         <name>.debug_info</name>
         <load_address>0xc59d</load_address>
         <run_address>0xc59d</run_address>
         <size>0xf1</size>
         <input_file_ref idref="fl-f"/>
      </object_component>
      <object_component id="oc-101">
         <name>.debug_info</name>
         <load_address>0xc68e</load_address>
         <run_address>0xc68e</run_address>
         <size>0x289</size>
         <input_file_ref idref="fl-f"/>
      </object_component>
      <object_component id="oc-bf">
         <name>.debug_info</name>
         <load_address>0xc917</load_address>
         <run_address>0xc917</run_address>
         <size>0x231</size>
         <input_file_ref idref="fl-10"/>
      </object_component>
      <object_component id="oc-38d">
         <name>.debug_info</name>
         <load_address>0xcb48</load_address>
         <run_address>0xcb48</run_address>
         <size>0x2c</size>
         <input_file_ref idref="fl-10"/>
      </object_component>
      <object_component id="oc-236">
         <name>.debug_info</name>
         <load_address>0xcb74</load_address>
         <run_address>0xcb74</run_address>
         <size>0x4f5</size>
         <input_file_ref idref="fl-11"/>
      </object_component>
      <object_component id="oc-152">
         <name>.debug_info</name>
         <load_address>0xd069</load_address>
         <run_address>0xd069</run_address>
         <size>0x1fe</size>
         <input_file_ref idref="fl-11"/>
      </object_component>
      <object_component id="oc-1dd">
         <name>.debug_info</name>
         <load_address>0xd267</load_address>
         <run_address>0xd267</run_address>
         <size>0x791</size>
         <input_file_ref idref="fl-12"/>
      </object_component>
      <object_component id="oc-1da">
         <name>.debug_info</name>
         <load_address>0xd9f8</load_address>
         <run_address>0xd9f8</run_address>
         <size>0xe3</size>
         <input_file_ref idref="fl-12"/>
      </object_component>
      <object_component id="oc-1d7">
         <name>.debug_info</name>
         <load_address>0xdadb</load_address>
         <run_address>0xdadb</run_address>
         <size>0x11d</size>
         <input_file_ref idref="fl-12"/>
      </object_component>
      <object_component id="oc-c6">
         <name>.debug_info</name>
         <load_address>0xdbf8</load_address>
         <run_address>0xdbf8</run_address>
         <size>0x405</size>
         <input_file_ref idref="fl-12"/>
      </object_component>
      <object_component id="oc-2c3">
         <name>.debug_info</name>
         <load_address>0xdffd</load_address>
         <run_address>0xdffd</run_address>
         <size>0x4be</size>
         <input_file_ref idref="fl-13"/>
      </object_component>
      <object_component id="oc-1d2">
         <name>.debug_info</name>
         <load_address>0xe4bb</load_address>
         <run_address>0xe4bb</run_address>
         <size>0x2a8</size>
         <input_file_ref idref="fl-13"/>
      </object_component>
      <object_component id="oc-24b">
         <name>.debug_info</name>
         <load_address>0xe763</load_address>
         <run_address>0xe763</run_address>
         <size>0x4ba</size>
         <input_file_ref idref="fl-14"/>
      </object_component>
      <object_component id="oc-24f">
         <name>.debug_info</name>
         <load_address>0xec1d</load_address>
         <run_address>0xec1d</run_address>
         <size>0x1c5</size>
         <input_file_ref idref="fl-14"/>
      </object_component>
      <object_component id="oc-246">
         <name>.debug_info</name>
         <load_address>0xede2</load_address>
         <run_address>0xede2</run_address>
         <size>0x28e</size>
         <input_file_ref idref="fl-14"/>
      </object_component>
      <object_component id="oc-169">
         <name>.debug_info</name>
         <load_address>0xf070</load_address>
         <run_address>0xf070</run_address>
         <size>0x42a</size>
         <input_file_ref idref="fl-14"/>
      </object_component>
      <object_component id="oc-15c">
         <name>.debug_info</name>
         <load_address>0xf49a</load_address>
         <run_address>0xf49a</run_address>
         <size>0x26e</size>
         <input_file_ref idref="fl-14"/>
      </object_component>
      <object_component id="oc-243">
         <name>.debug_info</name>
         <load_address>0xf708</load_address>
         <run_address>0xf708</run_address>
         <size>0x48c</size>
         <input_file_ref idref="fl-15"/>
      </object_component>
      <object_component id="oc-16e">
         <name>.debug_info</name>
         <load_address>0xfb94</load_address>
         <run_address>0xfb94</run_address>
         <size>0x2f6</size>
         <input_file_ref idref="fl-15"/>
      </object_component>
      <object_component id="oc-156">
         <name>.debug_info</name>
         <load_address>0xfe8a</load_address>
         <run_address>0xfe8a</run_address>
         <size>0x2a2</size>
         <input_file_ref idref="fl-15"/>
      </object_component>
      <object_component id="oc-229">
         <name>.debug_info</name>
         <load_address>0x1012c</load_address>
         <run_address>0x1012c</run_address>
         <size>0x561</size>
         <input_file_ref idref="fl-16"/>
      </object_component>
      <object_component id="oc-181">
         <name>.debug_info</name>
         <load_address>0x1068d</load_address>
         <run_address>0x1068d</run_address>
         <size>0x1ef</size>
         <input_file_ref idref="fl-16"/>
      </object_component>
      <object_component id="oc-163">
         <name>.debug_info</name>
         <load_address>0x1087c</load_address>
         <run_address>0x1087c</run_address>
         <size>0x203</size>
         <input_file_ref idref="fl-16"/>
      </object_component>
      <object_component id="oc-187">
         <name>.debug_info</name>
         <load_address>0x10a7f</load_address>
         <run_address>0x10a7f</run_address>
         <size>0x1d0</size>
         <input_file_ref idref="fl-16"/>
      </object_component>
      <object_component id="oc-14b">
         <name>.debug_info</name>
         <load_address>0x10c4f</load_address>
         <run_address>0x10c4f</run_address>
         <size>0x1f6</size>
         <input_file_ref idref="fl-16"/>
      </object_component>
      <object_component id="oc-18c">
         <name>.debug_info</name>
         <load_address>0x10e45</load_address>
         <run_address>0x10e45</run_address>
         <size>0x1c3</size>
         <input_file_ref idref="fl-16"/>
      </object_component>
      <object_component id="oc-25b">
         <name>.debug_info</name>
         <load_address>0x11008</load_address>
         <run_address>0x11008</run_address>
         <size>0x1e8</size>
         <input_file_ref idref="fl-16"/>
      </object_component>
      <object_component id="oc-276">
         <name>.debug_info</name>
         <load_address>0x111f0</load_address>
         <run_address>0x111f0</run_address>
         <size>0x94f</size>
         <input_file_ref idref="fl-17"/>
      </object_component>
      <object_component id="oc-198">
         <name>.debug_info</name>
         <load_address>0x11b3f</load_address>
         <run_address>0x11b3f</run_address>
         <size>0x124</size>
         <input_file_ref idref="fl-17"/>
      </object_component>
      <object_component id="oc-19b">
         <name>.debug_info</name>
         <load_address>0x11c63</load_address>
         <run_address>0x11c63</run_address>
         <size>0x130</size>
         <input_file_ref idref="fl-17"/>
      </object_component>
      <object_component id="oc-17a">
         <name>.debug_info</name>
         <load_address>0x11d93</load_address>
         <run_address>0x11d93</run_address>
         <size>0x1469</size>
         <input_file_ref idref="fl-17"/>
      </object_component>
      <object_component id="oc-34d">
         <name>.debug_info</name>
         <load_address>0x131fc</load_address>
         <run_address>0x131fc</run_address>
         <size>0x37e2</size>
         <input_file_ref idref="fl-17"/>
      </object_component>
      <object_component id="oc-2fa">
         <name>.debug_info</name>
         <load_address>0x169de</load_address>
         <run_address>0x169de</run_address>
         <size>0x3fb</size>
         <input_file_ref idref="fl-18"/>
      </object_component>
      <object_component id="oc-257">
         <name>.debug_info</name>
         <load_address>0x16dd9</load_address>
         <run_address>0x16dd9</run_address>
         <size>0x203</size>
         <input_file_ref idref="fl-18"/>
      </object_component>
      <object_component id="oc-30d">
         <name>.debug_info</name>
         <load_address>0x16fdc</load_address>
         <run_address>0x16fdc</run_address>
         <size>0x221</size>
         <input_file_ref idref="fl-18"/>
      </object_component>
      <object_component id="oc-31d">
         <name>.debug_info</name>
         <load_address>0x171fd</load_address>
         <run_address>0x171fd</run_address>
         <size>0x21d</size>
         <input_file_ref idref="fl-18"/>
      </object_component>
      <object_component id="oc-233">
         <name>.debug_info</name>
         <load_address>0x1741a</load_address>
         <run_address>0x1741a</run_address>
         <size>0x200</size>
         <input_file_ref idref="fl-18"/>
      </object_component>
      <object_component id="oc-225">
         <name>.debug_info</name>
         <load_address>0x1761a</load_address>
         <run_address>0x1761a</run_address>
         <size>0x1e3</size>
         <input_file_ref idref="fl-18"/>
      </object_component>
      <object_component id="oc-290">
         <name>.debug_info</name>
         <load_address>0x177fd</load_address>
         <run_address>0x177fd</run_address>
         <size>0x1db</size>
         <input_file_ref idref="fl-18"/>
      </object_component>
      <object_component id="oc-2a7">
         <name>.debug_info</name>
         <load_address>0x179d8</load_address>
         <run_address>0x179d8</run_address>
         <size>0x24e</size>
         <input_file_ref idref="fl-19"/>
      </object_component>
      <object_component id="oc-2a3">
         <name>.debug_info</name>
         <load_address>0x17c26</load_address>
         <run_address>0x17c26</run_address>
         <size>0x100</size>
         <input_file_ref idref="fl-19"/>
      </object_component>
      <object_component id="oc-1a1">
         <name>.debug_info</name>
         <load_address>0x17d26</load_address>
         <run_address>0x17d26</run_address>
         <size>0xfe</size>
         <input_file_ref idref="fl-19"/>
      </object_component>
      <object_component id="oc-2a1">
         <name>.debug_info</name>
         <load_address>0x17e24</load_address>
         <run_address>0x17e24</run_address>
         <size>0x250</size>
         <input_file_ref idref="fl-1a"/>
      </object_component>
      <object_component id="oc-29d">
         <name>.debug_info</name>
         <load_address>0x18074</load_address>
         <run_address>0x18074</run_address>
         <size>0x10e</size>
         <input_file_ref idref="fl-1a"/>
      </object_component>
      <object_component id="oc-19e">
         <name>.debug_info</name>
         <load_address>0x18182</load_address>
         <run_address>0x18182</run_address>
         <size>0x103</size>
         <input_file_ref idref="fl-1a"/>
      </object_component>
      <object_component id="oc-3c5">
         <name>.debug_info</name>
         <load_address>0x18285</load_address>
         <run_address>0x18285</run_address>
         <size>0x701</size>
         <input_file_ref idref="fl-1b"/>
      </object_component>
      <object_component id="oc-358">
         <name>.debug_info</name>
         <load_address>0x18986</load_address>
         <run_address>0x18986</run_address>
         <size>0x135</size>
         <input_file_ref idref="fl-1b"/>
      </object_component>
      <object_component id="oc-33f">
         <name>.debug_info</name>
         <load_address>0x18abb</load_address>
         <run_address>0x18abb</run_address>
         <size>0x252</size>
         <input_file_ref idref="fl-1b"/>
      </object_component>
      <object_component id="oc-339">
         <name>.debug_info</name>
         <load_address>0x18d0d</load_address>
         <run_address>0x18d0d</run_address>
         <size>0x2a5</size>
         <input_file_ref idref="fl-1b"/>
      </object_component>
      <object_component id="oc-282">
         <name>.debug_info</name>
         <load_address>0x18fb2</load_address>
         <run_address>0x18fb2</run_address>
         <size>0x25a</size>
         <input_file_ref idref="fl-1b"/>
      </object_component>
      <object_component id="oc-27c">
         <name>.debug_info</name>
         <load_address>0x1920c</load_address>
         <run_address>0x1920c</run_address>
         <size>0x258</size>
         <input_file_ref idref="fl-1b"/>
      </object_component>
      <object_component id="oc-422">
         <name>.debug_info</name>
         <load_address>0x19464</load_address>
         <run_address>0x19464</run_address>
         <size>0x1028</size>
         <input_file_ref idref="fl-1b"/>
      </object_component>
      <object_component id="oc-41d">
         <name>.debug_info</name>
         <load_address>0x1a48c</load_address>
         <run_address>0x1a48c</run_address>
         <size>0x431a</size>
         <input_file_ref idref="fl-1b"/>
      </object_component>
      <object_component id="oc-34a">
         <name>.debug_info</name>
         <load_address>0x1e7a6</load_address>
         <run_address>0x1e7a6</run_address>
         <size>0x886</size>
         <input_file_ref idref="fl-1c"/>
      </object_component>
      <object_component id="oc-342">
         <name>.debug_info</name>
         <load_address>0x1f02c</load_address>
         <run_address>0x1f02c</run_address>
         <size>0x118</size>
         <input_file_ref idref="fl-1c"/>
      </object_component>
      <object_component id="oc-270">
         <name>.debug_info</name>
         <load_address>0x1f144</load_address>
         <run_address>0x1f144</run_address>
         <size>0x5b0</size>
         <input_file_ref idref="fl-1c"/>
      </object_component>
      <object_component id="oc-3af">
         <name>.debug_info</name>
         <load_address>0x1f6f4</load_address>
         <run_address>0x1f6f4</run_address>
         <size>0x6f5</size>
         <input_file_ref idref="fl-1e"/>
      </object_component>
      <object_component id="oc-3a9">
         <name>.debug_info</name>
         <load_address>0x1fde9</load_address>
         <run_address>0x1fde9</run_address>
         <size>0x1c7</size>
         <input_file_ref idref="fl-1e"/>
      </object_component>
      <object_component id="oc-32a">
         <name>.debug_info</name>
         <load_address>0x1ffb0</load_address>
         <run_address>0x1ffb0</run_address>
         <size>0x22b</size>
         <input_file_ref idref="fl-1e"/>
      </object_component>
      <object_component id="oc-330">
         <name>.debug_info</name>
         <load_address>0x201db</load_address>
         <run_address>0x201db</run_address>
         <size>0x235</size>
         <input_file_ref idref="fl-1e"/>
      </object_component>
      <object_component id="oc-3b7">
         <name>.debug_info</name>
         <load_address>0x20410</load_address>
         <run_address>0x20410</run_address>
         <size>0x1e9</size>
         <input_file_ref idref="fl-1e"/>
      </object_component>
      <object_component id="oc-3b2">
         <name>.debug_info</name>
         <load_address>0x205f9</load_address>
         <run_address>0x205f9</run_address>
         <size>0x1e9</size>
         <input_file_ref idref="fl-1e"/>
      </object_component>
      <object_component id="oc-427">
         <name>.debug_info</name>
         <load_address>0x207e2</load_address>
         <run_address>0x207e2</run_address>
         <size>0x131</size>
         <input_file_ref idref="fl-1e"/>
      </object_component>
      <object_component id="oc-2b7">
         <name>.debug_info</name>
         <load_address>0x20913</load_address>
         <run_address>0x20913</run_address>
         <size>0x2ab</size>
         <input_file_ref idref="fl-d5"/>
      </object_component>
      <object_component id="oc-1b5">
         <name>.debug_info</name>
         <load_address>0x20bbe</load_address>
         <run_address>0x20bbe</run_address>
         <size>0x214</size>
         <input_file_ref idref="fl-d5"/>
      </object_component>
      <object_component id="oc-38c">
         <name>.debug_info</name>
         <load_address>0x20dd2</load_address>
         <run_address>0x20dd2</run_address>
         <size>0x333</size>
         <input_file_ref idref="fl-d6"/>
      </object_component>
      <object_component id="oc-2bd">
         <name>.debug_info</name>
         <load_address>0x21105</load_address>
         <run_address>0x21105</run_address>
         <size>0x1d1</size>
         <input_file_ref idref="fl-d6"/>
      </object_component>
      <object_component id="oc-380">
         <name>.debug_info</name>
         <load_address>0x212d6</load_address>
         <run_address>0x212d6</run_address>
         <size>0x18d</size>
         <input_file_ref idref="fl-d6"/>
      </object_component>
      <object_component id="oc-386">
         <name>.debug_info</name>
         <load_address>0x21463</load_address>
         <run_address>0x21463</run_address>
         <size>0x16d</size>
         <input_file_ref idref="fl-d6"/>
      </object_component>
      <object_component id="oc-48b">
         <name>.debug_info</name>
         <load_address>0x215d0</load_address>
         <run_address>0x215d0</run_address>
         <size>0x2c</size>
         <input_file_ref idref="fl-d6"/>
      </object_component>
      <object_component id="oc-1c9">
         <name>.debug_info</name>
         <load_address>0x215fc</load_address>
         <run_address>0x215fc</run_address>
         <size>0x14c</size>
         <input_file_ref idref="fl-d7"/>
      </object_component>
      <object_component id="oc-2b2">
         <name>.debug_info</name>
         <load_address>0x21748</load_address>
         <run_address>0x21748</run_address>
         <size>0x128</size>
         <input_file_ref idref="fl-d8"/>
      </object_component>
      <object_component id="oc-36b">
         <name>.debug_info</name>
         <load_address>0x21870</load_address>
         <run_address>0x21870</run_address>
         <size>0x12a</size>
         <input_file_ref idref="fl-d8"/>
      </object_component>
      <object_component id="oc-1bc">
         <name>.debug_info</name>
         <load_address>0x2199a</load_address>
         <run_address>0x2199a</run_address>
         <size>0x12e</size>
         <input_file_ref idref="fl-d9"/>
      </object_component>
      <object_component id="oc-1cd">
         <name>.debug_info</name>
         <load_address>0x21ac8</load_address>
         <run_address>0x21ac8</run_address>
         <size>0x13e</size>
         <input_file_ref idref="fl-da"/>
      </object_component>
      <object_component id="oc-1c2">
         <name>.debug_info</name>
         <load_address>0x21c06</load_address>
         <run_address>0x21c06</run_address>
         <size>0x12c</size>
         <input_file_ref idref="fl-db"/>
      </object_component>
      <object_component id="oc-1b1">
         <name>.debug_info</name>
         <load_address>0x21d32</load_address>
         <run_address>0x21d32</run_address>
         <size>0x12c</size>
         <input_file_ref idref="fl-dc"/>
      </object_component>
      <object_component id="oc-38">
         <name>.debug_info</name>
         <load_address>0x21e5e</load_address>
         <run_address>0x21e5e</run_address>
         <size>0x119</size>
         <input_file_ref idref="fl-dd"/>
      </object_component>
      <object_component id="oc-92">
         <name>.debug_info</name>
         <load_address>0x21f77</load_address>
         <run_address>0x21f77</run_address>
         <size>0x2d4</size>
         <input_file_ref idref="fl-de"/>
      </object_component>
      <object_component id="oc-45">
         <name>.debug_info</name>
         <load_address>0x2224b</load_address>
         <run_address>0x2224b</run_address>
         <size>0x1d2</size>
         <input_file_ref idref="fl-de"/>
      </object_component>
      <object_component id="oc-8d">
         <name>.debug_info</name>
         <load_address>0x2241d</load_address>
         <run_address>0x2241d</run_address>
         <size>0x46</size>
         <input_file_ref idref="fl-de"/>
      </object_component>
      <object_component id="oc-f1">
         <name>.debug_info</name>
         <load_address>0x22463</load_address>
         <run_address>0x22463</run_address>
         <size>0x2c</size>
         <input_file_ref idref="fl-de"/>
[...]
      </symbol>
      <symbol id="sm-431">
         <name>Lcd_Orientation</name>
         <value>0x20000118</value>
      </symbol>
      <symbol id="sm-432">
         <name>Lcd_ScreenWidth</name>
         <value>0x20000112</value>
      </symbol>
      <symbol id="sm-433">
         <name>Lcd_ScreenHeigth</name>
         <value>0x20000110</value>
      </symbol>
      <symbol id="sm-434">
         <name>Lcd_PenSolid</name>
         <value>0x20000119</value>
      </symbol>
      <symbol id="sm-435">
         <name>Lcd_FontSolid</name>
         <value>0x20000117</value>
      </symbol>
      <symbol id="sm-436">
         <name>Lcd_FlagRead</name>
         <value>0x20000116</value>
      </symbol>
      <symbol id="sm-437">
         <name>Lcd_TouchTrim</name>
         <value>0x20000114</value>
      </symbol>
      <symbol id="sm-438">
         <name>Crystalfontz128x128_SetDrawFrame</name>
         <value>0xfe1</value>
         <object_component_ref idref="oc-179"/>
      </symbol>
      <symbol id="sm-439">
         <name>Crystalfontz128x128_SetOrientation</name>
         <value>0xfb1</value>
         <object_component_ref idref="oc-179"/>
      </symbol>
      <symbol id="sm-43a">
         <name>g_sCrystalfontz128x128_funcs</name>
         <value>0x5b08</value>
         <object_component_ref idref="oc-19a"/>
      </symbol>
      <symbol id="sm-43b">
         <name>g_sCrystalfontz128x128</name>
         <value>0x20000078</value>
         <object_component_ref idref="oc-197"/>
      </symbol>
      <symbol id="sm-43c">
         <name>Crystalfontz128x128_Init</name>
         <value>0x125d</value>
         <object_component_ref idref="oc-179"/>
      </symbol>
      <symbol id="sm-471">
         <name>Graphics_clearDisplayOnDisplay</name>
         <value>0x49db</value>
         <object_component_ref idref="oc-28d"/>
      </symbol>
      <symbol id="sm-472">
         <name>Graphics_drawPixelOnDisplay</name>
         <value>0x48eb</value>
         <object_component_ref idref="oc-253"/>
      </symbol>
      <symbol id="sm-473">
         <name>Graphics_translateColorOnDisplay</name>
         <value>0x4a9d</value>
         <object_component_ref idref="oc-222"/>
      </symbol>
      <symbol id="sm-474">
         <name>Graphics_drawHorizontalLineOnDisplay</name>
         <value>0x481b</value>
         <object_component_ref idref="oc-30a"/>
      </symbol>
      <symbol id="sm-475">
         <name>Graphics_drawVerticalLineOnDisplay</name>
         <value>0x4851</value>
         <object_component_ref idref="oc-319"/>
      </symbol>
      <symbol id="sm-476">
         <name>Graphics_fillRectangleOnDisplay</name>
         <value>0x4969</value>
         <object_component_ref idref="oc-22f"/>
      </symbol>
      <symbol id="sm-488">
         <name>g_sFontCmsc22</name>
         <value>0x5948</value>
         <object_component_ref idref="oc-1a0"/>
      </symbol>
      <symbol id="sm-49a">
         <name>g_sFontFixed6x8</name>
         <value>0x5a10</value>
         <object_component_ref idref="oc-19d"/>
      </symbol>
      <symbol id="sm-4dd">
         <name>GPIO_setOutputHighOnPin</name>
         <value>0x4919</value>
         <object_component_ref idref="oc-27e"/>
      </symbol>
      <symbol id="sm-4de">
         <name>GPIO_setAsOutputPin</name>
         <value>0x46a5</value>
         <object_component_ref idref="oc-33b"/>
      </symbol>
      <symbol id="sm-4df">
         <name>GPIO_setOutputLowOnPin</name>
         <value>0x4941</value>
         <object_component_ref idref="oc-278"/>
      </symbol>
      <symbol id="sm-4e0">
         <name>GPIO_setAsPeripheralModuleFunctionOutputPin</name>
         <value>0x3fc1</value>
         <object_component_ref idref="oc-335"/>
      </symbol>
      <symbol id="sm-4ff">
         <name>HAL_LCD_writeData</name>
         <value>0x3add</value>
         <object_component_ref idref="oc-26f"/>
      </symbol>
      <symbol id="sm-500">
         <name>HAL_LCD_SpiInit</name>
         <value>0x3b15</value>
         <object_component_ref idref="oc-26f"/>
      </symbol>
      <symbol id="sm-501">
         <name>HAL_LCD_PortInit</name>
         <value>0x3b4d</value>
         <object_component_ref idref="oc-26f"/>
      </symbol>
      <symbol id="sm-502">
         <name>HAL_LCD_writeCommand</name>
         <value>0x3aef</value>
         <object_component_ref idref="oc-26f"/>
      </symbol>
      <symbol id="sm-542">
         <name>EUSCI_B_SPI_enable</name>
         <value>0x4a71</value>
         <object_component_ref idref="oc-3b6"/>
      </symbol>
      <symbol id="sm-543">
         <name>SPI_enableModule</name>
         <value>0x4987</value>
         <object_component_ref idref="oc-32f"/>
      </symbol>
      <symbol id="sm-544">
         <name>EUSCI_A_SPI_enable</name>
         <value>0x4a5b</value>
         <object_component_ref idref="oc-3b0"/>
      </symbol>
      <symbol id="sm-545">
         <name>SPI_initMaster</name>
         <value>0x3a2b</value>
         <object_component_ref idref="oc-329"/>
      </symbol>
      <symbol id="sm-55e">
         <name>roundl</name>
         <value>0x38b5</value>
         <object_component_ref idref="oc-1b4"/>
      </symbol>
      <symbol id="sm-55f">
         <name>round</name>
         <value>0x38b5</value>
         <object_component_ref idref="oc-1b4"/>
      </symbol>
      <symbol id="sm-586">
         <name>sprintf</name>
         <value>0x4765</value>
         <object_component_ref idref="oc-2bc"/>
      </symbol>
      <symbol id="sm-59d">
         <name>__aeabi_dsub</name>
         <value>0x26c1</value>
         <object_component_ref idref="oc-1c6"/>
      </symbol>
      <symbol id="sm-59e">
         <name>__aeabi_dadd</name>
         <value>0x26cb</value>
         <object_component_ref idref="oc-1c6"/>
      </symbol>
      <symbol id="sm-5c0">
         <name>__aeabi_cdcmpeq</name>
         <value>0x4049</value>
         <object_component_ref idref="oc-2b1"/>
      </symbol>
      <symbol id="sm-5c1">
         <name>__aeabi_cdcmple</name>
         <value>0x4049</value>
         <object_component_ref idref="oc-2b1"/>
      </symbol>
      <symbol id="sm-5c2">
         <name>__aeabi_cdrcmple</name>
         <value>0x40cf</value>
         <object_component_ref idref="oc-36a"/>
      </symbol>
      <symbol id="sm-5cc">
         <name>__aeabi_d2iz</name>
         <value>0x4619</value>
         <object_component_ref idref="oc-1ba"/>
      </symbol>
      <symbol id="sm-5d8">
         <name>__aeabi_d2f</name>
         <value>0x423d</value>
         <object_component_ref idref="oc-1cb"/>
      </symbol>
      <symbol id="sm-5e3">
         <name>__aeabi_f2d</name>
         <value>0x47e3</value>
         <object_component_ref idref="oc-1c1"/>
      </symbol>
      <symbol id="sm-5ed">
         <name>__aeabi_i2d</name>
         <value>0x48bd</value>
         <object_component_ref idref="oc-1af"/>
      </symbol>
      <symbol id="sm-608">
         <name>memcpy</name>
         <value>0x3d61</value>
         <object_component_ref idref="oc-37"/>
      </symbol>
      <symbol id="sm-609">
         <name>__aeabi_memcpy</name>
         <value>0x3d61</value>
         <object_component_ref idref="oc-37"/>
      </symbol>
      <symbol id="sm-60a">
         <name>__aeabi_memcpy8</name>
         <value>0x3d61</value>
         <object_component_ref idref="oc-37"/>
      </symbol>
      <symbol id="sm-60b">
         <name>__aeabi_memcpy4</name>
         <value>0x3d61</value>
         <object_component_ref idref="oc-37"/>
      </symbol>
      <symbol id="sm-624">
         <name>__TI_zero_init_nomemset</name>
         <value>0x49a3</value>
         <object_component_ref idref="oc-43"/>
      </symbol>
      <symbol id="sm-63b">
         <name>__TI_decompress_none</name>
         <value>0x4b01</value>
         <object_component_ref idref="oc-1d"/>
      </symbol>
      <symbol id="sm-65e">
         <name>__TI_decompress_lzss</name>
         <value>0x42ab</value>
         <object_component_ref idref="oc-17"/>
      </symbol>
      <symbol id="sm-671">
         <name>__stack</name>
         <value>0x2000fe00</value>
         <object_component_ref idref="oc-29"/>
      </symbol>
      <symbol id="sm-672">
         <name>_c_int00_noargs</name>
         <value>0x4889</value>
         <object_component_ref idref="oc-55"/>
      </symbol>
      <symbol id="sm-699">
         <name>floorl</name>
         <value>0x36cd</value>
         <object_component_ref idref="oc-2ab"/>
      </symbol>
      <symbol id="sm-69a">
         <name>floor</name>
         <value>0x36cd</value>
         <object_component_ref idref="oc-2ab"/>
      </symbol>
      <symbol id="sm-7ff">
         <name>__TI_printfi</name>
         <value>0xe5</value>
         <object_component_ref idref="oc-379"/>
      </symbol>
      <symbol id="sm-813">
         <name>__aeabi_ddiv</name>
         <value>0x2f2d</value>
         <object_component_ref idref="oc-442"/>
      </symbol>
      <symbol id="sm-81e">
         <name>__aeabi_dmul</name>
         <value>0x34d5</value>
         <object_component_ref idref="oc-43d"/>
      </symbol>
      <symbol id="sm-82d">
         <name>__aeabi_memset</name>
         <value>0x4157</value>
         <object_component_ref idref="oc-93"/>
      </symbol>
      <symbol id="sm-82e">
         <name>memset</name>
         <value>0x415d</value>
         <object_component_ref idref="oc-93"/>
      </symbol>
      <symbol id="sm-82f">
         <name>__aeabi_memset8</name>
         <value>0x4157</value>
         <object_component_ref idref="oc-93"/>
      </symbol>
      <symbol id="sm-830">
         <name>__aeabi_memset4</name>
         <value>0x4157</value>
         <object_component_ref idref="oc-93"/>
      </symbol>
      <symbol id="sm-831">
         <name>__aeabi_memclr8</name>
         <value>0x4155</value>
         <object_component_ref idref="oc-93"/>
      </symbol>
      <symbol id="sm-832">
         <name>__aeabi_memclr4</name>
         <value>0x4155</value>
         <object_component_ref idref="oc-93"/>
      </symbol>
      <symbol id="sm-833">
         <name>__aeabi_memclr</name>
         <value>0x4155</value>
         <object_component_ref idref="oc-93"/>
      </symbol>
      <symbol id="sm-840">
         <name>__aeabi_uldivmod</name>
         <value>0x3e95</value>
         <object_component_ref idref="oc-437"/>
      </symbol>
      <symbol id="sm-868">
         <name>__TI_auto_init_nobinit_nopinit</name>
         <value>0x4661</value>
         <object_component_ref idref="oc-113"/>
      </symbol>
      <symbol id="sm-872">
         <name>_system_pre_init</name>
         <value>0x4b31</value>
         <object_component_ref idref="oc-99"/>
      </symbol>
      <symbol id="sm-87e">
         <name>C$$EXIT</name>
         <value>0x4b35</value>
         <object_component_ref idref="oc-107"/>
      </symbol>
      <symbol id="sm-87f">
         <name>abort</name>
         <value>0x4b35</value>
         <object_component_ref idref="oc-107"/>
      </symbol>
      <symbol id="sm-88f">
         <name>__TI_ltoa</name>
         <value>0x448d</value>
         <object_component_ref idref="oc-447"/>
      </symbol>
      <symbol id="sm-8a6">
         <name>atoi</name>
         <value>0x4585</value>
         <object_component_ref idref="oc-3d4"/>
      </symbol>
      <symbol id="sm-8b1">
         <name>_ctypes_</name>
         <value>0x5847</value>
         <object_component_ref idref="oc-432"/>
      </symbol>
      <symbol id="sm-8c1">
         <name>memccpy</name>
         <value>0x49bf</value>
         <object_component_ref idref="oc-3f8"/>
      </symbol>
      <symbol id="sm-8d1">
         <name>strchr</name>
         <value>0x4ab3</value>
         <object_component_ref idref="oc-474"/>
      </symbol>
      <symbol id="sm-8df">
         <name>strlen</name>
         <value>0x4ac9</value>
         <object_component_ref idref="oc-3ce"/>
      </symbol>
      <symbol id="sm-8f5">
         <name>__aeabi_errno_addr</name>
         <value>0x4b29</value>
         <object_component_ref idref="oc-404"/>
      </symbol>
      <symbol id="sm-8f6">
         <name>errno</name>
         <value>0x200000ac</value>
         <object_component_ref idref="oc-484"/>
      </symbol>
      <symbol id="sm-90f">
         <name>wcslen</name>
         <value>0x4aef</value>
         <object_component_ref idref="oc-3fe"/>
      </symbol>
      <symbol id="sm-92f">
         <name>frexpl</name>
         <value>0x4379</value>
         <object_component_ref idref="oc-468"/>
      </symbol>
      <symbol id="sm-930">
         <name>frexp</name>
         <value>0x4379</value>
         <object_component_ref idref="oc-468"/>
      </symbol>
      <symbol id="sm-94d">
         <name>scalbn</name>
         <value>0x33c5</value>
         <object_component_ref idref="oc-46e"/>
      </symbol>
      <symbol id="sm-94e">
         <name>scalbnl</name>
         <value>0x33c5</value>
         <object_component_ref idref="oc-46e"/>
      </symbol>
      <symbol id="sm-94f">
         <name>ldexpl</name>
         <value>0x33c5</value>
         <object_component_ref idref="oc-46e"/>
      </symbol>
      <symbol id="sm-950">
         <name>ldexp</name>
         <value>0x33c5</value>
         <object_component_ref idref="oc-46e"/>
      </symbol>
      <symbol id="sm-95a">
         <name>__aeabi_idiv0</name>
         <value>0x1e8f</value>
         <object_component_ref idref="oc-4a1"/>
      </symbol>
      <symbol id="sm-95b">
         <name>__aeabi_ldiv0</name>
         <value>0x1e8f</value>
         <object_component_ref idref="oc-4a1"/>
      </symbol>
      <symbol id="sm-965">
         <name>copysign</name>
         <value>0x4a29</value>
         <object_component_ref idref="oc-4b6"/>
      </symbol>
      <symbol id="sm-966">
         <name>copysignl</name>
         <value>0x4a29</value>
         <object_component_ref idref="oc-4b6"/>
      </symbol>
      <symbol id="sm-967">
         <name>__TI_static_base__</name>
         <value>0x0</value>
      </symbol>
      <symbol id="sm-96a">
         <name>__mpu_init</name>
         <value>0x0</value>
      </symbol>
      <symbol id="sm-96b">
         <name>_system_post_cinit</name>
         <value>0x0</value>
      </symbol>
      <symbol id="sm-96c">
         <name>NMI_Handler</name>
         <value>0x4b1b</value>
      </symbol>
      <symbol id="sm-96d">
         <name>HardFault_Handler</name>
         <value>0x4b1b</value>
      </symbol>
      <symbol id="sm-96e">
         <name>MemManage_Handler</name>
         <value>0x4b1b</value>
      </symbol>
      <symbol id="sm-96f">
         <name>BusFault_Handler</name>
         <value>0x4b1b</value>
      </symbol>
      <symbol id="sm-970">
         <name>UsageFault_Handler</name>
         <value>0x4b1b</value>
      </symbol>
      <symbol id="sm-971">
         <name>SVC_Handler</name>
         <value>0x4b1b</value>
      </symbol>
      <symbol id="sm-972">
         <name>DebugMon_Handler</name>
         <value>0x4b1b</value>
      </symbol>
      <symbol id="sm-973">
         <name>PendSV_Handler</name>
         <value>0x4b1b</value>
      </symbol>
      <symbol id="sm-974">
         <name>SysTick_Handler</name>
         <value>0x3e31</value>
      </symbol>
      <symbol id="sm-975">
         <name>PSS_IRQHandler</name>
         <value>0x4b1b</value>
      </symbol>
      <symbol id="sm-976">
         <name>CS_IRQHandler</name>
         <value>0x4b1b</value>
      </symbol>
      <symbol id="sm-977">
         <name>PCM_IRQHandler</name>
         <value>0x4b1b</value>
      </symbol>
      <symbol id="sm-978">
         <name>WDT_A_IRQHandler</name>
         <value>0x4b1b</value>
      </symbol>
      <symbol id="sm-979">
         <name>FPU_IRQHandler</name>
         <value>0x4b1b</value>
      </symbol>
      <symbol id="sm-97a">
         <name>FLCTL_IRQHandler</name>
         <value>0x4b1b</value>
      </symbol>
      <symbol id="sm-97b">
         <name>COMP_E0_IRQHandler</name>
         <value>0x4b1b</value>
      </symbol>
      <symbol id="sm-97c">
         <name>COMP_E1_IRQHandler</name>
         <value>0x4b1b</value>
      </symbol>
      <symbol id="sm-97d">
         <name>TA0_0_IRQHandler</name>
         <value>0x4b1b</value>
      </symbol>
      <symbol id="sm-97e">
         <name>TA0_N_IRQHandler</name>
         <value>0x4b1b</value>
      </symbol>
      <symbol id="sm-97f">
         <name>TA1_0_IRQHandler</name>
         <value>0x4b1b</value>
      </symbol>
      <symbol id="sm-980">
         <name>TA1_N_IRQHandler</name>
         <value>0x4b1b</value>
      </symbol>
      <symbol id="sm-981">
         <name>TA2_0_IRQHandler</name>
         <value>0x4b1b</value>
      </symbol>
      <symbol id="sm-982">
         <name>TA2_N_IRQHandler</name>
         <value>0x4b1b</value>
      </symbol>
      <symbol id="sm-983">
         <name>TA3_0_IRQHandler</name>
         <value>0x4b1b</value>
      </symbol>
      <symbol id="sm-984">
         <name>TA3_N_IRQHandler</name>
         <value>0x4b1b</value>
      </symbol>
      <symbol id="sm-985">
         <name>EUSCIA0_IRQHandler</name>
         <value>0x4b1b</value>
      </symbol>
      <symbol id="sm-986">
         <name>EUSCIA1_IRQHandler</name>
         <value>0x4b1b</value>
      </symbol>
      <symbol id="sm-987">
         <name>EUSCIA2_IRQHandler</name>
         <value>0x4b1b</value>
      </symbol>
      <symbol id="sm-988">
         <name>EUSCIA3_IRQHandler</name>
         <value>0x4b1b</value>
      </symbol>
      <symbol id="sm-989">
         <name>EUSCIB0_IRQHandler</name>
         <value>0x4b1b</value>
      </symbol>
      <symbol id="sm-98a">
         <name>EUSCIB1_IRQHandler</name>
         <value>0x4b1b</value>
      </symbol>
      <symbol id="sm-98b">
         <name>EUSCIB2_IRQHandler</name>
         <value>0x4b1b</value>
      </symbol>
      <symbol id="sm-98c">
         <name>EUSCIB3_IRQHandler</name>
         <value>0x4b1b</value>
      </symbol>
      <symbol id="sm-98d">
         <name>ADC14_IRQHandler</name>
         <value>0x4b1b</value>
      </symbol>
      <symbol id="sm-98e">
         <name>T32_INT1_IRQHandler</name>
         <value>0x4b1b</value>
      </symbol>
      <symbol id="sm-98f">
         <name>T32_INT2_IRQHandler</name>
         <value>0x4b1b</value>
      </symbol>
      <symbol id="sm-990">
         <name>T32_INTC_IRQHandler</name>
         <value>0x4b1b</value>
      </symbol>
      <symbol id="sm-991">
         <name>AES256_IRQHandler</name>
         <value>0x4b1b</value>
      </symbol>
      <symbol id="sm-992">
         <name>RTC_C_IRQHandler</name>
         <value>0x4b1b</value>
      </symbol>
      <symbol id="sm-993">
         <name>DMA_ERR_IRQHandler</name>
         <value>0x4b1b</value>
      </symbol>
      <symbol id="sm-994">
         <name>DMA_INT3_IRQHandler</name>
         <value>0x4b1b</value>
      </symbol>
      <symbol id="sm-995">
         <name>DMA_INT2_IRQHandler</name>
         <value>0x4b1b</value>
      </symbol>
      <symbol id="sm-996">
         <name>DMA_INT1_IRQHandler</name>
         <value>0x4b1b</value>
      </symbol>
      <symbol id="sm-997">
         <name>DMA_INT0_IRQHandler</name>
         <value>0x4b1b</value>
      </symbol>
      <symbol id="sm-998">
         <name>PORT1_IRQHandler</name>
         <value>0x4b1b</value>
      </symbol>
      <symbol id="sm-999">
         <name>PORT2_IRQHandler</name>
         <value>0x4b1b</value>
      </symbol>
      <symbol id="sm-99a">
         <name>PORT3_IRQHandler</name>
         <value>0x18f1</value>
      </symbol>
      <symbol id="sm-99b">
         <name>PORT4_IRQHandler</name>
         <value>0x1915</value>
      </symbol>
      <symbol id="sm-99c">
         <name>PORT5_IRQHandler</name>
         <value>0x192b</value>
      </symbol>
      <symbol id="sm-99d">
         <name>PORT6_IRQHandler</name>
         <value>0x4b1b</value>
      </symbol>
   </symbol_table>
   <title>Link successful</title>
</link_info>
