******************************************************************************
                  TI ARM Linker Unix v20.2.7                   
******************************************************************************
>> Linked Wed Mar 22 16:24:42 2023

OUTPUT FILE NAME:   <part2_exercise9.out>
ENTRY POINT SYMBOL: "_c_int00_noargs"  address: 00002f99


MEMORY CONFIGURATION

         name            origin    length      used     unused   attr    fill
----------------------  --------  ---------  --------  --------  ----  --------
  MAIN                  00000000   00040000  000033a5  0003cc5b  R  X
  INFO                  00200000   00004000  00000000  00004000  R  X
  SRAM_CODE             01000000   00010000  000009bc  0000f644  RW X
  SRAM_DATA             20000000   00010000  000009bc  0000f644  RW  


SEGMENT ALLOCATION MAP

run origin  load origin   length   init length attrs members
----------  ----------- ---------- ----------- ----- -------
00000000    00000000    000033a8   000033a8    r-x
  00000000    00000000    000000e4   000000e4    r-- .intvecs
  000000e4    000000e4    00003130   00003130    r-x .text
  00003214    00003214    00000101   00000101    r-- .const
  00003318    00003318    00000090   00000090    r-- .cinit
20000000    20000000    000007bc   00000000    rw-
  20000000    20000000    00000400   00000000    rw- .sysmem
  20000400    20000400    000001f0   00000000    rw- .data
  200005f0    200005f0    000001cc   00000000    rw- .bss
2000fe00    2000fe00    00000200   00000000    rw-
  2000fe00    2000fe00    00000200   00000000    rw- .stack


SECTION ALLOCATION MAP

 output                                  attributes/
section   page    origin      length       input sections
--------  ----  ----------  ----------   ----------------
.intvecs   0    00000000    000000e4     
                  00000000    000000e4     startup_msp432p401r_ccs.obj (.intvecs:retain)

.text      0    000000e4    00003130     
                  000000e4    00000a4e     rtsv7M4_T_le_v4SPD16_eabi.lib : _printfi.c.obj (.text:__TI_printfi)
                  00000b32    00000002                                   : _lock.c.obj (.text:_nop)
                  00000b34    00000354     system_msp432p401r.obj (.text)
                  00000e88    000002b8     buttons.obj (.text)
                  00001140    00000270     rtsv7M4_T_le_v4SPD16_eabi.lib : _printfi.c.obj (.text:_pconv_a)
                  000013b0    000001d0                                   : _printfi.c.obj (.text:_pconv_g)
                  00001580    000001b6                                   : fd_add_t2.asm.obj (.text)
                  00001736    00000002                                   : div0.asm.obj (.text)
                  00001738    0000013c                                   : _printfi.c.obj (.text:_pconv_e)
                  00001874    00000136                                   : fd_div_t2.asm.obj (.text)
                  000019aa    00000002     --HOLE-- [fill = 0]
                  000019ac    00000124                                   : _printfi.c.obj (.text:fcvt)
                  00001ad0    00000114     analog.obj (.text)
                  00001be4    00000114     rtsv7M4_T_le_v4SPD16_eabi.lib : fputs.c.obj (.text:fputs)
                  00001cf8    00000110                                   : s_scalbn.c.obj (.text:scalbn)
                  00001e08    00000100                                   : memory.c.obj (.text:aligned_alloc)
                  00001f08    000000fc                                   : fd_mul_t2.asm.obj (.text)
                  00002004    000000e4                                   : memory.c.obj (.text:free)
                  000020e8    000000dc                                   : setvbuf.c.obj (.text:setvbuf)
                  000021c4    000000b1                                   : _printfi.c.obj (.text:_ltostr)
                  00002275    00000001     --HOLE-- [fill = 0]
                  00002276    0000009c                                   : memcpy_t2.asm.obj (.text)
                  00002312    00000096                                   : ull_div_t2.asm.obj (.text)
                  000023a8    0000008c                                   : fputc.c.obj (.text:fputc)
                  00002434    00000086                                   : fd_cmp_t2.asm.obj (.text:__aeabi_cdcmple)
                  000024ba    00000086                                   : fd_cmp_t2.asm.obj (.text:__aeabi_cdrcmple)
                  00002540    0000007a                                   : memset_t2.asm.obj (.text)
                  000025ba    00000002     --HOLE-- [fill = 0]
                  000025bc    00000074                                   : fclose.c.obj (.text:__TI_closefile)
                  00002630    00000070                                   : memory.c.obj (.text:split)
                  000026a0    0000006e                                   : _printfi.c.obj (.text:_mcpy)
                  0000270e    00000002     --HOLE-- [fill = 0]
                  00002710    0000006c                                   : hostrename.c.obj (.text:HOSTrename)
                  0000277c    00000068                                   : hostlseek.c.obj (.text:HOSTlseek)
                  000027e4    00000068                                   : copy_decompress_lzss.c.obj (.text:decompress:lzss:__TI_decompress_lzss)
                  0000284c    00000068                                   : printf.c.obj (.text:printf)
                  000028b4    00000064                                   : s_frexp.c.obj (.text:frexp)
                  00002918    00000064                                   : fseek.c.obj (.text:fseek)
                  0000297c    00000062                                   : _io_perm.c.obj (.text:__TI_wrt_ok)
                  000029de    00000002     --HOLE-- [fill = 0]
                  000029e0    00000060                                   : hostopen.c.obj (.text:HOSTopen)
                  00002a40    0000005c                                   : close.c.obj (.text:close)
                  00002a9c    00000058                                   : hostread.c.obj (.text:HOSTread)
                  00002af4    00000058                                   : hostwrite.c.obj (.text:HOSTwrite)
                  00002b4c    00000056                                   : _printfi.c.obj (.text:_pconv_f)
                  00002ba2    00000054                                   : _ltoa.c.obj (.text:__TI_ltoa)
                  00002bf6    00000052                                   : _printfi.c.obj (.text:_ecpy)
                  00002c48    0000004c                                   : fflush.c.obj (.text:__TI_doflush)
                  00002c94    0000004c                                   : atoi.c.obj (.text:atoi)
                  00002ce0    00000048                                   : exit.c.obj (.text:exit)
                  00002d28    00000048                                   : fd_toi_t2.asm.obj (.text)
                  00002d70    00000044                                   : hostclose.c.obj (.text:HOSTclose)
                  00002db4    00000044                                   : hostunlink.c.obj (.text:HOSTunlink)
                  00002df8    00000044                                   : autoinit.c.obj (.text:__TI_auto_init_nobinit_nopinit:__TI_auto_init_nobinit_nopinit)
                  00002e3c    00000044                                   : getdevice.c.obj (.text:getdevice)
                  00002e80    0000003e                                   : _printfi.c.obj (.text:_fcpy)
                  00002ebe    00000002     --HOLE-- [fill = 0]
                  00002ec0    00000038                                   : trgmsg.c.obj (.text:__TI_writemsg)
                  00002ef8    00000036                                   : strncpy.c.obj (.text:strncpy)
                  00002f2e    00000002     --HOLE-- [fill = 0]
                  00002f30    00000034                                   : fopen.c.obj (.text:__TI_cleanup)
                  00002f64    00000034                                   : trgmsg.c.obj (.text:__TI_readmsg)
                  00002f98    00000034                                   : boot_cortex_m.c.obj (.text:_c_int00_noargs:_c_int00_noargs)
                  00002fcc    00000030                                   : getdevice.c.obj (.text:finddevice)
                  00002ffc    0000002e                                   : i_tofd_t2.asm.obj (.text)
                  0000302a    00000002     --HOLE-- [fill = 0]
                  0000302c    0000002c                                   : unlink.c.obj (.text:unlink)
                  00003058    00000028                                   : memory.c.obj (.text:free_list_insert)
                  00003080    00000028                                   : lseek.c.obj (.text:lseek)
                  000030a8    00000028                                   : write.c.obj (.text:write)
                  000030d0    00000020                                   : memchr.c.obj (.text:memchr)
                  000030f0    0000001c                                   : copy_zero_init.c.obj (.text:decompress:ZI:__TI_zero_init_nomemset:__TI_zero_init_nomemset)
                  0000310c    0000001c                                   : memory.c.obj (.text:free_list_remove)
                  00003128    0000001c                                   : memccpy.c.obj (.text:memccpy)
                  00003144    0000001a                                   : s_copysign.c.obj (.text:copysign)
                  0000315e    00000018                                   : strcmp.c.obj (.text:strcmp)
                  00003176    00000016                                   : strchr.c.obj (.text:strchr)
                  0000318c    00000014                                   : strcpy.c.obj (.text:strcpy)
                  000031a0    00000014                                   : strlen.c.obj (.text:strlen)
                  000031b4    00000012                                   : wcslen.c.obj (.text:wcslen)
                  000031c6    00000010     main.obj (.text)
                  000031d6    0000000e     rtsv7M4_T_le_v4SPD16_eabi.lib : copy_decompress_none.c.obj (.text:decompress:none:__TI_decompress_none)
                  000031e4    0000000e     startup_msp432p401r_ccs.obj (.text)
                  000031f2    00000002     --HOLE-- [fill = 0]
                  000031f4    00000008     rtsv7M4_T_le_v4SPD16_eabi.lib : errno.c.obj (.text:__aeabi_errno_addr)
                  000031fc    00000008                                   : memory.c.obj (.text:malloc)
                  00003204    00000004                                   : printf.c.obj (.text:_outc)
                  00003208    00000004                                   : printf.c.obj (.text:_outs)
                  0000320c    00000004                                   : pre_init.c.obj (.text:_system_pre_init)
                  00003210    00000004                                   : exit.c.obj (.text:abort:abort)

.const     0    00003214    00000101     
                  00003214    00000101     rtsv7M4_T_le_v4SPD16_eabi.lib : ctype.c.obj (.const:.string:_ctypes_)

.cinit     0    00003318    00000090     
                  00003318    0000006b     (.cinit..data.load) [load image, compression = lzss]
                  00003383    00000001     --HOLE-- [fill = 0]
                  00003384    0000000c     (__TI_handler_table)
                  00003390    00000008     (.cinit..bss.load) [load image, compression = zero_init]
                  00003398    00000010     (__TI_cinit_table)

.init_array 
*          0    00000000    00000000     UNINITIALIZED

.binit     0    00000000    00000000     

.sysmem    0    20000000    00000400     UNINITIALIZED
                  20000000    00000010     rtsv7M4_T_le_v4SPD16_eabi.lib : memory.c.obj (.sysmem)
                  20000010    000003f0     --HOLE--

.data      0    20000400    000001f0     UNINITIALIZED
                  20000400    000000f0     rtsv7M4_T_le_v4SPD16_eabi.lib : defs.c.obj (.data:_ftable)
                  200004f0    00000078                                   : host_device.c.obj (.data:_device)
                  20000568    00000050                                   : host_device.c.obj (.data:_stream)
                  200005b8    00000010                                   : defs.c.obj (.data)
                  200005c8    0000000c                                   : exit.c.obj (.data:$O1$$)
                  200005d4    00000008                                   : _lock.c.obj (.data:$O1$$)
                  200005dc    00000008                                   : memory.c.obj (.data:$O1$$)
                  200005e4    00000004     buttons.obj (.data)
                  200005e8    00000004     rtsv7M4_T_le_v4SPD16_eabi.lib : errno.c.obj (.data)
                  200005ec    00000004     system_msp432p401r.obj (.data)

.bss       0    200005f0    000001cc     UNINITIALIZED
                  200005f0    00000120     rtsv7M4_T_le_v4SPD16_eabi.lib : trgmsg.c.obj (.bss:_CIOBUF_)
                  20000710    000000a0     (.common:__TI_tmpnams)
                  200007b0    00000008     (.common:parmbuf)
                  200007b8    00000004     (.common:temp)

.stack     0    2000fe00    00000200     UNINITIALIZED
                  2000fe00    00000004     rtsv7M4_T_le_v4SPD16_eabi.lib : boot_cortex_m.c.obj (.stack)
                  2000fe04    000001fc     --HOLE--

__llvm_prf_cnts 
*          0    20000000    00000000     UNINITIALIZED

MODULE SUMMARY

       Module                        code    ro data   rw data
       ------                        ----    -------   -------
    ./
       system_msp432p401r.obj        852     0         8      
       startup_msp432p401r_ccs.obj   14      228       0      
       main.obj                      16      0         0      
    +--+-----------------------------+-------+---------+---------+
       Total:                        882     228       8      
                                                              
    ./Analog/
       analog.obj                    276     0         8      
    +--+-----------------------------+-------+---------+---------+
       Total:                        276     0         8      
                                                              
    ./buttons/
       buttons.obj                   696     0         8      
    +--+-----------------------------+-------+---------+---------+
       Total:                        696     0         8      
                                                              
    /Applications/ti/ccs1220/ccs/tools/compiler/ti-cgt-arm_20.2.7.LTS/lib/rtsv7M4_T_le_v4SPD16_eabi.lib
       _printfi.c.obj                4851    0         0      
       defs.c.obj                    0       0         832    
       memory.c.obj                  672     0         16     
       trgmsg.c.obj                  108     0         576    
       fd_add_t2.asm.obj             438     0         0      
       host_device.c.obj             0       0         400    
       fd_div_t2.asm.obj             310     0         0      
       fputs.c.obj                   276     0         0      
       s_scalbn.c.obj                272     0         0      
       fd_cmp_t2.asm.obj             268     0         0      
       ctype.c.obj                   0       257       0      
       fd_mul_t2.asm.obj             252     0         0      
       setvbuf.c.obj                 220     0         0      
       memcpy_t2.asm.obj             156     0         0      
       ull_div_t2.asm.obj            150     0         0      
       fputc.c.obj                   140     0         0      
       memset_t2.asm.obj             122     0         0      
       fclose.c.obj                  116     0         0      
       getdevice.c.obj               116     0         0      
       hostopen.c.obj                96      0         16     
       printf.c.obj                  112     0         0      
       hostrename.c.obj              108     0         0      
       copy_decompress_lzss.c.obj    104     0         0      
       hostlseek.c.obj               104     0         0      
       exit.c.obj                    76      0         24     
       fseek.c.obj                   100     0         0      
       s_frexp.c.obj                 100     0         0      
       _io_perm.c.obj                98      0         0      
       close.c.obj                   92      0         0      
       hostread.c.obj                88      0         0      
       hostwrite.c.obj               88      0         0      
       _ltoa.c.obj                   84      0         0      
       atoi.c.obj                    76      0         0      
       fflush.c.obj                  76      0         0      
       fd_toi_t2.asm.obj             72      0         0      
       autoinit.c.obj                68      0         0      
       hostclose.c.obj               68      0         0      
       hostunlink.c.obj              68      0         0      
       strncpy.c.obj                 54      0         0      
       boot_cortex_m.c.obj           52      0         0      
       fopen.c.obj                   52      0         0      
       i_tofd_t2.asm.obj             46      0         0      
       unlink.c.obj                  44      0         0      
       lseek.c.obj                   40      0         0      
       write.c.obj                   40      0         0      
       memchr.c.obj                  32      0         0      
       copy_zero_init.c.obj          28      0         0      
       memccpy.c.obj                 28      0         0      
       s_copysign.c.obj              26      0         0      
       strcmp.c.obj                  24      0         0      
       strchr.c.obj                  22      0         0      
       strcpy.c.obj                  20      0         0      
       strlen.c.obj                  20      0         0      
       _lock.c.obj                   2       0         16     
       wcslen.c.obj                  18      0         0      
       errno.c.obj                   8       0         8      
       copy_decompress_none.c.obj    14      0         0      
       pre_init.c.obj                4       0         0      
       div0.asm.obj                  2       0         0      
    +--+-----------------------------+-------+---------+---------+
       Total:                        10721   257       1888   
                                                              
       Heap:                         0       0         2048   
       Stack:                        0       0         1024   
       Linker Generated:             0       143       0      
    +--+-----------------------------+-------+---------+---------+
       Grand Total:                  12575   628       4984   


LINKER GENERATED COPY TABLES

__TI_cinit_table @ 00003398 records: 2, size/record: 8, table size: 16
	.data: load addr=00003318, load size=0000006b bytes, run addr=20000400, run size=000001f0 bytes, compression=lzss
	.bss: load addr=00003390, load size=00000008 bytes, run addr=200005f0, run size=000001cc bytes, compression=zero_init


LINKER GENERATED HANDLER TABLE

__TI_handler_table @ 00003384 records: 3, size/record: 4, table size: 12
	index: 0, handler: __TI_decompress_lzss
	index: 1, handler: __TI_decompress_none
	index: 2, handler: __TI_zero_init


GLOBAL SYMBOLS: SORTED ALPHABETICALLY BY Name 

address   name                           
-------   ----                           
00001b95  ADC14_IRQHandler               
00001b95  ADC14_IRQHandler               
000031f1  AES256_IRQHandler              
000031f1  BusFault_Handler               
00003211  C$$EXIT                        
00002eef  C$$IO$$                        
000031f1  COMP_E0_IRQHandler             
000031f1  COMP_E1_IRQHandler             
000031f1  CS_IRQHandler                  
000031f1  DMA_ERR_IRQHandler             
000031f1  DMA_INT0_IRQHandler            
000031f1  DMA_INT1_IRQHandler            
000031f1  DMA_INT2_IRQHandler            
000031f1  DMA_INT3_IRQHandler            
000031f1  DebugMon_Handler               
000031f1  Default_Handler                
000031f1  EUSCIA0_IRQHandler             
000031f1  EUSCIA1_IRQHandler             
000031f1  EUSCIA2_IRQHandler             
000031f1  EUSCIA3_IRQHandler             
000031f1  EUSCIB0_IRQHandler             
000031f1  EUSCIB1_IRQHandler             
000031f1  EUSCIB2_IRQHandler             
000031f1  EUSCIB3_IRQHandler             
000031f1  FLCTL_IRQHandler               
000031f1  FPU_IRQHandler                 
00002d71  HOSTclose                      
0000277d  HOSTlseek                      
000029e1  HOSTopen                       
00002a9d  HOSTread                       
00002711  HOSTrename                     
00002db5  HOSTunlink                     
00002af5  HOSTwrite                      
000031f1  HardFault_Handler              
000031f1  MemManage_Handler              
000031f1  NMI_Handler                    
000031f1  PCM_IRQHandler                 
000031f1  PORT1_IRQHandler               
000031f1  PORT2_IRQHandler               
00001081  PORT3_IRQHandler               
00001081  PORT3_IRQHandler               
000010a5  PORT4_IRQHandler               
000010a5  PORT4_IRQHandler               
000010bb  PORT5_IRQHandler               
000010bb  PORT5_IRQHandler               
000031f1  PORT6_IRQHandler               
000031f1  PSS_IRQHandler                 
000031f1  PendSV_Handler                 
000031f1  RTC_C_IRQHandler               
000031e5  Reset_Handler                  
000031f1  SVC_Handler                    
000031f1  SysTick_Handler                
200005ec  SystemCoreClock                
00000b35  SystemCoreClockUpdate          
00000dad  SystemInit                     
000031f1  T32_INT1_IRQHandler            
000031f1  T32_INT2_IRQHandler            
000031f1  T32_INTC_IRQHandler            
000031f1  TA0_0_IRQHandler               
000031f1  TA0_N_IRQHandler               
000031f1  TA1_0_IRQHandler               
000031f1  TA1_N_IRQHandler               
000031f1  TA2_0_IRQHandler               
000031f1  TA2_N_IRQHandler               
000031f1  TA3_0_IRQHandler               
000031f1  TA3_N_IRQHandler               
000031f1  UsageFault_Handler             
4000480c  WDTCTL_SYM                     
000031f1  WDT_A_IRQHandler               
200005f0  __CIOBUF_                      
20010000  __STACK_END                    
00000200  __STACK_SIZE                   
00000400  __SYSMEM_SIZE                  
00003398  __TI_CINIT_Base                
000033a8  __TI_CINIT_Limit               
00003384  __TI_Handler_Table_Base        
00003390  __TI_Handler_Table_Limit       
00002df9  __TI_auto_init_nobinit_nopinit 
00002f31  __TI_cleanup                   
200005c8  __TI_cleanup_ptr               
000025bd  __TI_closefile                 
000027e5  __TI_decompress_lzss           
000031d7  __TI_decompress_none           
00002c49  __TI_doflush                   
200005cc  __TI_dtors_ptr                 
200005d0  __TI_enable_exit_profile_output
200005b8  __TI_ft_end                    
00002ba3  __TI_ltoa                      
ffffffff  __TI_pprof_out_hndl            
000000e5  __TI_printfi                   
ffffffff  __TI_prof_data_size            
ffffffff  __TI_prof_data_start           
00002f65  __TI_readmsg                   
00000000  __TI_static_base__             
20000710  __TI_tmpnams                   
00002ec1  __TI_writemsg                  
0000297d  __TI_wrt_ok                    
000030f1  __TI_zero_init_nomemset        
00002435  __aeabi_cdcmpeq                
00002435  __aeabi_cdcmple                
000024bb  __aeabi_cdrcmple               
00002d29  __aeabi_d2iz                   
0000158b  __aeabi_dadd                   
00001875  __aeabi_ddiv                   
00001f09  __aeabi_dmul                   
00001581  __aeabi_dsub                   
000031f5  __aeabi_errno_addr             
00002ffd  __aeabi_i2d                    
00001737  __aeabi_idiv0                  
00001737  __aeabi_ldiv0                  
00002541  __aeabi_memclr                 
00002541  __aeabi_memclr4                
00002541  __aeabi_memclr8                
00002277  __aeabi_memcpy                 
00002277  __aeabi_memcpy4                
00002277  __aeabi_memcpy8                
00002543  __aeabi_memset                 
00002543  __aeabi_memset4                
00002543  __aeabi_memset8                
200005c4  __aeabi_stderr                 
200005bc  __aeabi_stdin                  
200005c0  __aeabi_stdout                 
00002313  __aeabi_uldivmod               
ffffffff  __binit__                      
ffffffff  __c_args__                     
UNDEFED   __mpu_init                     
2000fe00  __stack                        
20000000  __start___llvm_prf_cnts        
20000000  __stop___llvm_prf_cnts         
00002f99  _c_int00_noargs                
00003214  _ctypes_                       
200004f0  _device                        
20000400  _ftable                        
200005d4  _lock                          
00000b33  _nop                           
20000568  _stream                        
20000000  _sys_memory                    
UNDEFED   _system_post_cinit             
0000320d  _system_pre_init               
200005d8  _unlock                        
00003211  abort                          
00001e09  aligned_alloc                  
00002c95  atoi                           
ffffffff  binit                          
00000fc9  button_bottom_fsm              
00001009  check_and_clear_bb_flag        
00001031  check_and_clear_bj_flag        
00001059  check_and_clear_bu_flag        
00002a41  close                          
00001b47  config_temp                    
00003145  copysign                       
00003145  copysignl                      
200005e8  errno                          
00002ce1  exit                           
00002fcd  finddevice                     
000023a9  fputc                          
00001be5  fputs                          
00002005  free                           
000028b5  frexp                          
000028b5  frexpl                         
00002919  fseek                          
00002e3d  getdevice                      
00001afd  init_adc14                     
00000eb5  init_buttons                   
00000f11  init_buttons_int               
00000000  interruptVectors               
00001cf9  ldexp                          
00001cf9  ldexpl                         
00003081  lseek                          
000031c7  main                           
000031fd  malloc                         
00001e09  memalign                       
00003129  memccpy                        
000030d1  memchr                         
00002277  memcpy                         
00002549  memset                         
200007b0  parmbuf                        
0000284d  printf                         
000023a9  putc                           
00000f85  read_button_bottom             
00001b7f  read_temp                      
00000fa7  read_upper_bottom              
0000302d  remove                         
00001cf9  scalbn                         
00001cf9  scalbnl                        
000020e9  setvbuf                        
00003177  strchr                         
0000315f  strcmp                         
0000318d  strcpy                         
000031a1  strlen                         
00002ef9  strncpy                        
200007b8  temp                           
0000302d  unlink                         
000031b5  wcslen                         
000030a9  write                          


GLOBAL SYMBOLS: SORTED BY Symbol Address 

address   name                           
-------   ----                           
00000000  __TI_static_base__             
00000000  interruptVectors               
000000e5  __TI_printfi                   
00000200  __STACK_SIZE                   
00000400  __SYSMEM_SIZE                  
00000b33  _nop                           
00000b35  SystemCoreClockUpdate          
00000dad  SystemInit                     
00000eb5  init_buttons                   
00000f11  init_buttons_int               
00000f85  read_button_bottom             
00000fa7  read_upper_bottom              
00000fc9  button_bottom_fsm              
00001009  check_and_clear_bb_flag        
00001031  check_and_clear_bj_flag        
00001059  check_and_clear_bu_flag        
00001081  PORT3_IRQHandler               
00001081  PORT3_IRQHandler               
000010a5  PORT4_IRQHandler               
000010a5  PORT4_IRQHandler               
000010bb  PORT5_IRQHandler               
000010bb  PORT5_IRQHandler               
00001581  __aeabi_dsub                   
0000158b  __aeabi_dadd                   
00001737  __aeabi_idiv0                  
00001737  __aeabi_ldiv0                  
00001875  __aeabi_ddiv                   
00001afd  init_adc14                     
00001b47  config_temp                    
00001b7f  read_temp                      
00001b95  ADC14_IRQHandler               
00001b95  ADC14_IRQHandler               
00001be5  fputs                          
00001cf9  ldexp                          
00001cf9  ldexpl                         
00001cf9  scalbn                         
00001cf9  scalbnl                        
00001e09  aligned_alloc                  
00001e09  memalign                       
00001f09  __aeabi_dmul                   
00002005  free                           
000020e9  setvbuf                        
00002277  __aeabi_memcpy                 
00002277  __aeabi_memcpy4                
00002277  __aeabi_memcpy8                
00002277  memcpy                         
00002313  __aeabi_uldivmod               
000023a9  fputc                          
000023a9  putc                           
00002435  __aeabi_cdcmpeq                
00002435  __aeabi_cdcmple                
000024bb  __aeabi_cdrcmple               
00002541  __aeabi_memclr                 
00002541  __aeabi_memclr4                
00002541  __aeabi_memclr8                
00002543  __aeabi_memset                 
00002543  __aeabi_memset4                
00002543  __aeabi_memset8                
00002549  memset                         
000025bd  __TI_closefile                 
00002711  HOSTrename                     
0000277d  HOSTlseek                      
000027e5  __TI_decompress_lzss           
0000284d  printf                         
000028b5  frexp                          
000028b5  frexpl                         
00002919  fseek                          
0000297d  __TI_wrt_ok                    
000029e1  HOSTopen                       
00002a41  close                          
00002a9d  HOSTread                       
00002af5  HOSTwrite                      
00002ba3  __TI_ltoa                      
00002c49  __TI_doflush                   
00002c95  atoi                           
00002ce1  exit                           
00002d29  __aeabi_d2iz                   
00002d71  HOSTclose                      
00002db5  HOSTunlink                     
00002df9  __TI_auto_init_nobinit_nopinit 
00002e3d  getdevice                      
00002ec1  __TI_writemsg                  
00002eef  C$$IO$$                        
00002ef9  strncpy                        
00002f31  __TI_cleanup                   
00002f65  __TI_readmsg                   
00002f99  _c_int00_noargs                
00002fcd  finddevice                     
00002ffd  __aeabi_i2d                    
0000302d  remove                         
0000302d  unlink                         
00003081  lseek                          
000030a9  write                          
000030d1  memchr                         
000030f1  __TI_zero_init_nomemset        
00003129  memccpy                        
00003145  copysign                       
00003145  copysignl                      
0000315f  strcmp                         
00003177  strchr                         
0000318d  strcpy                         
000031a1  strlen                         
000031b5  wcslen                         
000031c7  main                           
000031d7  __TI_decompress_none           
000031e5  Reset_Handler                  
000031f1  AES256_IRQHandler              
000031f1  BusFault_Handler               
000031f1  COMP_E0_IRQHandler             
000031f1  COMP_E1_IRQHandler             
000031f1  CS_IRQHandler                  
000031f1  DMA_ERR_IRQHandler             
000031f1  DMA_INT0_IRQHandler            
000031f1  DMA_INT1_IRQHandler            
000031f1  DMA_INT2_IRQHandler            
000031f1  DMA_INT3_IRQHandler            
000031f1  DebugMon_Handler               
000031f1  Default_Handler                
000031f1  EUSCIA0_IRQHandler             
000031f1  EUSCIA1_IRQHandler             
000031f1  EUSCIA2_IRQHandler             
000031f1  EUSCIA3_IRQHandler             
000031f1  EUSCIB0_IRQHandler             
000031f1  EUSCIB1_IRQHandler             
000031f1  EUSCIB2_IRQHandler             
000031f1  EUSCIB3_IRQHandler             
000031f1  FLCTL_IRQHandler               
000031f1  FPU_IRQHandler                 
000031f1  HardFault_Handler              
000031f1  MemManage_Handler              
000031f1  NMI_Handler                    
000031f1  PCM_IRQHandler                 
000031f1  PORT1_IRQHandler               
000031f1  PORT2_IRQHandler               
000031f1  PORT6_IRQHandler               
000031f1  PSS_IRQHandler                 
000031f1  PendSV_Handler                 
000031f1  RTC_C_IRQHandler               
000031f1  SVC_Handler                    
000031f1  SysTick_Handler                
000031f1  T32_INT1_IRQHandler            
000031f1  T32_INT2_IRQHandler            
000031f1  T32_INTC_IRQHandler            
000031f1  TA0_0_IRQHandler               
000031f1  TA0_N_IRQHandler               
000031f1  TA1_0_IRQHandler               
000031f1  TA1_N_IRQHandler               
000031f1  TA2_0_IRQHandler               
000031f1  TA2_N_IRQHandler               
000031f1  TA3_0_IRQHandler               
000031f1  TA3_N_IRQHandler               
000031f1  UsageFault_Handler             
000031f1  WDT_A_IRQHandler               
000031f5  __aeabi_errno_addr             
000031fd  malloc                         
0000320d  _system_pre_init               
00003211  C$$EXIT                        
00003211  abort                          
00003214  _ctypes_                       
00003384  __TI_Handler_Table_Base        
00003390  __TI_Handler_Table_Limit       
00003398  __TI_CINIT_Base                
000033a8  __TI_CINIT_Limit               
20000000  __start___llvm_prf_cnts        
20000000  __stop___llvm_prf_cnts         
20000000  _sys_memory                    
20000400  _ftable                        
200004f0  _device                        
20000568  _stream                        
200005b8  __TI_ft_end                    
200005bc  __aeabi_stdin                  
200005c0  __aeabi_stdout                 
200005c4  __aeabi_stderr                 
200005c8  __TI_cleanup_ptr               
200005cc  __TI_dtors_ptr                 
200005d0  __TI_enable_exit_profile_output
200005d4  _lock                          
200005d8  _unlock                        
200005e8  errno                          
200005ec  SystemCoreClock                
200005f0  __CIOBUF_                      
20000710  __TI_tmpnams                   
200007b0  parmbuf                        
200007b8  temp                           
2000fe00  __stack                        
20010000  __STACK_END                    
4000480c  WDTCTL_SYM                     
ffffffff  __TI_pprof_out_hndl            
ffffffff  __TI_prof_data_size            
ffffffff  __TI_prof_data_start           
ffffffff  __binit__                      
ffffffff  __c_args__                     
ffffffff  binit                          
UNDEFED   __mpu_init                     
UNDEFED   _system_post_cinit             

[195 symbols]
