<?xml version="1.0" encoding="ISO-8859-1" ?>
<link_info>
   <banner>TI ARM Linker Unix v20.2.7.LTS</banner>
   <copyright>Copyright (c) 1996-2018 Texas Instruments Incorporated</copyright>
   <link_time>0x642294f6</link_time>
   <link_errors>0x0</link_errors>
   <output_file>part2_exercise17.out</output_file>
   <entry_point>
      <name>_c_int00_noargs</name>
      <address>0x58bd</address>
   </entry_point>
   <input_file_list>
      <input_file id="fl-1">
         <path>./</path>
         <kind>object</kind>
         <file>main.obj</file>
         <name>main.obj</name>
      </input_file>
      <input_file id="fl-2">
         <path>./</path>
         <kind>object</kind>
         <file>startup_msp432p401r_ccs.obj</file>
         <name>startup_msp432p401r_ccs.obj</name>
      </input_file>
      <input_file id="fl-3">
         <path>./</path>
         <kind>object</kind>
         <file>system_msp432p401r.obj</file>
         <name>system_msp432p401r.obj</name>
      </input_file>
      <input_file id="fl-4">
         <path>./Analog/</path>
         <kind>object</kind>
         <file>analog.obj</file>
         <name>analog.obj</name>
      </input_file>
      <input_file id="fl-5">
         <path>./LED/</path>
         <kind>object</kind>
         <file>led.obj</file>
         <name>led.obj</name>
      </input_file>
      <input_file id="fl-6">
         <path>./buttons/</path>
         <kind>object</kind>
         <file>buttons.obj</file>
         <name>buttons.obj</name>
      </input_file>
      <input_file id="fl-b">
         <kind>object</kind>
         <file>&lt;internal&gt;</file>
         <name>&lt;internal&gt;</name>
      </input_file>
      <input_file id="fl-c">
         <path>../</path>
         <kind>archive</kind>
         <file>game.lib</file>
         <name>car.obj</name>
      </input_file>
      <input_file id="fl-d">
         <path>../</path>
         <kind>archive</kind>
         <file>game.lib</file>
         <name>init_game.obj</name>
      </input_file>
      <input_file id="fl-e">
         <path>../</path>
         <kind>archive</kind>
         <file>game.lib</file>
         <name>lcd.obj</name>
      </input_file>
      <input_file id="fl-f">
         <path>../</path>
         <kind>archive</kind>
         <file>game.lib</file>
         <name>line.obj</name>
      </input_file>
      <input_file id="fl-10">
         <path>../</path>
         <kind>archive</kind>
         <file>game.lib</file>
         <name>menu.obj</name>
      </input_file>
      <input_file id="fl-11">
         <path>../</path>
         <kind>archive</kind>
         <file>game.lib</file>
         <name>random.obj</name>
      </input_file>
      <input_file id="fl-12">
         <path>../</path>
         <kind>archive</kind>
         <file>game.lib</file>
         <name>rectangle.obj</name>
      </input_file>
      <input_file id="fl-13">
         <path>../</path>
         <kind>archive</kind>
         <file>game.lib</file>
         <name>road.obj</name>
      </input_file>
      <input_file id="fl-14">
         <path>../</path>
         <kind>archive</kind>
         <file>game.lib</file>
         <name>scores.obj</name>
      </input_file>
      <input_file id="fl-15">
         <path>../</path>
         <kind>archive</kind>
         <file>game.lib</file>
         <name>string.obj</name>
      </input_file>
      <input_file id="fl-16">
         <path>../</path>
         <kind>archive</kind>
         <file>game.lib</file>
         <name>circle.obj</name>
      </input_file>
      <input_file id="fl-17">
         <path>../</path>
         <kind>archive</kind>
         <file>game.lib</file>
         <name>context.obj</name>
      </input_file>
      <input_file id="fl-18">
         <path>../</path>
         <kind>archive</kind>
         <file>game.lib</file>
         <name>Crystalfontz128x128_ST7735.obj</name>
      </input_file>
      <input_file id="fl-19">
         <path>../</path>
         <kind>archive</kind>
         <file>game.lib</file>
         <name>display.obj</name>
      </input_file>
      <input_file id="fl-1a">
         <path>../</path>
         <kind>archive</kind>
         <file>game.lib</file>
         <name>fontcmsc22.obj</name>
      </input_file>
      <input_file id="fl-1b">
         <path>../</path>
         <kind>archive</kind>
         <file>game.lib</file>
         <name>fontfixed6x8.obj</name>
      </input_file>
      <input_file id="fl-1c">
         <path>../</path>
         <kind>archive</kind>
         <file>game.lib</file>
         <name>gpio.o</name>
      </input_file>
      <input_file id="fl-1d">
         <path>../</path>
         <kind>archive</kind>
         <file>game.lib</file>
         <name>HAL_MSP_EXP432P401R_Crystalfontz128x128_ST7735.obj</name>
      </input_file>
      <input_file id="fl-1e">
         <path>../</path>
         <kind>archive</kind>
         <file>game.lib</file>
         <name>interrupt.o</name>
      </input_file>
      <input_file id="fl-1f">
         <path>../</path>
         <kind>archive</kind>
         <file>game.lib</file>
         <name>spi.o</name>
      </input_file>
      <input_file id="fl-20">
         <path>../</path>
         <kind>archive</kind>
         <file>game.lib</file>
         <name>cpu.o</name>
      </input_file>
      <input_file id="fl-d6">
         <path>/Applications/ti/ccs1220/ccs/tools/compiler/ti-cgt-arm_20.2.7.LTS/lib/</path>
         <kind>archive</kind>
         <file>rtsv7M4_T_le_v4SPD16_eabi.lib</file>
         <name>s_round.c.obj</name>
      </input_file>
      <input_file id="fl-d7">
         <path>/Applications/ti/ccs1220/ccs/tools/compiler/ti-cgt-arm_20.2.7.LTS/lib/</path>
         <kind>archive</kind>
         <file>rtsv7M4_T_le_v4SPD16_eabi.lib</file>
         <name>printf.c.obj</name>
      </input_file>
      <input_file id="fl-d8">
         <path>/Applications/ti/ccs1220/ccs/tools/compiler/ti-cgt-arm_20.2.7.LTS/lib/</path>
         <kind>archive</kind>
         <file>rtsv7M4_T_le_v4SPD16_eabi.lib</file>
         <name>_printfi.c.obj</name>
      </input_file>
      <input_file id="fl-d9">
         <path>/Applications/ti/ccs1220/ccs/tools/compiler/ti-cgt-arm_20.2.7.LTS/lib/</path>
         <kind>archive</kind>
         <file>rtsv7M4_T_le_v4SPD16_eabi.lib</file>
         <name>sprintf.c.obj</name>
      </input_file>
      <input_file id="fl-da">
         <path>/Applications/ti/ccs1220/ccs/tools/compiler/ti-cgt-arm_20.2.7.LTS/lib/</path>
         <kind>archive</kind>
         <file>rtsv7M4_T_le_v4SPD16_eabi.lib</file>
         <name>fputc.c.obj</name>
      </input_file>
      <input_file id="fl-db">
         <path>/Applications/ti/ccs1220/ccs/tools/compiler/ti-cgt-arm_20.2.7.LTS/lib/</path>
         <kind>archive</kind>
         <file>rtsv7M4_T_le_v4SPD16_eabi.lib</file>
         <name>fputs.c.obj</name>
      </input_file>
      <input_file id="fl-dc">
         <path>/Applications/ti/ccs1220/ccs/tools/compiler/ti-cgt-arm_20.2.7.LTS/lib/</path>
         <kind>archive</kind>
         <file>rtsv7M4_T_le_v4SPD16_eabi.lib</file>
         <name>_io_perm.c.obj</name>
      </input_file>
      <input_file id="fl-dd">
         <path>/Applications/ti/ccs1220/ccs/tools/compiler/ti-cgt-arm_20.2.7.LTS/lib/</path>
         <kind>archive</kind>
         <file>rtsv7M4_T_le_v4SPD16_eabi.lib</file>
         <name>setvbuf.c.obj</name>
      </input_file>
      <input_file id="fl-de">
         <path>/Applications/ti/ccs1220/ccs/tools/compiler/ti-cgt-arm_20.2.7.LTS/lib/</path>
         <kind>archive</kind>
         <file>rtsv7M4_T_le_v4SPD16_eabi.lib</file>
         <name>fd_add_t2.asm.obj</name>
      </input_file>
      <input_file id="fl-df">
         <path>/Applications/ti/ccs1220/ccs/tools/compiler/ti-cgt-arm_20.2.7.LTS/lib/</path>
         <kind>archive</kind>
         <file>rtsv7M4_T_le_v4SPD16_eabi.lib</file>
         <name>fd_cmp_t2.asm.obj</name>
      </input_file>
      <input_file id="fl-e0">
         <path>/Applications/ti/ccs1220/ccs/tools/compiler/ti-cgt-arm_20.2.7.LTS/lib/</path>
         <kind>archive</kind>
         <file>rtsv7M4_T_le_v4SPD16_eabi.lib</file>
         <name>fd_div_t2.asm.obj</name>
      </input_file>
      <input_file id="fl-e1">
         <path>/Applications/ti/ccs1220/ccs/tools/compiler/ti-cgt-arm_20.2.7.LTS/lib/</path>
         <kind>archive</kind>
         <file>rtsv7M4_T_le_v4SPD16_eabi.lib</file>
         <name>fd_mul_t2.asm.obj</name>
      </input_file>
      <input_file id="fl-e2">
         <path>/Applications/ti/ccs1220/ccs/tools/compiler/ti-cgt-arm_20.2.7.LTS/lib/</path>
         <kind>archive</kind>
         <file>rtsv7M4_T_le_v4SPD16_eabi.lib</file>
         <name>fd_toi_t2.asm.obj</name>
      </input_file>
      <input_file id="fl-e3">
         <path>/Applications/ti/ccs1220/ccs/tools/compiler/ti-cgt-arm_20.2.7.LTS/lib/</path>
         <kind>archive</kind>
         <file>rtsv7M4_T_le_v4SPD16_eabi.lib</file>
         <name>fd_tos_t2.asm.obj</name>
      </input_file>
      <input_file id="fl-e4">
         <path>/Applications/ti/ccs1220/ccs/tools/compiler/ti-cgt-arm_20.2.7.LTS/lib/</path>
         <kind>archive</kind>
         <file>rtsv7M4_T_le_v4SPD16_eabi.lib</file>
         <name>fs_tod_t2.asm.obj</name>
      </input_file>
      <input_file id="fl-e5">
         <path>/Applications/ti/ccs1220/ccs/tools/compiler/ti-cgt-arm_20.2.7.LTS/lib/</path>
         <kind>archive</kind>
         <file>rtsv7M4_T_le_v4SPD16_eabi.lib</file>
         <name>i_tofd_t2.asm.obj</name>
      </input_file>
      <input_file id="fl-e6">
         <path>/Applications/ti/ccs1220/ccs/tools/compiler/ti-cgt-arm_20.2.7.LTS/lib/</path>
         <kind>archive</kind>
         <file>rtsv7M4_T_le_v4SPD16_eabi.lib</file>
         <name>memcpy_t2.asm.obj</name>
      </input_file>
      <input_file id="fl-e7">
         <path>/Applications/ti/ccs1220/ccs/tools/compiler/ti-cgt-arm_20.2.7.LTS/lib/</path>
         <kind>archive</kind>
         <file>rtsv7M4_T_le_v4SPD16_eabi.lib</file>
         <name>memset_t2.asm.obj</name>
      </input_file>
      <input_file id="fl-e8">
         <path>/Applications/ti/ccs1220/ccs/tools/compiler/ti-cgt-arm_20.2.7.LTS/lib/</path>
         <kind>archive</kind>
         <file>rtsv7M4_T_le_v4SPD16_eabi.lib</file>
         <name>ull_div_t2.asm.obj</name>
      </input_file>
      <input_file id="fl-e9">
         <path>/Applications/ti/ccs1220/ccs/tools/compiler/ti-cgt-arm_20.2.7.LTS/lib/</path>
         <kind>archive</kind>
         <file>rtsv7M4_T_le_v4SPD16_eabi.lib</file>
         <name>copy_zero_init.c.obj</name>
      </input_file>
      <input_file id="fl-ea">
         <path>/Applications/ti/ccs1220/ccs/tools/compiler/ti-cgt-arm_20.2.7.LTS/lib/</path>
         <kind>archive</kind>
         <file>rtsv7M4_T_le_v4SPD16_eabi.lib</file>
         <name>copy_decompress_none.c.obj</name>
      </input_file>
      <input_file id="fl-eb">
         <path>/Applications/ti/ccs1220/ccs/tools/compiler/ti-cgt-arm_20.2.7.LTS/lib/</path>
         <kind>archive</kind>
         <file>rtsv7M4_T_le_v4SPD16_eabi.lib</file>
         <name>copy_decompress_lzss.c.obj</name>
      </input_file>
      <input_file id="fl-ec">
         <path>/Applications/ti/ccs1220/ccs/tools/compiler/ti-cgt-arm_20.2.7.LTS/lib/</path>
         <kind>archive</kind>
         <file>rtsv7M4_T_le_v4SPD16_eabi.lib</file>
         <name>exit.c.obj</name>
      </input_file>
      <input_file id="fl-ed">
         <path>/Applications/ti/ccs1220/ccs/tools/compiler/ti-cgt-arm_20.2.7.LTS/lib/</path>
         <kind>archive</kind>
         <file>rtsv7M4_T_le_v4SPD16_eabi.lib</file>
         <name>_lock.c.obj</name>
      </input_file>
      <input_file id="fl-ee">
         <path>/Applications/ti/ccs1220/ccs/tools/compiler/ti-cgt-arm_20.2.7.LTS/lib/</path>
         <kind>archive</kind>
         <file>rtsv7M4_T_le_v4SPD16_eabi.lib</file>
         <name>_ltoa.c.obj</name>
      </input_file>
      <input_file id="fl-ef">
         <path>/Applications/ti/ccs1220/ccs/tools/compiler/ti-cgt-arm_20.2.7.LTS/lib/</path>
         <kind>archive</kind>
         <file>rtsv7M4_T_le_v4SPD16_eabi.lib</file>
         <name>atoi.c.obj</name>
      </input_file>
      <input_file id="fl-f0">
         <path>/Applications/ti/ccs1220/ccs/tools/compiler/ti-cgt-arm_20.2.7.LTS/lib/</path>
         <kind>archive</kind>
         <file>rtsv7M4_T_le_v4SPD16_eabi.lib</file>
         <name>ctype.c.obj</name>
      </input_file>
      <input_file id="fl-f1">
         <path>/Applications/ti/ccs1220/ccs/tools/compiler/ti-cgt-arm_20.2.7.LTS/lib/</path>
         <kind>archive</kind>
         <file>rtsv7M4_T_le_v4SPD16_eabi.lib</file>
         <name>defs.c.obj</name>
      </input_file>
      <input_file id="fl-f2">
         <path>/Applications/ti/ccs1220/ccs/tools/compiler/ti-cgt-arm_20.2.7.LTS/lib/</path>
         <kind>archive</kind>
         <file>rtsv7M4_T_le_v4SPD16_eabi.lib</file>
         <name>memccpy.c.obj</name>
      </input_file>
      <input_file id="fl-f3">
         <path>/Applications/ti/ccs1220/ccs/tools/compiler/ti-cgt-arm_20.2.7.LTS/lib/</path>
         <kind>archive</kind>
         <file>rtsv7M4_T_le_v4SPD16_eabi.lib</file>
         <name>memchr.c.obj</name>
      </input_file>
      <input_file id="fl-f4">
         <path>/Applications/ti/ccs1220/ccs/tools/compiler/ti-cgt-arm_20.2.7.LTS/lib/</path>
         <kind>archive</kind>
         <file>rtsv7M4_T_le_v4SPD16_eabi.lib</file>
         <name>memory.c.obj</name>
      </input_file>
      <input_file id="fl-f5">
         <path>/Applications/ti/ccs1220/ccs/tools/compiler/ti-cgt-arm_20.2.7.LTS/lib/</path>
         <kind>archive</kind>
         <file>rtsv7M4_T_le_v4SPD16_eabi.lib</file>
         <name>strchr.c.obj</name>
      </input_file>
      <input_file id="fl-f6">
         <path>/Applications/ti/ccs1220/ccs/tools/compiler/ti-cgt-arm_20.2.7.LTS/lib/</path>
         <kind>archive</kind>
         <file>rtsv7M4_T_le_v4SPD16_eabi.lib</file>
         <name>strlen.c.obj</name>
      </input_file>
      <input_file id="fl-f7">
         <path>/Applications/ti/ccs1220/ccs/tools/compiler/ti-cgt-arm_20.2.7.LTS/lib/</path>
         <kind>archive</kind>
         <file>rtsv7M4_T_le_v4SPD16_eabi.lib</file>
         <name>boot_cortex_m.c.obj</name>
      </input_file>
      <input_file id="fl-f8">
         <path>/Applications/ti/ccs1220/ccs/tools/compiler/ti-cgt-arm_20.2.7.LTS/lib/</path>
         <kind>archive</kind>
         <file>rtsv7M4_T_le_v4SPD16_eabi.lib</file>
         <name>write.c.obj</name>
      </input_file>
      <input_file id="fl-f9">
         <path>/Applications/ti/ccs1220/ccs/tools/compiler/ti-cgt-arm_20.2.7.LTS/lib/</path>
         <kind>archive</kind>
         <file>rtsv7M4_T_le_v4SPD16_eabi.lib</file>
         <name>host_device.c.obj</name>
      </input_file>
      <input_file id="fl-fa">
         <path>/Applications/ti/ccs1220/ccs/tools/compiler/ti-cgt-arm_20.2.7.LTS/lib/</path>
         <kind>archive</kind>
         <file>rtsv7M4_T_le_v4SPD16_eabi.lib</file>
         <name>errno.c.obj</name>
      </input_file>
      <input_file id="fl-fb">
         <path>/Applications/ti/ccs1220/ccs/tools/compiler/ti-cgt-arm_20.2.7.LTS/lib/</path>
         <kind>archive</kind>
         <file>rtsv7M4_T_le_v4SPD16_eabi.lib</file>
         <name>wcslen.c.obj</name>
      </input_file>
      <input_file id="fl-fc">
         <path>/Applications/ti/ccs1220/ccs/tools/compiler/ti-cgt-arm_20.2.7.LTS/lib/</path>
         <kind>archive</kind>
         <file>rtsv7M4_T_le_v4SPD16_eabi.lib</file>
         <name>s_floor.c.obj</name>
      </input_file>
      <input_file id="fl-fd">
         <path>/Applications/ti/ccs1220/ccs/tools/compiler/ti-cgt-arm_20.2.7.LTS/lib/</path>
         <kind>archive</kind>
         <file>rtsv7M4_T_le_v4SPD16_eabi.lib</file>
         <name>s_frexp.c.obj</name>
      </input_file>
      <input_file id="fl-fe">
         <path>/Applications/ti/ccs1220/ccs/tools/compiler/ti-cgt-arm_20.2.7.LTS/lib/</path>
         <kind>archive</kind>
         <file>rtsv7M4_T_le_v4SPD16_eabi.lib</file>
         <name>s_scalbn.c.obj</name>
      </input_file>
      <input_file id="fl-ff">
         <path>/Applications/ti/ccs1220/ccs/tools/compiler/ti-cgt-arm_20.2.7.LTS/lib/</path>
         <kind>archive</kind>
         <file>rtsv7M4_T_le_v4SPD16_eabi.lib</file>
         <name>fflush.c.obj</name>
      </input_file>
      <input_file id="fl-100">
         <path>/Applications/ti/ccs1220/ccs/tools/compiler/ti-cgt-arm_20.2.7.LTS/lib/</path>
         <kind>archive</kind>
         <file>rtsv7M4_T_le_v4SPD16_eabi.lib</file>
         <name>fopen.c.obj</name>
      </input_file>
      <input_file id="fl-101">
         <path>/Applications/ti/ccs1220/ccs/tools/compiler/ti-cgt-arm_20.2.7.LTS/lib/</path>
         <kind>archive</kind>
         <file>rtsv7M4_T_le_v4SPD16_eabi.lib</file>
         <name>fseek.c.obj</name>
      </input_file>
      <input_file id="fl-102">
         <path>/Applications/ti/ccs1220/ccs/tools/compiler/ti-cgt-arm_20.2.7.LTS/lib/</path>
         <kind>archive</kind>
         <file>rtsv7M4_T_le_v4SPD16_eabi.lib</file>
         <name>div0.asm.obj</name>
      </input_file>
      <input_file id="fl-103">
         <path>/Applications/ti/ccs1220/ccs/tools/compiler/ti-cgt-arm_20.2.7.LTS/lib/</path>
         <kind>archive</kind>
         <file>rtsv7M4_T_le_v4SPD16_eabi.lib</file>
         <name>autoinit.c.obj</name>
      </input_file>
      <input_file id="fl-104">
         <path>/Applications/ti/ccs1220/ccs/tools/compiler/ti-cgt-arm_20.2.7.LTS/lib/</path>
         <kind>archive</kind>
         <file>rtsv7M4_T_le_v4SPD16_eabi.lib</file>
         <name>pre_init.c.obj</name>
      </input_file>
      <input_file id="fl-105">
         <path>/Applications/ti/ccs1220/ccs/tools/compiler/ti-cgt-arm_20.2.7.LTS/lib/</path>
         <kind>archive</kind>
         <file>rtsv7M4_T_le_v4SPD16_eabi.lib</file>
         <name>cpy_tbl.c.obj</name>
      </input_file>
      <input_file id="fl-106">
         <path>/Applications/ti/ccs1220/ccs/tools/compiler/ti-cgt-arm_20.2.7.LTS/lib/</path>
         <kind>archive</kind>
         <file>rtsv7M4_T_le_v4SPD16_eabi.lib</file>
         <name>args_main.c.obj</name>
      </input_file>
      <input_file id="fl-107">
         <path>/Applications/ti/ccs1220/ccs/tools/compiler/ti-cgt-arm_20.2.7.LTS/lib/</path>
         <kind>archive</kind>
         <file>rtsv7M4_T_le_v4SPD16_eabi.lib</file>
         <name>hostclose.c.obj</name>
      </input_file>
      <input_file id="fl-108">
         <path>/Applications/ti/ccs1220/ccs/tools/compiler/ti-cgt-arm_20.2.7.LTS/lib/</path>
         <kind>archive</kind>
         <file>rtsv7M4_T_le_v4SPD16_eabi.lib</file>
         <name>hostlseek.c.obj</name>
      </input_file>
      <input_file id="fl-109">
         <path>/Applications/ti/ccs1220/ccs/tools/compiler/ti-cgt-arm_20.2.7.LTS/lib/</path>
         <kind>archive</kind>
         <file>rtsv7M4_T_le_v4SPD16_eabi.lib</file>
         <name>hostopen.c.obj</name>
      </input_file>
      <input_file id="fl-10a">
         <path>/Applications/ti/ccs1220/ccs/tools/compiler/ti-cgt-arm_20.2.7.LTS/lib/</path>
         <kind>archive</kind>
         <file>rtsv7M4_T_le_v4SPD16_eabi.lib</file>
         <name>hostread.c.obj</name>
      </input_file>
      <input_file id="fl-10b">
         <path>/Applications/ti/ccs1220/ccs/tools/compiler/ti-cgt-arm_20.2.7.LTS/lib/</path>
         <kind>archive</kind>
         <file>rtsv7M4_T_le_v4SPD16_eabi.lib</file>
         <name>hostrename.c.obj</name>
      </input_file>
      <input_file id="fl-10c">
         <path>/Applications/ti/ccs1220/ccs/tools/compiler/ti-cgt-arm_20.2.7.LTS/lib/</path>
         <kind>archive</kind>
         <file>rtsv7M4_T_le_v4SPD16_eabi.lib</file>
         <name>hostunlink.c.obj</name>
      </input_file>
      <input_file id="fl-10d">
         <path>/Applications/ti/ccs1220/ccs/tools/compiler/ti-cgt-arm_20.2.7.LTS/lib/</path>
         <kind>archive</kind>
         <file>rtsv7M4_T_le_v4SPD16_eabi.lib</file>
         <name>hostwrite.c.obj</name>
      </input_file>
      <input_file id="fl-10e">
         <path>/Applications/ti/ccs1220/ccs/tools/compiler/ti-cgt-arm_20.2.7.LTS/lib/</path>
         <kind>archive</kind>
         <file>rtsv7M4_T_le_v4SPD16_eabi.lib</file>
         <name>trgmsg.c.obj</name>
      </input_file>
      <input_file id="fl-10f">
         <path>/Applications/ti/ccs1220/ccs/tools/compiler/ti-cgt-arm_20.2.7.LTS/lib/</path>
         <kind>archive</kind>
         <file>rtsv7M4_T_le_v4SPD16_eabi.lib</file>
         <name>open.c.obj</name>
      </input_file>
      <input_file id="fl-110">
         <path>/Applications/ti/ccs1220/ccs/tools/compiler/ti-cgt-arm_20.2.7.LTS/lib/</path>
         <kind>archive</kind>
         <file>rtsv7M4_T_le_v4SPD16_eabi.lib</file>
         <name>lseek.c.obj</name>
      </input_file>
      <input_file id="fl-111">
         <path>/Applications/ti/ccs1220/ccs/tools/compiler/ti-cgt-arm_20.2.7.LTS/lib/</path>
         <kind>archive</kind>
         <file>rtsv7M4_T_le_v4SPD16_eabi.lib</file>
         <name>s_copysign.c.obj</name>
      </input_file>
      <input_file id="fl-112">
         <path>/Applications/ti/ccs1220/ccs/tools/compiler/ti-cgt-arm_20.2.7.LTS/lib/</path>
         <kind>archive</kind>
         <file>rtsv7M4_T_le_v4SPD16_eabi.lib</file>
         <name>fclose.c.obj</name>
      </input_file>
      <input_file id="fl-113">
         <path>/Applications/ti/ccs1220/ccs/tools/compiler/ti-cgt-arm_20.2.7.LTS/lib/</path>
         <kind>archive</kind>
         <file>rtsv7M4_T_le_v4SPD16_eabi.lib</file>
         <name>getdevice.c.obj</name>
      </input_file>
      <input_file id="fl-114">
         <path>/Applications/ti/ccs1220/ccs/tools/compiler/ti-cgt-arm_20.2.7.LTS/lib/</path>
         <kind>archive</kind>
         <file>rtsv7M4_T_le_v4SPD16_eabi.lib</file>
         <name>strcmp.c.obj</name>
      </input_file>
      <input_file id="fl-115">
         <path>/Applications/ti/ccs1220/ccs/tools/compiler/ti-cgt-arm_20.2.7.LTS/lib/</path>
         <kind>archive</kind>
         <file>rtsv7M4_T_le_v4SPD16_eabi.lib</file>
         <name>strcpy.c.obj</name>
      </input_file>
      <input_file id="fl-116">
         <path>/Applications/ti/ccs1220/ccs/tools/compiler/ti-cgt-arm_20.2.7.LTS/lib/</path>
         <kind>archive</kind>
         <file>rtsv7M4_T_le_v4SPD16_eabi.lib</file>
         <name>strncpy.c.obj</name>
      </input_file>
      <input_file id="fl-117">
         <path>/Applications/ti/ccs1220/ccs/tools/compiler/ti-cgt-arm_20.2.7.LTS/lib/</path>
         <kind>archive</kind>
         <file>rtsv7M4_T_le_v4SPD16_eabi.lib</file>
         <name>remove.c.obj</name>
      </input_file>
      <input_file id="fl-118">
         <path>/Applications/ti/ccs1220/ccs/tools/compiler/ti-cgt-arm_20.2.7.LTS/lib/</path>
         <kind>archive</kind>
         <file>rtsv7M4_T_le_v4SPD16_eabi.lib</file>
         <name>close.c.obj</name>
      </input_file>
      <input_file id="fl-119">
         <path>/Applications/ti/ccs1220/ccs/tools/compiler/ti-cgt-arm_20.2.7.LTS/lib/</path>
         <kind>archive</kind>
         <file>rtsv7M4_T_le_v4SPD16_eabi.lib</file>
         <name>unlink.c.obj</name>
      </input_file>
   </input_file_list>
   <object_component_list>
      <object_component id="oc-26">
         <name>.intvecs:retain</name>
         <load_address>0x0</load_address>
         <run_address>0x0</run_address>
         <size>0xe4</size>
         <input_file_ref idref="fl-2"/>
      </object_component>
      <object_component id="oc-21f">
         <name>.text:__TI_printfi</name>
         <load_address>0xe4</load_address>
         <run_address>0xe4</run_address>
         <size>0xa4e</size>
         <input_file_ref idref="fl-d8"/>
      </object_component>
      <object_component id="oc-366">
         <name>.text:_nop</name>
         <load_address>0xb32</load_address>
         <run_address>0xb32</run_address>
         <size>0x2</size>
         <input_file_ref idref="fl-ed"/>
      </object_component>
      <object_component id="oc-76">
         <name>.text</name>
         <load_address>0xb34</load_address>
         <run_address>0xb34</run_address>
         <size>0x4d8</size>
         <input_file_ref idref="fl-4"/>
      </object_component>
      <object_component id="oc-1a4">
         <name>.text:Graphics_drawString</name>
         <load_address>0x100c</load_address>
         <run_address>0x100c</run_address>
         <size>0x47e</size>
         <input_file_ref idref="fl-15"/>
      </object_component>
      <object_component id="oc-4fd">
         <name>.text</name>
         <load_address>0x148a</load_address>
         <run_address>0x148a</run_address>
         <size>0x2</size>
         <input_file_ref idref="fl-102"/>
      </object_component>
      <object_component id="oc-1b6">
         <name>.text</name>
         <load_address>0x148c</load_address>
         <run_address>0x148c</run_address>
         <size>0x3f4</size>
         <input_file_ref idref="fl-18"/>
      </object_component>
      <object_component id="oc-be">
         <name>.text</name>
         <load_address>0x1880</load_address>
         <run_address>0x1880</run_address>
         <size>0x354</size>
         <input_file_ref idref="fl-3"/>
      </object_component>
      <object_component id="oc-7c">
         <name>.text</name>
         <load_address>0x1bd4</load_address>
         <run_address>0x1bd4</run_address>
         <size>0x2b8</size>
         <input_file_ref idref="fl-6"/>
      </object_component>
      <object_component id="oc-342">
         <name>.text:_pconv_a</name>
         <load_address>0x1e8c</load_address>
         <run_address>0x1e8c</run_address>
         <size>0x270</size>
         <input_file_ref idref="fl-d8"/>
      </object_component>
      <object_component id="oc-1aa">
         <name>.text:Graphics_drawCircle</name>
         <load_address>0x20fc</load_address>
         <run_address>0x20fc</run_address>
         <size>0x26e</size>
         <input_file_ref idref="fl-16"/>
      </object_component>
      <object_component id="oc-d1">
         <name>.text</name>
         <load_address>0x236c</load_address>
         <run_address>0x236c</run_address>
         <size>0x248</size>
         <input_file_ref idref="fl-13"/>
      </object_component>
      <object_component id="oc-192">
         <name>.text:Graphics_fillCircle</name>
         <load_address>0x25b4</load_address>
         <run_address>0x25b4</run_address>
         <size>0x22a</size>
         <input_file_ref idref="fl-16"/>
      </object_component>
      <object_component id="oc-c5">
         <name>.text</name>
         <load_address>0x27e0</load_address>
         <run_address>0x27e0</run_address>
         <size>0x1ec</size>
         <input_file_ref idref="fl-e"/>
      </object_component>
      <object_component id="oc-330">
         <name>.text:_pconv_g</name>
         <load_address>0x29cc</load_address>
         <run_address>0x29cc</run_address>
         <size>0x1d0</size>
         <input_file_ref idref="fl-d8"/>
      </object_component>
      <object_component id="oc-101">
         <name>.text</name>
         <load_address>0x2b9c</load_address>
         <run_address>0x2b9c</run_address>
         <size>0x1b6</size>
         <input_file_ref idref="fl-de"/>
      </object_component>
      <object_component id="oc-2ba">
         <name>.text:Graphics_clipLine</name>
         <load_address>0x2d52</load_address>
         <run_address>0x2d52</run_address>
         <size>0x180</size>
         <input_file_ref idref="fl-f"/>
      </object_component>
      <object_component id="oc-1b0">
         <name>.text:Graphics_drawLine</name>
         <load_address>0x2ed2</load_address>
         <run_address>0x2ed2</run_address>
         <size>0x174</size>
         <input_file_ref idref="fl-f"/>
      </object_component>
      <object_component id="oc-ac">
         <name>.text</name>
         <load_address>0x3048</load_address>
         <run_address>0x3048</run_address>
         <size>0x158</size>
         <input_file_ref idref="fl-1"/>
      </object_component>
      <object_component id="oc-13d">
         <name>.text</name>
         <load_address>0x31a0</load_address>
         <run_address>0x31a0</run_address>
         <size>0x14c</size>
         <input_file_ref idref="fl-10"/>
      </object_component>
      <object_component id="oc-33c">
         <name>.text:_pconv_e</name>
         <load_address>0x32ec</load_address>
         <run_address>0x32ec</run_address>
         <size>0x13c</size>
         <input_file_ref idref="fl-d8"/>
      </object_component>
      <object_component id="oc-137">
         <name>.text</name>
         <load_address>0x3428</load_address>
         <run_address>0x3428</run_address>
         <size>0x138</size>
         <input_file_ref idref="fl-5"/>
      </object_component>
      <object_component id="oc-f7">
         <name>.text</name>
         <load_address>0x3560</load_address>
         <run_address>0x3560</run_address>
         <size>0x136</size>
         <input_file_ref idref="fl-e0"/>
      </object_component>
      <object_component id="oc-d7">
         <name>.text</name>
         <load_address>0x3698</load_address>
         <run_address>0x3698</run_address>
         <size>0x128</size>
         <input_file_ref idref="fl-c"/>
      </object_component>
      <object_component id="oc-45a">
         <name>.text:fcvt</name>
         <load_address>0x37c0</load_address>
         <run_address>0x37c0</run_address>
         <size>0x124</size>
         <input_file_ref idref="fl-d8"/>
      </object_component>
      <object_component id="oc-374">
         <name>.text:fputs</name>
         <load_address>0x38e4</load_address>
         <run_address>0x38e4</run_address>
         <size>0x114</size>
         <input_file_ref idref="fl-db"/>
      </object_component>
      <object_component id="oc-18c">
         <name>.text:Graphics_fillRectangle</name>
         <load_address>0x39f8</load_address>
         <run_address>0x39f8</run_address>
         <size>0x112</size>
         <input_file_ref idref="fl-12"/>
      </object_component>
      <object_component id="oc-46e">
         <name>.text:scalbn</name>
         <load_address>0x3b0c</load_address>
         <run_address>0x3b0c</run_address>
         <size>0x110</size>
         <input_file_ref idref="fl-fe"/>
      </object_component>
      <object_component id="oc-5b8">
         <name>.text:aligned_alloc</name>
         <load_address>0x3c1c</load_address>
         <run_address>0x3c1c</run_address>
         <size>0x100</size>
         <input_file_ref idref="fl-f4"/>
      </object_component>
      <object_component id="oc-f2">
         <name>.text</name>
         <load_address>0x3d1c</load_address>
         <run_address>0x3d1c</run_address>
         <size>0xfc</size>
         <input_file_ref idref="fl-e1"/>
      </object_component>
      <object_component id="oc-297">
         <name>.text:Graphics_getStringWidth</name>
         <load_address>0x3e18</load_address>
         <run_address>0x3e18</run_address>
         <size>0xfa</size>
         <input_file_ref idref="fl-15"/>
      </object_component>
      <object_component id="oc-2fe">
         <name>.text:floor</name>
         <load_address>0x3f14</load_address>
         <run_address>0x3f14</run_address>
         <size>0xf8</size>
         <input_file_ref idref="fl-fc"/>
      </object_component>
      <object_component id="oc-576">
         <name>.text:free</name>
         <load_address>0x400c</load_address>
         <run_address>0x400c</run_address>
         <size>0xe4</size>
         <input_file_ref idref="fl-f4"/>
      </object_component>
      <object_component id="oc-532">
         <name>.text:setvbuf</name>
         <load_address>0x40f0</load_address>
         <run_address>0x40f0</run_address>
         <size>0xdc</size>
         <input_file_ref idref="fl-dd"/>
      </object_component>
      <object_component id="oc-1f1">
         <name>.text:round</name>
         <load_address>0x41cc</load_address>
         <run_address>0x41cc</run_address>
         <size>0xc4</size>
         <input_file_ref idref="fl-d6"/>
      </object_component>
      <object_component id="oc-32a">
         <name>.text:_ltostr</name>
         <load_address>0x4290</load_address>
         <run_address>0x4290</run_address>
         <size>0xb1</size>
         <input_file_ref idref="fl-d8"/>
      </object_component>
      <object_component id="oc-3da">
         <name>.text:SPI_initMaster</name>
         <load_address>0x4342</load_address>
         <run_address>0x4342</run_address>
         <size>0xb0</size>
         <input_file_ref idref="fl-1f"/>
      </object_component>
      <object_component id="oc-2c2">
         <name>.text</name>
         <load_address>0x43f4</load_address>
         <run_address>0x43f4</run_address>
         <size>0xac</size>
         <input_file_ref idref="fl-1d"/>
      </object_component>
      <object_component id="oc-cb">
         <name>.text</name>
         <load_address>0x44a0</load_address>
         <run_address>0x44a0</run_address>
         <size>0xa0</size>
         <input_file_ref idref="fl-11"/>
      </object_component>
      <object_component id="oc-28f">
         <name>.text:Graphics_drawLineH</name>
         <load_address>0x4540</load_address>
         <run_address>0x4540</run_address>
         <size>0x9c</size>
         <input_file_ref idref="fl-f"/>
      </object_component>
      <object_component id="oc-2b4">
         <name>.text:Graphics_drawLineV</name>
         <load_address>0x45dc</load_address>
         <run_address>0x45dc</run_address>
         <size>0x9c</size>
         <input_file_ref idref="fl-f"/>
      </object_component>
      <object_component id="oc-3a">
         <name>.text</name>
         <load_address>0x4678</load_address>
         <run_address>0x4678</run_address>
         <size>0x9c</size>
         <input_file_ref idref="fl-e6"/>
      </object_component>
      <object_component id="oc-70">
         <name>.text</name>
         <load_address>0x4714</load_address>
         <run_address>0x4714</run_address>
         <size>0x98</size>
         <input_file_ref idref="fl-d"/>
      </object_component>
      <object_component id="oc-441">
         <name>.text</name>
         <load_address>0x47ac</load_address>
         <run_address>0x47ac</run_address>
         <size>0x96</size>
         <input_file_ref idref="fl-e8"/>
      </object_component>
      <object_component id="oc-1fe">
         <name>.text</name>
         <load_address>0x4844</load_address>
         <run_address>0x4844</run_address>
         <size>0x92</size>
         <input_file_ref idref="fl-14"/>
      </object_component>
      <object_component id="oc-37b">
         <name>.text:fputc</name>
         <load_address>0x48d8</load_address>
         <run_address>0x48d8</run_address>
         <size>0x8c</size>
         <input_file_ref idref="fl-da"/>
      </object_component>
      <object_component id="oc-3e6">
         <name>.text:GPIO_setAsPeripheralModuleFunctionOutputPin</name>
         <load_address>0x4964</load_address>
         <run_address>0x4964</run_address>
         <size>0x88</size>
         <input_file_ref idref="fl-1c"/>
      </object_component>
      <object_component id="oc-304">
         <name>.text:__aeabi_cdcmple</name>
         <load_address>0x49ec</load_address>
         <run_address>0x49ec</run_address>
         <size>0x86</size>
         <input_file_ref idref="fl-df"/>
      </object_component>
      <object_component id="oc-41b">
         <name>.text:__aeabi_cdrcmple</name>
         <load_address>0x4a72</load_address>
         <run_address>0x4a72</run_address>
         <size>0x86</size>
         <input_file_ref idref="fl-df"/>
      </object_component>
      <object_component id="oc-a0">
         <name>.text</name>
         <load_address>0x4af8</load_address>
         <run_address>0x4af8</run_address>
         <size>0x7a</size>
         <input_file_ref idref="fl-e7"/>
      </object_component>
      <object_component id="oc-5bf">
         <name>.text:__TI_closefile</name>
         <load_address>0x4b74</load_address>
         <run_address>0x4b74</run_address>
         <size>0x74</size>
         <input_file_ref idref="fl-112"/>
      </object_component>
      <object_component id="oc-600">
         <name>.text:split</name>
         <load_address>0x4be8</load_address>
         <run_address>0x4be8</run_address>
         <size>0x70</size>
         <input_file_ref idref="fl-f4"/>
      </object_component>
      <object_component id="oc-453">
         <name>.text:_mcpy</name>
         <load_address>0x4c58</load_address>
         <run_address>0x4c58</run_address>
         <size>0x6e</size>
         <input_file_ref idref="fl-d8"/>
      </object_component>
      <object_component id="oc-fc">
         <name>.text</name>
         <load_address>0x4cc6</load_address>
         <run_address>0x4cc6</run_address>
         <size>0x6e</size>
         <input_file_ref idref="fl-e3"/>
      </object_component>
      <object_component id="oc-5ef">
         <name>.text:HOSTrename</name>
         <load_address>0x4d34</load_address>
         <run_address>0x4d34</run_address>
         <size>0x6c</size>
         <input_file_ref idref="fl-10b"/>
      </object_component>
      <object_component id="oc-5e3">
         <name>.text:HOSTlseek</name>
         <load_address>0x4da0</load_address>
         <run_address>0x4da0</run_address>
         <size>0x68</size>
         <input_file_ref idref="fl-108"/>
      </object_component>
      <object_component id="oc-17">
         <name>.text:decompress:lzss:__TI_decompress_lzss</name>
         <load_address>0x4e08</load_address>
         <run_address>0x4e08</run_address>
         <size>0x68</size>
         <input_file_ref idref="fl-eb"/>
      </object_component>
      <object_component id="oc-e7">
         <name>.text:printf</name>
         <load_address>0x4e70</load_address>
         <run_address>0x4e70</run_address>
         <size>0x68</size>
         <input_file_ref idref="fl-d7"/>
      </object_component>
      <object_component id="oc-3d1">
         <name>.text:Graphics_getClipCode</name>
         <load_address>0x4ed8</load_address>
         <run_address>0x4ed8</run_address>
         <size>0x64</size>
         <input_file_ref idref="fl-f"/>
      </object_component>
      <object_component id="oc-468">
         <name>.text:frexp</name>
         <load_address>0x4f3c</load_address>
         <run_address>0x4f3c</run_address>
         <size>0x64</size>
         <input_file_ref idref="fl-fd"/>
      </object_component>
      <object_component id="oc-52c">
         <name>.text:fseek</name>
         <load_address>0x4fa0</load_address>
         <run_address>0x4fa0</run_address>
         <size>0x64</size>
         <input_file_ref idref="fl-101"/>
      </object_component>
      <object_component id="oc-49f">
         <name>.text:__TI_wrt_ok</name>
         <load_address>0x5004</load_address>
         <run_address>0x5004</run_address>
         <size>0x62</size>
         <input_file_ref idref="fl-dc"/>
      </object_component>
      <object_component id="oc-5cb">
         <name>.text:HOSTopen</name>
         <load_address>0x5068</load_address>
         <run_address>0x5068</run_address>
         <size>0x60</size>
         <input_file_ref idref="fl-109"/>
      </object_component>
      <object_component id="oc-607">
         <name>.text:close</name>
         <load_address>0x50c8</load_address>
         <run_address>0x50c8</run_address>
         <size>0x5c</size>
         <input_file_ref idref="fl-118"/>
      </object_component>
      <object_component id="oc-2ad">
         <name>.text:Graphics_drawPixel</name>
         <load_address>0x5124</load_address>
         <run_address>0x5124</run_address>
         <size>0x5a</size>
         <input_file_ref idref="fl-17"/>
      </object_component>
      <object_component id="oc-5d7">
         <name>.text:HOSTread</name>
         <load_address>0x5180</load_address>
         <run_address>0x5180</run_address>
         <size>0x58</size>
         <input_file_ref idref="fl-10a"/>
      </object_component>
      <object_component id="oc-5dd">
         <name>.text:HOSTwrite</name>
         <load_address>0x51d8</load_address>
         <run_address>0x51d8</run_address>
         <size>0x58</size>
         <input_file_ref idref="fl-10d"/>
      </object_component>
      <object_component id="oc-336">
         <name>.text:_pconv_f</name>
         <load_address>0x5230</load_address>
         <run_address>0x5230</run_address>
         <size>0x56</size>
         <input_file_ref idref="fl-d8"/>
      </object_component>
      <object_component id="oc-447">
         <name>.text:__TI_ltoa</name>
         <load_address>0x5286</load_address>
         <run_address>0x5286</run_address>
         <size>0x54</size>
         <input_file_ref idref="fl-ee"/>
      </object_component>
      <object_component id="oc-1bc">
         <name>.text:Graphics_initContext</name>
         <load_address>0x52da</load_address>
         <run_address>0x52da</run_address>
         <size>0x52</size>
         <input_file_ref idref="fl-17"/>
      </object_component>
      <object_component id="oc-44d">
         <name>.text:_ecpy</name>
         <load_address>0x532c</load_address>
         <run_address>0x532c</run_address>
         <size>0x52</size>
         <input_file_ref idref="fl-d8"/>
      </object_component>
      <object_component id="oc-4ab">
         <name>.text:__TI_doflush</name>
         <load_address>0x537e</load_address>
         <run_address>0x537e</run_address>
         <size>0x4c</size>
         <input_file_ref idref="fl-ff"/>
      </object_component>
      <object_component id="oc-324">
         <name>.text:atoi</name>
         <load_address>0x53cc</load_address>
         <run_address>0x53cc</run_address>
         <size>0x4c</size>
         <input_file_ref idref="fl-ef"/>
      </object_component>
      <object_component id="oc-198">
         <name>.text:Graphics_drawStringCentered</name>
         <load_address>0x5418</load_address>
         <run_address>0x5418</run_address>
         <size>0x48</size>
         <input_file_ref idref="fl-15"/>
      </object_component>
      <object_component id="oc-14a">
         <name>.text:exit</name>
         <load_address>0x5460</load_address>
         <run_address>0x5460</run_address>
         <size>0x48</size>
         <input_file_ref idref="fl-ec"/>
      </object_component>
      <object_component id="oc-1f7">
         <name>.text</name>
         <load_address>0x54a8</load_address>
         <run_address>0x54a8</run_address>
         <size>0x48</size>
         <input_file_ref idref="fl-e2"/>
      </object_component>
      <object_component id="oc-5d1">
         <name>.text:HOSTclose</name>
         <load_address>0x54f0</load_address>
         <run_address>0x54f0</run_address>
         <size>0x44</size>
         <input_file_ref idref="fl-107"/>
      </object_component>
      <object_component id="oc-5e9">
         <name>.text:HOSTunlink</name>
         <load_address>0x5534</load_address>
         <run_address>0x5534</run_address>
         <size>0x44</size>
         <input_file_ref idref="fl-10c"/>
      </object_component>
      <object_component id="oc-150">
         <name>.text:__TI_auto_init_nobinit_nopinit:__TI_auto_init_nobinit_nopinit</name>
         <load_address>0x5578</load_address>
         <run_address>0x5578</run_address>
         <size>0x44</size>
         <input_file_ref idref="fl-103"/>
      </object_component>
      <object_component id="oc-63f">
         <name>.text:getdevice</name>
         <load_address>0x55bc</load_address>
         <run_address>0x55bc</run_address>
         <size>0x44</size>
         <input_file_ref idref="fl-113"/>
      </object_component>
      <object_component id="oc-3ec">
         <name>.text:GPIO_setAsOutputPin</name>
         <load_address>0x5600</load_address>
         <run_address>0x5600</run_address>
         <size>0x40</size>
         <input_file_ref idref="fl-1c"/>
      </object_component>
      <object_component id="oc-2a0">
         <name>.text:Graphics_getNumberOfLeadingZeros</name>
         <load_address>0x5640</load_address>
         <run_address>0x5640</run_address>
         <size>0x40</size>
         <input_file_ref idref="fl-15"/>
      </object_component>
      <object_component id="oc-4cc">
         <name>.text:is_A_Module</name>
         <load_address>0x5680</load_address>
         <run_address>0x5680</run_address>
         <size>0x40</size>
         <input_file_ref idref="fl-1f"/>
      </object_component>
      <object_component id="oc-30c">
         <name>.text:sprintf</name>
         <load_address>0x56c0</load_address>
         <run_address>0x56c0</run_address>
         <size>0x40</size>
         <input_file_ref idref="fl-d9"/>
      </object_component>
      <object_component id="oc-460">
         <name>.text:_fcpy</name>
         <load_address>0x5700</load_address>
         <run_address>0x5700</run_address>
         <size>0x3e</size>
         <input_file_ref idref="fl-d8"/>
      </object_component>
      <object_component id="oc-618">
         <name>.text:__TI_writemsg</name>
         <load_address>0x5740</load_address>
         <run_address>0x5740</run_address>
         <size>0x38</size>
         <input_file_ref idref="fl-10e"/>
      </object_component>
      <object_component id="oc-ed">
         <name>.text</name>
         <load_address>0x5778</load_address>
         <run_address>0x5778</run_address>
         <size>0x38</size>
         <input_file_ref idref="fl-e4"/>
      </object_component>
      <object_component id="oc-3bb">
         <name>.text:Graphics_drawHorizontalLineOnDisplay</name>
         <load_address>0x57b0</load_address>
         <run_address>0x57b0</run_address>
         <size>0x36</size>
         <input_file_ref idref="fl-19"/>
      </object_component>
      <object_component id="oc-3ca">
         <name>.text:Graphics_drawVerticalLineOnDisplay</name>
         <load_address>0x57e6</load_address>
         <run_address>0x57e6</run_address>
         <size>0x36</size>
         <input_file_ref idref="fl-19"/>
      </object_component>
      <object_component id="oc-661">
         <name>.text:strncpy</name>
         <load_address>0x581c</load_address>
         <run_address>0x581c</run_address>
         <size>0x36</size>
         <input_file_ref idref="fl-116"/>
      </object_component>
      <object_component id="oc-582">
         <name>.text:__TI_cleanup</name>
         <load_address>0x5854</load_address>
         <run_address>0x5854</run_address>
         <size>0x34</size>
         <input_file_ref idref="fl-100"/>
      </object_component>
      <object_component id="oc-61e">
         <name>.text:__TI_readmsg</name>
         <load_address>0x5888</load_address>
         <run_address>0x5888</run_address>
         <size>0x34</size>
         <input_file_ref idref="fl-10e"/>
      </object_component>
      <object_component id="oc-58">
         <name>.text:_c_int00_noargs:_c_int00_noargs</name>
         <load_address>0x58bc</load_address>
         <run_address>0x58bc</run_address>
         <size>0x34</size>
         <input_file_ref idref="fl-f7"/>
      </object_component>
      <object_component id="oc-667">
         <name>.text:finddevice</name>
         <load_address>0x58f0</load_address>
         <run_address>0x58f0</run_address>
         <size>0x30</size>
         <input_file_ref idref="fl-113"/>
      </object_component>
      <object_component id="oc-1ec">
         <name>.text</name>
         <load_address>0x5920</load_address>
         <run_address>0x5920</run_address>
         <size>0x2e</size>
         <input_file_ref idref="fl-e5"/>
      </object_component>
      <object_component id="oc-2a6">
         <name>.text:Graphics_drawPixelOnDisplay</name>
         <load_address>0x594e</load_address>
         <run_address>0x594e</run_address>
         <size>0x2c</size>
         <input_file_ref idref="fl-19"/>
      </object_component>
      <object_component id="oc-60d">
         <name>.text:unlink</name>
         <load_address>0x597c</load_address>
         <run_address>0x597c</run_address>
         <size>0x2c</size>
         <input_file_ref idref="fl-119"/>
      </object_component>
      <object_component id="oc-2d1">
         <name>.text:GPIO_setOutputHighOnPin</name>
         <load_address>0x59a8</load_address>
         <run_address>0x59a8</run_address>
         <size>0x28</size>
         <input_file_ref idref="fl-1c"/>
      </object_component>
      <object_component id="oc-2cb">
         <name>.text:GPIO_setOutputLowOnPin</name>
         <load_address>0x59d0</load_address>
         <run_address>0x59d0</run_address>
         <size>0x28</size>
         <input_file_ref idref="fl-1c"/>
      </object_component>
      <object_component id="oc-5b1">
         <name>.text:free_list_insert</name>
         <load_address>0x59f8</load_address>
         <run_address>0x59f8</run_address>
         <size>0x28</size>
         <input_file_ref idref="fl-f4"/>
      </object_component>
      <object_component id="oc-56e">
         <name>.text:lseek</name>
         <load_address>0x5a20</load_address>
         <run_address>0x5a20</run_address>
         <size>0x28</size>
         <input_file_ref idref="fl-110"/>
      </object_component>
      <object_component id="oc-4b1">
         <name>.text:write</name>
         <load_address>0x5a48</load_address>
         <run_address>0x5a48</run_address>
         <size>0x28</size>
         <input_file_ref idref="fl-f8"/>
      </object_component>
      <object_component id="oc-4a5">
         <name>.text:memchr</name>
         <load_address>0x5a70</load_address>
         <run_address>0x5a70</run_address>
         <size>0x20</size>
         <input_file_ref idref="fl-f3"/>
      </object_component>
      <object_component id="oc-282">
         <name>.text:Graphics_fillRectangleOnDisplay</name>
         <load_address>0x5a90</load_address>
         <run_address>0x5a90</run_address>
         <size>0x1e</size>
         <input_file_ref idref="fl-19"/>
      </object_component>
      <object_component id="oc-3e0">
         <name>.text:SPI_enableModule</name>
         <load_address>0x5aae</load_address>
         <run_address>0x5aae</run_address>
         <size>0x1c</size>
         <input_file_ref idref="fl-1f"/>
      </object_component>
      <object_component id="oc-46">
         <name>.text:decompress:ZI:__TI_zero_init_nomemset:__TI_zero_init_nomemset</name>
         <load_address>0x5aca</load_address>
         <run_address>0x5aca</run_address>
         <size>0x1c</size>
         <input_file_ref idref="fl-e9"/>
      </object_component>
      <object_component id="oc-5ab">
         <name>.text:free_list_remove</name>
         <load_address>0x5ae8</load_address>
         <run_address>0x5ae8</run_address>
         <size>0x1c</size>
         <input_file_ref idref="fl-f4"/>
      </object_component>
      <object_component id="oc-348">
         <name>.text:memccpy</name>
         <load_address>0x5b04</load_address>
         <run_address>0x5b04</run_address>
         <size>0x1c</size>
         <input_file_ref idref="fl-f2"/>
      </object_component>
      <object_component id="oc-2e0">
         <name>.text:Graphics_clearDisplayOnDisplay</name>
         <load_address>0x5b20</load_address>
         <run_address>0x5b20</run_address>
         <size>0x1a</size>
         <input_file_ref idref="fl-19"/>
      </object_component>
      <object_component id="oc-19e">
         <name>.text:Graphics_setBackgroundColor</name>
         <load_address>0x5b3a</load_address>
         <run_address>0x5b3a</run_address>
         <size>0x1a</size>
         <input_file_ref idref="fl-17"/>
      </object_component>
      <object_component id="oc-1c2">
         <name>.text:Graphics_setFont</name>
         <load_address>0x5b54</load_address>
         <run_address>0x5b54</run_address>
         <size>0x1a</size>
         <input_file_ref idref="fl-17"/>
      </object_component>
      <object_component id="oc-510">
         <name>.text:copysign</name>
         <load_address>0x5b6e</load_address>
         <run_address>0x5b6e</run_address>
         <size>0x1a</size>
         <input_file_ref idref="fl-111"/>
      </object_component>
      <object_component id="oc-42a">
         <name>.text:_outs</name>
         <load_address>0x5b88</load_address>
         <run_address>0x5b88</run_address>
         <size>0x18</size>
         <input_file_ref idref="fl-d9"/>
      </object_component>
      <object_component id="oc-67e">
         <name>.text:strcmp</name>
         <load_address>0x5ba0</load_address>
         <run_address>0x5ba0</run_address>
         <size>0x18</size>
         <input_file_ref idref="fl-114"/>
      </object_component>
      <object_component id="oc-4d4">
         <name>.text:EUSCI_A_SPI_enable</name>
         <load_address>0x5bb8</load_address>
         <run_address>0x5bb8</run_address>
         <size>0x16</size>
         <input_file_ref idref="fl-1f"/>
      </object_component>
      <object_component id="oc-4da">
         <name>.text:EUSCI_B_SPI_enable</name>
         <load_address>0x5bce</load_address>
         <run_address>0x5bce</run_address>
         <size>0x16</size>
         <input_file_ref idref="fl-1f"/>
      </object_component>
      <object_component id="oc-186">
         <name>.text:Graphics_setForegroundColor</name>
         <load_address>0x5be4</load_address>
         <run_address>0x5be4</run_address>
         <size>0x16</size>
         <input_file_ref idref="fl-17"/>
      </object_component>
      <object_component id="oc-275">
         <name>.text:Graphics_translateColorOnDisplay</name>
         <load_address>0x5bfa</load_address>
         <run_address>0x5bfa</run_address>
         <size>0x16</size>
         <input_file_ref idref="fl-19"/>
      </object_component>
      <object_component id="oc-474">
         <name>.text:strchr</name>
         <load_address>0x5c10</load_address>
         <run_address>0x5c10</run_address>
         <size>0x16</size>
         <input_file_ref idref="fl-f5"/>
      </object_component>
      <object_component id="oc-632">
         <name>.text:strcpy</name>
         <load_address>0x5c26</load_address>
         <run_address>0x5c26</run_address>
         <size>0x14</size>
         <input_file_ref idref="fl-115"/>
      </object_component>
      <object_component id="oc-31e">
         <name>.text:strlen</name>
         <load_address>0x5c3a</load_address>
         <run_address>0x5c3a</run_address>
         <size>0x14</size>
         <input_file_ref idref="fl-f6"/>
      </object_component>
      <object_component id="oc-1c8">
         <name>.text:Graphics_clearDisplay</name>
         <load_address>0x5c4e</load_address>
         <run_address>0x5c4e</run_address>
         <size>0x12</size>
         <input_file_ref idref="fl-17"/>
      </object_component>
      <object_component id="oc-34e">
         <name>.text:wcslen</name>
         <load_address>0x5c60</load_address>
         <run_address>0x5c60</run_address>
         <size>0x12</size>
         <input_file_ref idref="fl-fb"/>
      </object_component>
      <object_component id="oc-1d">
         <name>.text:decompress:none:__TI_decompress_none</name>
         <load_address>0x5c72</load_address>
         <run_address>0x5c72</run_address>
         <size>0xe</size>
         <input_file_ref idref="fl-ea"/>
      </object_component>
      <object_component id="oc-6a">
         <name>.text</name>
         <load_address>0x5c80</load_address>
         <run_address>0x5c80</run_address>
         <size>0xe</size>
         <input_file_ref idref="fl-2"/>
      </object_component>
      <object_component id="oc-430">
         <name>.text:_outc</name>
         <load_address>0x5c8e</load_address>
         <run_address>0x5c8e</run_address>
         <size>0xa</size>
         <input_file_ref idref="fl-d9"/>
      </object_component>
      <object_component id="oc-354">
         <name>.text:__aeabi_errno_addr</name>
         <load_address>0x5c98</load_address>
         <run_address>0x5c98</run_address>
         <size>0x8</size>
         <input_file_ref idref="fl-fa"/>
      </object_component>
      <object_component id="oc-57c">
         <name>.text:malloc</name>
         <load_address>0x5ca0</load_address>
         <run_address>0x5ca0</run_address>
         <size>0x8</size>
         <input_file_ref idref="fl-f4"/>
      </object_component>
      <object_component id="oc-231">
         <name>.text:_outc</name>
         <load_address>0x5ca8</load_address>
         <run_address>0x5ca8</run_address>
         <size>0x4</size>
         <input_file_ref idref="fl-d7"/>
      </object_component>
      <object_component id="oc-22b">
         <name>.text:_outs</name>
         <load_address>0x5cac</load_address>
         <run_address>0x5cac</run_address>
         <size>0x4</size>
         <input_file_ref idref="fl-d7"/>
      </object_component>
      <object_component id="oc-a6">
         <name>.text:_system_pre_init</name>
         <load_address>0x5cb0</load_address>
         <run_address>0x5cb0</run_address>
         <size>0x4</size>
         <input_file_ref idref="fl-104"/>
      </object_component>
      <object_component id="oc-144">
         <name>.text:abort:abort</name>
         <load_address>0x5cb4</load_address>
         <run_address>0x5cb4</run_address>
         <size>0x4</size>
         <input_file_ref idref="fl-ec"/>
      </object_component>
      <object_component id="oc-2f5">
         <name>.const:.string:g_pucCmsc22Data</name>
         <load_address>0x5cb8</load_address>
         <run_address>0x5cb8</run_address>
         <size>0xa17</size>
         <input_file_ref idref="fl-1a"/>
      </object_component>
      <object_component id="oc-2ef">
         <name>.const:.string:g_pucFontFixed6x8Data</name>
         <load_address>0x66cf</load_address>
         <run_address>0x66cf</run_address>
         <size>0x2f8</size>
         <input_file_ref idref="fl-1b"/>
      </object_component>
      <object_component id="oc-43c">
         <name>.const:.string:_ctypes_</name>
         <load_address>0x69c7</load_address>
         <run_address>0x69c7</run_address>
         <size>0x101</size>
         <input_file_ref idref="fl-f0"/>
      </object_component>
      <object_component id="oc-1dd">
         <name>.const:g_sFontCmsc22</name>
         <load_address>0x6ac8</load_address>
         <run_address>0x6ac8</run_address>
         <size>0xc8</size>
         <input_file_ref idref="fl-1a"/>
      </object_component>
      <object_component id="oc-1da">
         <name>.const:g_sFontFixed6x8</name>
         <load_address>0x6b90</load_address>
         <run_address>0x6b90</run_address>
         <size>0xc8</size>
         <input_file_ref idref="fl-1b"/>
      </object_component>
      <object_component id="oc-408">
         <name>.const:GPIO_PORT_TO_BASE</name>
         <load_address>0x6c58</load_address>
         <run_address>0x6c58</run_address>
         <size>0x30</size>
         <input_file_ref idref="fl-1c"/>
      </object_component>
      <object_component id="oc-1d7">
         <name>.const:g_sCrystalfontz128x128_funcs</name>
         <load_address>0x6c88</load_address>
         <run_address>0x6c88</run_address>
         <size>0x20</size>
         <input_file_ref idref="fl-18"/>
      </object_component>
      <object_component id="oc-3f2">
         <name>.const:$P$T0$1</name>
         <load_address>0x6ca8</load_address>
         <run_address>0x6ca8</run_address>
         <size>0x1c</size>
         <input_file_ref idref="fl-1d"/>
      </object_component>
      <object_component id="oc-6be">
         <name>.cinit..data.load</name>
         <load_address>0x6cc8</load_address>
         <run_address>0x6cc8</run_address>
         <size>0xa8</size>
      </object_component>
      <object_component id="oc-6bc">
         <name>__TI_handler_table</name>
         <load_address>0x6d70</load_address>
         <run_address>0x6d70</run_address>
         <size>0xc</size>
      </object_component>
      <object_component id="oc-6bf">
         <name>.cinit..bss.load</name>
         <load_address>0x6d80</load_address>
         <run_address>0x6d80</run_address>
         <size>0x8</size>
      </object_component>
      <object_component id="oc-6bd">
         <name>__TI_cinit_table</name>
         <load_address>0x6d88</load_address>
         <run_address>0x6d88</run_address>
         <size>0x10</size>
      </object_component>
      <object_component id="oc-690">
         <name>.binit</name>
         <load_address>0x0</load_address>
         <run_address>0x0</run_address>
         <size>0x0</size>
      </object_component>
      <object_component id="oc-182">
         <name>.data</name>
         <load_address>0x20000698</load_address>
         <run_address>0x20000698</run_address>
         <size>0x4</size>
         <input_file_ref idref="fl-3"/>
      </object_component>
      <object_component id="oc-106">
         <name>.data</name>
         <load_address>0x2000068c</load_address>
         <run_address>0x2000068c</run_address>
         <size>0x4</size>
         <input_file_ref idref="fl-4"/>
      </object_component>
      <object_component id="oc-10b">
         <name>.data</name>
         <load_address>0x20000690</load_address>
         <run_address>0x20000690</run_address>
         <size>0x4</size>
         <input_file_ref idref="fl-6"/>
      </object_component>
      <object_component id="oc-20c">
         <name>.data</name>
         <load_address>0x20000684</load_address>
         <run_address>0x20000684</run_address>
         <size>0x8</size>
         <input_file_ref idref="fl-c"/>
      </object_component>
      <object_component id="oc-dd">
         <name>.data</name>
         <load_address>0x2000069e</load_address>
         <run_address>0x2000069e</run_address>
         <size>0x1</size>
         <input_file_ref idref="fl-d"/>
      </object_component>
      <object_component id="oc-24e">
         <name>.data:options</name>
         <load_address>0x20000568</load_address>
         <run_address>0x20000568</run_address>
         <size>0x78</size>
         <input_file_ref idref="fl-10"/>
      </object_component>
      <object_component id="oc-251">
         <name>.data:color</name>
         <load_address>0x2000065c</load_address>
         <run_address>0x2000065c</run_address>
         <size>0xc</size>
         <input_file_ref idref="fl-10"/>
      </object_component>
      <object_component id="oc-24b">
         <name>.data</name>
         <load_address>0x2000069f</load_address>
         <run_address>0x2000069f</run_address>
         <size>0x1</size>
         <input_file_ref idref="fl-10"/>
      </object_component>
      <object_component id="oc-1fc">
         <name>.data</name>
         <load_address>0x2000069c</load_address>
         <run_address>0x2000069c</run_address>
         <size>0x2</size>
         <input_file_ref idref="fl-11"/>
      </object_component>
      <object_component id="oc-204">
         <name>.data</name>
         <load_address>0x20000668</load_address>
         <run_address>0x20000668</run_address>
         <size>0xc</size>
         <input_file_ref idref="fl-13"/>
      </object_component>
      <object_component id="oc-1d4">
         <name>.data:g_sCrystalfontz128x128</name>
         <load_address>0x20000630</load_address>
         <run_address>0x20000630</run_address>
         <size>0x10</size>
         <input_file_ref idref="fl-18"/>
      </object_component>
      <object_component id="oc-257">
         <name>.data:$O1$$</name>
         <load_address>0x20000650</load_address>
         <run_address>0x20000650</run_address>
         <size>0xc</size>
         <input_file_ref idref="fl-ec"/>
      </object_component>
      <object_component id="oc-225">
         <name>.data:$O1$$</name>
         <load_address>0x20000674</load_address>
         <run_address>0x20000674</run_address>
         <size>0x8</size>
         <input_file_ref idref="fl-ed"/>
      </object_component>
      <object_component id="oc-228">
         <name>.data:_ftable</name>
         <load_address>0x20000400</load_address>
         <run_address>0x20000400</run_address>
         <size>0xf0</size>
         <input_file_ref idref="fl-f1"/>
      </object_component>
      <object_component id="oc-5c5">
         <name>.data</name>
         <load_address>0x20000640</load_address>
         <run_address>0x20000640</run_address>
         <size>0x10</size>
         <input_file_ref idref="fl-f1"/>
      </object_component>
      <object_component id="oc-5fb">
         <name>.data:$O1$$</name>
         <load_address>0x2000067c</load_address>
         <run_address>0x2000067c</run_address>
         <size>0x8</size>
         <input_file_ref idref="fl-f4"/>
      </object_component>
      <object_component id="oc-595">
         <name>.data:_device</name>
         <load_address>0x200004f0</load_address>
         <run_address>0x200004f0</run_address>
         <size>0x78</size>
         <input_file_ref idref="fl-f9"/>
      </object_component>
      <object_component id="oc-53e">
         <name>.data:_stream</name>
         <load_address>0x200005e0</load_address>
         <run_address>0x200005e0</run_address>
         <size>0x50</size>
         <input_file_ref idref="fl-f9"/>
      </object_component>
      <object_component id="oc-484">
         <name>.data</name>
         <load_address>0x20000694</load_address>
         <run_address>0x20000694</run_address>
         <size>0x4</size>
         <input_file_ref idref="fl-fa"/>
      </object_component>
      <object_component id="oc-1ce">
         <name>.bss:g_sContext</name>
         <uninitialized>true</uninitialized>
         <run_address>0x20000880</run_address>
         <size>0x1c</size>
         <input_file_ref idref="fl-e"/>
      </object_component>
      <object_component id="oc-1d1">
         <name>.bss:g_sContext_big_font</name>
         <uninitialized>true</uninitialized>
         <run_address>0x2000089c</run_address>
         <size>0x1c</size>
         <input_file_ref idref="fl-e"/>
      </object_component>
      <object_component id="oc-207">
         <name>.bss:road</name>
         <uninitialized>true</uninitialized>
         <run_address>0x20000860</run_address>
         <size>0x20</size>
         <input_file_ref idref="fl-13"/>
      </object_component>
      <object_component id="oc-649">
         <name>.bss:_CIOBUF_</name>
         <uninitialized>true</uninitialized>
         <run_address>0x200006a0</run_address>
         <size>0x120</size>
         <input_file_ref idref="fl-10e"/>
      </object_component>
      <object_component id="oc-2c8">
         <name>.common:Lcd_Orientation</name>
         <uninitialized>true</uninitialized>
         <run_address>0x200008c8</run_address>
         <size>0x1</size>
      </object_component>
      <object_component id="oc-2d7">
         <name>.common:Lcd_ScreenWidth</name>
         <uninitialized>true</uninitialized>
         <run_address>0x200008c2</run_address>
         <size>0x2</size>
      </object_component>
      <object_component id="oc-2d8">
         <name>.common:Lcd_ScreenHeigth</name>
         <uninitialized>true</uninitialized>
         <run_address>0x200008c0</run_address>
         <size>0x2</size>
      </object_component>
      <object_component id="oc-2d9">
         <name>.common:Lcd_PenSolid</name>
         <uninitialized>true</uninitialized>
         <run_address>0x200008c9</run_address>
         <size>0x1</size>
      </object_component>
      <object_component id="oc-2da">
         <name>.common:Lcd_FontSolid</name>
         <uninitialized>true</uninitialized>
         <run_address>0x200008c7</run_address>
         <size>0x1</size>
      </object_component>
      <object_component id="oc-2db">
         <name>.common:Lcd_FlagRead</name>
         <uninitialized>true</uninitialized>
         <run_address>0x200008c6</run_address>
         <size>0x1</size>
      </object_component>
      <object_component id="oc-2dc">
         <name>.common:Lcd_TouchTrim</name>
         <uninitialized>true</uninitialized>
         <run_address>0x200008c4</run_address>
         <size>0x2</size>
      </object_component>
      <object_component id="oc-613">
         <name>.common:__TI_tmpnams</name>
         <uninitialized>true</uninitialized>
         <run_address>0x200007c0</run_address>
         <size>0xa0</size>
      </object_component>
      <object_component id="oc-624">
         <name>.common:parmbuf</name>
         <uninitialized>true</uninitialized>
         <run_address>0x200008b8</run_address>
         <size>0x8</size>
      </object_component>
      <object_component id="oc-29">
         <name>.sysmem</name>
         <uninitialized>true</uninitialized>
         <run_address>0x20000000</run_address>
         <size>0x10</size>
         <input_file_ref idref="fl-f4"/>
      </object_component>
      <object_component id="oc-6c2">
         <name>.sysmem</name>
         <uninitialized>true</uninitialized>
         <run_address>0x20000000</run_address>
         <size>0x0</size>
      </object_component>
      <object_component id="oc-2c">
         <name>.stack</name>
         <uninitialized>true</uninitialized>
         <run_address>0x2000fe00</run_address>
         <size>0x4</size>
         <input_file_ref idref="fl-f7"/>
      </object_component>
      <object_component id="oc-6c1">
         <name>.stack</name>
         <uninitialized>true</uninitialized>
         <run_address>0x2000fe00</run_address>
         <size>0x0</size>
      </object_component>
      <object_component id="oc-249">
         <name>.debug_info</name>
         <load_address>0x0</load_address>
         <run_address>0x0</run_address>
         <size>0x8f4</size>
         <input_file_ref idref="fl-1"/>
      </object_component>
      <object_component id="oc-ad">
         <name>.debug_info</name>
         <load_address>0x8f4</load_address>
         <run_address>0x8f4</run_address>
         <size>0x3ac</size>
         <input_file_ref idref="fl-1"/>
      </object_component>
      <object_component id="oc-10f">
         <name>.debug_info</name>
         <load_address>0xca0</load_address>
         <run_address>0xca0</run_address>
         <size>0x37e2</size>
         <input_file_ref idref="fl-1"/>
      </object_component>
      <object_component id="oc-116">
         <name>.debug_info</name>
         <load_address>0x4482</load_address>
         <run_address>0x4482</run_address>
         <size>0x26b</size>
         <input_file_ref idref="fl-1"/>
      </object_component>
      <object_component id="oc-21a">
         <name>.debug_info</name>
         <load_address>0x46ed</load_address>
         <run_address>0x46ed</run_address>
         <size>0x1055</size>
         <input_file_ref idref="fl-1"/>
      </object_component>
      <object_component id="oc-35">
         <name>.debug_info</name>
         <load_address>0x5742</load_address>
         <run_address>0x5742</run_address>
         <size>0x84</size>
         <input_file_ref idref="fl-1"/>
      </object_component>
      <object_component id="oc-213">
         <name>.debug_info</name>
         <load_address>0x57c6</load_address>
         <run_address>0x57c6</run_address>
         <size>0x2a4</size>
         <input_file_ref idref="fl-1"/>
      </object_component>
      <object_component id="oc-403">
         <name>.debug_info</name>
         <load_address>0x5a6a</load_address>
         <run_address>0x5a6a</run_address>
         <size>0xef</size>
         <input_file_ref idref="fl-1"/>
      </object_component>
      <object_component id="oc-e1">
         <name>.debug_info</name>
         <load_address>0x5b59</load_address>
         <run_address>0x5b59</run_address>
         <size>0xbb</size>
         <input_file_ref idref="fl-1"/>
      </object_component>
      <object_component id="oc-239">
         <name>.debug_info</name>
         <load_address>0x5c14</load_address>
         <run_address>0x5c14</run_address>
         <size>0x2c</size>
         <input_file_ref idref="fl-1"/>
      </object_component>
      <object_component id="oc-84">
         <name>.debug_info</name>
         <load_address>0x5c40</load_address>
         <run_address>0x5c40</run_address>
         <size>0x2ec</size>
         <input_file_ref idref="fl-2"/>
      </object_component>
      <object_component id="oc-27">
         <name>.debug_info</name>
         <load_address>0x5f2c</load_address>
         <run_address>0x5f2c</run_address>
         <size>0x118</size>
         <input_file_ref idref="fl-2"/>
      </object_component>
      <object_component id="oc-6c">
         <name>.debug_info</name>
         <load_address>0x6044</load_address>
         <run_address>0x6044</run_address>
         <size>0x1df</size>
         <input_file_ref idref="fl-2"/>
      </object_component>
      <object_component id="oc-183">
         <name>.debug_info</name>
         <load_address>0x6223</load_address>
         <run_address>0x6223</run_address>
         <size>0x111</size>
         <input_file_ref idref="fl-3"/>
      </object_component>
      <object_component id="oc-c1">
         <name>.debug_info</name>
         <load_address>0x6334</load_address>
         <run_address>0x6334</run_address>
         <size>0x283</size>
         <input_file_ref idref="fl-3"/>
      </object_component>
      <object_component id="oc-10a">
         <name>.debug_info</name>
         <load_address>0x65b7</load_address>
         <run_address>0x65b7</run_address>
         <size>0x5d9</size>
         <input_file_ref idref="fl-4"/>
      </object_component>
      <object_component id="oc-107">
         <name>.debug_info</name>
         <load_address>0x6b90</load_address>
         <run_address>0x6b90</run_address>
         <size>0xf6</size>
         <input_file_ref idref="fl-4"/>
      </object_component>
      <object_component id="oc-77">
         <name>.debug_info</name>
         <load_address>0x6c86</load_address>
         <run_address>0x6c86</run_address>
         <size>0x967</size>
         <input_file_ref idref="fl-4"/>
      </object_component>
      <object_component id="oc-13a">
         <name>.debug_info</name>
         <load_address>0x75ed</load_address>
         <run_address>0x75ed</run_address>
         <size>0x1db</size>
         <input_file_ref idref="fl-5"/>
      </object_component>
      <object_component id="oc-10c">
         <name>.debug_info</name>
         <load_address>0x77c8</load_address>
         <run_address>0x77c8</run_address>
         <size>0x17d</size>
         <input_file_ref idref="fl-6"/>
      </object_component>
      <object_component id="oc-7d">
         <name>.debug_info</name>
         <load_address>0x7945</load_address>
         <run_address>0x7945</run_address>
         <size>0x7fb</size>
         <input_file_ref idref="fl-6"/>
      </object_component>
      <object_component id="oc-210">
         <name>.debug_info</name>
         <load_address>0x8140</load_address>
         <run_address>0x8140</run_address>
         <size>0x41c</size>
         <input_file_ref idref="fl-c"/>
      </object_component>
      <object_component id="oc-20d">
         <name>.debug_info</name>
         <load_address>0x855c</load_address>
         <run_address>0x855c</run_address>
         <size>0x122</size>
         <input_file_ref idref="fl-c"/>
      </object_component>
      <object_component id="oc-da">
         <name>.debug_info</name>
         <load_address>0x867e</load_address>
         <run_address>0x867e</run_address>
         <size>0x3ca</size>
         <input_file_ref idref="fl-c"/>
      </object_component>
      <object_component id="oc-1e2">
         <name>.debug_info</name>
         <load_address>0x8a48</load_address>
         <run_address>0x8a48</run_address>
         <size>0x439</size>
         <input_file_ref idref="fl-c"/>
      </object_component>
      <object_component id="oc-e6">
         <name>.debug_info</name>
         <load_address>0x8e81</load_address>
         <run_address>0x8e81</run_address>
         <size>0x7b8</size>
         <input_file_ref idref="fl-d"/>
      </object_component>
      <object_component id="oc-de">
         <name>.debug_info</name>
         <load_address>0x9639</load_address>
         <run_address>0x9639</run_address>
         <size>0xf9</size>
         <input_file_ref idref="fl-d"/>
      </object_component>
      <object_component id="oc-73">
         <name>.debug_info</name>
         <load_address>0x9732</load_address>
         <run_address>0x9732</run_address>
         <size>0x3fb</size>
         <input_file_ref idref="fl-d"/>
      </object_component>
      <object_component id="oc-1e1">
         <name>.debug_info</name>
         <load_address>0x9b2d</load_address>
         <run_address>0x9b2d</run_address>
         <size>0xb56</size>
         <input_file_ref idref="fl-e"/>
      </object_component>
      <object_component id="oc-1cf">
         <name>.debug_info</name>
         <load_address>0xa683</load_address>
         <run_address>0xa683</run_address>
         <size>0xf3</size>
         <input_file_ref idref="fl-e"/>
      </object_component>
      <object_component id="oc-1d2">
         <name>.debug_info</name>
         <load_address>0xa776</load_address>
         <run_address>0xa776</run_address>
         <size>0x105</size>
         <input_file_ref idref="fl-e"/>
      </object_component>
      <object_component id="oc-c9">
         <name>.debug_info</name>
         <load_address>0xa87b</load_address>
         <run_address>0xa87b</run_address>
         <size>0xb65</size>
         <input_file_ref idref="fl-e"/>
      </object_component>
      <object_component id="oc-1e7">
         <name>.debug_info</name>
         <load_address>0xb3e0</load_address>
         <run_address>0xb3e0</run_address>
         <size>0x8b</size>
         <input_file_ref idref="fl-e"/>
      </object_component>
      <object_component id="oc-3f6">
         <name>.debug_info</name>
         <load_address>0xb46b</load_address>
         <run_address>0xb46b</run_address>
         <size>0x131</size>
         <input_file_ref idref="fl-e"/>
      </object_component>
      <object_component id="oc-2c1">
         <name>.debug_info</name>
         <load_address>0xb59c</load_address>
         <run_address>0xb59c</run_address>
         <size>0x53b</size>
         <input_file_ref idref="fl-f"/>
      </object_component>
      <object_component id="oc-292">
         <name>.debug_info</name>
         <load_address>0xbad7</load_address>
         <run_address>0xbad7</run_address>
         <size>0x216</size>
         <input_file_ref idref="fl-f"/>
      </object_component>
      <object_component id="oc-2b7">
         <name>.debug_info</name>
         <load_address>0xbced</load_address>
         <run_address>0xbced</run_address>
         <size>0x214</size>
         <input_file_ref idref="fl-f"/>
      </object_component>
      <object_component id="oc-3d5">
         <name>.debug_info</name>
         <load_address>0xbf01</load_address>
         <run_address>0xbf01</run_address>
         <size>0x1d4</size>
         <input_file_ref idref="fl-f"/>
      </object_component>
      <object_component id="oc-2be">
         <name>.debug_info</name>
         <load_address>0xc0d5</load_address>
         <run_address>0xc0d5</run_address>
         <size>0x2ad</size>
         <input_file_ref idref="fl-f"/>
      </object_component>
      <object_component id="oc-1b4">
         <name>.debug_info</name>
         <load_address>0xc382</load_address>
         <run_address>0xc382</run_address>
         <size>0x2e2</size>
         <input_file_ref idref="fl-f"/>
      </object_component>
      <object_component id="oc-3ae">
         <name>.debug_info</name>
         <load_address>0xc664</load_address>
         <run_address>0xc664</run_address>
         <size>0x26b</size>
         <input_file_ref idref="fl-f"/>
      </object_component>
      <object_component id="oc-28a">
         <name>.debug_info</name>
         <load_address>0xc8cf</load_address>
[...]
         <object_component_ref idref="oc-ed"/>
      </symbol>
      <symbol id="sm-864">
         <name>__aeabi_i2d</name>
         <value>0x5921</value>
         <object_component_ref idref="oc-1ec"/>
      </symbol>
      <symbol id="sm-87f">
         <name>memcpy</name>
         <value>0x4679</value>
         <object_component_ref idref="oc-3a"/>
      </symbol>
      <symbol id="sm-880">
         <name>__aeabi_memcpy</name>
         <value>0x4679</value>
         <object_component_ref idref="oc-3a"/>
      </symbol>
      <symbol id="sm-881">
         <name>__aeabi_memcpy8</name>
         <value>0x4679</value>
         <object_component_ref idref="oc-3a"/>
      </symbol>
      <symbol id="sm-882">
         <name>__aeabi_memcpy4</name>
         <value>0x4679</value>
         <object_component_ref idref="oc-3a"/>
      </symbol>
      <symbol id="sm-891">
         <name>__aeabi_memset</name>
         <value>0x4afb</value>
         <object_component_ref idref="oc-a0"/>
      </symbol>
      <symbol id="sm-892">
         <name>memset</name>
         <value>0x4b01</value>
         <object_component_ref idref="oc-a0"/>
      </symbol>
      <symbol id="sm-893">
         <name>__aeabi_memset8</name>
         <value>0x4afb</value>
         <object_component_ref idref="oc-a0"/>
      </symbol>
      <symbol id="sm-894">
         <name>__aeabi_memset4</name>
         <value>0x4afb</value>
         <object_component_ref idref="oc-a0"/>
      </symbol>
      <symbol id="sm-895">
         <name>__aeabi_memclr8</name>
         <value>0x4af9</value>
         <object_component_ref idref="oc-a0"/>
      </symbol>
      <symbol id="sm-896">
         <name>__aeabi_memclr4</name>
         <value>0x4af9</value>
         <object_component_ref idref="oc-a0"/>
      </symbol>
      <symbol id="sm-897">
         <name>__aeabi_memclr</name>
         <value>0x4af9</value>
         <object_component_ref idref="oc-a0"/>
      </symbol>
      <symbol id="sm-8a4">
         <name>__aeabi_uldivmod</name>
         <value>0x47ad</value>
         <object_component_ref idref="oc-441"/>
      </symbol>
      <symbol id="sm-8b8">
         <name>__TI_zero_init_nomemset</name>
         <value>0x5acb</value>
         <object_component_ref idref="oc-46"/>
      </symbol>
      <symbol id="sm-8cf">
         <name>__TI_decompress_none</name>
         <value>0x5c73</value>
         <object_component_ref idref="oc-1d"/>
      </symbol>
      <symbol id="sm-8f2">
         <name>__TI_decompress_lzss</name>
         <value>0x4e09</value>
         <object_component_ref idref="oc-17"/>
      </symbol>
      <symbol id="sm-918">
         <name>C$$EXIT</name>
         <value>0x5cb5</value>
         <object_component_ref idref="oc-144"/>
      </symbol>
      <symbol id="sm-919">
         <name>abort</name>
         <value>0x5cb5</value>
         <object_component_ref idref="oc-144"/>
      </symbol>
      <symbol id="sm-91a">
         <name>__TI_dtors_ptr</name>
         <value>0x20000654</value>
         <object_component_ref idref="oc-257"/>
      </symbol>
      <symbol id="sm-91b">
         <name>__TI_cleanup_ptr</name>
         <value>0x20000650</value>
         <object_component_ref idref="oc-257"/>
      </symbol>
      <symbol id="sm-91c">
         <name>__TI_enable_exit_profile_output</name>
         <value>0x20000658</value>
         <object_component_ref idref="oc-257"/>
      </symbol>
      <symbol id="sm-91d">
         <name>exit</name>
         <value>0x5461</value>
         <object_component_ref idref="oc-14a"/>
      </symbol>
      <symbol id="sm-932">
         <name>_nop</name>
         <value>0xb33</value>
         <object_component_ref idref="oc-366"/>
      </symbol>
      <symbol id="sm-933">
         <name>_lock</name>
         <value>0x20000674</value>
         <object_component_ref idref="oc-225"/>
      </symbol>
      <symbol id="sm-934">
         <name>_unlock</name>
         <value>0x20000678</value>
         <object_component_ref idref="oc-225"/>
      </symbol>
      <symbol id="sm-943">
         <name>__TI_ltoa</name>
         <value>0x5287</value>
         <object_component_ref idref="oc-447"/>
      </symbol>
      <symbol id="sm-959">
         <name>atoi</name>
         <value>0x53cd</value>
         <object_component_ref idref="oc-324"/>
      </symbol>
      <symbol id="sm-964">
         <name>_ctypes_</name>
         <value>0x69c7</value>
         <object_component_ref idref="oc-43c"/>
      </symbol>
      <symbol id="sm-979">
         <name>__TI_tmpnams</name>
         <value>0x200007c0</value>
      </symbol>
      <symbol id="sm-97a">
         <name>__aeabi_stdout</name>
         <value>0x20000648</value>
         <object_component_ref idref="oc-5c5"/>
      </symbol>
      <symbol id="sm-97b">
         <name>__aeabi_stderr</name>
         <value>0x2000064c</value>
         <object_component_ref idref="oc-5c5"/>
      </symbol>
      <symbol id="sm-97c">
         <name>__aeabi_stdin</name>
         <value>0x20000644</value>
         <object_component_ref idref="oc-5c5"/>
      </symbol>
      <symbol id="sm-97d">
         <name>_ftable</name>
         <value>0x20000400</value>
         <object_component_ref idref="oc-228"/>
      </symbol>
      <symbol id="sm-97e">
         <name>__TI_ft_end</name>
         <value>0x20000640</value>
         <object_component_ref idref="oc-5c5"/>
      </symbol>
      <symbol id="sm-98e">
         <name>memccpy</name>
         <value>0x5b05</value>
         <object_component_ref idref="oc-348"/>
      </symbol>
      <symbol id="sm-99e">
         <name>memchr</name>
         <value>0x5a71</value>
         <object_component_ref idref="oc-4a5"/>
      </symbol>
      <symbol id="sm-a27">
         <name>_sys_memory</name>
         <value>0x20000000</value>
         <object_component_ref idref="oc-29"/>
      </symbol>
      <symbol id="sm-a28">
         <name>free</name>
         <value>0x400d</value>
         <object_component_ref idref="oc-576"/>
      </symbol>
      <symbol id="sm-a29">
         <name>memalign</name>
         <value>0x3c1d</value>
         <object_component_ref idref="oc-5b8"/>
      </symbol>
      <symbol id="sm-a2a">
         <name>malloc</name>
         <value>0x5ca1</value>
         <object_component_ref idref="oc-57c"/>
      </symbol>
      <symbol id="sm-a2b">
         <name>aligned_alloc</name>
         <value>0x3c1d</value>
         <object_component_ref idref="oc-5b8"/>
      </symbol>
      <symbol id="sm-a3b">
         <name>strchr</name>
         <value>0x5c11</value>
         <object_component_ref idref="oc-474"/>
      </symbol>
      <symbol id="sm-a49">
         <name>strlen</name>
         <value>0x5c3b</value>
         <object_component_ref idref="oc-31e"/>
      </symbol>
      <symbol id="sm-a5c">
         <name>__stack</name>
         <value>0x2000fe00</value>
         <object_component_ref idref="oc-2c"/>
      </symbol>
      <symbol id="sm-a5d">
         <name>_c_int00_noargs</name>
         <value>0x58bd</value>
         <object_component_ref idref="oc-58"/>
      </symbol>
      <symbol id="sm-a77">
         <name>write</name>
         <value>0x5a49</value>
         <object_component_ref idref="oc-4b1"/>
      </symbol>
      <symbol id="sm-a88">
         <name>_stream</name>
         <value>0x200005e0</value>
         <object_component_ref idref="oc-53e"/>
      </symbol>
      <symbol id="sm-a89">
         <name>_device</name>
         <value>0x200004f0</value>
         <object_component_ref idref="oc-595"/>
      </symbol>
      <symbol id="sm-a9f">
         <name>__aeabi_errno_addr</name>
         <value>0x5c99</value>
         <object_component_ref idref="oc-354"/>
      </symbol>
      <symbol id="sm-aa0">
         <name>errno</name>
         <value>0x20000694</value>
         <object_component_ref idref="oc-484"/>
      </symbol>
      <symbol id="sm-ab9">
         <name>wcslen</name>
         <value>0x5c61</value>
         <object_component_ref idref="oc-34e"/>
      </symbol>
      <symbol id="sm-ae0">
         <name>floorl</name>
         <value>0x3f15</value>
         <object_component_ref idref="oc-2fe"/>
      </symbol>
      <symbol id="sm-ae1">
         <name>floor</name>
         <value>0x3f15</value>
         <object_component_ref idref="oc-2fe"/>
      </symbol>
      <symbol id="sm-b01">
         <name>frexpl</name>
         <value>0x4f3d</value>
         <object_component_ref idref="oc-468"/>
      </symbol>
      <symbol id="sm-b02">
         <name>frexp</name>
         <value>0x4f3d</value>
         <object_component_ref idref="oc-468"/>
      </symbol>
      <symbol id="sm-b1f">
         <name>scalbn</name>
         <value>0x3b0d</value>
         <object_component_ref idref="oc-46e"/>
      </symbol>
      <symbol id="sm-b20">
         <name>scalbnl</name>
         <value>0x3b0d</value>
         <object_component_ref idref="oc-46e"/>
      </symbol>
      <symbol id="sm-b21">
         <name>ldexpl</name>
         <value>0x3b0d</value>
         <object_component_ref idref="oc-46e"/>
      </symbol>
      <symbol id="sm-b22">
         <name>ldexp</name>
         <value>0x3b0d</value>
         <object_component_ref idref="oc-46e"/>
      </symbol>
      <symbol id="sm-b32">
         <name>__TI_doflush</name>
         <value>0x537f</value>
         <object_component_ref idref="oc-4ab"/>
      </symbol>
      <symbol id="sm-b42">
         <name>__TI_cleanup</name>
         <value>0x5855</value>
         <object_component_ref idref="oc-582"/>
      </symbol>
      <symbol id="sm-b54">
         <name>fseek</name>
         <value>0x4fa1</value>
         <object_component_ref idref="oc-52c"/>
      </symbol>
      <symbol id="sm-b5e">
         <name>__aeabi_idiv0</name>
         <value>0x148b</value>
         <object_component_ref idref="oc-4fd"/>
      </symbol>
      <symbol id="sm-b5f">
         <name>__aeabi_ldiv0</name>
         <value>0x148b</value>
         <object_component_ref idref="oc-4fd"/>
      </symbol>
      <symbol id="sm-b87">
         <name>__TI_auto_init_nobinit_nopinit</name>
         <value>0x5579</value>
         <object_component_ref idref="oc-150"/>
      </symbol>
      <symbol id="sm-b91">
         <name>_system_pre_init</name>
         <value>0x5cb1</value>
         <object_component_ref idref="oc-a6"/>
      </symbol>
      <symbol id="sm-ba4">
         <name>HOSTclose</name>
         <value>0x54f1</value>
         <object_component_ref idref="oc-5d1"/>
      </symbol>
      <symbol id="sm-bb5">
         <name>HOSTlseek</name>
         <value>0x4da1</value>
         <object_component_ref idref="oc-5e3"/>
      </symbol>
      <symbol id="sm-bc7">
         <name>parmbuf</name>
         <value>0x200008b8</value>
      </symbol>
      <symbol id="sm-bc8">
         <name>HOSTopen</name>
         <value>0x5069</value>
         <object_component_ref idref="oc-5cb"/>
      </symbol>
      <symbol id="sm-bd9">
         <name>HOSTread</name>
         <value>0x5181</value>
         <object_component_ref idref="oc-5d7"/>
      </symbol>
      <symbol id="sm-bea">
         <name>HOSTrename</name>
         <value>0x4d35</value>
         <object_component_ref idref="oc-5ef"/>
      </symbol>
      <symbol id="sm-bfb">
         <name>HOSTunlink</name>
         <value>0x5535</value>
         <object_component_ref idref="oc-5e9"/>
      </symbol>
      <symbol id="sm-c0c">
         <name>HOSTwrite</name>
         <value>0x51d9</value>
         <object_component_ref idref="oc-5dd"/>
      </symbol>
      <symbol id="sm-c30">
         <name>__TI_readmsg</name>
         <value>0x5889</value>
         <object_component_ref idref="oc-61e"/>
      </symbol>
      <symbol id="sm-c31">
         <name>C$$IO$$</name>
         <value>0x576f</value>
         <object_component_ref idref="oc-618"/>
      </symbol>
      <symbol id="sm-c32">
         <name>__CIOBUF_</name>
         <value>0x200006a0</value>
         <object_component_ref idref="oc-649"/>
      </symbol>
      <symbol id="sm-c33">
         <name>__TI_writemsg</name>
         <value>0x5741</value>
         <object_component_ref idref="oc-618"/>
      </symbol>
      <symbol id="sm-c44">
         <name>lseek</name>
         <value>0x5a21</value>
         <object_component_ref idref="oc-56e"/>
      </symbol>
      <symbol id="sm-c4e">
         <name>copysign</name>
         <value>0x5b6f</value>
         <object_component_ref idref="oc-510"/>
      </symbol>
      <symbol id="sm-c4f">
         <name>copysignl</name>
         <value>0x5b6f</value>
         <object_component_ref idref="oc-510"/>
      </symbol>
      <symbol id="sm-c64">
         <name>__TI_closefile</name>
         <value>0x4b75</value>
         <object_component_ref idref="oc-5bf"/>
      </symbol>
      <symbol id="sm-c87">
         <name>finddevice</name>
         <value>0x58f1</value>
         <object_component_ref idref="oc-667"/>
      </symbol>
      <symbol id="sm-c88">
         <name>getdevice</name>
         <value>0x55bd</value>
         <object_component_ref idref="oc-63f"/>
      </symbol>
      <symbol id="sm-c97">
         <name>strcmp</name>
         <value>0x5ba1</value>
         <object_component_ref idref="oc-67e"/>
      </symbol>
      <symbol id="sm-ca5">
         <name>strcpy</name>
         <value>0x5c27</value>
         <object_component_ref idref="oc-632"/>
      </symbol>
      <symbol id="sm-cb5">
         <name>strncpy</name>
         <value>0x581d</value>
         <object_component_ref idref="oc-661"/>
      </symbol>
      <symbol id="sm-cca">
         <name>close</name>
         <value>0x50c9</value>
         <object_component_ref idref="oc-607"/>
      </symbol>
      <symbol id="sm-cda">
         <name>unlink</name>
         <value>0x597d</value>
         <object_component_ref idref="oc-60d"/>
      </symbol>
      <symbol id="sm-cdb">
         <name>__TI_static_base__</name>
         <value>0x0</value>
      </symbol>
      <symbol id="sm-cde">
         <name>__mpu_init</name>
         <value>0x0</value>
      </symbol>
      <symbol id="sm-cdf">
         <name>_system_post_cinit</name>
         <value>0x0</value>
      </symbol>
      <symbol id="sm-ce0">
         <name>NMI_Handler</name>
         <value>0x5c8d</value>
      </symbol>
      <symbol id="sm-ce1">
         <name>HardFault_Handler</name>
         <value>0x5c8d</value>
      </symbol>
      <symbol id="sm-ce2">
         <name>MemManage_Handler</name>
         <value>0x5c8d</value>
      </symbol>
      <symbol id="sm-ce3">
         <name>BusFault_Handler</name>
         <value>0x5c8d</value>
      </symbol>
      <symbol id="sm-ce4">
         <name>UsageFault_Handler</name>
         <value>0x5c8d</value>
      </symbol>
      <symbol id="sm-ce5">
         <name>SVC_Handler</name>
         <value>0x5c8d</value>
      </symbol>
      <symbol id="sm-ce6">
         <name>DebugMon_Handler</name>
         <value>0x5c8d</value>
      </symbol>
      <symbol id="sm-ce7">
         <name>PendSV_Handler</name>
         <value>0x5c8d</value>
      </symbol>
      <symbol id="sm-ce8">
         <name>SysTick_Handler</name>
         <value>0x4749</value>
      </symbol>
      <symbol id="sm-ce9">
         <name>PSS_IRQHandler</name>
         <value>0x5c8d</value>
      </symbol>
      <symbol id="sm-cea">
         <name>CS_IRQHandler</name>
         <value>0x5c8d</value>
      </symbol>
      <symbol id="sm-ceb">
         <name>PCM_IRQHandler</name>
         <value>0x5c8d</value>
      </symbol>
      <symbol id="sm-cec">
         <name>WDT_A_IRQHandler</name>
         <value>0x5c8d</value>
      </symbol>
      <symbol id="sm-ced">
         <name>FPU_IRQHandler</name>
         <value>0x5c8d</value>
      </symbol>
      <symbol id="sm-cee">
         <name>FLCTL_IRQHandler</name>
         <value>0x5c8d</value>
      </symbol>
      <symbol id="sm-cef">
         <name>COMP_E0_IRQHandler</name>
         <value>0x5c8d</value>
      </symbol>
      <symbol id="sm-cf0">
         <name>COMP_E1_IRQHandler</name>
         <value>0x5c8d</value>
      </symbol>
      <symbol id="sm-cf1">
         <name>TA0_0_IRQHandler</name>
         <value>0x5c8d</value>
      </symbol>
      <symbol id="sm-cf2">
         <name>TA0_N_IRQHandler</name>
         <value>0x5c8d</value>
      </symbol>
      <symbol id="sm-cf3">
         <name>TA1_0_IRQHandler</name>
         <value>0x5c8d</value>
      </symbol>
      <symbol id="sm-cf4">
         <name>TA1_N_IRQHandler</name>
         <value>0x5c8d</value>
      </symbol>
      <symbol id="sm-cf5">
         <name>TA2_0_IRQHandler</name>
         <value>0x5c8d</value>
      </symbol>
      <symbol id="sm-cf6">
         <name>TA2_N_IRQHandler</name>
         <value>0x5c8d</value>
      </symbol>
      <symbol id="sm-cf7">
         <name>TA3_0_IRQHandler</name>
         <value>0x5c8d</value>
      </symbol>
      <symbol id="sm-cf8">
         <name>TA3_N_IRQHandler</name>
         <value>0x5c8d</value>
      </symbol>
      <symbol id="sm-cf9">
         <name>EUSCIA0_IRQHandler</name>
         <value>0x5c8d</value>
      </symbol>
      <symbol id="sm-cfa">
         <name>EUSCIA1_IRQHandler</name>
         <value>0x5c8d</value>
      </symbol>
      <symbol id="sm-cfb">
         <name>EUSCIA2_IRQHandler</name>
         <value>0x5c8d</value>
      </symbol>
      <symbol id="sm-cfc">
         <name>EUSCIA3_IRQHandler</name>
         <value>0x5c8d</value>
      </symbol>
      <symbol id="sm-cfd">
         <name>EUSCIB0_IRQHandler</name>
         <value>0x5c8d</value>
      </symbol>
      <symbol id="sm-cfe">
         <name>EUSCIB1_IRQHandler</name>
         <value>0x5c8d</value>
      </symbol>
      <symbol id="sm-cff">
         <name>EUSCIB2_IRQHandler</name>
         <value>0x5c8d</value>
      </symbol>
      <symbol id="sm-d00">
         <name>EUSCIB3_IRQHandler</name>
         <value>0x5c8d</value>
      </symbol>
      <symbol id="sm-d01">
         <name>ADC14_IRQHandler</name>
         <value>0xfad</value>
      </symbol>
      <symbol id="sm-d02">
         <name>T32_INT1_IRQHandler</name>
         <value>0x5c8d</value>
      </symbol>
      <symbol id="sm-d03">
         <name>T32_INT2_IRQHandler</name>
         <value>0x5c8d</value>
      </symbol>
      <symbol id="sm-d04">
         <name>T32_INTC_IRQHandler</name>
         <value>0x5c8d</value>
      </symbol>
      <symbol id="sm-d05">
         <name>AES256_IRQHandler</name>
         <value>0x5c8d</value>
      </symbol>
      <symbol id="sm-d06">
         <name>RTC_C_IRQHandler</name>
         <value>0x5c8d</value>
      </symbol>
      <symbol id="sm-d07">
         <name>DMA_ERR_IRQHandler</name>
         <value>0x5c8d</value>
      </symbol>
      <symbol id="sm-d08">
         <name>DMA_INT3_IRQHandler</name>
         <value>0x5c8d</value>
      </symbol>
      <symbol id="sm-d09">
         <name>DMA_INT2_IRQHandler</name>
         <value>0x5c8d</value>
      </symbol>
      <symbol id="sm-d0a">
         <name>DMA_INT1_IRQHandler</name>
         <value>0x5c8d</value>
      </symbol>
      <symbol id="sm-d0b">
         <name>DMA_INT0_IRQHandler</name>
         <value>0x5c8d</value>
      </symbol>
      <symbol id="sm-d0c">
         <name>PORT1_IRQHandler</name>
         <value>0x5c8d</value>
      </symbol>
      <symbol id="sm-d0d">
         <name>PORT2_IRQHandler</name>
         <value>0x5c8d</value>
      </symbol>
      <symbol id="sm-d0e">
         <name>PORT3_IRQHandler</name>
         <value>0x1dcd</value>
      </symbol>
      <symbol id="sm-d0f">
         <name>PORT4_IRQHandler</name>
         <value>0x1df1</value>
      </symbol>
      <symbol id="sm-d10">
         <name>PORT5_IRQHandler</name>
         <value>0x1e07</value>
      </symbol>
      <symbol id="sm-d11">
         <name>PORT6_IRQHandler</name>
         <value>0x5c8d</value>
      </symbol>
      <symbol id="sm-d12">
         <name>remove</name>
         <value>0x597d</value>
      </symbol>
   </symbol_table>
   <title>Link successful</title>
</link_info>
