******************************************************************************
                  TI ARM Linker Unix v20.2.7                   
******************************************************************************
>> Linked Thu Mar 30 20:25:22 2023

OUTPUT FILE NAME:   <part2_exercise17.out>
ENTRY POINT SYMBOL: "_c_int00_noargs"  address: 0000583d


MEMORY CONFIGURATION

         name            origin    length      used     unused   attr    fill
----------------------  --------  ---------  --------  --------  ----  --------
  MAIN                  00000000   00040000  00006d14  000392ec  R  X
  INFO                  00200000   00004000  00000000  00004000  R  X
  SRAM_CODE             01000000   00010000  00000aca  0000f536  RW X
  SRAM_DATA             20000000   00010000  00000aca  0000f536  RW  


SEGMENT ALLOCATION MAP

run origin  load origin   length   init length attrs members
----------  ----------- ---------- ----------- ----- -------
00000000    00000000    00006d18   00006d18    r-x
  00000000    00000000    000000e4   000000e4    r-- .intvecs
  000000e4    000000e4    00005b54   00005b54    r-x .text
  00005c38    00005c38    0000100c   0000100c    r-- .const
  00006c48    00006c48    000000d0   000000d0    r-- .cinit
20000000    20000000    000008ca   00000000    rw-
  20000000    20000000    00000400   00000000    rw- .sysmem
  20000400    20000400    000002a0   00000000    rw- .data
  200006a0    200006a0    0000022a   00000000    rw- .bss
2000fe00    2000fe00    00000200   00000000    rw-
  2000fe00    2000fe00    00000200   00000000    rw- .stack


SECTION ALLOCATION MAP

 output                                  attributes/
section   page    origin      length       input sections
--------  ----  ----------  ----------   ----------------
.intvecs   0    00000000    000000e4     
                  00000000    000000e4     startup_msp432p401r_ccs.obj (.intvecs:retain)

.text      0    000000e4    00005b54     
                  000000e4    00000a4e     rtsv7M4_T_le_v4SPD16_eabi.lib : _printfi.c.obj (.text:__TI_printfi)
                  00000b32    0000047e     game.lib : string.obj (.text:Graphics_drawString)
                  00000fb0    0000045c     analog.obj (.text)
                  0000140c    000003f4     game.lib : Crystalfontz128x128_ST7735.obj (.text)
                  00001800    00000354     system_msp432p401r.obj (.text)
                  00001b54    000002b8     buttons.obj (.text)
                  00001e0c    00000270     rtsv7M4_T_le_v4SPD16_eabi.lib : _printfi.c.obj (.text:_pconv_a)
                  0000207c    0000026e     game.lib : circle.obj (.text:Graphics_drawCircle)
                  000022ea    00000002     rtsv7M4_T_le_v4SPD16_eabi.lib : _lock.c.obj (.text:_nop)
                  000022ec    00000248     game.lib : road.obj (.text)
                  00002534    0000022a              : circle.obj (.text:Graphics_fillCircle)
                  0000275e    00000002     rtsv7M4_T_le_v4SPD16_eabi.lib : div0.asm.obj (.text)
                  00002760    000001ec     game.lib : lcd.obj (.text)
                  0000294c    000001d0     rtsv7M4_T_le_v4SPD16_eabi.lib : _printfi.c.obj (.text:_pconv_g)
                  00002b1c    000001b6                                   : fd_add_t2.asm.obj (.text)
                  00002cd2    00000180     game.lib : line.obj (.text:Graphics_clipLine)
                  00002e52    00000174              : line.obj (.text:Graphics_drawLine)
                  00002fc6    00000002     --HOLE-- [fill = 0]
                  00002fc8    00000158     main.obj (.text)
                  00003120    0000014c     game.lib : menu.obj (.text)
                  0000326c    0000013c     rtsv7M4_T_le_v4SPD16_eabi.lib : _printfi.c.obj (.text:_pconv_e)
                  000033a8    00000138     led.obj (.text)
                  000034e0    00000136     rtsv7M4_T_le_v4SPD16_eabi.lib : fd_div_t2.asm.obj (.text)
                  00003616    00000002     --HOLE-- [fill = 0]
                  00003618    00000128     game.lib : car.obj (.text)
                  00003740    00000124     rtsv7M4_T_le_v4SPD16_eabi.lib : _printfi.c.obj (.text:fcvt)
                  00003864    00000114                                   : fputs.c.obj (.text:fputs)
                  00003978    00000112     game.lib : rectangle.obj (.text:Graphics_fillRectangle)
                  00003a8a    00000002     --HOLE-- [fill = 0]
                  00003a8c    00000110     rtsv7M4_T_le_v4SPD16_eabi.lib : s_scalbn.c.obj (.text:scalbn)
                  00003b9c    00000100                                   : memory.c.obj (.text:aligned_alloc)
                  00003c9c    000000fc                                   : fd_mul_t2.asm.obj (.text)
                  00003d98    000000fa     game.lib : string.obj (.text:Graphics_getStringWidth)
                  00003e92    00000002     --HOLE-- [fill = 0]
                  00003e94    000000f8     rtsv7M4_T_le_v4SPD16_eabi.lib : s_floor.c.obj (.text:floor)
                  00003f8c    000000e4                                   : memory.c.obj (.text:free)
                  00004070    000000dc                                   : setvbuf.c.obj (.text:setvbuf)
                  0000414c    000000c4                                   : s_round.c.obj (.text:round)
                  00004210    000000b1                                   : _printfi.c.obj (.text:_ltostr)
                  000042c1    00000001     --HOLE-- [fill = 0]
                  000042c2    000000b0     game.lib : spi.o (.text:SPI_initMaster)
                  00004372    00000002     --HOLE-- [fill = 0]
                  00004374    000000ac              : HAL_MSP_EXP432P401R_Crystalfontz128x128_ST7735.obj (.text)
                  00004420    000000a0              : random.obj (.text)
                  000044c0    0000009c              : line.obj (.text:Graphics_drawLineH)
                  0000455c    0000009c              : line.obj (.text:Graphics_drawLineV)
                  000045f8    0000009c     rtsv7M4_T_le_v4SPD16_eabi.lib : memcpy_t2.asm.obj (.text)
                  00004694    00000098     game.lib : init_game.obj (.text)
                  0000472c    00000096     rtsv7M4_T_le_v4SPD16_eabi.lib : ull_div_t2.asm.obj (.text)
                  000047c2    00000002     --HOLE-- [fill = 0]
                  000047c4    00000092     game.lib : scores.obj (.text)
                  00004856    00000002     --HOLE-- [fill = 0]
                  00004858    0000008c     rtsv7M4_T_le_v4SPD16_eabi.lib : fputc.c.obj (.text:fputc)
                  000048e4    00000088     game.lib : gpio.o (.text:GPIO_setAsPeripheralModuleFunctionOutputPin)
                  0000496c    00000086     rtsv7M4_T_le_v4SPD16_eabi.lib : fd_cmp_t2.asm.obj (.text:__aeabi_cdcmple)
                  000049f2    00000086                                   : fd_cmp_t2.asm.obj (.text:__aeabi_cdrcmple)
                  00004a78    0000007a                                   : memset_t2.asm.obj (.text)
                  00004af2    00000002     --HOLE-- [fill = 0]
                  00004af4    00000074                                   : fclose.c.obj (.text:__TI_closefile)
                  00004b68    00000070                                   : memory.c.obj (.text:split)
                  00004bd8    0000006e                                   : _printfi.c.obj (.text:_mcpy)
                  00004c46    0000006e                                   : fd_tos_t2.asm.obj (.text)
                  00004cb4    0000006c                                   : hostrename.c.obj (.text:HOSTrename)
                  00004d20    00000068                                   : hostlseek.c.obj (.text:HOSTlseek)
                  00004d88    00000068                                   : copy_decompress_lzss.c.obj (.text:decompress:lzss:__TI_decompress_lzss)
                  00004df0    00000068                                   : printf.c.obj (.text:printf)
                  00004e58    00000064     game.lib : line.obj (.text:Graphics_getClipCode)
                  00004ebc    00000064     rtsv7M4_T_le_v4SPD16_eabi.lib : s_frexp.c.obj (.text:frexp)
                  00004f20    00000064                                   : fseek.c.obj (.text:fseek)
                  00004f84    00000062                                   : _io_perm.c.obj (.text:__TI_wrt_ok)
                  00004fe6    00000002     --HOLE-- [fill = 0]
                  00004fe8    00000060                                   : hostopen.c.obj (.text:HOSTopen)
                  00005048    0000005c                                   : close.c.obj (.text:close)
                  000050a4    0000005a     game.lib : context.obj (.text:Graphics_drawPixel)
                  000050fe    00000002     --HOLE-- [fill = 0]
                  00005100    00000058     rtsv7M4_T_le_v4SPD16_eabi.lib : hostread.c.obj (.text:HOSTread)
                  00005158    00000058                                   : hostwrite.c.obj (.text:HOSTwrite)
                  000051b0    00000056                                   : _printfi.c.obj (.text:_pconv_f)
                  00005206    00000054                                   : _ltoa.c.obj (.text:__TI_ltoa)
                  0000525a    00000052     game.lib : context.obj (.text:Graphics_initContext)
                  000052ac    00000052     rtsv7M4_T_le_v4SPD16_eabi.lib : _printfi.c.obj (.text:_ecpy)
                  000052fe    0000004c                                   : fflush.c.obj (.text:__TI_doflush)
                  0000534a    00000002     --HOLE-- [fill = 0]
                  0000534c    0000004c                                   : atoi.c.obj (.text:atoi)
                  00005398    00000048     game.lib : string.obj (.text:Graphics_drawStringCentered)
                  000053e0    00000048     rtsv7M4_T_le_v4SPD16_eabi.lib : exit.c.obj (.text:exit)
                  00005428    00000048                                   : fd_toi_t2.asm.obj (.text)
                  00005470    00000044                                   : hostclose.c.obj (.text:HOSTclose)
                  000054b4    00000044                                   : hostunlink.c.obj (.text:HOSTunlink)
                  000054f8    00000044                                   : autoinit.c.obj (.text:__TI_auto_init_nobinit_nopinit:__TI_auto_init_nobinit_nopinit)
                  0000553c    00000044                                   : getdevice.c.obj (.text:getdevice)
                  00005580    00000040     game.lib : gpio.o (.text:GPIO_setAsOutputPin)
                  000055c0    00000040              : string.obj (.text:Graphics_getNumberOfLeadingZeros)
                  00005600    00000040              : spi.o (.text:is_A_Module)
                  00005640    00000040     rtsv7M4_T_le_v4SPD16_eabi.lib : sprintf.c.obj (.text:sprintf)
                  00005680    0000003e                                   : _printfi.c.obj (.text:_fcpy)
                  000056be    00000002     --HOLE-- [fill = 0]
                  000056c0    00000038                                   : trgmsg.c.obj (.text:__TI_writemsg)
                  000056f8    00000038                                   : fs_tod_t2.asm.obj (.text)
                  00005730    00000036     game.lib : display.obj (.text:Graphics_drawHorizontalLineOnDisplay)
                  00005766    00000036              : display.obj (.text:Graphics_drawVerticalLineOnDisplay)
                  0000579c    00000036     rtsv7M4_T_le_v4SPD16_eabi.lib : strncpy.c.obj (.text:strncpy)
                  000057d2    00000002     --HOLE-- [fill = 0]
                  000057d4    00000034                                   : fopen.c.obj (.text:__TI_cleanup)
                  00005808    00000034                                   : trgmsg.c.obj (.text:__TI_readmsg)
                  0000583c    00000034                                   : boot_cortex_m.c.obj (.text:_c_int00_noargs:_c_int00_noargs)
                  00005870    00000030                                   : getdevice.c.obj (.text:finddevice)
                  000058a0    0000002e                                   : i_tofd_t2.asm.obj (.text)
                  000058ce    0000002c     game.lib : display.obj (.text:Graphics_drawPixelOnDisplay)
                  000058fa    00000002     --HOLE-- [fill = 0]
                  000058fc    0000002c     rtsv7M4_T_le_v4SPD16_eabi.lib : unlink.c.obj (.text:unlink)
                  00005928    00000028     game.lib : gpio.o (.text:GPIO_setOutputHighOnPin)
                  00005950    00000028              : gpio.o (.text:GPIO_setOutputLowOnPin)
                  00005978    00000028     rtsv7M4_T_le_v4SPD16_eabi.lib : memory.c.obj (.text:free_list_insert)
                  000059a0    00000028                                   : lseek.c.obj (.text:lseek)
                  000059c8    00000028                                   : write.c.obj (.text:write)
                  000059f0    00000020                                   : memchr.c.obj (.text:memchr)
                  00005a10    0000001e     game.lib : display.obj (.text:Graphics_fillRectangleOnDisplay)
                  00005a2e    0000001c              : spi.o (.text:SPI_enableModule)
                  00005a4a    0000001c     rtsv7M4_T_le_v4SPD16_eabi.lib : copy_zero_init.c.obj (.text:decompress:ZI:__TI_zero_init_nomemset:__TI_zero_init_nomemset)
                  00005a66    00000002     --HOLE-- [fill = 0]
                  00005a68    0000001c                                   : memory.c.obj (.text:free_list_remove)
                  00005a84    0000001c                                   : memccpy.c.obj (.text:memccpy)
                  00005aa0    0000001a     game.lib : display.obj (.text:Graphics_clearDisplayOnDisplay)
                  00005aba    0000001a              : context.obj (.text:Graphics_setBackgroundColor)
                  00005ad4    0000001a              : context.obj (.text:Graphics_setFont)
                  00005aee    0000001a     rtsv7M4_T_le_v4SPD16_eabi.lib : s_copysign.c.obj (.text:copysign)
                  00005b08    00000018                                   : sprintf.c.obj (.text:_outs)
                  00005b20    00000018                                   : strcmp.c.obj (.text:strcmp)
                  00005b38    00000016     game.lib : spi.o (.text:EUSCI_A_SPI_enable)
                  00005b4e    00000016              : spi.o (.text:EUSCI_B_SPI_enable)
                  00005b64    00000016              : context.obj (.text:Graphics_setForegroundColor)
                  00005b7a    00000016              : display.obj (.text:Graphics_translateColorOnDisplay)
                  00005b90    00000016     rtsv7M4_T_le_v4SPD16_eabi.lib : strchr.c.obj (.text:strchr)
                  00005ba6    00000014                                   : strcpy.c.obj (.text:strcpy)
                  00005bba    00000014                                   : strlen.c.obj (.text:strlen)
                  00005bce    00000012     game.lib : context.obj (.text:Graphics_clearDisplay)
                  00005be0    00000012     rtsv7M4_T_le_v4SPD16_eabi.lib : wcslen.c.obj (.text:wcslen)
                  00005bf2    0000000e                                   : copy_decompress_none.c.obj (.text:decompress:none:__TI_decompress_none)
                  00005c00    0000000e     startup_msp432p401r_ccs.obj (.text)
                  00005c0e    0000000a     rtsv7M4_T_le_v4SPD16_eabi.lib : sprintf.c.obj (.text:_outc)
                  00005c18    00000008                                   : errno.c.obj (.text:__aeabi_errno_addr)
                  00005c20    00000008                                   : memory.c.obj (.text:malloc)
                  00005c28    00000004                                   : printf.c.obj (.text:_outc)
                  00005c2c    00000004                                   : printf.c.obj (.text:_outs)
                  00005c30    00000004                                   : pre_init.c.obj (.text:_system_pre_init)
                  00005c34    00000004                                   : exit.c.obj (.text:abort:abort)

.const     0    00005c38    0000100c     
                  00005c38    00000a17     game.lib : fontcmsc22.obj (.const:.string:g_pucCmsc22Data)
                  0000664f    000002f8              : fontfixed6x8.obj (.const:.string:g_pucFontFixed6x8Data)
                  00006947    00000101     rtsv7M4_T_le_v4SPD16_eabi.lib : ctype.c.obj (.const:.string:_ctypes_)
                  00006a48    000000c8     game.lib : fontcmsc22.obj (.const:g_sFontCmsc22)
                  00006b10    000000c8              : fontfixed6x8.obj (.const:g_sFontFixed6x8)
                  00006bd8    00000030              : gpio.o (.const:GPIO_PORT_TO_BASE)
                  00006c08    00000020              : Crystalfontz128x128_ST7735.obj (.const:g_sCrystalfontz128x128_funcs)
                  00006c28    0000001c              : HAL_MSP_EXP432P401R_Crystalfontz128x128_ST7735.obj (.const:$P$T0$1)

.cinit     0    00006c48    000000d0     
                  00006c48    000000a7     (.cinit..data.load) [load image, compression = lzss]
                  00006cef    00000001     --HOLE-- [fill = 0]
                  00006cf0    0000000c     (__TI_handler_table)
                  00006cfc    00000004     --HOLE-- [fill = 0]
                  00006d00    00000008     (.cinit..bss.load) [load image, compression = zero_init]
                  00006d08    00000010     (__TI_cinit_table)

.init_array 
*          0    00000000    00000000     UNINITIALIZED

.binit     0    00000000    00000000     

.sysmem    0    20000000    00000400     UNINITIALIZED
                  20000000    00000010     rtsv7M4_T_le_v4SPD16_eabi.lib : memory.c.obj (.sysmem)
                  20000010    000003f0     --HOLE--

.data      0    20000400    000002a0     UNINITIALIZED
                  20000400    000000f0     rtsv7M4_T_le_v4SPD16_eabi.lib : defs.c.obj (.data:_ftable)
                  200004f0    00000078                                   : host_device.c.obj (.data:_device)
                  20000568    00000078     game.lib : menu.obj (.data:options)
                  200005e0    00000050     rtsv7M4_T_le_v4SPD16_eabi.lib : host_device.c.obj (.data:_stream)
                  20000630    00000010     game.lib : Crystalfontz128x128_ST7735.obj (.data:g_sCrystalfontz128x128)
                  20000640    00000010     rtsv7M4_T_le_v4SPD16_eabi.lib : defs.c.obj (.data)
                  20000650    0000000c                                   : exit.c.obj (.data:$O1$$)
                  2000065c    0000000c     game.lib : menu.obj (.data:color)
                  20000668    0000000c              : road.obj (.data)
                  20000674    00000008     rtsv7M4_T_le_v4SPD16_eabi.lib : _lock.c.obj (.data:$O1$$)
                  2000067c    00000008                                   : memory.c.obj (.data:$O1$$)
                  20000684    00000008     game.lib : car.obj (.data)
                  2000068c    00000004     analog.obj (.data)
                  20000690    00000004     buttons.obj (.data)
                  20000694    00000004     rtsv7M4_T_le_v4SPD16_eabi.lib : errno.c.obj (.data)
                  20000698    00000004     system_msp432p401r.obj (.data)
                  2000069c    00000002     game.lib : random.obj (.data)
                  2000069e    00000001              : init_game.obj (.data)
                  2000069f    00000001              : menu.obj (.data)

.bss       0    200006a0    0000022a     UNINITIALIZED
                  200006a0    00000120     rtsv7M4_T_le_v4SPD16_eabi.lib : trgmsg.c.obj (.bss:_CIOBUF_)
                  200007c0    000000a0     (.common:__TI_tmpnams)
                  20000860    00000020     game.lib : road.obj (.bss:road)
                  20000880    0000001c              : lcd.obj (.bss:g_sContext)
                  2000089c    0000001c              : lcd.obj (.bss:g_sContext_big_font)
                  200008b8    00000008     (.common:parmbuf)
                  200008c0    00000002     (.common:Lcd_ScreenHeigth)
                  200008c2    00000002     (.common:Lcd_ScreenWidth)
                  200008c4    00000002     (.common:Lcd_TouchTrim)
                  200008c6    00000001     (.common:Lcd_FlagRead)
                  200008c7    00000001     (.common:Lcd_FontSolid)
                  200008c8    00000001     (.common:Lcd_Orientation)
                  200008c9    00000001     (.common:Lcd_PenSolid)

.stack     0    2000fe00    00000200     UNINITIALIZED
                  2000fe00    00000004     rtsv7M4_T_le_v4SPD16_eabi.lib : boot_cortex_m.c.obj (.stack)
                  2000fe04    000001fc     --HOLE--

__llvm_prf_cnts 
*          0    20000000    00000000     UNINITIALIZED

MODULE SUMMARY

       Module                                               code    ro data   rw data
       ------                                               ----    -------   -------
    ./
       system_msp432p401r.obj                               852     0         8      
       main.obj                                             344     0         0      
       startup_msp432p401r_ccs.obj                          14      228       0      
    +--+----------------------------------------------------+-------+---------+---------+
       Total:                                               1210    228       8      
                                                                                     
    ./Analog/
       analog.obj                                           1116    0         8      
    +--+----------------------------------------------------+-------+---------+---------+
       Total:                                               1116    0         8      
                                                                                     
    ./LED/
       led.obj                                              312     0         0      
    +--+----------------------------------------------------+-------+---------+---------+
       Total:                                               312     0         0      
                                                                                     
    ./buttons/
       buttons.obj                                          696     0         8      
    +--+----------------------------------------------------+-------+---------+---------+
       Total:                                               696     0         8      
                                                                                     
    ../game.lib
       fontcmsc22.obj                                       0       2783      0      
       string.obj                                           1536    0         0      
       circle.obj                                           1176    0         0      
       line.obj                                             1168    0         0      
       Crystalfontz128x128_ST7735.obj                       1012    32        52     
       fontfixed6x8.obj                                     0       960       0      
       road.obj                                             584     0         88     
       lcd.obj                                              492     0         112    
       menu.obj                                             332     0         266    
       gpio.o                                               280     48        0      
       car.obj                                              296     0         16     
       spi.o                                                312     0         0      
       rectangle.obj                                        274     0         0      
       context.obj                                          264     0         0      
       display.obj                                          230     0         0      
       HAL_MSP_EXP432P401R_Crystalfontz128x128_ST7735.obj   172     28        0      
       random.obj                                           160     0         4      
       init_game.obj                                        152     0         2      
       scores.obj                                           146     0         0      
    +--+----------------------------------------------------+-------+---------+---------+
       Total:                                               8586    3851      540    
                                                                                     
    /Applications/ti/ccs1220/ccs/tools/compiler/ti-cgt-arm_20.2.7.LTS/lib/rtsv7M4_T_le_v4SPD16_eabi.lib
       _printfi.c.obj                                       4851    0         0      
       defs.c.obj                                           0       0         832    
       memory.c.obj                                         672     0         16     
       trgmsg.c.obj                                         108     0         576    
       fd_add_t2.asm.obj                                    438     0         0      
       host_device.c.obj                                    0       0         400    
       fd_div_t2.asm.obj                                    310     0         0      
       fputs.c.obj                                          276     0         0      
       s_scalbn.c.obj                                       272     0         0      
       fd_cmp_t2.asm.obj                                    268     0         0      
       ctype.c.obj                                          0       257       0      
       fd_mul_t2.asm.obj                                    252     0         0      
       s_floor.c.obj                                        248     0         0      
       setvbuf.c.obj                                        220     0         0      
       s_round.c.obj                                        196     0         0      
       memcpy_t2.asm.obj                                    156     0         0      
       ull_div_t2.asm.obj                                   150     0         0      
       fputc.c.obj                                          140     0         0      
       memset_t2.asm.obj                                    122     0         0      
       fclose.c.obj                                         116     0         0      
       getdevice.c.obj                                      116     0         0      
       hostopen.c.obj                                       96      0         16     
       printf.c.obj                                         112     0         0      
       fd_tos_t2.asm.obj                                    110     0         0      
       hostrename.c.obj                                     108     0         0      
       copy_decompress_lzss.c.obj                           104     0         0      
       hostlseek.c.obj                                      104     0         0      
       exit.c.obj                                           76      0         24     
       fseek.c.obj                                          100     0         0      
       s_frexp.c.obj                                        100     0         0      
       _io_perm.c.obj                                       98      0         0      
       sprintf.c.obj                                        98      0         0      
       close.c.obj                                          92      0         0      
       hostread.c.obj                                       88      0         0      
       hostwrite.c.obj                                      88      0         0      
       _ltoa.c.obj                                          84      0         0      
       atoi.c.obj                                           76      0         0      
       fflush.c.obj                                         76      0         0      
       fd_toi_t2.asm.obj                                    72      0         0      
       autoinit.c.obj                                       68      0         0      
       hostclose.c.obj                                      68      0         0      
       hostunlink.c.obj                                     68      0         0      
       fs_tod_t2.asm.obj                                    56      0         0      
       strncpy.c.obj                                        54      0         0      
       boot_cortex_m.c.obj                                  52      0         0      
       fopen.c.obj                                          52      0         0      
       i_tofd_t2.asm.obj                                    46      0         0      
       unlink.c.obj                                         44      0         0      
       lseek.c.obj                                          40      0         0      
       write.c.obj                                          40      0         0      
       memchr.c.obj                                         32      0         0      
       copy_zero_init.c.obj                                 28      0         0      
       memccpy.c.obj                                        28      0         0      
       s_copysign.c.obj                                     26      0         0      
       strcmp.c.obj                                         24      0         0      
       strchr.c.obj                                         22      0         0      
       strcpy.c.obj                                         20      0         0      
       strlen.c.obj                                         20      0         0      
       _lock.c.obj                                          2       0         16     
       wcslen.c.obj                                         18      0         0      
       errno.c.obj                                          8       0         8      
       copy_decompress_none.c.obj                           14      0         0      
       pre_init.c.obj                                       4       0         0      
       div0.asm.obj                                         2       0         0      
    +--+----------------------------------------------------+-------+---------+---------+
       Total:                                               11429   257       1888   
                                                                                     
       Heap:                                                0       0         2048   
       Stack:                                               0       0         1024   
       Linker Generated:                                    0       203       0      
    +--+----------------------------------------------------+-------+---------+---------+
       Grand Total:                                         23349   4539      5524   


LINKER GENERATED COPY TABLES

__TI_cinit_table @ 00006d08 records: 2, size/record: 8, table size: 16
	.data: load addr=00006c48, load size=000000a7 bytes, run addr=20000400, run size=000002a0 bytes, compression=lzss
	.bss: load addr=00006d00, load size=00000008 bytes, run addr=200006a0, run size=0000022a bytes, compression=zero_init


LINKER GENERATED HANDLER TABLE

__TI_handler_table @ 00006cf0 records: 3, size/record: 4, table size: 12
	index: 0, handler: __TI_decompress_lzss
	index: 1, handler: __TI_decompress_none
	index: 2, handler: __TI_zero_init


GLOBAL SYMBOLS: SORTED ALPHABETICALLY BY Name 

address   name                                       
-------   ----                                       
00001391  ADC14_IRQHandler                           
00001391  ADC14_IRQHandler                           
00005c0d  AES256_IRQHandler                          
00005c0d  BusFault_Handler                           
00005c35  C$$EXIT                                    
000056ef  C$$IO$$                                    
00005c0d  COMP_E0_IRQHandler                         
00005c0d  COMP_E1_IRQHandler                         
00005c0d  CS_IRQHandler                              
00003717  Check_Crash                                
00003189  Create_Menu                                
000016b9  Crystalfontz128x128_Init                   
0000143d  Crystalfontz128x128_SetDrawFrame           
0000140d  Crystalfontz128x128_SetOrientation         
00005c0d  DMA_ERR_IRQHandler                         
00005c0d  DMA_INT0_IRQHandler                        
00005c0d  DMA_INT1_IRQHandler                        
00005c0d  DMA_INT2_IRQHandler                        
00005c0d  DMA_INT3_IRQHandler                        
00005c0d  DebugMon_Handler                           
00005c0d  Default_Handler                            
00003647  Draw_Car                                   
000024b7  Draw_Road                                  
00005c0d  EUSCIA0_IRQHandler                         
00005c0d  EUSCIA1_IRQHandler                         
00005c0d  EUSCIA2_IRQHandler                         
00005c0d  EUSCIA3_IRQHandler                         
00005c0d  EUSCIB0_IRQHandler                         
00005c0d  EUSCIB1_IRQHandler                         
00005c0d  EUSCIB2_IRQHandler                         
00005c0d  EUSCIB3_IRQHandler                         
00005b39  EUSCI_A_SPI_enable                         
00005b4f  EUSCI_B_SPI_enable                         
00005c0d  FLCTL_IRQHandler                           
00005c0d  FPU_IRQHandler                             
00005581  GPIO_setAsOutputPin                        
000048e5  GPIO_setAsPeripheralModuleFunctionOutputPin
00005929  GPIO_setOutputHighOnPin                    
00005951  GPIO_setOutputLowOnPin                     
0000481d  Game_Over                                  
00005bcf  Graphics_clearDisplay                      
00005aa1  Graphics_clearDisplayOnDisplay             
0000207d  Graphics_drawCircle                        
00005731  Graphics_drawHorizontalLineOnDisplay       
00002e53  Graphics_drawLine                          
000044c1  Graphics_drawLineH                         
0000455d  Graphics_drawLineV                         
000050a5  Graphics_drawPixel                         
000058cf  Graphics_drawPixelOnDisplay                
00000b33  Graphics_drawString                        
00005399  Graphics_drawStringCentered                
00005767  Graphics_drawVerticalLineOnDisplay         
00002535  Graphics_fillCircle                        
00003979  Graphics_fillRectangle                     
00005a11  Graphics_fillRectangleOnDisplay            
00003d99  Graphics_getStringWidth                    
0000525b  Graphics_initContext                       
00005abb  Graphics_setBackgroundColor                
00005ad5  Graphics_setFont                           
00005b65  Graphics_setForegroundColor                
00005b7b  Graphics_translateColorOnDisplay           
000043e5  HAL_LCD_PortInit                           
000043ad  HAL_LCD_SpiInit                            
00004387  HAL_LCD_writeCommand                       
00004375  HAL_LCD_writeData                          
00005471  HOSTclose                                  
00004d21  HOSTlseek                                  
00004fe9  HOSTopen                                   
00005101  HOSTread                                   
00004cb5  HOSTrename                                 
000054b5  HOSTunlink                                 
00005159  HOSTwrite                                  
00005c0d  HardFault_Handler                          
00003707  Init_Car                                   
000046ff  Init_Game                                  
000028c7  Init_Lcd                                   
00004499  Init_Random                                
0000230f  Init_Road                                  
200008c6  Lcd_FlagRead                               
200008c7  Lcd_FontSolid                              
200008c8  Lcd_Orientation                            
200008c9  Lcd_PenSolid                               
200008c0  Lcd_ScreenHeigth                           
200008c2  Lcd_ScreenWidth                            
200008c4  Lcd_TouchTrim                              
00005c0d  MemManage_Handler                          
00005c0d  NMI_Handler                                
00005c0d  PCM_IRQHandler                             
00005c0d  PORT1_IRQHandler                           
00005c0d  PORT2_IRQHandler                           
00001d4d  PORT3_IRQHandler                           
00001d4d  PORT3_IRQHandler                           
00001d71  PORT4_IRQHandler                           
00001d71  PORT4_IRQHandler                           
00001d87  PORT5_IRQHandler                           
00001d87  PORT5_IRQHandler                           
00005c0d  PORT6_IRQHandler                           
00005c0d  PSS_IRQHandler                             
00005c0d  PendSV_Handler                             
00005c0d  RTC_C_IRQHandler                           
00005c01  Reset_Handler                              
00005a2f  SPI_enableModule                           
000042c3  SPI_initMaster                             
00005c0d  SVC_Handler                                
00003627  Set_Car_Color                              
00003121  Show_Menu                                  
0000481b  Show_Msg                                   
000047c5  Show_Scores                                
000046d1  Start_SysTick                              
00003619  Steering_Wheel                             
000046c9  SysTick_Handler                            
000046c9  SysTick_Handler                            
20000698  SystemCoreClock                            
00001801  SystemCoreClockUpdate                      
00001a79  SystemInit                                 
00005c0d  T32_INT1_IRQHandler                        
00005c0d  T32_INT2_IRQHandler                        
00005c0d  T32_INTC_IRQHandler                        
00005c0d  TA0_0_IRQHandler                           
00005c0d  TA0_N_IRQHandler                           
00005c0d  TA1_0_IRQHandler                           
00005c0d  TA1_N_IRQHandler                           
00005c0d  TA2_0_IRQHandler                           
00005c0d  TA2_N_IRQHandler                           
00005c0d  TA3_0_IRQHandler                           
00005c0d  TA3_N_IRQHandler                           
00005c0d  UsageFault_Handler                         
4000480c  WDTCTL_SYM                                 
00005c0d  WDT_A_IRQHandler                           
200006a0  __CIOBUF_                                  
20010000  __STACK_END                                
00000200  __STACK_SIZE                               
00000400  __SYSMEM_SIZE                              
00006d08  __TI_CINIT_Base                            
00006d18  __TI_CINIT_Limit                           
00006cf0  __TI_Handler_Table_Base                    
00006cfc  __TI_Handler_Table_Limit                   
000054f9  __TI_auto_init_nobinit_nopinit             
000057d5  __TI_cleanup                               
20000650  __TI_cleanup_ptr                           
00004af5  __TI_closefile                             
00004d89  __TI_decompress_lzss                       
00005bf3  __TI_decompress_none                       
000052ff  __TI_doflush                               
20000654  __TI_dtors_ptr                             
20000658  __TI_enable_exit_profile_output            
20000640  __TI_ft_end                                
00005207  __TI_ltoa                                  
ffffffff  __TI_pprof_out_hndl                        
000000e5  __TI_printfi                               
ffffffff  __TI_prof_data_size                        
ffffffff  __TI_prof_data_start                       
00005809  __TI_readmsg                               
00000000  __TI_static_base__                         
200007c0  __TI_tmpnams                               
000056c1  __TI_writemsg                              
00004f85  __TI_wrt_ok                                
00005a4b  __TI_zero_init_nomemset                    
0000496d  __aeabi_cdcmpeq                            
0000496d  __aeabi_cdcmple                            
000049f3  __aeabi_cdrcmple                           
00004c47  __aeabi_d2f                                
00005429  __aeabi_d2iz                               
00002b27  __aeabi_dadd                               
000034e1  __aeabi_ddiv                               
00003c9d  __aeabi_dmul                               
00002b1d  __aeabi_dsub                               
00005c19  __aeabi_errno_addr                         
000056f9  __aeabi_f2d                                
000058a1  __aeabi_i2d                                
0000275f  __aeabi_idiv0                              
0000275f  __aeabi_ldiv0                              
00004a79  __aeabi_memclr                             
00004a79  __aeabi_memclr4                            
00004a79  __aeabi_memclr8                            
000045f9  __aeabi_memcpy                             
000045f9  __aeabi_memcpy4                            
000045f9  __aeabi_memcpy8                            
00004a7b  __aeabi_memset                             
00004a7b  __aeabi_memset4                            
00004a7b  __aeabi_memset8                            
2000064c  __aeabi_stderr                             
20000644  __aeabi_stdin                              
20000648  __aeabi_stdout                             
0000472d  __aeabi_uldivmod                           
ffffffff  __binit__                                  
ffffffff  __c_args__                                 
UNDEFED   __mpu_init                                 
2000fe00  __stack                                    
20000000  __start___llvm_prf_cnts                    
20000000  __stop___llvm_prf_cnts                     
0000583d  _c_int00_noargs                            
00006947  _ctypes_                                   
200004f0  _device                                    
20000400  _ftable                                    
20000674  _lock                                      
000022eb  _nop                                       
200005e0  _stream                                    
20000000  _sys_memory                                
UNDEFED   _system_post_cinit                         
00005c31  _system_pre_init                           
20000678  _unlock                                    
00005c35  abort                                      
00003b9d  aligned_alloc                              
00001359  all_values_temp                            
0000534d  atoi                                       
000011ff  better_control                             
ffffffff  binit                                      
00001c95  button_bottom_fsm                          
000022ed  change_speed                               
000046b5  check_SysTick_flag                         
00001cd5  check_and_clear_bb_flag                    
00001cfd  check_and_clear_bj_flag                    
00001d25  check_and_clear_bu_flag                    
000028b1  clear_display                              
00005049  close                                      
0000109d  config_accel                               
00001021  config_joystic                             
00000ff1  config_temp                                
00001305  convert_to_Celsius                         
000012bd  convert_to_volts                           
00005aef  copysign                                   
00005aef  copysignl                                  
00002887  drawLine                                   
00002867  draw_circle                                
0000280f  draw_string_back                           
000027db  draw_string_big_font                       
000027a7  draw_string_font                           
20000694  errno                                      
000053e1  exit                                       
00002787  fill_circle                                
00002761  fill_rectangle                             
00005871  finddevice                                 
2000069e  flag_SysTick                               
00003e95  floor                                      
00003e95  floorl                                     
000046b1  foo                                        
00004859  fputc                                      
00003865  fputs                                      
00003f8d  free                                       
00004ebd  frexp                                      
00004ebd  frexpl                                     
00004f21  fseek                                      
20000630  g_sCrystalfontz128x128                     
00006c08  g_sCrystalfontz128x128_funcs               
00006a48  g_sFontCmsc22                              
00006b10  g_sFontFixed6x8                            
0000553d  getdevice                                  
00000fb1  init_adc14                                 
00001b81  init_buttons                               
00001bdd  init_buttons_int                           
000033a9  init_rgb                                   
00000000  interruptVectors                           
00003a8d  ldexp                                      
00003a8d  ldexpl                                     
0000349f  led_off                                    
00003423  led_on                                     
000059a1  lseek                                      
00002fc9  main                                       
00005c21  malloc                                     
00003b9d  memalign                                   
00005a85  memccpy                                    
000059f1  memchr                                     
000045f9  memcpy                                     
00004a81  memset                                     
200008b8  parmbuf                                    
00004df1  printf                                     
00004859  putc                                       
00004421  rand                                       
00001181  read_accel                                 
00001c51  read_button_bottom                         
0000113d  read_joystick                              
000011cf  read_temp                                  
00001c73  read_upper_bottom                          
000058fd  remove                                     
0000414d  round                                      
0000414d  roundl                                     
00003a8d  scalbn                                     
00003a8d  scalbnl                                    
00004071  setvbuf                                    
00004695  show_error                                 
00005641  sprintf                                    
00005b91  strchr                                     
00005b21  strcmp                                     
00005ba7  strcpy                                     
00005bbb  strlen                                     
0000579d  strncpy                                    
2000068c  temp                                       
000058fd  unlink                                     
00005be1  wcslen                                     
000059c9  write                                      


GLOBAL SYMBOLS: SORTED BY Symbol Address 

address   name                                       
-------   ----                                       
00000000  __TI_static_base__                         
00000000  interruptVectors                           
000000e5  __TI_printfi                               
00000200  __STACK_SIZE                               
00000400  __SYSMEM_SIZE                              
00000b33  Graphics_drawString                        
00000fb1  init_adc14                                 
00000ff1  config_temp                                
00001021  config_joystic                             
0000109d  config_accel                               
0000113d  read_joystick                              
00001181  read_accel                                 
000011cf  read_temp                                  
000011ff  better_control                             
000012bd  convert_to_volts                           
00001305  convert_to_Celsius                         
00001359  all_values_temp                            
00001391  ADC14_IRQHandler                           
00001391  ADC14_IRQHandler                           
0000140d  Crystalfontz128x128_SetOrientation         
0000143d  Crystalfontz128x128_SetDrawFrame           
000016b9  Crystalfontz128x128_Init                   
00001801  SystemCoreClockUpdate                      
00001a79  SystemInit                                 
00001b81  init_buttons                               
00001bdd  init_buttons_int                           
00001c51  read_button_bottom                         
00001c73  read_upper_bottom                          
00001c95  button_bottom_fsm                          
00001cd5  check_and_clear_bb_flag                    
00001cfd  check_and_clear_bj_flag                    
00001d25  check_and_clear_bu_flag                    
00001d4d  PORT3_IRQHandler                           
00001d4d  PORT3_IRQHandler                           
00001d71  PORT4_IRQHandler                           
00001d71  PORT4_IRQHandler                           
00001d87  PORT5_IRQHandler                           
00001d87  PORT5_IRQHandler                           
0000207d  Graphics_drawCircle                        
000022eb  _nop                                       
000022ed  change_speed                               
0000230f  Init_Road                                  
000024b7  Draw_Road                                  
00002535  Graphics_fillCircle                        
0000275f  __aeabi_idiv0                              
0000275f  __aeabi_ldiv0                              
00002761  fill_rectangle                             
00002787  fill_circle                                
000027a7  draw_string_font                           
000027db  draw_string_big_font                       
0000280f  draw_string_back                           
00002867  draw_circle                                
00002887  drawLine                                   
000028b1  clear_display                              
000028c7  Init_Lcd                                   
00002b1d  __aeabi_dsub                               
00002b27  __aeabi_dadd                               
00002e53  Graphics_drawLine                          
00002fc9  main                                       
00003121  Show_Menu                                  
00003189  Create_Menu                                
000033a9  init_rgb                                   
00003423  led_on                                     
0000349f  led_off                                    
000034e1  __aeabi_ddiv                               
00003619  Steering_Wheel                             
00003627  Set_Car_Color                              
00003647  Draw_Car                                   
00003707  Init_Car                                   
00003717  Check_Crash                                
00003865  fputs                                      
00003979  Graphics_fillRectangle                     
00003a8d  ldexp                                      
00003a8d  ldexpl                                     
00003a8d  scalbn                                     
00003a8d  scalbnl                                    
00003b9d  aligned_alloc                              
00003b9d  memalign                                   
00003c9d  __aeabi_dmul                               
00003d99  Graphics_getStringWidth                    
00003e95  floor                                      
00003e95  floorl                                     
00003f8d  free                                       
00004071  setvbuf                                    
0000414d  round                                      
0000414d  roundl                                     
000042c3  SPI_initMaster                             
00004375  HAL_LCD_writeData                          
00004387  HAL_LCD_writeCommand                       
000043ad  HAL_LCD_SpiInit                            
000043e5  HAL_LCD_PortInit                           
00004421  rand                                       
00004499  Init_Random                                
000044c1  Graphics_drawLineH                         
0000455d  Graphics_drawLineV                         
000045f9  __aeabi_memcpy                             
000045f9  __aeabi_memcpy4                            
000045f9  __aeabi_memcpy8                            
000045f9  memcpy                                     
00004695  show_error                                 
000046b1  foo                                        
000046b5  check_SysTick_flag                         
000046c9  SysTick_Handler                            
000046c9  SysTick_Handler                            
000046d1  Start_SysTick                              
000046ff  Init_Game                                  
0000472d  __aeabi_uldivmod                           
000047c5  Show_Scores                                
0000481b  Show_Msg                                   
0000481d  Game_Over                                  
00004859  fputc                                      
00004859  putc                                       
000048e5  GPIO_setAsPeripheralModuleFunctionOutputPin
0000496d  __aeabi_cdcmpeq                            
0000496d  __aeabi_cdcmple                            
000049f3  __aeabi_cdrcmple                           
00004a79  __aeabi_memclr                             
00004a79  __aeabi_memclr4                            
00004a79  __aeabi_memclr8                            
00004a7b  __aeabi_memset                             
00004a7b  __aeabi_memset4                            
00004a7b  __aeabi_memset8                            
00004a81  memset                                     
00004af5  __TI_closefile                             
00004c47  __aeabi_d2f                                
00004cb5  HOSTrename                                 
00004d21  HOSTlseek                                  
00004d89  __TI_decompress_lzss                       
00004df1  printf                                     
00004ebd  frexp                                      
00004ebd  frexpl                                     
00004f21  fseek                                      
00004f85  __TI_wrt_ok                                
00004fe9  HOSTopen                                   
00005049  close                                      
000050a5  Graphics_drawPixel                         
00005101  HOSTread                                   
00005159  HOSTwrite                                  
00005207  __TI_ltoa                                  
0000525b  Graphics_initContext                       
000052ff  __TI_doflush                               
0000534d  atoi                                       
00005399  Graphics_drawStringCentered                
000053e1  exit                                       
00005429  __aeabi_d2iz                               
00005471  HOSTclose                                  
000054b5  HOSTunlink                                 
000054f9  __TI_auto_init_nobinit_nopinit             
0000553d  getdevice                                  
00005581  GPIO_setAsOutputPin                        
00005641  sprintf                                    
000056c1  __TI_writemsg                              
000056ef  C$$IO$$                                    
000056f9  __aeabi_f2d                                
00005731  Graphics_drawHorizontalLineOnDisplay       
00005767  Graphics_drawVerticalLineOnDisplay         
0000579d  strncpy                                    
000057d5  __TI_cleanup                               
00005809  __TI_readmsg                               
0000583d  _c_int00_noargs                            
00005871  finddevice                                 
000058a1  __aeabi_i2d                                
000058cf  Graphics_drawPixelOnDisplay                
000058fd  remove                                     
000058fd  unlink                                     
00005929  GPIO_setOutputHighOnPin                    
00005951  GPIO_setOutputLowOnPin                     
000059a1  lseek                                      
000059c9  write                                      
000059f1  memchr                                     
00005a11  Graphics_fillRectangleOnDisplay            
00005a2f  SPI_enableModule                           
00005a4b  __TI_zero_init_nomemset                    
00005a85  memccpy                                    
00005aa1  Graphics_clearDisplayOnDisplay             
00005abb  Graphics_setBackgroundColor                
00005ad5  Graphics_setFont                           
00005aef  copysign                                   
00005aef  copysignl                                  
00005b21  strcmp                                     
00005b39  EUSCI_A_SPI_enable                         
00005b4f  EUSCI_B_SPI_enable                         
00005b65  Graphics_setForegroundColor                
00005b7b  Graphics_translateColorOnDisplay           
00005b91  strchr                                     
00005ba7  strcpy                                     
00005bbb  strlen                                     
00005bcf  Graphics_clearDisplay                      
00005be1  wcslen                                     
00005bf3  __TI_decompress_none                       
00005c01  Reset_Handler                              
00005c0d  AES256_IRQHandler                          
00005c0d  BusFault_Handler                           
00005c0d  COMP_E0_IRQHandler                         
00005c0d  COMP_E1_IRQHandler                         
00005c0d  CS_IRQHandler                              
00005c0d  DMA_ERR_IRQHandler                         
00005c0d  DMA_INT0_IRQHandler                        
00005c0d  DMA_INT1_IRQHandler                        
00005c0d  DMA_INT2_IRQHandler                        
00005c0d  DMA_INT3_IRQHandler                        
00005c0d  DebugMon_Handler                           
00005c0d  Default_Handler                            
00005c0d  EUSCIA0_IRQHandler                         
00005c0d  EUSCIA1_IRQHandler                         
00005c0d  EUSCIA2_IRQHandler                         
00005c0d  EUSCIA3_IRQHandler                         
00005c0d  EUSCIB0_IRQHandler                         
00005c0d  EUSCIB1_IRQHandler                         
00005c0d  EUSCIB2_IRQHandler                         
00005c0d  EUSCIB3_IRQHandler                         
00005c0d  FLCTL_IRQHandler                           
00005c0d  FPU_IRQHandler                             
00005c0d  HardFault_Handler                          
00005c0d  MemManage_Handler                          
00005c0d  NMI_Handler                                
00005c0d  PCM_IRQHandler                             
00005c0d  PORT1_IRQHandler                           
00005c0d  PORT2_IRQHandler                           
00005c0d  PORT6_IRQHandler                           
00005c0d  PSS_IRQHandler                             
00005c0d  PendSV_Handler                             
00005c0d  RTC_C_IRQHandler                           
00005c0d  SVC_Handler                                
00005c0d  T32_INT1_IRQHandler                        
00005c0d  T32_INT2_IRQHandler                        
00005c0d  T32_INTC_IRQHandler                        
00005c0d  TA0_0_IRQHandler                           
00005c0d  TA0_N_IRQHandler                           
00005c0d  TA1_0_IRQHandler                           
00005c0d  TA1_N_IRQHandler                           
00005c0d  TA2_0_IRQHandler                           
00005c0d  TA2_N_IRQHandler                           
00005c0d  TA3_0_IRQHandler                           
00005c0d  TA3_N_IRQHandler                           
00005c0d  UsageFault_Handler                         
00005c0d  WDT_A_IRQHandler                           
00005c19  __aeabi_errno_addr                         
00005c21  malloc                                     
00005c31  _system_pre_init                           
00005c35  C$$EXIT                                    
00005c35  abort                                      
00006947  _ctypes_                                   
00006a48  g_sFontCmsc22                              
00006b10  g_sFontFixed6x8                            
00006c08  g_sCrystalfontz128x128_funcs               
00006cf0  __TI_Handler_Table_Base                    
00006cfc  __TI_Handler_Table_Limit                   
00006d08  __TI_CINIT_Base                            
00006d18  __TI_CINIT_Limit                           
20000000  __start___llvm_prf_cnts                    
20000000  __stop___llvm_prf_cnts                     
20000000  _sys_memory                                
20000400  _ftable                                    
200004f0  _device                                    
200005e0  _stream                                    
20000630  g_sCrystalfontz128x128                     
20000640  __TI_ft_end                                
20000644  __aeabi_stdin                              
20000648  __aeabi_stdout                             
2000064c  __aeabi_stderr                             
20000650  __TI_cleanup_ptr                           
20000654  __TI_dtors_ptr                             
20000658  __TI_enable_exit_profile_output            
20000674  _lock                                      
20000678  _unlock                                    
2000068c  temp                                       
20000694  errno                                      
20000698  SystemCoreClock                            
2000069e  flag_SysTick                               
200006a0  __CIOBUF_                                  
200007c0  __TI_tmpnams                               
200008b8  parmbuf                                    
200008c0  Lcd_ScreenHeigth                           
200008c2  Lcd_ScreenWidth                            
200008c4  Lcd_TouchTrim                              
200008c6  Lcd_FlagRead                               
200008c7  Lcd_FontSolid                              
200008c8  Lcd_Orientation                            
200008c9  Lcd_PenSolid                               
2000fe00  __stack                                    
20010000  __STACK_END                                
4000480c  WDTCTL_SYM                                 
ffffffff  __TI_pprof_out_hndl                        
ffffffff  __TI_prof_data_size                        
ffffffff  __TI_prof_data_start                       
ffffffff  __binit__                                  
ffffffff  __c_args__                                 
ffffffff  binit                                      
UNDEFED   __mpu_init                                 
UNDEFED   _system_post_cinit                         

[291 symbols]
