******************************************************************************
                  TI ARM Linker Unix v20.2.7                   
******************************************************************************
>> Linked Tue Mar 28 15:19:18 2023

OUTPUT FILE NAME:   <part2_exercise17.out>
ENTRY POINT SYMBOL: "_c_int00_noargs"  address: 000058bd


MEMORY CONFIGURATION

         name            origin    length      used     unused   attr    fill
----------------------  --------  ---------  --------  --------  ----  --------
  MAIN                  00000000   00040000  00006d94  0003926c  R  X
  INFO                  00200000   00004000  00000000  00004000  R  X
  SRAM_CODE             01000000   00010000  00000aca  0000f536  RW X
  SRAM_DATA             20000000   00010000  00000aca  0000f536  RW  


SEGMENT ALLOCATION MAP

run origin  load origin   length   init length attrs members
----------  ----------- ---------- ----------- ----- -------
00000000    00000000    00006d98   00006d98    r-x
  00000000    00000000    000000e4   000000e4    r-- .intvecs
  000000e4    000000e4    00005bd4   00005bd4    r-x .text
  00005cb8    00005cb8    0000100c   0000100c    r-- .const
  00006cc8    00006cc8    000000d0   000000d0    r-- .cinit
20000000    20000000    000008ca   00000000    rw-
  20000000    20000000    00000400   00000000    rw- .sysmem
  20000400    20000400    000002a0   00000000    rw- .data
  200006a0    200006a0    0000022a   00000000    rw- .bss
2000fe00    2000fe00    00000200   00000000    rw-
  2000fe00    2000fe00    00000200   00000000    rw- .stack


SECTION ALLOCATION MAP

 output                                  attributes/
section   page    origin      length       input sections
--------  ----  ----------  ----------   ----------------
.intvecs   0    00000000    000000e4     
                  00000000    000000e4     startup_msp432p401r_ccs.obj (.intvecs:retain)

.text      0    000000e4    00005bd4     
                  000000e4    00000a4e     rtsv7M4_T_le_v4SPD16_eabi.lib : _printfi.c.obj (.text:__TI_printfi)
                  00000b32    00000002                                   : _lock.c.obj (.text:_nop)
                  00000b34    000004d8     analog.obj (.text)
                  0000100c    0000047e     game.lib : string.obj (.text:Graphics_drawString)
                  0000148a    00000002     rtsv7M4_T_le_v4SPD16_eabi.lib : div0.asm.obj (.text)
                  0000148c    000003f4     game.lib : Crystalfontz128x128_ST7735.obj (.text)
                  00001880    00000354     system_msp432p401r.obj (.text)
                  00001bd4    000002b8     buttons.obj (.text)
                  00001e8c    00000270     rtsv7M4_T_le_v4SPD16_eabi.lib : _printfi.c.obj (.text:_pconv_a)
                  000020fc    0000026e     game.lib : circle.obj (.text:Graphics_drawCircle)
                  0000236a    00000002     --HOLE-- [fill = 0]
                  0000236c    00000248              : road.obj (.text)
                  000025b4    0000022a              : circle.obj (.text:Graphics_fillCircle)
                  000027de    00000002     --HOLE-- [fill = 0]
                  000027e0    000001ec              : lcd.obj (.text)
                  000029cc    000001d0     rtsv7M4_T_le_v4SPD16_eabi.lib : _printfi.c.obj (.text:_pconv_g)
                  00002b9c    000001b6                                   : fd_add_t2.asm.obj (.text)
                  00002d52    00000180     game.lib : line.obj (.text:Graphics_clipLine)
                  00002ed2    00000174              : line.obj (.text:Graphics_drawLine)
                  00003046    00000002     --HOLE-- [fill = 0]
                  00003048    00000158     main.obj (.text)
                  000031a0    0000014c     game.lib : menu.obj (.text)
                  000032ec    0000013c     rtsv7M4_T_le_v4SPD16_eabi.lib : _printfi.c.obj (.text:_pconv_e)
                  00003428    00000138     led.obj (.text)
                  00003560    00000136     rtsv7M4_T_le_v4SPD16_eabi.lib : fd_div_t2.asm.obj (.text)
                  00003696    00000002     --HOLE-- [fill = 0]
                  00003698    00000128     game.lib : car.obj (.text)
                  000037c0    00000124     rtsv7M4_T_le_v4SPD16_eabi.lib : _printfi.c.obj (.text:fcvt)
                  000038e4    00000114                                   : fputs.c.obj (.text:fputs)
                  000039f8    00000112     game.lib : rectangle.obj (.text:Graphics_fillRectangle)
                  00003b0a    00000002     --HOLE-- [fill = 0]
                  00003b0c    00000110     rtsv7M4_T_le_v4SPD16_eabi.lib : s_scalbn.c.obj (.text:scalbn)
                  00003c1c    00000100                                   : memory.c.obj (.text:aligned_alloc)
                  00003d1c    000000fc                                   : fd_mul_t2.asm.obj (.text)
                  00003e18    000000fa     game.lib : string.obj (.text:Graphics_getStringWidth)
                  00003f12    00000002     --HOLE-- [fill = 0]
                  00003f14    000000f8     rtsv7M4_T_le_v4SPD16_eabi.lib : s_floor.c.obj (.text:floor)
                  0000400c    000000e4                                   : memory.c.obj (.text:free)
                  000040f0    000000dc                                   : setvbuf.c.obj (.text:setvbuf)
                  000041cc    000000c4                                   : s_round.c.obj (.text:round)
                  00004290    000000b1                                   : _printfi.c.obj (.text:_ltostr)
                  00004341    00000001     --HOLE-- [fill = 0]
                  00004342    000000b0     game.lib : spi.o (.text:SPI_initMaster)
                  000043f2    00000002     --HOLE-- [fill = 0]
                  000043f4    000000ac              : HAL_MSP_EXP432P401R_Crystalfontz128x128_ST7735.obj (.text)
                  000044a0    000000a0              : random.obj (.text)
                  00004540    0000009c              : line.obj (.text:Graphics_drawLineH)
                  000045dc    0000009c              : line.obj (.text:Graphics_drawLineV)
                  00004678    0000009c     rtsv7M4_T_le_v4SPD16_eabi.lib : memcpy_t2.asm.obj (.text)
                  00004714    00000098     game.lib : init_game.obj (.text)
                  000047ac    00000096     rtsv7M4_T_le_v4SPD16_eabi.lib : ull_div_t2.asm.obj (.text)
                  00004842    00000002     --HOLE-- [fill = 0]
                  00004844    00000092     game.lib : scores.obj (.text)
                  000048d6    00000002     --HOLE-- [fill = 0]
                  000048d8    0000008c     rtsv7M4_T_le_v4SPD16_eabi.lib : fputc.c.obj (.text:fputc)
                  00004964    00000088     game.lib : gpio.o (.text:GPIO_setAsPeripheralModuleFunctionOutputPin)
                  000049ec    00000086     rtsv7M4_T_le_v4SPD16_eabi.lib : fd_cmp_t2.asm.obj (.text:__aeabi_cdcmple)
                  00004a72    00000086                                   : fd_cmp_t2.asm.obj (.text:__aeabi_cdrcmple)
                  00004af8    0000007a                                   : memset_t2.asm.obj (.text)
                  00004b72    00000002     --HOLE-- [fill = 0]
                  00004b74    00000074                                   : fclose.c.obj (.text:__TI_closefile)
                  00004be8    00000070                                   : memory.c.obj (.text:split)
                  00004c58    0000006e                                   : _printfi.c.obj (.text:_mcpy)
                  00004cc6    0000006e                                   : fd_tos_t2.asm.obj (.text)
                  00004d34    0000006c                                   : hostrename.c.obj (.text:HOSTrename)
                  00004da0    00000068                                   : hostlseek.c.obj (.text:HOSTlseek)
                  00004e08    00000068                                   : copy_decompress_lzss.c.obj (.text:decompress:lzss:__TI_decompress_lzss)
                  00004e70    00000068                                   : printf.c.obj (.text:printf)
                  00004ed8    00000064     game.lib : line.obj (.text:Graphics_getClipCode)
                  00004f3c    00000064     rtsv7M4_T_le_v4SPD16_eabi.lib : s_frexp.c.obj (.text:frexp)
                  00004fa0    00000064                                   : fseek.c.obj (.text:fseek)
                  00005004    00000062                                   : _io_perm.c.obj (.text:__TI_wrt_ok)
                  00005066    00000002     --HOLE-- [fill = 0]
                  00005068    00000060                                   : hostopen.c.obj (.text:HOSTopen)
                  000050c8    0000005c                                   : close.c.obj (.text:close)
                  00005124    0000005a     game.lib : context.obj (.text:Graphics_drawPixel)
                  0000517e    00000002     --HOLE-- [fill = 0]
                  00005180    00000058     rtsv7M4_T_le_v4SPD16_eabi.lib : hostread.c.obj (.text:HOSTread)
                  000051d8    00000058                                   : hostwrite.c.obj (.text:HOSTwrite)
                  00005230    00000056                                   : _printfi.c.obj (.text:_pconv_f)
                  00005286    00000054                                   : _ltoa.c.obj (.text:__TI_ltoa)
                  000052da    00000052     game.lib : context.obj (.text:Graphics_initContext)
                  0000532c    00000052     rtsv7M4_T_le_v4SPD16_eabi.lib : _printfi.c.obj (.text:_ecpy)
                  0000537e    0000004c                                   : fflush.c.obj (.text:__TI_doflush)
                  000053ca    00000002     --HOLE-- [fill = 0]
                  000053cc    0000004c                                   : atoi.c.obj (.text:atoi)
                  00005418    00000048     game.lib : string.obj (.text:Graphics_drawStringCentered)
                  00005460    00000048     rtsv7M4_T_le_v4SPD16_eabi.lib : exit.c.obj (.text:exit)
                  000054a8    00000048                                   : fd_toi_t2.asm.obj (.text)
                  000054f0    00000044                                   : hostclose.c.obj (.text:HOSTclose)
                  00005534    00000044                                   : hostunlink.c.obj (.text:HOSTunlink)
                  00005578    00000044                                   : autoinit.c.obj (.text:__TI_auto_init_nobinit_nopinit:__TI_auto_init_nobinit_nopinit)
                  000055bc    00000044                                   : getdevice.c.obj (.text:getdevice)
                  00005600    00000040     game.lib : gpio.o (.text:GPIO_setAsOutputPin)
                  00005640    00000040              : string.obj (.text:Graphics_getNumberOfLeadingZeros)
                  00005680    00000040              : spi.o (.text:is_A_Module)
                  000056c0    00000040     rtsv7M4_T_le_v4SPD16_eabi.lib : sprintf.c.obj (.text:sprintf)
                  00005700    0000003e                                   : _printfi.c.obj (.text:_fcpy)
                  0000573e    00000002     --HOLE-- [fill = 0]
                  00005740    00000038                                   : trgmsg.c.obj (.text:__TI_writemsg)
                  00005778    00000038                                   : fs_tod_t2.asm.obj (.text)
                  000057b0    00000036     game.lib : display.obj (.text:Graphics_drawHorizontalLineOnDisplay)
                  000057e6    00000036              : display.obj (.text:Graphics_drawVerticalLineOnDisplay)
                  0000581c    00000036     rtsv7M4_T_le_v4SPD16_eabi.lib : strncpy.c.obj (.text:strncpy)
                  00005852    00000002     --HOLE-- [fill = 0]
                  00005854    00000034                                   : fopen.c.obj (.text:__TI_cleanup)
                  00005888    00000034                                   : trgmsg.c.obj (.text:__TI_readmsg)
                  000058bc    00000034                                   : boot_cortex_m.c.obj (.text:_c_int00_noargs:_c_int00_noargs)
                  000058f0    00000030                                   : getdevice.c.obj (.text:finddevice)
                  00005920    0000002e                                   : i_tofd_t2.asm.obj (.text)
                  0000594e    0000002c     game.lib : display.obj (.text:Graphics_drawPixelOnDisplay)
                  0000597a    00000002     --HOLE-- [fill = 0]
                  0000597c    0000002c     rtsv7M4_T_le_v4SPD16_eabi.lib : unlink.c.obj (.text:unlink)
                  000059a8    00000028     game.lib : gpio.o (.text:GPIO_setOutputHighOnPin)
                  000059d0    00000028              : gpio.o (.text:GPIO_setOutputLowOnPin)
                  000059f8    00000028     rtsv7M4_T_le_v4SPD16_eabi.lib : memory.c.obj (.text:free_list_insert)
                  00005a20    00000028                                   : lseek.c.obj (.text:lseek)
                  00005a48    00000028                                   : write.c.obj (.text:write)
                  00005a70    00000020                                   : memchr.c.obj (.text:memchr)
                  00005a90    0000001e     game.lib : display.obj (.text:Graphics_fillRectangleOnDisplay)
                  00005aae    0000001c              : spi.o (.text:SPI_enableModule)
                  00005aca    0000001c     rtsv7M4_T_le_v4SPD16_eabi.lib : copy_zero_init.c.obj (.text:decompress:ZI:__TI_zero_init_nomemset:__TI_zero_init_nomemset)
                  00005ae6    00000002     --HOLE-- [fill = 0]
                  00005ae8    0000001c                                   : memory.c.obj (.text:free_list_remove)
                  00005b04    0000001c                                   : memccpy.c.obj (.text:memccpy)
                  00005b20    0000001a     game.lib : display.obj (.text:Graphics_clearDisplayOnDisplay)
                  00005b3a    0000001a              : context.obj (.text:Graphics_setBackgroundColor)
                  00005b54    0000001a              : context.obj (.text:Graphics_setFont)
                  00005b6e    0000001a     rtsv7M4_T_le_v4SPD16_eabi.lib : s_copysign.c.obj (.text:copysign)
                  00005b88    00000018                                   : sprintf.c.obj (.text:_outs)
                  00005ba0    00000018                                   : strcmp.c.obj (.text:strcmp)
                  00005bb8    00000016     game.lib : spi.o (.text:EUSCI_A_SPI_enable)
                  00005bce    00000016              : spi.o (.text:EUSCI_B_SPI_enable)
                  00005be4    00000016              : context.obj (.text:Graphics_setForegroundColor)
                  00005bfa    00000016              : display.obj (.text:Graphics_translateColorOnDisplay)
                  00005c10    00000016     rtsv7M4_T_le_v4SPD16_eabi.lib : strchr.c.obj (.text:strchr)
                  00005c26    00000014                                   : strcpy.c.obj (.text:strcpy)
                  00005c3a    00000014                                   : strlen.c.obj (.text:strlen)
                  00005c4e    00000012     game.lib : context.obj (.text:Graphics_clearDisplay)
                  00005c60    00000012     rtsv7M4_T_le_v4SPD16_eabi.lib : wcslen.c.obj (.text:wcslen)
                  00005c72    0000000e                                   : copy_decompress_none.c.obj (.text:decompress:none:__TI_decompress_none)
                  00005c80    0000000e     startup_msp432p401r_ccs.obj (.text)
                  00005c8e    0000000a     rtsv7M4_T_le_v4SPD16_eabi.lib : sprintf.c.obj (.text:_outc)
                  00005c98    00000008                                   : errno.c.obj (.text:__aeabi_errno_addr)
                  00005ca0    00000008                                   : memory.c.obj (.text:malloc)
                  00005ca8    00000004                                   : printf.c.obj (.text:_outc)
                  00005cac    00000004                                   : printf.c.obj (.text:_outs)
                  00005cb0    00000004                                   : pre_init.c.obj (.text:_system_pre_init)
                  00005cb4    00000004                                   : exit.c.obj (.text:abort:abort)

.const     0    00005cb8    0000100c     
                  00005cb8    00000a17     game.lib : fontcmsc22.obj (.const:.string:g_pucCmsc22Data)
                  000066cf    000002f8              : fontfixed6x8.obj (.const:.string:g_pucFontFixed6x8Data)
                  000069c7    00000101     rtsv7M4_T_le_v4SPD16_eabi.lib : ctype.c.obj (.const:.string:_ctypes_)
                  00006ac8    000000c8     game.lib : fontcmsc22.obj (.const:g_sFontCmsc22)
                  00006b90    000000c8              : fontfixed6x8.obj (.const:g_sFontFixed6x8)
                  00006c58    00000030              : gpio.o (.const:GPIO_PORT_TO_BASE)
                  00006c88    00000020              : Crystalfontz128x128_ST7735.obj (.const:g_sCrystalfontz128x128_funcs)
                  00006ca8    0000001c              : HAL_MSP_EXP432P401R_Crystalfontz128x128_ST7735.obj (.const:$P$T0$1)

.cinit     0    00006cc8    000000d0     
                  00006cc8    000000a8     (.cinit..data.load) [load image, compression = lzss]
                  00006d70    0000000c     (__TI_handler_table)
                  00006d7c    00000004     --HOLE-- [fill = 0]
                  00006d80    00000008     (.cinit..bss.load) [load image, compression = zero_init]
                  00006d88    00000010     (__TI_cinit_table)

.init_array 
*          0    00000000    00000000     UNINITIALIZED

.binit     0    00000000    00000000     

.sysmem    0    20000000    00000400     UNINITIALIZED
                  20000000    00000010     rtsv7M4_T_le_v4SPD16_eabi.lib : memory.c.obj (.sysmem)
                  20000010    000003f0     --HOLE--

.data      0    20000400    000002a0     UNINITIALIZED
                  20000400    000000f0     rtsv7M4_T_le_v4SPD16_eabi.lib : defs.c.obj (.data:_ftable)
                  200004f0    00000078                                   : host_device.c.obj (.data:_device)
                  20000568    00000078     game.lib : menu.obj (.data:options)
                  200005e0    00000050     rtsv7M4_T_le_v4SPD16_eabi.lib : host_device.c.obj (.data:_stream)
                  20000630    00000010     game.lib : Crystalfontz128x128_ST7735.obj (.data:g_sCrystalfontz128x128)
                  20000640    00000010     rtsv7M4_T_le_v4SPD16_eabi.lib : defs.c.obj (.data)
                  20000650    0000000c                                   : exit.c.obj (.data:$O1$$)
                  2000065c    0000000c     game.lib : menu.obj (.data:color)
                  20000668    0000000c              : road.obj (.data)
                  20000674    00000008     rtsv7M4_T_le_v4SPD16_eabi.lib : _lock.c.obj (.data:$O1$$)
                  2000067c    00000008                                   : memory.c.obj (.data:$O1$$)
                  20000684    00000008     game.lib : car.obj (.data)
                  2000068c    00000004     analog.obj (.data)
                  20000690    00000004     buttons.obj (.data)
                  20000694    00000004     rtsv7M4_T_le_v4SPD16_eabi.lib : errno.c.obj (.data)
                  20000698    00000004     system_msp432p401r.obj (.data)
                  2000069c    00000002     game.lib : random.obj (.data)
                  2000069e    00000001              : init_game.obj (.data)
                  2000069f    00000001              : menu.obj (.data)

.bss       0    200006a0    0000022a     UNINITIALIZED
                  200006a0    00000120     rtsv7M4_T_le_v4SPD16_eabi.lib : trgmsg.c.obj (.bss:_CIOBUF_)
                  200007c0    000000a0     (.common:__TI_tmpnams)
                  20000860    00000020     game.lib : road.obj (.bss:road)
                  20000880    0000001c              : lcd.obj (.bss:g_sContext)
                  2000089c    0000001c              : lcd.obj (.bss:g_sContext_big_font)
                  200008b8    00000008     (.common:parmbuf)
                  200008c0    00000002     (.common:Lcd_ScreenHeigth)
                  200008c2    00000002     (.common:Lcd_ScreenWidth)
                  200008c4    00000002     (.common:Lcd_TouchTrim)
                  200008c6    00000001     (.common:Lcd_FlagRead)
                  200008c7    00000001     (.common:Lcd_FontSolid)
                  200008c8    00000001     (.common:Lcd_Orientation)
                  200008c9    00000001     (.common:Lcd_PenSolid)

.stack     0    2000fe00    00000200     UNINITIALIZED
                  2000fe00    00000004     rtsv7M4_T_le_v4SPD16_eabi.lib : boot_cortex_m.c.obj (.stack)
                  2000fe04    000001fc     --HOLE--

__llvm_prf_cnts 
*          0    20000000    00000000     UNINITIALIZED

MODULE SUMMARY

       Module                                               code    ro data   rw data
       ------                                               ----    -------   -------
    ./
       system_msp432p401r.obj                               852     0         8      
       main.obj                                             344     0         0      
       startup_msp432p401r_ccs.obj                          14      228       0      
    +--+----------------------------------------------------+-------+---------+---------+
       Total:                                               1210    228       8      
                                                                                     
    ./Analog/
       analog.obj                                           1240    0         8      
    +--+----------------------------------------------------+-------+---------+---------+
       Total:                                               1240    0         8      
                                                                                     
    ./LED/
       led.obj                                              312     0         0      
    +--+----------------------------------------------------+-------+---------+---------+
       Total:                                               312     0         0      
                                                                                     
    ./buttons/
       buttons.obj                                          696     0         8      
    +--+----------------------------------------------------+-------+---------+---------+
       Total:                                               696     0         8      
                                                                                     
    ../game.lib
       fontcmsc22.obj                                       0       2783      0      
       string.obj                                           1536    0         0      
       circle.obj                                           1176    0         0      
       line.obj                                             1168    0         0      
       Crystalfontz128x128_ST7735.obj                       1012    32        52     
       fontfixed6x8.obj                                     0       960       0      
       road.obj                                             584     0         88     
       lcd.obj                                              492     0         112    
       menu.obj                                             332     0         266    
       gpio.o                                               280     48        0      
       car.obj                                              296     0         16     
       spi.o                                                312     0         0      
       rectangle.obj                                        274     0         0      
       context.obj                                          264     0         0      
       display.obj                                          230     0         0      
       HAL_MSP_EXP432P401R_Crystalfontz128x128_ST7735.obj   172     28        0      
       random.obj                                           160     0         4      
       init_game.obj                                        152     0         2      
       scores.obj                                           146     0         0      
    +--+----------------------------------------------------+-------+---------+---------+
       Total:                                               8586    3851      540    
                                                                                     
    /Applications/ti/ccs1220/ccs/tools/compiler/ti-cgt-arm_20.2.7.LTS/lib/rtsv7M4_T_le_v4SPD16_eabi.lib
       _printfi.c.obj                                       4851    0         0      
       defs.c.obj                                           0       0         832    
       memory.c.obj                                         672     0         16     
       trgmsg.c.obj                                         108     0         576    
       fd_add_t2.asm.obj                                    438     0         0      
       host_device.c.obj                                    0       0         400    
       fd_div_t2.asm.obj                                    310     0         0      
       fputs.c.obj                                          276     0         0      
       s_scalbn.c.obj                                       272     0         0      
       fd_cmp_t2.asm.obj                                    268     0         0      
       ctype.c.obj                                          0       257       0      
       fd_mul_t2.asm.obj                                    252     0         0      
       s_floor.c.obj                                        248     0         0      
       setvbuf.c.obj                                        220     0         0      
       s_round.c.obj                                        196     0         0      
       memcpy_t2.asm.obj                                    156     0         0      
       ull_div_t2.asm.obj                                   150     0         0      
       fputc.c.obj                                          140     0         0      
       memset_t2.asm.obj                                    122     0         0      
       fclose.c.obj                                         116     0         0      
       getdevice.c.obj                                      116     0         0      
       hostopen.c.obj                                       96      0         16     
       printf.c.obj                                         112     0         0      
       fd_tos_t2.asm.obj                                    110     0         0      
       hostrename.c.obj                                     108     0         0      
       copy_decompress_lzss.c.obj                           104     0         0      
       hostlseek.c.obj                                      104     0         0      
       exit.c.obj                                           76      0         24     
       fseek.c.obj                                          100     0         0      
       s_frexp.c.obj                                        100     0         0      
       _io_perm.c.obj                                       98      0         0      
       sprintf.c.obj                                        98      0         0      
       close.c.obj                                          92      0         0      
       hostread.c.obj                                       88      0         0      
       hostwrite.c.obj                                      88      0         0      
       _ltoa.c.obj                                          84      0         0      
       atoi.c.obj                                           76      0         0      
       fflush.c.obj                                         76      0         0      
       fd_toi_t2.asm.obj                                    72      0         0      
       autoinit.c.obj                                       68      0         0      
       hostclose.c.obj                                      68      0         0      
       hostunlink.c.obj                                     68      0         0      
       fs_tod_t2.asm.obj                                    56      0         0      
       strncpy.c.obj                                        54      0         0      
       boot_cortex_m.c.obj                                  52      0         0      
       fopen.c.obj                                          52      0         0      
       i_tofd_t2.asm.obj                                    46      0         0      
       unlink.c.obj                                         44      0         0      
       lseek.c.obj                                          40      0         0      
       write.c.obj                                          40      0         0      
       memchr.c.obj                                         32      0         0      
       copy_zero_init.c.obj                                 28      0         0      
       memccpy.c.obj                                        28      0         0      
       s_copysign.c.obj                                     26      0         0      
       strcmp.c.obj                                         24      0         0      
       strchr.c.obj                                         22      0         0      
       strcpy.c.obj                                         20      0         0      
       strlen.c.obj                                         20      0         0      
       _lock.c.obj                                          2       0         16     
       wcslen.c.obj                                         18      0         0      
       errno.c.obj                                          8       0         8      
       copy_decompress_none.c.obj                           14      0         0      
       pre_init.c.obj                                       4       0         0      
       div0.asm.obj                                         2       0         0      
    +--+----------------------------------------------------+-------+---------+---------+
       Total:                                               11429   257       1888   
                                                                                     
       Heap:                                                0       0         2048   
       Stack:                                               0       0         1024   
       Linker Generated:                                    0       204       0      
    +--+----------------------------------------------------+-------+---------+---------+
       Grand Total:                                         23473   4540      5524   


LINKER GENERATED COPY TABLES

__TI_cinit_table @ 00006d88 records: 2, size/record: 8, table size: 16
	.data: load addr=00006cc8, load size=000000a8 bytes, run addr=20000400, run size=000002a0 bytes, compression=lzss
	.bss: load addr=00006d80, load size=00000008 bytes, run addr=200006a0, run size=0000022a bytes, compression=zero_init


LINKER GENERATED HANDLER TABLE

__TI_handler_table @ 00006d70 records: 3, size/record: 4, table size: 12
	index: 0, handler: __TI_decompress_lzss
	index: 1, handler: __TI_decompress_none
	index: 2, handler: __TI_zero_init


GLOBAL SYMBOLS: SORTED ALPHABETICALLY BY Name 

address   name                                       
-------   ----                                       
00000fad  ADC14_IRQHandler                           
00000fad  ADC14_IRQHandler                           
00005c8d  AES256_IRQHandler                          
00005c8d  BusFault_Handler                           
00005cb5  C$$EXIT                                    
0000576f  C$$IO$$                                    
00005c8d  COMP_E0_IRQHandler                         
00005c8d  COMP_E1_IRQHandler                         
00005c8d  CS_IRQHandler                              
00003797  Check_Crash                                
00003209  Create_Menu                                
00001739  Crystalfontz128x128_Init                   
000014bd  Crystalfontz128x128_SetDrawFrame           
0000148d  Crystalfontz128x128_SetOrientation         
00005c8d  DMA_ERR_IRQHandler                         
00005c8d  DMA_INT0_IRQHandler                        
00005c8d  DMA_INT1_IRQHandler                        
00005c8d  DMA_INT2_IRQHandler                        
00005c8d  DMA_INT3_IRQHandler                        
00005c8d  DebugMon_Handler                           
00005c8d  Default_Handler                            
000036c7  Draw_Car                                   
00002537  Draw_Road                                  
00005c8d  EUSCIA0_IRQHandler                         
00005c8d  EUSCIA1_IRQHandler                         
00005c8d  EUSCIA2_IRQHandler                         
00005c8d  EUSCIA3_IRQHandler                         
00005c8d  EUSCIB0_IRQHandler                         
00005c8d  EUSCIB1_IRQHandler                         
00005c8d  EUSCIB2_IRQHandler                         
00005c8d  EUSCIB3_IRQHandler                         
00005bb9  EUSCI_A_SPI_enable                         
00005bcf  EUSCI_B_SPI_enable                         
00005c8d  FLCTL_IRQHandler                           
00005c8d  FPU_IRQHandler                             
00005601  GPIO_setAsOutputPin                        
00004965  GPIO_setAsPeripheralModuleFunctionOutputPin
000059a9  GPIO_setOutputHighOnPin                    
000059d1  GPIO_setOutputLowOnPin                     
0000489d  Game_Over                                  
00005c4f  Graphics_clearDisplay                      
00005b21  Graphics_clearDisplayOnDisplay             
000020fd  Graphics_drawCircle                        
000057b1  Graphics_drawHorizontalLineOnDisplay       
00002ed3  Graphics_drawLine                          
00004541  Graphics_drawLineH                         
000045dd  Graphics_drawLineV                         
00005125  Graphics_drawPixel                         
0000594f  Graphics_drawPixelOnDisplay                
0000100d  Graphics_drawString                        
00005419  Graphics_drawStringCentered                
000057e7  Graphics_drawVerticalLineOnDisplay         
000025b5  Graphics_fillCircle                        
000039f9  Graphics_fillRectangle                     
00005a91  Graphics_fillRectangleOnDisplay            
00003e19  Graphics_getStringWidth                    
000052db  Graphics_initContext                       
00005b3b  Graphics_setBackgroundColor                
00005b55  Graphics_setFont                           
00005be5  Graphics_setForegroundColor                
00005bfb  Graphics_translateColorOnDisplay           
00004465  HAL_LCD_PortInit                           
0000442d  HAL_LCD_SpiInit                            
00004407  HAL_LCD_writeCommand                       
000043f5  HAL_LCD_writeData                          
000054f1  HOSTclose                                  
00004da1  HOSTlseek                                  
00005069  HOSTopen                                   
00005181  HOSTread                                   
00004d35  HOSTrename                                 
00005535  HOSTunlink                                 
000051d9  HOSTwrite                                  
00005c8d  HardFault_Handler                          
00003787  Init_Car                                   
0000477f  Init_Game                                  
00002947  Init_Lcd                                   
00004519  Init_Random                                
0000238f  Init_Road                                  
200008c6  Lcd_FlagRead                               
200008c7  Lcd_FontSolid                              
200008c8  Lcd_Orientation                            
200008c9  Lcd_PenSolid                               
200008c0  Lcd_ScreenHeigth                           
200008c2  Lcd_ScreenWidth                            
200008c4  Lcd_TouchTrim                              
00005c8d  MemManage_Handler                          
00005c8d  NMI_Handler                                
00005c8d  PCM_IRQHandler                             
00005c8d  PORT1_IRQHandler                           
00005c8d  PORT2_IRQHandler                           
00001dcd  PORT3_IRQHandler                           
00001dcd  PORT3_IRQHandler                           
00001df1  PORT4_IRQHandler                           
00001df1  PORT4_IRQHandler                           
00001e07  PORT5_IRQHandler                           
00001e07  PORT5_IRQHandler                           
00005c8d  PORT6_IRQHandler                           
00005c8d  PSS_IRQHandler                             
00005c8d  PendSV_Handler                             
00005c8d  RTC_C_IRQHandler                           
00005c81  Reset_Handler                              
00005aaf  SPI_enableModule                           
00004343  SPI_initMaster                             
00005c8d  SVC_Handler                                
000036a7  Set_Car_Color                              
000031a1  Show_Menu                                  
0000489b  Show_Msg                                   
00004845  Show_Scores                                
00004751  Start_SysTick                              
00003699  Steering_Wheel                             
00004749  SysTick_Handler                            
00004749  SysTick_Handler                            
20000698  SystemCoreClock                            
00001881  SystemCoreClockUpdate                      
00001af9  SystemInit                                 
00005c8d  T32_INT1_IRQHandler                        
00005c8d  T32_INT2_IRQHandler                        
00005c8d  T32_INTC_IRQHandler                        
00005c8d  TA0_0_IRQHandler                           
00005c8d  TA0_N_IRQHandler                           
00005c8d  TA1_0_IRQHandler                           
00005c8d  TA1_N_IRQHandler                           
00005c8d  TA2_0_IRQHandler                           
00005c8d  TA2_N_IRQHandler                           
00005c8d  TA3_0_IRQHandler                           
00005c8d  TA3_N_IRQHandler                           
00005c8d  UsageFault_Handler                         
4000480c  WDTCTL_SYM                                 
00005c8d  WDT_A_IRQHandler                           
200006a0  __CIOBUF_                                  
20010000  __STACK_END                                
00000200  __STACK_SIZE                               
00000400  __SYSMEM_SIZE                              
00006d88  __TI_CINIT_Base                            
00006d98  __TI_CINIT_Limit                           
00006d70  __TI_Handler_Table_Base                    
00006d7c  __TI_Handler_Table_Limit                   
00005579  __TI_auto_init_nobinit_nopinit             
00005855  __TI_cleanup                               
20000650  __TI_cleanup_ptr                           
00004b75  __TI_closefile                             
00004e09  __TI_decompress_lzss                       
00005c73  __TI_decompress_none                       
0000537f  __TI_doflush                               
20000654  __TI_dtors_ptr                             
20000658  __TI_enable_exit_profile_output            
20000640  __TI_ft_end                                
00005287  __TI_ltoa                                  
ffffffff  __TI_pprof_out_hndl                        
000000e5  __TI_printfi                               
ffffffff  __TI_prof_data_size                        
ffffffff  __TI_prof_data_start                       
00005889  __TI_readmsg                               
00000000  __TI_static_base__                         
200007c0  __TI_tmpnams                               
00005741  __TI_writemsg                              
00005005  __TI_wrt_ok                                
00005acb  __TI_zero_init_nomemset                    
000049ed  __aeabi_cdcmpeq                            
000049ed  __aeabi_cdcmple                            
00004a73  __aeabi_cdrcmple                           
00004cc7  __aeabi_d2f                                
000054a9  __aeabi_d2iz                               
00002ba7  __aeabi_dadd                               
00003561  __aeabi_ddiv                               
00003d1d  __aeabi_dmul                               
00002b9d  __aeabi_dsub                               
00005c99  __aeabi_errno_addr                         
00005779  __aeabi_f2d                                
00005921  __aeabi_i2d                                
0000148b  __aeabi_idiv0                              
0000148b  __aeabi_ldiv0                              
00004af9  __aeabi_memclr                             
00004af9  __aeabi_memclr4                            
00004af9  __aeabi_memclr8                            
00004679  __aeabi_memcpy                             
00004679  __aeabi_memcpy4                            
00004679  __aeabi_memcpy8                            
00004afb  __aeabi_memset                             
00004afb  __aeabi_memset4                            
00004afb  __aeabi_memset8                            
2000064c  __aeabi_stderr                             
20000644  __aeabi_stdin                              
20000648  __aeabi_stdout                             
000047ad  __aeabi_uldivmod                           
ffffffff  __binit__                                  
ffffffff  __c_args__                                 
UNDEFED   __mpu_init                                 
2000fe00  __stack                                    
20000000  __start___llvm_prf_cnts                    
20000000  __stop___llvm_prf_cnts                     
000058bd  _c_int00_noargs                            
000069c7  _ctypes_                                   
200004f0  _device                                    
20000400  _ftable                                    
20000674  _lock                                      
00000b33  _nop                                       
200005e0  _stream                                    
20000000  _sys_memory                                
UNDEFED   _system_post_cinit                         
00005cb1  _system_pre_init                           
20000678  _unlock                                    
00005cb5  abort                                      
00003c1d  aligned_alloc                              
00000f6f  all_values_temp                            
000053cd  atoi                                       
00000d8d  better_control                             
ffffffff  binit                                      
00001d15  button_bottom_fsm                          
0000236d  change_speed                               
00004735  check_SysTick_flag                         
00001d55  check_and_clear_bb_flag                    
00001d7d  check_and_clear_bj_flag                    
00001da5  check_and_clear_bu_flag                    
00002931  clear_display                              
000050c9  close                                      
00000c21  config_accel                               
00000ba5  config_joystic                             
00000b75  config_temp                                
00000f39  convert_to_Celsius                         
00000ef5  convert_to_volts                           
00005b6f  copysign                                   
00005b6f  copysignl                                  
00002907  drawLine                                   
000028e7  draw_circle                                
0000288f  draw_string_back                           
0000285b  draw_string_big_font                       
00002827  draw_string_font                           
20000694  errno                                      
00005461  exit                                       
00002807  fill_circle                                
000027e1  fill_rectangle                             
000058f1  finddevice                                 
2000069e  flag_SysTick                               
00003f15  floor                                      
00003f15  floorl                                     
00004731  foo                                        
000048d9  fputc                                      
000038e5  fputs                                      
0000400d  free                                       
00004f3d  frexp                                      
00004f3d  frexpl                                     
00004fa1  fseek                                      
20000630  g_sCrystalfontz128x128                     
00006c88  g_sCrystalfontz128x128_funcs               
00006ac8  g_sFontCmsc22                              
00006b90  g_sFontFixed6x8                            
000055bd  getdevice                                  
00000b35  init_adc14                                 
00001c01  init_buttons                               
00001c5d  init_buttons_int                           
00003429  init_rgb                                   
00000000  interruptVectors                           
00003b0d  ldexp                                      
00003b0d  ldexpl                                     
0000351f  led_off                                    
000034a3  led_on                                     
00005a21  lseek                                      
00003049  main                                       
00005ca1  malloc                                     
00003c1d  memalign                                   
00005b05  memccpy                                    
00005a71  memchr                                     
00004679  memcpy                                     
00004b01  memset                                     
200008b8  parmbuf                                    
00004e71  printf                                     
000048d9  putc                                       
000044a1  rand                                       
00000d05  read_accel                                 
00001cd1  read_button_bottom                         
00000cc1  read_joystick                              
00000d53  read_temp                                  
00001cf3  read_upper_bottom                          
0000597d  remove                                     
000041cd  round                                      
000041cd  roundl                                     
00003b0d  scalbn                                     
00003b0d  scalbnl                                    
000040f1  setvbuf                                    
00004715  show_error                                 
000056c1  sprintf                                    
00005c11  strchr                                     
00005ba1  strcmp                                     
00005c27  strcpy                                     
00005c3b  strlen                                     
0000581d  strncpy                                    
2000068c  temp                                       
0000597d  unlink                                     
00005c61  wcslen                                     
00005a49  write                                      


GLOBAL SYMBOLS: SORTED BY Symbol Address 

address   name                                       
-------   ----                                       
00000000  __TI_static_base__                         
00000000  interruptVectors                           
000000e5  __TI_printfi                               
00000200  __STACK_SIZE                               
00000400  __SYSMEM_SIZE                              
00000b33  _nop                                       
00000b35  init_adc14                                 
00000b75  config_temp                                
00000ba5  config_joystic                             
00000c21  config_accel                               
00000cc1  read_joystick                              
00000d05  read_accel                                 
00000d53  read_temp                                  
00000d8d  better_control                             
00000ef5  convert_to_volts                           
00000f39  convert_to_Celsius                         
00000f6f  all_values_temp                            
00000fad  ADC14_IRQHandler                           
00000fad  ADC14_IRQHandler                           
0000100d  Graphics_drawString                        
0000148b  __aeabi_idiv0                              
0000148b  __aeabi_ldiv0                              
0000148d  Crystalfontz128x128_SetOrientation         
000014bd  Crystalfontz128x128_SetDrawFrame           
00001739  Crystalfontz128x128_Init                   
00001881  SystemCoreClockUpdate                      
00001af9  SystemInit                                 
00001c01  init_buttons                               
00001c5d  init_buttons_int                           
00001cd1  read_button_bottom                         
00001cf3  read_upper_bottom                          
00001d15  button_bottom_fsm                          
00001d55  check_and_clear_bb_flag                    
00001d7d  check_and_clear_bj_flag                    
00001da5  check_and_clear_bu_flag                    
00001dcd  PORT3_IRQHandler                           
00001dcd  PORT3_IRQHandler                           
00001df1  PORT4_IRQHandler                           
00001df1  PORT4_IRQHandler                           
00001e07  PORT5_IRQHandler                           
00001e07  PORT5_IRQHandler                           
000020fd  Graphics_drawCircle                        
0000236d  change_speed                               
0000238f  Init_Road                                  
00002537  Draw_Road                                  
000025b5  Graphics_fillCircle                        
000027e1  fill_rectangle                             
00002807  fill_circle                                
00002827  draw_string_font                           
0000285b  draw_string_big_font                       
0000288f  draw_string_back                           
000028e7  draw_circle                                
00002907  drawLine                                   
00002931  clear_display                              
00002947  Init_Lcd                                   
00002b9d  __aeabi_dsub                               
00002ba7  __aeabi_dadd                               
00002ed3  Graphics_drawLine                          
00003049  main                                       
000031a1  Show_Menu                                  
00003209  Create_Menu                                
00003429  init_rgb                                   
000034a3  led_on                                     
0000351f  led_off                                    
00003561  __aeabi_ddiv                               
00003699  Steering_Wheel                             
000036a7  Set_Car_Color                              
000036c7  Draw_Car                                   
00003787  Init_Car                                   
00003797  Check_Crash                                
000038e5  fputs                                      
000039f9  Graphics_fillRectangle                     
00003b0d  ldexp                                      
00003b0d  ldexpl                                     
00003b0d  scalbn                                     
00003b0d  scalbnl                                    
00003c1d  aligned_alloc                              
00003c1d  memalign                                   
00003d1d  __aeabi_dmul                               
00003e19  Graphics_getStringWidth                    
00003f15  floor                                      
00003f15  floorl                                     
0000400d  free                                       
000040f1  setvbuf                                    
000041cd  round                                      
000041cd  roundl                                     
00004343  SPI_initMaster                             
000043f5  HAL_LCD_writeData                          
00004407  HAL_LCD_writeCommand                       
0000442d  HAL_LCD_SpiInit                            
00004465  HAL_LCD_PortInit                           
000044a1  rand                                       
00004519  Init_Random                                
00004541  Graphics_drawLineH                         
000045dd  Graphics_drawLineV                         
00004679  __aeabi_memcpy                             
00004679  __aeabi_memcpy4                            
00004679  __aeabi_memcpy8                            
00004679  memcpy                                     
00004715  show_error                                 
00004731  foo                                        
00004735  check_SysTick_flag                         
00004749  SysTick_Handler                            
00004749  SysTick_Handler                            
00004751  Start_SysTick                              
0000477f  Init_Game                                  
000047ad  __aeabi_uldivmod                           
00004845  Show_Scores                                
0000489b  Show_Msg                                   
0000489d  Game_Over                                  
000048d9  fputc                                      
000048d9  putc                                       
00004965  GPIO_setAsPeripheralModuleFunctionOutputPin
000049ed  __aeabi_cdcmpeq                            
000049ed  __aeabi_cdcmple                            
00004a73  __aeabi_cdrcmple                           
00004af9  __aeabi_memclr                             
00004af9  __aeabi_memclr4                            
00004af9  __aeabi_memclr8                            
00004afb  __aeabi_memset                             
00004afb  __aeabi_memset4                            
00004afb  __aeabi_memset8                            
00004b01  memset                                     
00004b75  __TI_closefile                             
00004cc7  __aeabi_d2f                                
00004d35  HOSTrename                                 
00004da1  HOSTlseek                                  
00004e09  __TI_decompress_lzss                       
00004e71  printf                                     
00004f3d  frexp                                      
00004f3d  frexpl                                     
00004fa1  fseek                                      
00005005  __TI_wrt_ok                                
00005069  HOSTopen                                   
000050c9  close                                      
00005125  Graphics_drawPixel                         
00005181  HOSTread                                   
000051d9  HOSTwrite                                  
00005287  __TI_ltoa                                  
000052db  Graphics_initContext                       
0000537f  __TI_doflush                               
000053cd  atoi                                       
00005419  Graphics_drawStringCentered                
00005461  exit                                       
000054a9  __aeabi_d2iz                               
000054f1  HOSTclose                                  
00005535  HOSTunlink                                 
00005579  __TI_auto_init_nobinit_nopinit             
000055bd  getdevice                                  
00005601  GPIO_setAsOutputPin                        
000056c1  sprintf                                    
00005741  __TI_writemsg                              
0000576f  C$$IO$$                                    
00005779  __aeabi_f2d                                
000057b1  Graphics_drawHorizontalLineOnDisplay       
000057e7  Graphics_drawVerticalLineOnDisplay         
0000581d  strncpy                                    
00005855  __TI_cleanup                               
00005889  __TI_readmsg                               
000058bd  _c_int00_noargs                            
000058f1  finddevice                                 
00005921  __aeabi_i2d                                
0000594f  Graphics_drawPixelOnDisplay                
0000597d  remove                                     
0000597d  unlink                                     
000059a9  GPIO_setOutputHighOnPin                    
000059d1  GPIO_setOutputLowOnPin                     
00005a21  lseek                                      
00005a49  write                                      
00005a71  memchr                                     
00005a91  Graphics_fillRectangleOnDisplay            
00005aaf  SPI_enableModule                           
00005acb  __TI_zero_init_nomemset                    
00005b05  memccpy                                    
00005b21  Graphics_clearDisplayOnDisplay             
00005b3b  Graphics_setBackgroundColor                
00005b55  Graphics_setFont                           
00005b6f  copysign                                   
00005b6f  copysignl                                  
00005ba1  strcmp                                     
00005bb9  EUSCI_A_SPI_enable                         
00005bcf  EUSCI_B_SPI_enable                         
00005be5  Graphics_setForegroundColor                
00005bfb  Graphics_translateColorOnDisplay           
00005c11  strchr                                     
00005c27  strcpy                                     
00005c3b  strlen                                     
00005c4f  Graphics_clearDisplay                      
00005c61  wcslen                                     
00005c73  __TI_decompress_none                       
00005c81  Reset_Handler                              
00005c8d  AES256_IRQHandler                          
00005c8d  BusFault_Handler                           
00005c8d  COMP_E0_IRQHandler                         
00005c8d  COMP_E1_IRQHandler                         
00005c8d  CS_IRQHandler                              
00005c8d  DMA_ERR_IRQHandler                         
00005c8d  DMA_INT0_IRQHandler                        
00005c8d  DMA_INT1_IRQHandler                        
00005c8d  DMA_INT2_IRQHandler                        
00005c8d  DMA_INT3_IRQHandler                        
00005c8d  DebugMon_Handler                           
00005c8d  Default_Handler                            
00005c8d  EUSCIA0_IRQHandler                         
00005c8d  EUSCIA1_IRQHandler                         
00005c8d  EUSCIA2_IRQHandler                         
00005c8d  EUSCIA3_IRQHandler                         
00005c8d  EUSCIB0_IRQHandler                         
00005c8d  EUSCIB1_IRQHandler                         
00005c8d  EUSCIB2_IRQHandler                         
00005c8d  EUSCIB3_IRQHandler                         
00005c8d  FLCTL_IRQHandler                           
00005c8d  FPU_IRQHandler                             
00005c8d  HardFault_Handler                          
00005c8d  MemManage_Handler                          
00005c8d  NMI_Handler                                
00005c8d  PCM_IRQHandler                             
00005c8d  PORT1_IRQHandler                           
00005c8d  PORT2_IRQHandler                           
00005c8d  PORT6_IRQHandler                           
00005c8d  PSS_IRQHandler                             
00005c8d  PendSV_Handler                             
00005c8d  RTC_C_IRQHandler                           
00005c8d  SVC_Handler                                
00005c8d  T32_INT1_IRQHandler                        
00005c8d  T32_INT2_IRQHandler                        
00005c8d  T32_INTC_IRQHandler                        
00005c8d  TA0_0_IRQHandler                           
00005c8d  TA0_N_IRQHandler                           
00005c8d  TA1_0_IRQHandler                           
00005c8d  TA1_N_IRQHandler                           
00005c8d  TA2_0_IRQHandler                           
00005c8d  TA2_N_IRQHandler                           
00005c8d  TA3_0_IRQHandler                           
00005c8d  TA3_N_IRQHandler                           
00005c8d  UsageFault_Handler                         
00005c8d  WDT_A_IRQHandler                           
00005c99  __aeabi_errno_addr                         
00005ca1  malloc                                     
00005cb1  _system_pre_init                           
00005cb5  C$$EXIT                                    
00005cb5  abort                                      
000069c7  _ctypes_                                   
00006ac8  g_sFontCmsc22                              
00006b90  g_sFontFixed6x8                            
00006c88  g_sCrystalfontz128x128_funcs               
00006d70  __TI_Handler_Table_Base                    
00006d7c  __TI_Handler_Table_Limit                   
00006d88  __TI_CINIT_Base                            
00006d98  __TI_CINIT_Limit                           
20000000  __start___llvm_prf_cnts                    
20000000  __stop___llvm_prf_cnts                     
20000000  _sys_memory                                
20000400  _ftable                                    
200004f0  _device                                    
200005e0  _stream                                    
20000630  g_sCrystalfontz128x128                     
20000640  __TI_ft_end                                
20000644  __aeabi_stdin                              
20000648  __aeabi_stdout                             
2000064c  __aeabi_stderr                             
20000650  __TI_cleanup_ptr                           
20000654  __TI_dtors_ptr                             
20000658  __TI_enable_exit_profile_output            
20000674  _lock                                      
20000678  _unlock                                    
2000068c  temp                                       
20000694  errno                                      
20000698  SystemCoreClock                            
2000069e  flag_SysTick                               
200006a0  __CIOBUF_                                  
200007c0  __TI_tmpnams                               
200008b8  parmbuf                                    
200008c0  Lcd_ScreenHeigth                           
200008c2  Lcd_ScreenWidth                            
200008c4  Lcd_TouchTrim                              
200008c6  Lcd_FlagRead                               
200008c7  Lcd_FontSolid                              
200008c8  Lcd_Orientation                            
200008c9  Lcd_PenSolid                               
2000fe00  __stack                                    
20010000  __STACK_END                                
4000480c  WDTCTL_SYM                                 
ffffffff  __TI_pprof_out_hndl                        
ffffffff  __TI_prof_data_size                        
ffffffff  __TI_prof_data_start                       
ffffffff  __binit__                                  
ffffffff  __c_args__                                 
ffffffff  binit                                      
UNDEFED   __mpu_init                                 
UNDEFED   _system_post_cinit                         

[291 symbols]
