******************************************************************************
                  TI ARM Linker Unix v20.2.7                   
******************************************************************************
>> Linked Thu Mar 23 14:01:01 2023

OUTPUT FILE NAME:   <part1_exercise7.out>
ENTRY POINT SYMBOL: "_c_int00_noargs"  address: 00000919


MEMORY CONFIGURATION

         name            origin    length      used     unused   attr    fill
----------------------  --------  ---------  --------  --------  ----  --------
  MAIN                  00000000   00040000  0000098c  0003f674  R  X
  INFO                  00200000   00004000  00000000  00004000  R  X
  SRAM_CODE             01000000   00010000  00000208  0000fdf8  RW X
  SRAM_DATA             20000000   00010000  00000208  0000fdf8  RW  


SEGMENT ALLOCATION MAP

run origin  load origin   length   init length attrs members
----------  ----------- ---------- ----------- ----- -------
00000000    00000000    0000098c   0000098c    r-x
  00000000    00000000    000000e4   000000e4    r-- .intvecs
  000000e4    000000e4    0000088c   0000088c    r-x .text
  00000970    00000970    0000001c   0000001c    r-- .cinit
20000000    20000000    00000008   00000000    rw-
  20000000    20000000    00000008   00000000    rw- .data
2000fe00    2000fe00    00000200   00000000    rw-
  2000fe00    2000fe00    00000200   00000000    rw- .stack


SECTION ALLOCATION MAP

 output                                  attributes/
section   page    origin      length       input sections
--------  ----  ----------  ----------   ----------------
.intvecs   0    00000000    000000e4     
                  00000000    000000e4     startup_msp432p401r_ccs.obj (.intvecs:retain)

.text      0    000000e4    0000088c     
                  000000e4    00000354     system_msp432p401r.obj (.text)
                  00000438    000002b8     buttons.obj (.text)
                  000006f0    000000e0     main.obj (.text)
                  000007d0    0000009c     rtsv7M4_T_le_v4SPD16_eabi.lib : memcpy_t2.asm.obj (.text)
                  0000086c    00000068                                   : copy_decompress_lzss.c.obj (.text:decompress:lzss:__TI_decompress_lzss)
                  000008d4    00000044                                   : autoinit.c.obj (.text:__TI_auto_init_nobinit_nopinit:__TI_auto_init_nobinit_nopinit)
                  00000918    00000034                                   : boot_cortex_m.c.obj (.text:_c_int00_noargs:_c_int00_noargs)
                  0000094c    0000000e                                   : copy_decompress_none.c.obj (.text:decompress:none:__TI_decompress_none)
                  0000095a    0000000e     startup_msp432p401r_ccs.obj (.text)
                  00000968    00000004     rtsv7M4_T_le_v4SPD16_eabi.lib : pre_init.c.obj (.text:_system_pre_init)
                  0000096c    00000004                                   : exit.c.obj (.text:abort:abort)

.cinit     0    00000970    0000001c     
                  00000970    0000000a     (.cinit..data.load) [load image, compression = lzss]
                  0000097a    00000002     --HOLE-- [fill = 0]
                  0000097c    00000008     (__TI_handler_table)
                  00000984    00000008     (__TI_cinit_table)

.init_array 
*          0    00000000    00000000     UNINITIALIZED

.binit     0    00000000    00000000     

.data      0    20000000    00000008     UNINITIALIZED
                  20000000    00000004     buttons.obj (.data)
                  20000004    00000004     system_msp432p401r.obj (.data)

.stack     0    2000fe00    00000200     UNINITIALIZED
                  2000fe00    00000004     rtsv7M4_T_le_v4SPD16_eabi.lib : boot_cortex_m.c.obj (.stack)
                  2000fe04    000001fc     --HOLE--

__llvm_prf_cnts 
*          0    20000000    00000000     UNINITIALIZED

MODULE SUMMARY

       Module                        code   ro data   rw data
       ------                        ----   -------   -------
    ./
       system_msp432p401r.obj        852    0         8      
       startup_msp432p401r_ccs.obj   14     228       0      
       main.obj                      224    0         0      
    +--+-----------------------------+------+---------+---------+
       Total:                        1090   228       8      
                                                             
    ./buttons/
       buttons.obj                   696    0         8      
    +--+-----------------------------+------+---------+---------+
       Total:                        696    0         8      
                                                             
    /Applications/ti/ccs1220/ccs/tools/compiler/ti-cgt-arm_20.2.7.LTS/lib/rtsv7M4_T_le_v4SPD16_eabi.lib
       memcpy_t2.asm.obj             156    0         0      
       copy_decompress_lzss.c.obj    104    0         0      
       autoinit.c.obj                68     0         0      
       boot_cortex_m.c.obj           52     0         0      
       copy_decompress_none.c.obj    14     0         0      
       exit.c.obj                    4      0         0      
       pre_init.c.obj                4      0         0      
    +--+-----------------------------+------+---------+---------+
       Total:                        402    0         0      
                                                             
       Stack:                        0      0         1024   
       Linker Generated:             0      26        0      
    +--+-----------------------------+------+---------+---------+
       Grand Total:                  2188   254       1040   


LINKER GENERATED COPY TABLES

__TI_cinit_table @ 00000984 records: 1, size/record: 8, table size: 8
	.data: load addr=00000970, load size=0000000a bytes, run addr=20000000, run size=00000008 bytes, compression=lzss


LINKER GENERATED HANDLER TABLE

__TI_handler_table @ 0000097c records: 2, size/record: 4, table size: 8
	index: 0, handler: __TI_decompress_lzss
	index: 1, handler: __TI_decompress_none


GLOBAL SYMBOLS: SORTED ALPHABETICALLY BY Name 

address   name                          
-------   ----                          
00000967  ADC14_IRQHandler              
00000967  AES256_IRQHandler             
00000967  BusFault_Handler              
0000096d  C$$EXIT                       
00000967  COMP_E0_IRQHandler            
00000967  COMP_E1_IRQHandler            
00000967  CS_IRQHandler                 
UNDEFED   Create_Menu                   
00000967  DMA_ERR_IRQHandler            
00000967  DMA_INT0_IRQHandler           
00000967  DMA_INT1_IRQHandler           
00000967  DMA_INT2_IRQHandler           
00000967  DMA_INT3_IRQHandler           
00000967  DebugMon_Handler              
00000967  Default_Handler               
UNDEFED   Draw_Car                      
UNDEFED   Draw_Road                     
00000967  EUSCIA0_IRQHandler            
00000967  EUSCIA1_IRQHandler            
00000967  EUSCIA2_IRQHandler            
00000967  EUSCIA3_IRQHandler            
00000967  EUSCIB0_IRQHandler            
00000967  EUSCIB1_IRQHandler            
00000967  EUSCIB2_IRQHandler            
00000967  EUSCIB3_IRQHandler            
00000967  FLCTL_IRQHandler              
00000967  FPU_IRQHandler                
00000967  HardFault_Handler             
UNDEFED   Init_Game                     
00000967  MemManage_Handler             
00000967  NMI_Handler                   
00000967  PCM_IRQHandler                
00000967  PORT1_IRQHandler              
00000967  PORT2_IRQHandler              
00000631  PORT3_IRQHandler              
00000631  PORT3_IRQHandler              
00000655  PORT4_IRQHandler              
00000655  PORT4_IRQHandler              
0000066b  PORT5_IRQHandler              
0000066b  PORT5_IRQHandler              
00000967  PORT6_IRQHandler              
00000967  PSS_IRQHandler                
00000967  PendSV_Handler                
00000967  RTC_C_IRQHandler              
0000095b  Reset_Handler                 
00000967  SVC_Handler                   
UNDEFED   Set_Car_Color                 
UNDEFED   Show_Menu                     
00000967  SysTick_Handler               
20000004  SystemCoreClock               
000000e5  SystemCoreClockUpdate         
0000035d  SystemInit                    
00000967  T32_INT1_IRQHandler           
00000967  T32_INT2_IRQHandler           
00000967  T32_INTC_IRQHandler           
00000967  TA0_0_IRQHandler              
00000967  TA0_N_IRQHandler              
00000967  TA1_0_IRQHandler              
00000967  TA1_N_IRQHandler              
00000967  TA2_0_IRQHandler              
00000967  TA2_N_IRQHandler              
00000967  TA3_0_IRQHandler              
00000967  TA3_N_IRQHandler              
00000967  UsageFault_Handler            
4000480c  WDTCTL_SYM                    
00000967  WDT_A_IRQHandler              
20010000  __STACK_END                   
00000200  __STACK_SIZE                  
00000984  __TI_CINIT_Base               
0000098c  __TI_CINIT_Limit              
0000097c  __TI_Handler_Table_Base       
00000984  __TI_Handler_Table_Limit      
000008d5  __TI_auto_init_nobinit_nopinit
0000086d  __TI_decompress_lzss          
0000094d  __TI_decompress_none          
ffffffff  __TI_pprof_out_hndl           
ffffffff  __TI_prof_data_size           
ffffffff  __TI_prof_data_start          
00000000  __TI_static_base__            
000007d1  __aeabi_memcpy                
000007d1  __aeabi_memcpy4               
000007d1  __aeabi_memcpy8               
ffffffff  __binit__                     
ffffffff  __c_args__                    
UNDEFED   __mpu_init                    
2000fe00  __stack                       
20000000  __start___llvm_prf_cnts       
20000000  __stop___llvm_prf_cnts        
00000919  _c_int00_noargs               
UNDEFED   _system_post_cinit            
00000969  _system_pre_init              
0000096d  abort                         
ffffffff  binit                         
00000579  button_bottom_fsm             
UNDEFED   change_speed                  
UNDEFED   check_SysTick_flag            
000005b9  check_and_clear_bb_flag       
000005e1  check_and_clear_bj_flag       
00000609  check_and_clear_bu_flag       
00000465  init_buttons                  
000004c1  init_buttons_int              
00000000  interruptVectors              
000006f1  main                          
000007d1  memcpy                        
00000535  read_button_bottom            
00000557  read_upper_bottom             
UNDEFED   show_error                    


GLOBAL SYMBOLS: SORTED BY Symbol Address 

address   name                          
-------   ----                          
00000000  __TI_static_base__            
00000000  interruptVectors              
000000e5  SystemCoreClockUpdate         
00000200  __STACK_SIZE                  
0000035d  SystemInit                    
00000465  init_buttons                  
000004c1  init_buttons_int              
00000535  read_button_bottom            
00000557  read_upper_bottom             
00000579  button_bottom_fsm             
000005b9  check_and_clear_bb_flag       
000005e1  check_and_clear_bj_flag       
00000609  check_and_clear_bu_flag       
00000631  PORT3_IRQHandler              
00000631  PORT3_IRQHandler              
00000655  PORT4_IRQHandler              
00000655  PORT4_IRQHandler              
0000066b  PORT5_IRQHandler              
0000066b  PORT5_IRQHandler              
000006f1  main                          
000007d1  __aeabi_memcpy                
000007d1  __aeabi_memcpy4               
000007d1  __aeabi_memcpy8               
000007d1  memcpy                        
0000086d  __TI_decompress_lzss          
000008d5  __TI_auto_init_nobinit_nopinit
00000919  _c_int00_noargs               
0000094d  __TI_decompress_none          
0000095b  Reset_Handler                 
00000967  ADC14_IRQHandler              
00000967  AES256_IRQHandler             
00000967  BusFault_Handler              
00000967  COMP_E0_IRQHandler            
00000967  COMP_E1_IRQHandler            
00000967  CS_IRQHandler                 
00000967  DMA_ERR_IRQHandler            
00000967  DMA_INT0_IRQHandler           
00000967  DMA_INT1_IRQHandler           
00000967  DMA_INT2_IRQHandler           
00000967  DMA_INT3_IRQHandler           
00000967  DebugMon_Handler              
00000967  Default_Handler               
00000967  EUSCIA0_IRQHandler            
00000967  EUSCIA1_IRQHandler            
00000967  EUSCIA2_IRQHandler            
00000967  EUSCIA3_IRQHandler            
00000967  EUSCIB0_IRQHandler            
00000967  EUSCIB1_IRQHandler            
00000967  EUSCIB2_IRQHandler            
00000967  EUSCIB3_IRQHandler            
00000967  FLCTL_IRQHandler              
00000967  FPU_IRQHandler                
00000967  HardFault_Handler             
00000967  MemManage_Handler             
00000967  NMI_Handler                   
00000967  PCM_IRQHandler                
00000967  PORT1_IRQHandler              
00000967  PORT2_IRQHandler              
00000967  PORT6_IRQHandler              
00000967  PSS_IRQHandler                
00000967  PendSV_Handler                
00000967  RTC_C_IRQHandler              
00000967  SVC_Handler                   
00000967  SysTick_Handler               
00000967  T32_INT1_IRQHandler           
00000967  T32_INT2_IRQHandler           
00000967  T32_INTC_IRQHandler           
00000967  TA0_0_IRQHandler              
00000967  TA0_N_IRQHandler              
00000967  TA1_0_IRQHandler              
00000967  TA1_N_IRQHandler              
00000967  TA2_0_IRQHandler              
00000967  TA2_N_IRQHandler              
00000967  TA3_0_IRQHandler              
00000967  TA3_N_IRQHandler              
00000967  UsageFault_Handler            
00000967  WDT_A_IRQHandler              
00000969  _system_pre_init              
0000096d  C$$EXIT                       
0000096d  abort                         
0000097c  __TI_Handler_Table_Base       
00000984  __TI_CINIT_Base               
00000984  __TI_Handler_Table_Limit      
0000098c  __TI_CINIT_Limit              
20000000  __start___llvm_prf_cnts       
20000000  __stop___llvm_prf_cnts        
20000004  SystemCoreClock               
2000fe00  __stack                       
20010000  __STACK_END                   
4000480c  WDTCTL_SYM                    
ffffffff  __TI_pprof_out_hndl           
ffffffff  __TI_prof_data_size           
ffffffff  __TI_prof_data_start          
ffffffff  __binit__                     
ffffffff  __c_args__                    
ffffffff  binit                         
UNDEFED   Create_Menu                   
UNDEFED   Draw_Car                      
UNDEFED   Draw_Road                     
UNDEFED   Init_Game                     
UNDEFED   Set_Car_Color                 
UNDEFED   Show_Menu                     
UNDEFED   __mpu_init                    
UNDEFED   _system_post_cinit            
UNDEFED   change_speed                  
UNDEFED   check_SysTick_flag            
UNDEFED   show_error                    

[107 symbols]
