******************************************************************************
                  TI ARM Linker Unix v20.2.7                   
******************************************************************************
>> Linked Mon Mar 27 16:11:31 2023

OUTPUT FILE NAME:   <part2_exercise15.out>
ENTRY POINT SYMBOL: "_c_int00_noargs"  address: 00004b75


MEMORY CONFIGURATION

         name            origin    length      used     unused   attr    fill
----------------------  --------  ---------  --------  --------  ----  --------
  MAIN                  00000000   00040000  00005ea0  0003a160  R  X
  INFO                  00200000   00004000  00000000  00004000  R  X
  SRAM_CODE             01000000   00010000  0000031e  0000fce2  RW X
  SRAM_DATA             20000000   00010000  0000031e  0000fce2  RW  


SEGMENT ALLOCATION MAP

run origin  load origin   length   init length attrs members
----------  ----------- ---------- ----------- ----- -------
00000000    00000000    00005ea0   00005ea0    r-x
  00000000    00000000    000000e4   000000e4    r-- .intvecs
  000000e4    000000e4    00004d40   00004d40    r-x .text
  00004e24    00004e24    0000100c   0000100c    r-- .const
  00005e30    00005e30    00000070   00000070    r-- .cinit
20000000    20000000    0000011e   00000000    rw-
  20000000    20000000    000000bc   00000000    rw- .data
  200000bc    200000bc    00000062   00000000    rw- .bss
2000fe00    2000fe00    00000200   00000000    rw-
  2000fe00    2000fe00    00000200   00000000    rw- .stack


SECTION ALLOCATION MAP

 output                                  attributes/
section   page    origin      length       input sections
--------  ----  ----------  ----------   ----------------
.intvecs   0    00000000    000000e4     
                  00000000    000000e4     startup_msp432p401r_ccs.obj (.intvecs:retain)

.text      0    000000e4    00004d40     
                  000000e4    00000a4e     rtsv7M4_T_le_v4SPD16_eabi.lib : _printfi.c.obj (.text:__TI_printfi)
                  00000b32    0000047e     game.lib : string.obj (.text:Graphics_drawString)
                  00000fb0    000003f4              : Crystalfontz128x128_ST7735.obj (.text)
                  000013a4    00000354     system_msp432p401r.obj (.text)
                  000016f8    000002b8     buttons.obj (.text)
                  000019b0    00000284     analog.obj (.text)
                  00001c34    00000270     rtsv7M4_T_le_v4SPD16_eabi.lib : _printfi.c.obj (.text:_pconv_a)
                  00001ea4    0000026e     game.lib : circle.obj (.text:Graphics_drawCircle)
                  00002112    00000002     rtsv7M4_T_le_v4SPD16_eabi.lib : div0.asm.obj (.text)
                  00002114    00000248     game.lib : road.obj (.text)
                  0000235c    0000022a              : circle.obj (.text:Graphics_fillCircle)
                  00002586    00000002     --HOLE-- [fill = 0]
                  00002588    000001ec              : lcd.obj (.text)
                  00002774    000001d0     rtsv7M4_T_le_v4SPD16_eabi.lib : _printfi.c.obj (.text:_pconv_g)
                  00002944    000001b6                                   : fd_add_t2.asm.obj (.text)
                  00002afa    00000180     game.lib : line.obj (.text:Graphics_clipLine)
                  00002c7a    00000174              : line.obj (.text:Graphics_drawLine)
                  00002dee    00000002     --HOLE-- [fill = 0]
                  00002df0    00000158     main.obj (.text)
                  00002f48    0000014c     game.lib : menu.obj (.text)
                  00003094    0000013c     rtsv7M4_T_le_v4SPD16_eabi.lib : _printfi.c.obj (.text:_pconv_e)
                  000031d0    00000138     led.obj (.text)
                  00003308    00000136     rtsv7M4_T_le_v4SPD16_eabi.lib : fd_div_t2.asm.obj (.text)
                  0000343e    00000002     --HOLE-- [fill = 0]
                  00003440    00000128     game.lib : car.obj (.text)
                  00003568    00000124     rtsv7M4_T_le_v4SPD16_eabi.lib : _printfi.c.obj (.text:fcvt)
                  0000368c    00000112     game.lib : rectangle.obj (.text:Graphics_fillRectangle)
                  0000379e    00000002     --HOLE-- [fill = 0]
                  000037a0    00000110     rtsv7M4_T_le_v4SPD16_eabi.lib : s_scalbn.c.obj (.text:scalbn)
                  000038b0    000000fc                                   : fd_mul_t2.asm.obj (.text)
                  000039ac    000000fa     game.lib : string.obj (.text:Graphics_getStringWidth)
                  00003aa6    00000002     --HOLE-- [fill = 0]
                  00003aa8    000000f8     rtsv7M4_T_le_v4SPD16_eabi.lib : s_floor.c.obj (.text:floor)
                  00003ba0    000000c4                                   : s_round.c.obj (.text:round)
                  00003c64    000000b1                                   : _printfi.c.obj (.text:_ltostr)
                  00003d15    00000001     --HOLE-- [fill = 0]
                  00003d16    000000b0     game.lib : spi.o (.text:SPI_initMaster)
                  00003dc6    00000002     --HOLE-- [fill = 0]
                  00003dc8    000000ac              : HAL_MSP_EXP432P401R_Crystalfontz128x128_ST7735.obj (.text)
                  00003e74    000000a0              : random.obj (.text)
                  00003f14    0000009c              : line.obj (.text:Graphics_drawLineH)
                  00003fb0    0000009c              : line.obj (.text:Graphics_drawLineV)
                  0000404c    0000009c     rtsv7M4_T_le_v4SPD16_eabi.lib : memcpy_t2.asm.obj (.text)
                  000040e8    00000098     game.lib : init_game.obj (.text)
                  00004180    00000096     rtsv7M4_T_le_v4SPD16_eabi.lib : ull_div_t2.asm.obj (.text)
                  00004216    00000002     --HOLE-- [fill = 0]
                  00004218    00000092     game.lib : scores.obj (.text)
                  000042aa    00000002     --HOLE-- [fill = 0]
                  000042ac    00000088              : gpio.o (.text:GPIO_setAsPeripheralModuleFunctionOutputPin)
                  00004334    00000086     rtsv7M4_T_le_v4SPD16_eabi.lib : fd_cmp_t2.asm.obj (.text:__aeabi_cdcmple)
                  000043ba    00000086                                   : fd_cmp_t2.asm.obj (.text:__aeabi_cdrcmple)
                  00004440    0000007a                                   : memset_t2.asm.obj (.text)
                  000044ba    0000006e                                   : _printfi.c.obj (.text:_mcpy)
                  00004528    0000006e                                   : fd_tos_t2.asm.obj (.text)
                  00004596    00000068                                   : copy_decompress_lzss.c.obj (.text:decompress:lzss:__TI_decompress_lzss)
                  000045fe    00000064     game.lib : line.obj (.text:Graphics_getClipCode)
                  00004662    00000002     --HOLE-- [fill = 0]
                  00004664    00000064     rtsv7M4_T_le_v4SPD16_eabi.lib : s_frexp.c.obj (.text:frexp)
                  000046c8    0000005a     game.lib : context.obj (.text:Graphics_drawPixel)
                  00004722    00000056     rtsv7M4_T_le_v4SPD16_eabi.lib : _printfi.c.obj (.text:_pconv_f)
                  00004778    00000054                                   : _ltoa.c.obj (.text:__TI_ltoa)
                  000047cc    00000052     game.lib : context.obj (.text:Graphics_initContext)
                  0000481e    00000052     rtsv7M4_T_le_v4SPD16_eabi.lib : _printfi.c.obj (.text:_ecpy)
                  00004870    0000004c                                   : atoi.c.obj (.text:atoi)
                  000048bc    00000048     game.lib : string.obj (.text:Graphics_drawStringCentered)
                  00004904    00000048     rtsv7M4_T_le_v4SPD16_eabi.lib : fd_toi_t2.asm.obj (.text)
                  0000494c    00000044                                   : autoinit.c.obj (.text:__TI_auto_init_nobinit_nopinit:__TI_auto_init_nobinit_nopinit)
                  00004990    00000040     game.lib : gpio.o (.text:GPIO_setAsOutputPin)
                  000049d0    00000040              : string.obj (.text:Graphics_getNumberOfLeadingZeros)
                  00004a10    00000040              : spi.o (.text:is_A_Module)
                  00004a50    00000040     rtsv7M4_T_le_v4SPD16_eabi.lib : sprintf.c.obj (.text:sprintf)
                  00004a90    0000003e                                   : _printfi.c.obj (.text:_fcpy)
                  00004ace    00000038                                   : fs_tod_t2.asm.obj (.text)
                  00004b06    00000036     game.lib : display.obj (.text:Graphics_drawHorizontalLineOnDisplay)
                  00004b3c    00000036              : display.obj (.text:Graphics_drawVerticalLineOnDisplay)
                  00004b72    00000002     --HOLE-- [fill = 0]
                  00004b74    00000034     rtsv7M4_T_le_v4SPD16_eabi.lib : boot_cortex_m.c.obj (.text:_c_int00_noargs:_c_int00_noargs)
                  00004ba8    0000002e                                   : i_tofd_t2.asm.obj (.text)
                  00004bd6    0000002c     game.lib : display.obj (.text:Graphics_drawPixelOnDisplay)
                  00004c02    00000002     --HOLE-- [fill = 0]
                  00004c04    00000028              : gpio.o (.text:GPIO_setOutputHighOnPin)
                  00004c2c    00000028              : gpio.o (.text:GPIO_setOutputLowOnPin)
                  00004c54    0000001e              : display.obj (.text:Graphics_fillRectangleOnDisplay)
                  00004c72    0000001c              : spi.o (.text:SPI_enableModule)
                  00004c8e    0000001c     rtsv7M4_T_le_v4SPD16_eabi.lib : copy_zero_init.c.obj (.text:decompress:ZI:__TI_zero_init_nomemset:__TI_zero_init_nomemset)
                  00004caa    0000001c                                   : memccpy.c.obj (.text:memccpy)
                  00004cc6    0000001a     game.lib : display.obj (.text:Graphics_clearDisplayOnDisplay)
                  00004ce0    0000001a              : context.obj (.text:Graphics_setBackgroundColor)
                  00004cfa    0000001a              : context.obj (.text:Graphics_setFont)
                  00004d14    0000001a     rtsv7M4_T_le_v4SPD16_eabi.lib : s_copysign.c.obj (.text:copysign)
                  00004d2e    00000018                                   : sprintf.c.obj (.text:_outs)
                  00004d46    00000016     game.lib : spi.o (.text:EUSCI_A_SPI_enable)
                  00004d5c    00000016              : spi.o (.text:EUSCI_B_SPI_enable)
                  00004d72    00000016              : context.obj (.text:Graphics_setForegroundColor)
                  00004d88    00000016              : display.obj (.text:Graphics_translateColorOnDisplay)
                  00004d9e    00000016     rtsv7M4_T_le_v4SPD16_eabi.lib : strchr.c.obj (.text:strchr)
                  00004db4    00000014                                   : strlen.c.obj (.text:strlen)
                  00004dc8    00000012     game.lib : context.obj (.text:Graphics_clearDisplay)
                  00004dda    00000012     rtsv7M4_T_le_v4SPD16_eabi.lib : wcslen.c.obj (.text:wcslen)
                  00004dec    0000000e                                   : copy_decompress_none.c.obj (.text:decompress:none:__TI_decompress_none)
                  00004dfa    0000000e     startup_msp432p401r_ccs.obj (.text)
                  00004e08    0000000a     rtsv7M4_T_le_v4SPD16_eabi.lib : sprintf.c.obj (.text:_outc)
                  00004e12    00000002     --HOLE-- [fill = 0]
                  00004e14    00000008                                   : errno.c.obj (.text:__aeabi_errno_addr)
                  00004e1c    00000004                                   : pre_init.c.obj (.text:_system_pre_init)
                  00004e20    00000004                                   : exit.c.obj (.text:abort:abort)

.const     0    00004e24    0000100c     
                  00004e24    00000a17     game.lib : fontcmsc22.obj (.const:.string:g_pucCmsc22Data)
                  0000583b    000002f8              : fontfixed6x8.obj (.const:.string:g_pucFontFixed6x8Data)
                  00005b33    00000101     rtsv7M4_T_le_v4SPD16_eabi.lib : ctype.c.obj (.const:.string:_ctypes_)
                  00005c34    000000c8     game.lib : fontcmsc22.obj (.const:g_sFontCmsc22)
                  00005cfc    000000c8              : fontfixed6x8.obj (.const:g_sFontFixed6x8)
                  00005dc4    00000030              : gpio.o (.const:GPIO_PORT_TO_BASE)
                  00005df4    00000020              : Crystalfontz128x128_ST7735.obj (.const:g_sCrystalfontz128x128_funcs)
                  00005e14    0000001c              : HAL_MSP_EXP432P401R_Crystalfontz128x128_ST7735.obj (.const:$P$T0$1)

.cinit     0    00005e30    00000070     
                  00005e30    00000045     (.cinit..data.load) [load image, compression = lzss]
                  00005e75    00000003     --HOLE-- [fill = 0]
                  00005e78    0000000c     (__TI_handler_table)
                  00005e84    00000004     --HOLE-- [fill = 0]
                  00005e88    00000008     (.cinit..bss.load) [load image, compression = zero_init]
                  00005e90    00000010     (__TI_cinit_table)

.init_array 
*          0    00000000    00000000     UNINITIALIZED

.binit     0    00000000    00000000     

.data      0    20000000    000000bc     UNINITIALIZED
                  20000000    00000078     game.lib : menu.obj (.data:options)
                  20000078    00000010              : Crystalfontz128x128_ST7735.obj (.data:g_sCrystalfontz128x128)
                  20000088    0000000c              : menu.obj (.data:color)
                  20000094    0000000c              : road.obj (.data)
                  200000a0    00000008              : car.obj (.data)
                  200000a8    00000004     analog.obj (.data)
                  200000ac    00000004     buttons.obj (.data)
                  200000b0    00000004     rtsv7M4_T_le_v4SPD16_eabi.lib : errno.c.obj (.data)
                  200000b4    00000004     system_msp432p401r.obj (.data)
                  200000b8    00000002     game.lib : random.obj (.data)
                  200000ba    00000001              : init_game.obj (.data)
                  200000bb    00000001              : menu.obj (.data)

.bss       0    200000bc    00000062     UNINITIALIZED
                  200000bc    00000020     game.lib : road.obj (.bss:road)
                  200000dc    0000001c              : lcd.obj (.bss:g_sContext)
                  200000f8    0000001c              : lcd.obj (.bss:g_sContext_big_font)
                  20000114    00000002     (.common:Lcd_ScreenHeigth)
                  20000116    00000002     (.common:Lcd_ScreenWidth)
                  20000118    00000002     (.common:Lcd_TouchTrim)
                  2000011a    00000001     (.common:Lcd_FlagRead)
                  2000011b    00000001     (.common:Lcd_FontSolid)
                  2000011c    00000001     (.common:Lcd_Orientation)
                  2000011d    00000001     (.common:Lcd_PenSolid)

.stack     0    2000fe00    00000200     UNINITIALIZED
                  2000fe00    00000004     rtsv7M4_T_le_v4SPD16_eabi.lib : boot_cortex_m.c.obj (.stack)
                  2000fe04    000001fc     --HOLE--

__llvm_prf_cnts 
*          0    20000000    00000000     UNINITIALIZED

MODULE SUMMARY

       Module                                               code    ro data   rw data
       ------                                               ----    -------   -------
    ./
       system_msp432p401r.obj                               852     0         8      
       main.obj                                             344     0         0      
       startup_msp432p401r_ccs.obj                          14      228       0      
    +--+----------------------------------------------------+-------+---------+---------+
       Total:                                               1210    228       8      
                                                                                     
    ./Analog/
       analog.obj                                           644     0         8      
    +--+----------------------------------------------------+-------+---------+---------+
       Total:                                               644     0         8      
                                                                                     
    ./LED/
       led.obj                                              312     0         0      
    +--+----------------------------------------------------+-------+---------+---------+
       Total:                                               312     0         0      
                                                                                     
    ./buttons/
       buttons.obj                                          696     0         8      
    +--+----------------------------------------------------+-------+---------+---------+
       Total:                                               696     0         8      
                                                                                     
    ../game.lib
       fontcmsc22.obj                                       0       2783      0      
       string.obj                                           1536    0         0      
       circle.obj                                           1176    0         0      
       line.obj                                             1168    0         0      
       Crystalfontz128x128_ST7735.obj                       1012    32        52     
       fontfixed6x8.obj                                     0       960       0      
       road.obj                                             584     0         88     
       lcd.obj                                              492     0         112    
       menu.obj                                             332     0         266    
       gpio.o                                               280     48        0      
       car.obj                                              296     0         16     
       spi.o                                                312     0         0      
       rectangle.obj                                        274     0         0      
       context.obj                                          264     0         0      
       display.obj                                          230     0         0      
       HAL_MSP_EXP432P401R_Crystalfontz128x128_ST7735.obj   172     28        0      
       random.obj                                           160     0         4      
       init_game.obj                                        152     0         2      
       scores.obj                                           146     0         0      
    +--+----------------------------------------------------+-------+---------+---------+
       Total:                                               8586    3851      540    
                                                                                     
    /Applications/ti/ccs1220/ccs/tools/compiler/ti-cgt-arm_20.2.7.LTS/lib/rtsv7M4_T_le_v4SPD16_eabi.lib
       _printfi.c.obj                                       4851    0         0      
       fd_add_t2.asm.obj                                    438     0         0      
       fd_div_t2.asm.obj                                    310     0         0      
       s_scalbn.c.obj                                       272     0         0      
       fd_cmp_t2.asm.obj                                    268     0         0      
       ctype.c.obj                                          0       257       0      
       fd_mul_t2.asm.obj                                    252     0         0      
       s_floor.c.obj                                        248     0         0      
       s_round.c.obj                                        196     0         0      
       memcpy_t2.asm.obj                                    156     0         0      
       ull_div_t2.asm.obj                                   150     0         0      
       memset_t2.asm.obj                                    122     0         0      
       fd_tos_t2.asm.obj                                    110     0         0      
       copy_decompress_lzss.c.obj                           104     0         0      
       s_frexp.c.obj                                        100     0         0      
       sprintf.c.obj                                        98      0         0      
       _ltoa.c.obj                                          84      0         0      
       atoi.c.obj                                           76      0         0      
       fd_toi_t2.asm.obj                                    72      0         0      
       autoinit.c.obj                                       68      0         0      
       fs_tod_t2.asm.obj                                    56      0         0      
       boot_cortex_m.c.obj                                  52      0         0      
       i_tofd_t2.asm.obj                                    46      0         0      
       copy_zero_init.c.obj                                 28      0         0      
       memccpy.c.obj                                        28      0         0      
       s_copysign.c.obj                                     26      0         0      
       strchr.c.obj                                         22      0         0      
       strlen.c.obj                                         20      0         0      
       wcslen.c.obj                                         18      0         0      
       errno.c.obj                                          8       0         8      
       copy_decompress_none.c.obj                           14      0         0      
       exit.c.obj                                           4       0         0      
       pre_init.c.obj                                       4       0         0      
       div0.asm.obj                                         2       0         0      
    +--+----------------------------------------------------+-------+---------+---------+
       Total:                                               8303    257       8      
                                                                                     
       Stack:                                               0       0         1024   
       Linker Generated:                                    0       105       0      
    +--+----------------------------------------------------+-------+---------+---------+
       Grand Total:                                         19751   4441      1596   


LINKER GENERATED COPY TABLES

__TI_cinit_table @ 00005e90 records: 2, size/record: 8, table size: 16
	.data: load addr=00005e30, load size=00000045 bytes, run addr=20000000, run size=000000bc bytes, compression=lzss
	.bss: load addr=00005e88, load size=00000008 bytes, run addr=200000bc, run size=00000062 bytes, compression=zero_init


LINKER GENERATED HANDLER TABLE

__TI_handler_table @ 00005e78 records: 3, size/record: 4, table size: 12
	index: 0, handler: __TI_decompress_lzss
	index: 1, handler: __TI_decompress_none
	index: 2, handler: __TI_zero_init


GLOBAL SYMBOLS: SORTED ALPHABETICALLY BY Name 

address   name                                       
-------   ----                                       
00001bb3  ADC14_IRQHandler                           
00001bb3  ADC14_IRQHandler                           
00004e07  AES256_IRQHandler                          
00004e07  BusFault_Handler                           
00004e21  C$$EXIT                                    
00004e07  COMP_E0_IRQHandler                         
00004e07  COMP_E1_IRQHandler                         
00004e07  CS_IRQHandler                              
0000353f  Check_Crash                                
00002fb1  Create_Menu                                
0000125d  Crystalfontz128x128_Init                   
00000fe1  Crystalfontz128x128_SetDrawFrame           
00000fb1  Crystalfontz128x128_SetOrientation         
00004e07  DMA_ERR_IRQHandler                         
00004e07  DMA_INT0_IRQHandler                        
00004e07  DMA_INT1_IRQHandler                        
00004e07  DMA_INT2_IRQHandler                        
00004e07  DMA_INT3_IRQHandler                        
00004e07  DebugMon_Handler                           
00004e07  Default_Handler                            
0000346f  Draw_Car                                   
000022df  Draw_Road                                  
00004e07  EUSCIA0_IRQHandler                         
00004e07  EUSCIA1_IRQHandler                         
00004e07  EUSCIA2_IRQHandler                         
00004e07  EUSCIA3_IRQHandler                         
00004e07  EUSCIB0_IRQHandler                         
00004e07  EUSCIB1_IRQHandler                         
00004e07  EUSCIB2_IRQHandler                         
00004e07  EUSCIB3_IRQHandler                         
00004d47  EUSCI_A_SPI_enable                         
00004d5d  EUSCI_B_SPI_enable                         
00004e07  FLCTL_IRQHandler                           
00004e07  FPU_IRQHandler                             
00004991  GPIO_setAsOutputPin                        
000042ad  GPIO_setAsPeripheralModuleFunctionOutputPin
00004c05  GPIO_setOutputHighOnPin                    
00004c2d  GPIO_setOutputLowOnPin                     
00004271  Game_Over                                  
00004dc9  Graphics_clearDisplay                      
00004cc7  Graphics_clearDisplayOnDisplay             
00001ea5  Graphics_drawCircle                        
00004b07  Graphics_drawHorizontalLineOnDisplay       
00002c7b  Graphics_drawLine                          
00003f15  Graphics_drawLineH                         
00003fb1  Graphics_drawLineV                         
000046c9  Graphics_drawPixel                         
00004bd7  Graphics_drawPixelOnDisplay                
00000b33  Graphics_drawString                        
000048bd  Graphics_drawStringCentered                
00004b3d  Graphics_drawVerticalLineOnDisplay         
0000235d  Graphics_fillCircle                        
0000368d  Graphics_fillRectangle                     
00004c55  Graphics_fillRectangleOnDisplay            
000039ad  Graphics_getStringWidth                    
000047cd  Graphics_initContext                       
00004ce1  Graphics_setBackgroundColor                
00004cfb  Graphics_setFont                           
00004d73  Graphics_setForegroundColor                
00004d89  Graphics_translateColorOnDisplay           
00003e39  HAL_LCD_PortInit                           
00003e01  HAL_LCD_SpiInit                            
00003ddb  HAL_LCD_writeCommand                       
00003dc9  HAL_LCD_writeData                          
00004e07  HardFault_Handler                          
0000352f  Init_Car                                   
00004153  Init_Game                                  
000026ef  Init_Lcd                                   
00003eed  Init_Random                                
00002137  Init_Road                                  
2000011a  Lcd_FlagRead                               
2000011b  Lcd_FontSolid                              
2000011c  Lcd_Orientation                            
2000011d  Lcd_PenSolid                               
20000114  Lcd_ScreenHeigth                           
20000116  Lcd_ScreenWidth                            
20000118  Lcd_TouchTrim                              
00004e07  MemManage_Handler                          
00004e07  NMI_Handler                                
00004e07  PCM_IRQHandler                             
00004e07  PORT1_IRQHandler                           
00004e07  PORT2_IRQHandler                           
000018f1  PORT3_IRQHandler                           
000018f1  PORT3_IRQHandler                           
00001915  PORT4_IRQHandler                           
00001915  PORT4_IRQHandler                           
0000192b  PORT5_IRQHandler                           
0000192b  PORT5_IRQHandler                           
00004e07  PORT6_IRQHandler                           
00004e07  PSS_IRQHandler                             
00004e07  PendSV_Handler                             
00004e07  RTC_C_IRQHandler                           
00004dfb  Reset_Handler                              
00004c73  SPI_enableModule                           
00003d17  SPI_initMaster                             
00004e07  SVC_Handler                                
0000344f  Set_Car_Color                              
00002f49  Show_Menu                                  
0000426f  Show_Msg                                   
00004219  Show_Scores                                
00004125  Start_SysTick                              
00003441  Steering_Wheel                             
0000411d  SysTick_Handler                            
0000411d  SysTick_Handler                            
200000b4  SystemCoreClock                            
000013a5  SystemCoreClockUpdate                      
0000161d  SystemInit                                 
00004e07  T32_INT1_IRQHandler                        
00004e07  T32_INT2_IRQHandler                        
00004e07  T32_INTC_IRQHandler                        
00004e07  TA0_0_IRQHandler                           
00004e07  TA0_N_IRQHandler                           
00004e07  TA1_0_IRQHandler                           
00004e07  TA1_N_IRQHandler                           
00004e07  TA2_0_IRQHandler                           
00004e07  TA2_N_IRQHandler                           
00004e07  TA3_0_IRQHandler                           
00004e07  TA3_N_IRQHandler                           
00004e07  UsageFault_Handler                         
4000480c  WDTCTL_SYM                                 
00004e07  WDT_A_IRQHandler                           
20010000  __STACK_END                                
00000200  __STACK_SIZE                               
00005e90  __TI_CINIT_Base                            
00005ea0  __TI_CINIT_Limit                           
00005e78  __TI_Handler_Table_Base                    
00005e84  __TI_Handler_Table_Limit                   
0000494d  __TI_auto_init_nobinit_nopinit             
00004597  __TI_decompress_lzss                       
00004ded  __TI_decompress_none                       
00004779  __TI_ltoa                                  
ffffffff  __TI_pprof_out_hndl                        
000000e5  __TI_printfi                               
ffffffff  __TI_prof_data_size                        
ffffffff  __TI_prof_data_start                       
00000000  __TI_static_base__                         
00004c8f  __TI_zero_init_nomemset                    
00004335  __aeabi_cdcmpeq                            
00004335  __aeabi_cdcmple                            
000043bb  __aeabi_cdrcmple                           
00004529  __aeabi_d2f                                
00004905  __aeabi_d2iz                               
0000294f  __aeabi_dadd                               
00003309  __aeabi_ddiv                               
000038b1  __aeabi_dmul                               
00002945  __aeabi_dsub                               
00004e15  __aeabi_errno_addr                         
00004acf  __aeabi_f2d                                
00004ba9  __aeabi_i2d                                
00002113  __aeabi_idiv0                              
00002113  __aeabi_ldiv0                              
00004441  __aeabi_memclr                             
00004441  __aeabi_memclr4                            
00004441  __aeabi_memclr8                            
0000404d  __aeabi_memcpy                             
0000404d  __aeabi_memcpy4                            
0000404d  __aeabi_memcpy8                            
00004443  __aeabi_memset                             
00004443  __aeabi_memset4                            
00004443  __aeabi_memset8                            
00004181  __aeabi_uldivmod                           
ffffffff  __binit__                                  
ffffffff  __c_args__                                 
UNDEFED   __mpu_init                                 
2000fe00  __stack                                    
20000000  __start___llvm_prf_cnts                    
20000000  __stop___llvm_prf_cnts                     
00004b75  _c_int00_noargs                            
00005b33  _ctypes_                                   
UNDEFED   _system_post_cinit                         
00004e1d  _system_pre_init                           
00004e21  abort                                      
00001b83  all_values_temp                            
00004871  atoi                                       
ffffffff  binit                                      
00001839  button_bottom_fsm                          
00002115  change_speed                               
00004109  check_SysTick_flag                         
00001879  check_and_clear_bb_flag                    
000018a1  check_and_clear_bj_flag                    
000018c9  check_and_clear_bu_flag                    
000026d9  clear_display                              
00001a21  config_joystic                             
000019f1  config_temp                                
00001b4d  convert_to_Celsius                         
00001b11  convert_to_volts                           
00004d15  copysign                                   
00004d15  copysignl                                  
000026af  drawLine                                   
0000268f  draw_circle                                
00002637  draw_string_back                           
00002603  draw_string_big_font                       
000025cf  draw_string_font                           
200000b0  errno                                      
000025af  fill_circle                                
00002589  fill_rectangle                             
200000ba  flag_SysTick                               
00003aa9  floor                                      
00003aa9  floorl                                     
00004105  foo                                        
00004665  frexp                                      
00004665  frexpl                                     
20000078  g_sCrystalfontz128x128                     
00005df4  g_sCrystalfontz128x128_funcs               
00005c34  g_sFontCmsc22                              
00005cfc  g_sFontFixed6x8                            
000019b1  init_adc14                                 
00001725  init_buttons                               
00001781  init_buttons_int                           
000031d1  init_rgb                                   
00000000  interruptVectors                           
000037a1  ldexp                                      
000037a1  ldexpl                                     
000032c7  led_off                                    
0000324b  led_on                                     
00002df1  main                                       
00004cab  memccpy                                    
0000404d  memcpy                                     
00004449  memset                                     
00003e75  rand                                       
000017f5  read_button_bottom                         
00001a9d  read_joystick                              
00001ae1  read_temp                                  
00001817  read_upper_bottom                          
00003ba1  round                                      
00003ba1  roundl                                     
000037a1  scalbn                                     
000037a1  scalbnl                                    
000040e9  show_error                                 
00004a51  sprintf                                    
00004d9f  strchr                                     
00004db5  strlen                                     
200000a8  temp                                       
00004ddb  wcslen                                     


GLOBAL SYMBOLS: SORTED BY Symbol Address 

address   name                                       
-------   ----                                       
00000000  __TI_static_base__                         
00000000  interruptVectors                           
000000e5  __TI_printfi                               
00000200  __STACK_SIZE                               
00000b33  Graphics_drawString                        
00000fb1  Crystalfontz128x128_SetOrientation         
00000fe1  Crystalfontz128x128_SetDrawFrame           
0000125d  Crystalfontz128x128_Init                   
000013a5  SystemCoreClockUpdate                      
0000161d  SystemInit                                 
00001725  init_buttons                               
00001781  init_buttons_int                           
000017f5  read_button_bottom                         
00001817  read_upper_bottom                          
00001839  button_bottom_fsm                          
00001879  check_and_clear_bb_flag                    
000018a1  check_and_clear_bj_flag                    
000018c9  check_and_clear_bu_flag                    
000018f1  PORT3_IRQHandler                           
000018f1  PORT3_IRQHandler                           
00001915  PORT4_IRQHandler                           
00001915  PORT4_IRQHandler                           
0000192b  PORT5_IRQHandler                           
0000192b  PORT5_IRQHandler                           
000019b1  init_adc14                                 
000019f1  config_temp                                
00001a21  config_joystic                             
00001a9d  read_joystick                              
00001ae1  read_temp                                  
00001b11  convert_to_volts                           
00001b4d  convert_to_Celsius                         
00001b83  all_values_temp                            
00001bb3  ADC14_IRQHandler                           
00001bb3  ADC14_IRQHandler                           
00001ea5  Graphics_drawCircle                        
00002113  __aeabi_idiv0                              
00002113  __aeabi_ldiv0                              
00002115  change_speed                               
00002137  Init_Road                                  
000022df  Draw_Road                                  
0000235d  Graphics_fillCircle                        
00002589  fill_rectangle                             
000025af  fill_circle                                
000025cf  draw_string_font                           
00002603  draw_string_big_font                       
00002637  draw_string_back                           
0000268f  draw_circle                                
000026af  drawLine                                   
000026d9  clear_display                              
000026ef  Init_Lcd                                   
00002945  __aeabi_dsub                               
0000294f  __aeabi_dadd                               
00002c7b  Graphics_drawLine                          
00002df1  main                                       
00002f49  Show_Menu                                  
00002fb1  Create_Menu                                
000031d1  init_rgb                                   
0000324b  led_on                                     
000032c7  led_off                                    
00003309  __aeabi_ddiv                               
00003441  Steering_Wheel                             
0000344f  Set_Car_Color                              
0000346f  Draw_Car                                   
0000352f  Init_Car                                   
0000353f  Check_Crash                                
0000368d  Graphics_fillRectangle                     
000037a1  ldexp                                      
000037a1  ldexpl                                     
000037a1  scalbn                                     
000037a1  scalbnl                                    
000038b1  __aeabi_dmul                               
000039ad  Graphics_getStringWidth                    
00003aa9  floor                                      
00003aa9  floorl                                     
00003ba1  round                                      
00003ba1  roundl                                     
00003d17  SPI_initMaster                             
00003dc9  HAL_LCD_writeData                          
00003ddb  HAL_LCD_writeCommand                       
00003e01  HAL_LCD_SpiInit                            
00003e39  HAL_LCD_PortInit                           
00003e75  rand                                       
00003eed  Init_Random                                
00003f15  Graphics_drawLineH                         
00003fb1  Graphics_drawLineV                         
0000404d  __aeabi_memcpy                             
0000404d  __aeabi_memcpy4                            
0000404d  __aeabi_memcpy8                            
0000404d  memcpy                                     
000040e9  show_error                                 
00004105  foo                                        
00004109  check_SysTick_flag                         
0000411d  SysTick_Handler                            
0000411d  SysTick_Handler                            
00004125  Start_SysTick                              
00004153  Init_Game                                  
00004181  __aeabi_uldivmod                           
00004219  Show_Scores                                
0000426f  Show_Msg                                   
00004271  Game_Over                                  
000042ad  GPIO_setAsPeripheralModuleFunctionOutputPin
00004335  __aeabi_cdcmpeq                            
00004335  __aeabi_cdcmple                            
000043bb  __aeabi_cdrcmple                           
00004441  __aeabi_memclr                             
00004441  __aeabi_memclr4                            
00004441  __aeabi_memclr8                            
00004443  __aeabi_memset                             
00004443  __aeabi_memset4                            
00004443  __aeabi_memset8                            
00004449  memset                                     
00004529  __aeabi_d2f                                
00004597  __TI_decompress_lzss                       
00004665  frexp                                      
00004665  frexpl                                     
000046c9  Graphics_drawPixel                         
00004779  __TI_ltoa                                  
000047cd  Graphics_initContext                       
00004871  atoi                                       
000048bd  Graphics_drawStringCentered                
00004905  __aeabi_d2iz                               
0000494d  __TI_auto_init_nobinit_nopinit             
00004991  GPIO_setAsOutputPin                        
00004a51  sprintf                                    
00004acf  __aeabi_f2d                                
00004b07  Graphics_drawHorizontalLineOnDisplay       
00004b3d  Graphics_drawVerticalLineOnDisplay         
00004b75  _c_int00_noargs                            
00004ba9  __aeabi_i2d                                
00004bd7  Graphics_drawPixelOnDisplay                
00004c05  GPIO_setOutputHighOnPin                    
00004c2d  GPIO_setOutputLowOnPin                     
00004c55  Graphics_fillRectangleOnDisplay            
00004c73  SPI_enableModule                           
00004c8f  __TI_zero_init_nomemset                    
00004cab  memccpy                                    
00004cc7  Graphics_clearDisplayOnDisplay             
00004ce1  Graphics_setBackgroundColor                
00004cfb  Graphics_setFont                           
00004d15  copysign                                   
00004d15  copysignl                                  
00004d47  EUSCI_A_SPI_enable                         
00004d5d  EUSCI_B_SPI_enable                         
00004d73  Graphics_setForegroundColor                
00004d89  Graphics_translateColorOnDisplay           
00004d9f  strchr                                     
00004db5  strlen                                     
00004dc9  Graphics_clearDisplay                      
00004ddb  wcslen                                     
00004ded  __TI_decompress_none                       
00004dfb  Reset_Handler                              
00004e07  AES256_IRQHandler                          
00004e07  BusFault_Handler                           
00004e07  COMP_E0_IRQHandler                         
00004e07  COMP_E1_IRQHandler                         
00004e07  CS_IRQHandler                              
00004e07  DMA_ERR_IRQHandler                         
00004e07  DMA_INT0_IRQHandler                        
00004e07  DMA_INT1_IRQHandler                        
00004e07  DMA_INT2_IRQHandler                        
00004e07  DMA_INT3_IRQHandler                        
00004e07  DebugMon_Handler                           
00004e07  Default_Handler                            
00004e07  EUSCIA0_IRQHandler                         
00004e07  EUSCIA1_IRQHandler                         
00004e07  EUSCIA2_IRQHandler                         
00004e07  EUSCIA3_IRQHandler                         
00004e07  EUSCIB0_IRQHandler                         
00004e07  EUSCIB1_IRQHandler                         
00004e07  EUSCIB2_IRQHandler                         
00004e07  EUSCIB3_IRQHandler                         
00004e07  FLCTL_IRQHandler                           
00004e07  FPU_IRQHandler                             
00004e07  HardFault_Handler                          
00004e07  MemManage_Handler                          
00004e07  NMI_Handler                                
00004e07  PCM_IRQHandler                             
00004e07  PORT1_IRQHandler                           
00004e07  PORT2_IRQHandler                           
00004e07  PORT6_IRQHandler                           
00004e07  PSS_IRQHandler                             
00004e07  PendSV_Handler                             
00004e07  RTC_C_IRQHandler                           
00004e07  SVC_Handler                                
00004e07  T32_INT1_IRQHandler                        
00004e07  T32_INT2_IRQHandler                        
00004e07  T32_INTC_IRQHandler                        
00004e07  TA0_0_IRQHandler                           
00004e07  TA0_N_IRQHandler                           
00004e07  TA1_0_IRQHandler                           
00004e07  TA1_N_IRQHandler                           
00004e07  TA2_0_IRQHandler                           
00004e07  TA2_N_IRQHandler                           
00004e07  TA3_0_IRQHandler                           
00004e07  TA3_N_IRQHandler                           
00004e07  UsageFault_Handler                         
00004e07  WDT_A_IRQHandler                           
00004e15  __aeabi_errno_addr                         
00004e1d  _system_pre_init                           
00004e21  C$$EXIT                                    
00004e21  abort                                      
00005b33  _ctypes_                                   
00005c34  g_sFontCmsc22                              
00005cfc  g_sFontFixed6x8                            
00005df4  g_sCrystalfontz128x128_funcs               
00005e78  __TI_Handler_Table_Base                    
00005e84  __TI_Handler_Table_Limit                   
00005e90  __TI_CINIT_Base                            
00005ea0  __TI_CINIT_Limit                           
20000000  __start___llvm_prf_cnts                    
20000000  __stop___llvm_prf_cnts                     
20000078  g_sCrystalfontz128x128                     
200000a8  temp                                       
200000b0  errno                                      
200000b4  SystemCoreClock                            
200000ba  flag_SysTick                               
20000114  Lcd_ScreenHeigth                           
20000116  Lcd_ScreenWidth                            
20000118  Lcd_TouchTrim                              
2000011a  Lcd_FlagRead                               
2000011b  Lcd_FontSolid                              
2000011c  Lcd_Orientation                            
2000011d  Lcd_PenSolid                               
2000fe00  __stack                                    
20010000  __STACK_END                                
4000480c  WDTCTL_SYM                                 
ffffffff  __TI_pprof_out_hndl                        
ffffffff  __TI_prof_data_size                        
ffffffff  __TI_prof_data_start                       
ffffffff  __binit__                                  
ffffffff  __c_args__                                 
ffffffff  binit                                      
UNDEFED   __mpu_init                                 
UNDEFED   _system_post_cinit                         

[234 symbols]
