******************************************************************************
                  TI ARM Linker Unix v20.2.7                   
******************************************************************************
>> Linked Fri Mar 31 14:09:52 2023

OUTPUT FILE NAME:   <part3_exercise19.out>
ENTRY POINT SYMBOL: "_c_int00_noargs"  address: 00003565


MEMORY CONFIGURATION

         name            origin    length      used     unused   attr    fill
----------------------  --------  ---------  --------  --------  ----  --------
  MAIN                  00000000   00040000  00003961  0003c69f  R  X
  INFO                  00200000   00004000  00000000  00004000  R  X
  SRAM_CODE             01000000   00010000  000009bc  0000f644  RW X
  SRAM_DATA             20000000   00010000  000009bc  0000f644  RW  


SEGMENT ALLOCATION MAP

run origin  load origin   length   init length attrs members
----------  ----------- ---------- ----------- ----- -------
00000000    00000000    00003968   00003968    r-x
  00000000    00000000    000000e4   000000e4    r-- .intvecs
  000000e4    000000e4    000036ec   000036ec    r-x .text
  000037d0    000037d0    00000101   00000101    r-- .const
  000038d8    000038d8    00000090   00000090    r-- .cinit
20000000    20000000    000007bc   00000000    rw-
  20000000    20000000    00000400   00000000    rw- .sysmem
  20000400    20000400    000001f4   00000000    rw- .data
  200005f4    200005f4    000001c8   00000000    rw- .bss
2000fe00    2000fe00    00000200   00000000    rw-
  2000fe00    2000fe00    00000200   00000000    rw- .stack


SECTION ALLOCATION MAP

 output                                  attributes/
section   page    origin      length       input sections
--------  ----  ----------  ----------   ----------------
.intvecs   0    00000000    000000e4     
                  00000000    000000e4     startup_msp432p401r_ccs.obj (.intvecs:retain)

.text      0    000000e4    000036ec     
                  000000e4    00000a4e     rtsv7M4_T_le_v4SPD16_eabi.lib : _printfi.c.obj (.text:__TI_printfi)
                  00000b32    00000002                                   : _lock.c.obj (.text:_nop)
                  00000b34    0000045c     analog.obj (.text)
                  00000f90    00000354     system_msp432p401r.obj (.text)
                  000012e4    000002b8     buttons.obj (.text)
                  0000159c    00000270     rtsv7M4_T_le_v4SPD16_eabi.lib : _printfi.c.obj (.text:_pconv_a)
                  0000180c    000001d0                                   : _printfi.c.obj (.text:_pconv_g)
                  000019dc    000001b6                                   : fd_add_t2.asm.obj (.text)
                  00001b92    00000002                                   : div0.asm.obj (.text)
                  00001b94    00000158     timer.obj (.text)
                  00001cec    0000013c     rtsv7M4_T_le_v4SPD16_eabi.lib : _printfi.c.obj (.text:_pconv_e)
                  00001e28    00000136                                   : fd_div_t2.asm.obj (.text)
                  00001f5e    00000002     --HOLE-- [fill = 0]
                  00001f60    00000124                                   : _printfi.c.obj (.text:fcvt)
                  00002084    00000114                                   : fputs.c.obj (.text:fputs)
                  00002198    00000110                                   : s_scalbn.c.obj (.text:scalbn)
                  000022a8    00000100                                   : memory.c.obj (.text:aligned_alloc)
                  000023a8    000000fc                                   : fd_mul_t2.asm.obj (.text)
                  000024a4    000000e4                                   : memory.c.obj (.text:free)
                  00002588    000000dc                                   : setvbuf.c.obj (.text:setvbuf)
                  00002664    000000b1                                   : _printfi.c.obj (.text:_ltostr)
                  00002715    00000001     --HOLE-- [fill = 0]
                  00002716    0000009c                                   : memcpy_t2.asm.obj (.text)
                  000027b2    00000096                                   : ull_div_t2.asm.obj (.text)
                  00002848    0000008c                                   : fputc.c.obj (.text:fputc)
                  000028d4    00000088     main.obj (.text)
                  0000295c    00000086     rtsv7M4_T_le_v4SPD16_eabi.lib : fd_cmp_t2.asm.obj (.text:__aeabi_cdcmple)
                  000029e2    00000086                                   : fd_cmp_t2.asm.obj (.text:__aeabi_cdrcmple)
                  00002a68    0000007a                                   : memset_t2.asm.obj (.text)
                  00002ae2    00000002     --HOLE-- [fill = 0]
                  00002ae4    00000074                                   : fclose.c.obj (.text:__TI_closefile)
                  00002b58    00000070                                   : memory.c.obj (.text:split)
                  00002bc8    0000006e                                   : _printfi.c.obj (.text:_mcpy)
                  00002c36    0000006e                                   : fd_tos_t2.asm.obj (.text)
                  00002ca4    0000006c                                   : hostrename.c.obj (.text:HOSTrename)
                  00002d10    00000068                                   : hostlseek.c.obj (.text:HOSTlseek)
                  00002d78    00000068                                   : copy_decompress_lzss.c.obj (.text:decompress:lzss:__TI_decompress_lzss)
                  00002de0    00000068                                   : printf.c.obj (.text:printf)
                  00002e48    00000064                                   : s_frexp.c.obj (.text:frexp)
                  00002eac    00000064                                   : fseek.c.obj (.text:fseek)
                  00002f10    00000062                                   : _io_perm.c.obj (.text:__TI_wrt_ok)
                  00002f72    00000002     --HOLE-- [fill = 0]
                  00002f74    00000060                                   : hostopen.c.obj (.text:HOSTopen)
                  00002fd4    0000005c                                   : close.c.obj (.text:close)
                  00003030    00000058                                   : hostread.c.obj (.text:HOSTread)
                  00003088    00000058                                   : hostwrite.c.obj (.text:HOSTwrite)
                  000030e0    00000056                                   : _printfi.c.obj (.text:_pconv_f)
                  00003136    00000054                                   : _ltoa.c.obj (.text:__TI_ltoa)
                  0000318a    00000052                                   : _printfi.c.obj (.text:_ecpy)
                  000031dc    0000004c                                   : fflush.c.obj (.text:__TI_doflush)
                  00003228    0000004c                                   : atoi.c.obj (.text:atoi)
                  00003274    00000048                                   : exit.c.obj (.text:exit)
                  000032bc    00000048                                   : fd_toi_t2.asm.obj (.text)
                  00003304    00000044                                   : hostclose.c.obj (.text:HOSTclose)
                  00003348    00000044                                   : hostunlink.c.obj (.text:HOSTunlink)
                  0000338c    00000044                                   : autoinit.c.obj (.text:__TI_auto_init_nobinit_nopinit:__TI_auto_init_nobinit_nopinit)
                  000033d0    00000044                                   : getdevice.c.obj (.text:getdevice)
                  00003414    0000003e                                   : _printfi.c.obj (.text:_fcpy)
                  00003452    00000002     --HOLE-- [fill = 0]
                  00003454    00000038                                   : trgmsg.c.obj (.text:__TI_writemsg)
                  0000348c    00000038                                   : fs_tod_t2.asm.obj (.text)
                  000034c4    00000036                                   : strncpy.c.obj (.text:strncpy)
                  000034fa    00000002     --HOLE-- [fill = 0]
                  000034fc    00000034                                   : fopen.c.obj (.text:__TI_cleanup)
                  00003530    00000034                                   : trgmsg.c.obj (.text:__TI_readmsg)
                  00003564    00000034                                   : boot_cortex_m.c.obj (.text:_c_int00_noargs:_c_int00_noargs)
                  00003598    00000030                                   : getdevice.c.obj (.text:finddevice)
                  000035c8    0000002e                                   : i_tofd_t2.asm.obj (.text)
                  000035f6    00000002     --HOLE-- [fill = 0]
                  000035f8    0000002c                                   : unlink.c.obj (.text:unlink)
                  00003624    00000028                                   : memory.c.obj (.text:free_list_insert)
                  0000364c    00000028                                   : lseek.c.obj (.text:lseek)
                  00003674    00000028                                   : write.c.obj (.text:write)
                  0000369c    00000020                                   : memchr.c.obj (.text:memchr)
                  000036bc    0000001c                                   : copy_zero_init.c.obj (.text:decompress:ZI:__TI_zero_init_nomemset:__TI_zero_init_nomemset)
                  000036d8    0000001c                                   : memory.c.obj (.text:free_list_remove)
                  000036f4    0000001c                                   : memccpy.c.obj (.text:memccpy)
                  00003710    0000001a                                   : s_copysign.c.obj (.text:copysign)
                  0000372a    00000018                                   : strcmp.c.obj (.text:strcmp)
                  00003742    00000016                                   : strchr.c.obj (.text:strchr)
                  00003758    00000014                                   : strcpy.c.obj (.text:strcpy)
                  0000376c    00000014                                   : strlen.c.obj (.text:strlen)
                  00003780    00000012                                   : wcslen.c.obj (.text:wcslen)
                  00003792    0000000e                                   : copy_decompress_none.c.obj (.text:decompress:none:__TI_decompress_none)
                  000037a0    0000000e     startup_msp432p401r_ccs.obj (.text)
                  000037ae    00000002     --HOLE-- [fill = 0]
                  000037b0    00000008     rtsv7M4_T_le_v4SPD16_eabi.lib : errno.c.obj (.text:__aeabi_errno_addr)
                  000037b8    00000008                                   : memory.c.obj (.text:malloc)
                  000037c0    00000004                                   : printf.c.obj (.text:_outc)
                  000037c4    00000004                                   : printf.c.obj (.text:_outs)
                  000037c8    00000004                                   : pre_init.c.obj (.text:_system_pre_init)
                  000037cc    00000004                                   : exit.c.obj (.text:abort:abort)

.const     0    000037d0    00000101     
                  000037d0    00000101     rtsv7M4_T_le_v4SPD16_eabi.lib : ctype.c.obj (.const:.string:_ctypes_)

.cinit     0    000038d8    00000090     
                  000038d8    0000006b     (.cinit..data.load) [load image, compression = lzss]
                  00003943    00000001     --HOLE-- [fill = 0]
                  00003944    0000000c     (__TI_handler_table)
                  00003950    00000008     (.cinit..bss.load) [load image, compression = zero_init]
                  00003958    00000010     (__TI_cinit_table)

.init_array 
*          0    00000000    00000000     UNINITIALIZED

.binit     0    00000000    00000000     

.sysmem    0    20000000    00000400     UNINITIALIZED
                  20000000    00000010     rtsv7M4_T_le_v4SPD16_eabi.lib : memory.c.obj (.sysmem)
                  20000010    000003f0     --HOLE--

.data      0    20000400    000001f4     UNINITIALIZED
                  20000400    000000f0     rtsv7M4_T_le_v4SPD16_eabi.lib : defs.c.obj (.data:_ftable)
                  200004f0    00000078                                   : host_device.c.obj (.data:_device)
                  20000568    00000050                                   : host_device.c.obj (.data:_stream)
                  200005b8    00000010                                   : defs.c.obj (.data)
                  200005c8    0000000c                                   : exit.c.obj (.data:$O1$$)
                  200005d4    00000008                                   : _lock.c.obj (.data:$O1$$)
                  200005dc    00000008                                   : memory.c.obj (.data:$O1$$)
                  200005e4    00000004     analog.obj (.data)
                  200005e8    00000004     buttons.obj (.data)
                  200005ec    00000004     rtsv7M4_T_le_v4SPD16_eabi.lib : errno.c.obj (.data)
                  200005f0    00000004     system_msp432p401r.obj (.data)

.bss       0    200005f4    000001c8     UNINITIALIZED
                  200005f4    00000120     rtsv7M4_T_le_v4SPD16_eabi.lib : trgmsg.c.obj (.bss:_CIOBUF_)
                  20000714    000000a0     (.common:__TI_tmpnams)
                  200007b4    00000008     (.common:parmbuf)

.stack     0    2000fe00    00000200     UNINITIALIZED
                  2000fe00    00000004     rtsv7M4_T_le_v4SPD16_eabi.lib : boot_cortex_m.c.obj (.stack)
                  2000fe04    000001fc     --HOLE--

__llvm_prf_cnts 
*          0    20000000    00000000     UNINITIALIZED

MODULE SUMMARY

       Module                        code    ro data   rw data
       ------                        ----    -------   -------
    ./
       system_msp432p401r.obj        852     0         8      
       startup_msp432p401r_ccs.obj   14      228       0      
       main.obj                      136     0         0      
    +--+-----------------------------+-------+---------+---------+
       Total:                        1002    228       8      
                                                              
    ./Analog/
       analog.obj                    1116    0         8      
    +--+-----------------------------+-------+---------+---------+
       Total:                        1116    0         8      
                                                              
    ./buttons/
       buttons.obj                   696     0         8      
    +--+-----------------------------+-------+---------+---------+
       Total:                        696     0         8      
                                                              
    ./timer/
       timer.obj                     344     0         0      
    +--+-----------------------------+-------+---------+---------+
       Total:                        344     0         0      
                                                              
    /Applications/ti/ccs1220/ccs/tools/compiler/ti-cgt-arm_20.2.7.LTS/lib/rtsv7M4_T_le_v4SPD16_eabi.lib
       _printfi.c.obj                4851    0         0      
       defs.c.obj                    0       0         832    
       memory.c.obj                  672     0         16     
       trgmsg.c.obj                  108     0         576    
       fd_add_t2.asm.obj             438     0         0      
       host_device.c.obj             0       0         400    
       fd_div_t2.asm.obj             310     0         0      
       fputs.c.obj                   276     0         0      
       s_scalbn.c.obj                272     0         0      
       fd_cmp_t2.asm.obj             268     0         0      
       ctype.c.obj                   0       257       0      
       fd_mul_t2.asm.obj             252     0         0      
       setvbuf.c.obj                 220     0         0      
       memcpy_t2.asm.obj             156     0         0      
       ull_div_t2.asm.obj            150     0         0      
       fputc.c.obj                   140     0         0      
       memset_t2.asm.obj             122     0         0      
       fclose.c.obj                  116     0         0      
       getdevice.c.obj               116     0         0      
       hostopen.c.obj                96      0         16     
       printf.c.obj                  112     0         0      
       fd_tos_t2.asm.obj             110     0         0      
       hostrename.c.obj              108     0         0      
       copy_decompress_lzss.c.obj    104     0         0      
       hostlseek.c.obj               104     0         0      
       exit.c.obj                    76      0         24     
       fseek.c.obj                   100     0         0      
       s_frexp.c.obj                 100     0         0      
       _io_perm.c.obj                98      0         0      
       close.c.obj                   92      0         0      
       hostread.c.obj                88      0         0      
       hostwrite.c.obj               88      0         0      
       _ltoa.c.obj                   84      0         0      
       atoi.c.obj                    76      0         0      
       fflush.c.obj                  76      0         0      
       fd_toi_t2.asm.obj             72      0         0      
       autoinit.c.obj                68      0         0      
       hostclose.c.obj               68      0         0      
       hostunlink.c.obj              68      0         0      
       fs_tod_t2.asm.obj             56      0         0      
       strncpy.c.obj                 54      0         0      
       boot_cortex_m.c.obj           52      0         0      
       fopen.c.obj                   52      0         0      
       i_tofd_t2.asm.obj             46      0         0      
       unlink.c.obj                  44      0         0      
       lseek.c.obj                   40      0         0      
       write.c.obj                   40      0         0      
       memchr.c.obj                  32      0         0      
       copy_zero_init.c.obj          28      0         0      
       memccpy.c.obj                 28      0         0      
       s_copysign.c.obj              26      0         0      
       strcmp.c.obj                  24      0         0      
       strchr.c.obj                  22      0         0      
       strcpy.c.obj                  20      0         0      
       strlen.c.obj                  20      0         0      
       _lock.c.obj                   2       0         16     
       wcslen.c.obj                  18      0         0      
       errno.c.obj                   8       0         8      
       copy_decompress_none.c.obj    14      0         0      
       pre_init.c.obj                4       0         0      
       div0.asm.obj                  2       0         0      
    +--+-----------------------------+-------+---------+---------+
       Total:                        10887   257       1888   
                                                              
       Heap:                         0       0         2048   
       Stack:                        0       0         1024   
       Linker Generated:             0       143       0      
    +--+-----------------------------+-------+---------+---------+
       Grand Total:                  14045   628       4984   


LINKER GENERATED COPY TABLES

__TI_cinit_table @ 00003958 records: 2, size/record: 8, table size: 16
	.data: load addr=000038d8, load size=0000006b bytes, run addr=20000400, run size=000001f4 bytes, compression=lzss
	.bss: load addr=00003950, load size=00000008 bytes, run addr=200005f4, run size=000001c8 bytes, compression=zero_init


LINKER GENERATED HANDLER TABLE

__TI_handler_table @ 00003944 records: 3, size/record: 4, table size: 12
	index: 0, handler: __TI_decompress_lzss
	index: 1, handler: __TI_decompress_none
	index: 2, handler: __TI_zero_init


GLOBAL SYMBOLS: SORTED ALPHABETICALLY BY Name 

address   name                           
-------   ----                           
00000f15  ADC14_IRQHandler               
00000f15  ADC14_IRQHandler               
000037ad  AES256_IRQHandler              
000037ad  BusFault_Handler               
000037cd  C$$EXIT                        
00003483  C$$IO$$                        
000037ad  COMP_E0_IRQHandler             
000037ad  COMP_E1_IRQHandler             
000037ad  CS_IRQHandler                  
000037ad  DMA_ERR_IRQHandler             
000037ad  DMA_INT0_IRQHandler            
000037ad  DMA_INT1_IRQHandler            
000037ad  DMA_INT2_IRQHandler            
000037ad  DMA_INT3_IRQHandler            
000037ad  DebugMon_Handler               
000037ad  Default_Handler                
000037ad  EUSCIA0_IRQHandler             
000037ad  EUSCIA1_IRQHandler             
000037ad  EUSCIA2_IRQHandler             
000037ad  EUSCIA3_IRQHandler             
000037ad  EUSCIB0_IRQHandler             
000037ad  EUSCIB1_IRQHandler             
000037ad  EUSCIB2_IRQHandler             
000037ad  EUSCIB3_IRQHandler             
000037ad  FLCTL_IRQHandler               
000037ad  FPU_IRQHandler                 
00003305  HOSTclose                      
00002d11  HOSTlseek                      
00002f75  HOSTopen                       
00003031  HOSTread                       
00002ca5  HOSTrename                     
00003349  HOSTunlink                     
00003089  HOSTwrite                      
000037ad  HardFault_Handler              
000037ad  MemManage_Handler              
000037ad  NMI_Handler                    
000037ad  PCM_IRQHandler                 
000037ad  PORT1_IRQHandler               
000037ad  PORT2_IRQHandler               
000014dd  PORT3_IRQHandler               
000014dd  PORT3_IRQHandler               
00001501  PORT4_IRQHandler               
00001501  PORT4_IRQHandler               
00001517  PORT5_IRQHandler               
00001517  PORT5_IRQHandler               
000037ad  PORT6_IRQHandler               
000037ad  PSS_IRQHandler                 
000037ad  PendSV_Handler                 
000037ad  RTC_C_IRQHandler               
000037a1  Reset_Handler                  
000037ad  SVC_Handler                    
000037ad  SysTick_Handler                
200005f0  SystemCoreClock                
00000f91  SystemCoreClockUpdate          
00001209  SystemInit                     
000037ad  T32_INT1_IRQHandler            
000037ad  T32_INT2_IRQHandler            
000037ad  T32_INTC_IRQHandler            
000037ad  TA0_0_IRQHandler               
000037ad  TA0_N_IRQHandler               
000037ad  TA1_0_IRQHandler               
000037ad  TA1_N_IRQHandler               
000037ad  TA2_0_IRQHandler               
000037ad  TA2_N_IRQHandler               
000037ad  TA3_0_IRQHandler               
000037ad  TA3_N_IRQHandler               
000037ad  UsageFault_Handler             
4000480c  WDTCTL_SYM                     
000037ad  WDT_A_IRQHandler               
200005f4  __CIOBUF_                      
20010000  __STACK_END                    
00000200  __STACK_SIZE                   
00000400  __SYSMEM_SIZE                  
00003958  __TI_CINIT_Base                
00003968  __TI_CINIT_Limit               
00003944  __TI_Handler_Table_Base        
00003950  __TI_Handler_Table_Limit       
0000338d  __TI_auto_init_nobinit_nopinit 
000034fd  __TI_cleanup                   
200005c8  __TI_cleanup_ptr               
00002ae5  __TI_closefile                 
00002d79  __TI_decompress_lzss           
00003793  __TI_decompress_none           
000031dd  __TI_doflush                   
200005cc  __TI_dtors_ptr                 
200005d0  __TI_enable_exit_profile_output
200005b8  __TI_ft_end                    
00003137  __TI_ltoa                      
ffffffff  __TI_pprof_out_hndl            
000000e5  __TI_printfi                   
ffffffff  __TI_prof_data_size            
ffffffff  __TI_prof_data_start           
00003531  __TI_readmsg                   
00000000  __TI_static_base__             
20000714  __TI_tmpnams                   
00003455  __TI_writemsg                  
00002f11  __TI_wrt_ok                    
000036bd  __TI_zero_init_nomemset        
0000295d  __aeabi_cdcmpeq                
0000295d  __aeabi_cdcmple                
000029e3  __aeabi_cdrcmple               
00002c37  __aeabi_d2f                    
000032bd  __aeabi_d2iz                   
000019e7  __aeabi_dadd                   
00001e29  __aeabi_ddiv                   
000023a9  __aeabi_dmul                   
000019dd  __aeabi_dsub                   
000037b1  __aeabi_errno_addr             
0000348d  __aeabi_f2d                    
000035c9  __aeabi_i2d                    
00001b93  __aeabi_idiv0                  
00001b93  __aeabi_ldiv0                  
00002a69  __aeabi_memclr                 
00002a69  __aeabi_memclr4                
00002a69  __aeabi_memclr8                
00002717  __aeabi_memcpy                 
00002717  __aeabi_memcpy4                
00002717  __aeabi_memcpy8                
00002a6b  __aeabi_memset                 
00002a6b  __aeabi_memset4                
00002a6b  __aeabi_memset8                
200005c4  __aeabi_stderr                 
200005bc  __aeabi_stdin                  
200005c0  __aeabi_stdout                 
000027b3  __aeabi_uldivmod               
ffffffff  __binit__                      
ffffffff  __c_args__                     
UNDEFED   __mpu_init                     
2000fe00  __stack                        
20000000  __start___llvm_prf_cnts        
20000000  __stop___llvm_prf_cnts         
00003565  _c_int00_noargs                
000037d0  _ctypes_                       
200004f0  _device                        
20000400  _ftable                        
200005d4  _lock                          
00000b33  _nop                           
20000568  _stream                        
20000000  _sys_memory                    
UNDEFED   _system_post_cinit             
000037c9  _system_pre_init               
200005d8  _unlock                        
000037cd  abort                          
000022a9  aligned_alloc                  
00000edd  all_values_temp                
00003229  atoi                           
00000d83  better_control                 
ffffffff  binit                          
00001425  button_bottom_fsm              
00001465  check_and_clear_bb_flag        
0000148d  check_and_clear_bj_flag        
000014b5  check_and_clear_bu_flag        
00002fd5  close                          
00000c21  config_accel                   
00001b95  config_blue_pwm                
00000ba5  config_joystic                 
00000b75  config_temp                    
00000e89  convert_to_Celsius             
00000e41  convert_to_volts               
00003711  copysign                       
00003711  copysignl                      
200005ec  errno                          
00003275  exit                           
00003599  finddevice                     
00002849  fputc                          
00002085  fputs                          
000024a5  free                           
00002e49  frexp                          
00002e49  frexpl                         
00002ead  fseek                          
000033d1  getdevice                      
00000b35  init_adc14                     
00001311  init_buttons                   
0000136d  init_buttons_int               
00000000  interruptVectors               
00002199  ldexp                          
00002199  ldexpl                         
0000364d  lseek                          
000028d5  main                           
000037b9  malloc                         
000022a9  memalign                       
000036f5  memccpy                        
0000369d  memchr                         
00002717  memcpy                         
00002a71  memset                         
200007b4  parmbuf                        
00002de1  printf                         
00002849  putc                           
00001bdf  pwm_blue                       
00000d05  read_accel                     
000013e1  read_button_bottom             
00000cc1  read_joystick                  
00000d53  read_temp                      
00001403  read_upper_bottom              
000035f9  remove                         
00002199  scalbn                         
00002199  scalbnl                        
00002589  setvbuf                        
00003743  strchr                         
0000372b  strcmp                         
00003759  strcpy                         
0000376d  strlen                         
000034c5  strncpy                        
200005e4  temp                           
000035f9  unlink                         
00003781  wcslen                         
00003675  write                          


GLOBAL SYMBOLS: SORTED BY Symbol Address 

address   name                           
-------   ----                           
00000000  __TI_static_base__             
00000000  interruptVectors               
000000e5  __TI_printfi                   
00000200  __STACK_SIZE                   
00000400  __SYSMEM_SIZE                  
00000b33  _nop                           
00000b35  init_adc14                     
00000b75  config_temp                    
00000ba5  config_joystic                 
00000c21  config_accel                   
00000cc1  read_joystick                  
00000d05  read_accel                     
00000d53  read_temp                      
00000d83  better_control                 
00000e41  convert_to_volts               
00000e89  convert_to_Celsius             
00000edd  all_values_temp                
00000f15  ADC14_IRQHandler               
00000f15  ADC14_IRQHandler               
00000f91  SystemCoreClockUpdate          
00001209  SystemInit                     
00001311  init_buttons                   
0000136d  init_buttons_int               
000013e1  read_button_bottom             
00001403  read_upper_bottom              
00001425  button_bottom_fsm              
00001465  check_and_clear_bb_flag        
0000148d  check_and_clear_bj_flag        
000014b5  check_and_clear_bu_flag        
000014dd  PORT3_IRQHandler               
000014dd  PORT3_IRQHandler               
00001501  PORT4_IRQHandler               
00001501  PORT4_IRQHandler               
00001517  PORT5_IRQHandler               
00001517  PORT5_IRQHandler               
000019dd  __aeabi_dsub                   
000019e7  __aeabi_dadd                   
00001b93  __aeabi_idiv0                  
00001b93  __aeabi_ldiv0                  
00001b95  config_blue_pwm                
00001bdf  pwm_blue                       
00001e29  __aeabi_ddiv                   
00002085  fputs                          
00002199  ldexp                          
00002199  ldexpl                         
00002199  scalbn                         
00002199  scalbnl                        
000022a9  aligned_alloc                  
000022a9  memalign                       
000023a9  __aeabi_dmul                   
000024a5  free                           
00002589  setvbuf                        
00002717  __aeabi_memcpy                 
00002717  __aeabi_memcpy4                
00002717  __aeabi_memcpy8                
00002717  memcpy                         
000027b3  __aeabi_uldivmod               
00002849  fputc                          
00002849  putc                           
000028d5  main                           
0000295d  __aeabi_cdcmpeq                
0000295d  __aeabi_cdcmple                
000029e3  __aeabi_cdrcmple               
00002a69  __aeabi_memclr                 
00002a69  __aeabi_memclr4                
00002a69  __aeabi_memclr8                
00002a6b  __aeabi_memset                 
00002a6b  __aeabi_memset4                
00002a6b  __aeabi_memset8                
00002a71  memset                         
00002ae5  __TI_closefile                 
00002c37  __aeabi_d2f                    
00002ca5  HOSTrename                     
00002d11  HOSTlseek                      
00002d79  __TI_decompress_lzss           
00002de1  printf                         
00002e49  frexp                          
00002e49  frexpl                         
00002ead  fseek                          
00002f11  __TI_wrt_ok                    
00002f75  HOSTopen                       
00002fd5  close                          
00003031  HOSTread                       
00003089  HOSTwrite                      
00003137  __TI_ltoa                      
000031dd  __TI_doflush                   
00003229  atoi                           
00003275  exit                           
000032bd  __aeabi_d2iz                   
00003305  HOSTclose                      
00003349  HOSTunlink                     
0000338d  __TI_auto_init_nobinit_nopinit 
000033d1  getdevice                      
00003455  __TI_writemsg                  
00003483  C$$IO$$                        
0000348d  __aeabi_f2d                    
000034c5  strncpy                        
000034fd  __TI_cleanup                   
00003531  __TI_readmsg                   
00003565  _c_int00_noargs                
00003599  finddevice                     
000035c9  __aeabi_i2d                    
000035f9  remove                         
000035f9  unlink                         
0000364d  lseek                          
00003675  write                          
0000369d  memchr                         
000036bd  __TI_zero_init_nomemset        
000036f5  memccpy                        
00003711  copysign                       
00003711  copysignl                      
0000372b  strcmp                         
00003743  strchr                         
00003759  strcpy                         
0000376d  strlen                         
00003781  wcslen                         
00003793  __TI_decompress_none           
000037a1  Reset_Handler                  
000037ad  AES256_IRQHandler              
000037ad  BusFault_Handler               
000037ad  COMP_E0_IRQHandler             
000037ad  COMP_E1_IRQHandler             
000037ad  CS_IRQHandler                  
000037ad  DMA_ERR_IRQHandler             
000037ad  DMA_INT0_IRQHandler            
000037ad  DMA_INT1_IRQHandler            
000037ad  DMA_INT2_IRQHandler            
000037ad  DMA_INT3_IRQHandler            
000037ad  DebugMon_Handler               
000037ad  Default_Handler                
000037ad  EUSCIA0_IRQHandler             
000037ad  EUSCIA1_IRQHandler             
000037ad  EUSCIA2_IRQHandler             
000037ad  EUSCIA3_IRQHandler             
000037ad  EUSCIB0_IRQHandler             
000037ad  EUSCIB1_IRQHandler             
000037ad  EUSCIB2_IRQHandler             
000037ad  EUSCIB3_IRQHandler             
000037ad  FLCTL_IRQHandler               
000037ad  FPU_IRQHandler                 
000037ad  HardFault_Handler              
000037ad  MemManage_Handler              
000037ad  NMI_Handler                    
000037ad  PCM_IRQHandler                 
000037ad  PORT1_IRQHandler               
000037ad  PORT2_IRQHandler               
000037ad  PORT6_IRQHandler               
000037ad  PSS_IRQHandler                 
000037ad  PendSV_Handler                 
000037ad  RTC_C_IRQHandler               
000037ad  SVC_Handler                    
000037ad  SysTick_Handler                
000037ad  T32_INT1_IRQHandler            
000037ad  T32_INT2_IRQHandler            
000037ad  T32_INTC_IRQHandler            
000037ad  TA0_0_IRQHandler               
000037ad  TA0_N_IRQHandler               
000037ad  TA1_0_IRQHandler               
000037ad  TA1_N_IRQHandler               
000037ad  TA2_0_IRQHandler               
000037ad  TA2_N_IRQHandler               
000037ad  TA3_0_IRQHandler               
000037ad  TA3_N_IRQHandler               
000037ad  UsageFault_Handler             
000037ad  WDT_A_IRQHandler               
000037b1  __aeabi_errno_addr             
000037b9  malloc                         
000037c9  _system_pre_init               
000037cd  C$$EXIT                        
000037cd  abort                          
000037d0  _ctypes_                       
00003944  __TI_Handler_Table_Base        
00003950  __TI_Handler_Table_Limit       
00003958  __TI_CINIT_Base                
00003968  __TI_CINIT_Limit               
20000000  __start___llvm_prf_cnts        
20000000  __stop___llvm_prf_cnts         
20000000  _sys_memory                    
20000400  _ftable                        
200004f0  _device                        
20000568  _stream                        
200005b8  __TI_ft_end                    
200005bc  __aeabi_stdin                  
200005c0  __aeabi_stdout                 
200005c4  __aeabi_stderr                 
200005c8  __TI_cleanup_ptr               
200005cc  __TI_dtors_ptr                 
200005d0  __TI_enable_exit_profile_output
200005d4  _lock                          
200005d8  _unlock                        
200005e4  temp                           
200005ec  errno                          
200005f0  SystemCoreClock                
200005f4  __CIOBUF_                      
20000714  __TI_tmpnams                   
200007b4  parmbuf                        
2000fe00  __stack                        
20010000  __STACK_END                    
4000480c  WDTCTL_SYM                     
ffffffff  __TI_pprof_out_hndl            
ffffffff  __TI_prof_data_size            
ffffffff  __TI_prof_data_start           
ffffffff  __binit__                      
ffffffff  __c_args__                     
ffffffff  binit                          
UNDEFED   __mpu_init                     
UNDEFED   _system_post_cinit             

[207 symbols]
