******************************************************************************
                  TI ARM Linker Unix v20.2.7                   
******************************************************************************
>> Linked Fri Mar 31 17:13:48 2023

OUTPUT FILE NAME:   <part3_exercise22.out>
ENTRY POINT SYMBOL: "_c_int00_noargs"  address: 00005ce5


MEMORY CONFIGURATION

         name            origin    length      used     unused   attr    fill
----------------------  --------  ---------  --------  --------  ----  --------
  MAIN                  00000000   00040000  000071bc  00038e44  R  X
  INFO                  00200000   00004000  00000000  00004000  R  X
  SRAM_CODE             01000000   00010000  00000ad7  0000f529  RW X
  SRAM_DATA             20000000   00010000  00000ad7  0000f529  RW  


SEGMENT ALLOCATION MAP

run origin  load origin   length   init length attrs members
----------  ----------- ---------- ----------- ----- -------
00000000    00000000    000071c0   000071c0    r-x
  00000000    00000000    000000e4   000000e4    r-- .intvecs
  000000e4    000000e4    00005ffc   00005ffc    r-x .text
  000060e0    000060e0    0000100c   0000100c    r-- .const
  000070f0    000070f0    000000d0   000000d0    r-- .cinit
20000000    20000000    000008d7   00000000    rw-
  20000000    20000000    00000400   00000000    rw- .sysmem
  20000400    20000400    000002a0   00000000    rw- .data
  200006a0    200006a0    00000237   00000000    rw- .bss
2000fe00    2000fe00    00000200   00000000    rw-
  2000fe00    2000fe00    00000200   00000000    rw- .stack


SECTION ALLOCATION MAP

 output                                  attributes/
section   page    origin      length       input sections
--------  ----  ----------  ----------   ----------------
.intvecs   0    00000000    000000e4     
                  00000000    000000e4     startup_msp432p401r_ccs.obj (.intvecs:retain)

.text      0    000000e4    00005ffc     
                  000000e4    00000a4e     rtsv7M4_T_le_v4SPD16_eabi.lib : _printfi.c.obj (.text:__TI_printfi)
                  00000b32    00000002                                   : _lock.c.obj (.text:_nop)
                  00000b34    000004b4     timer.obj (.text)
                  00000fe8    0000047e     game.lib : string.obj (.text:Graphics_drawString)
                  00001466    00000002     rtsv7M4_T_le_v4SPD16_eabi.lib : div0.asm.obj (.text)
                  00001468    00000474     analog.obj (.text)
                  000018dc    000003f4     game.lib : Crystalfontz128x128_ST7735.obj (.text)
                  00001cd0    00000354     system_msp432p401r.obj (.text)
                  00002024    000002b8     buttons.obj (.text)
                  000022dc    00000270     rtsv7M4_T_le_v4SPD16_eabi.lib : _printfi.c.obj (.text:_pconv_a)
                  0000254c    0000026e     game.lib : circle.obj (.text:Graphics_drawCircle)
                  000027ba    00000002     --HOLE-- [fill = 0]
                  000027bc    00000248              : road.obj (.text)
                  00002a04    0000022a              : circle.obj (.text:Graphics_fillCircle)
                  00002c2e    00000002     --HOLE-- [fill = 0]
                  00002c30    000001ec              : lcd.obj (.text)
                  00002e1c    000001d0     rtsv7M4_T_le_v4SPD16_eabi.lib : _printfi.c.obj (.text:_pconv_g)
                  00002fec    000001b6                                   : fd_add_t2.asm.obj (.text)
                  000031a2    00000180     game.lib : line.obj (.text:Graphics_clipLine)
                  00003322    00000174              : line.obj (.text:Graphics_drawLine)
                  00003496    00000002     --HOLE-- [fill = 0]
                  00003498    0000014c              : menu.obj (.text)
                  000035e4    00000144     led.obj (.text)
                  00003728    0000013c     rtsv7M4_T_le_v4SPD16_eabi.lib : _printfi.c.obj (.text:_pconv_e)
                  00003864    00000136                                   : fd_div_t2.asm.obj (.text)
                  0000399a    00000002     --HOLE-- [fill = 0]
                  0000399c    00000128     game.lib : car.obj (.text)
                  00003ac4    00000124     rtsv7M4_T_le_v4SPD16_eabi.lib : _printfi.c.obj (.text:fcvt)
                  00003be8    00000124     main.obj (.text)
                  00003d0c    00000114     rtsv7M4_T_le_v4SPD16_eabi.lib : fputs.c.obj (.text:fputs)
                  00003e20    00000112     game.lib : rectangle.obj (.text:Graphics_fillRectangle)
                  00003f32    00000002     --HOLE-- [fill = 0]
                  00003f34    00000110     rtsv7M4_T_le_v4SPD16_eabi.lib : s_scalbn.c.obj (.text:scalbn)
                  00004044    00000100                                   : memory.c.obj (.text:aligned_alloc)
                  00004144    000000fc                                   : fd_mul_t2.asm.obj (.text)
                  00004240    000000fa     game.lib : string.obj (.text:Graphics_getStringWidth)
                  0000433a    00000002     --HOLE-- [fill = 0]
                  0000433c    000000f8     rtsv7M4_T_le_v4SPD16_eabi.lib : s_floor.c.obj (.text:floor)
                  00004434    000000e4                                   : memory.c.obj (.text:free)
                  00004518    000000dc                                   : setvbuf.c.obj (.text:setvbuf)
                  000045f4    000000c4                                   : s_round.c.obj (.text:round)
                  000046b8    000000b1                                   : _printfi.c.obj (.text:_ltostr)
                  00004769    00000001     --HOLE-- [fill = 0]
                  0000476a    000000b0     game.lib : spi.o (.text:SPI_initMaster)
                  0000481a    00000002     --HOLE-- [fill = 0]
                  0000481c    000000ac              : HAL_MSP_EXP432P401R_Crystalfontz128x128_ST7735.obj (.text)
                  000048c8    000000a0              : random.obj (.text)
                  00004968    0000009c              : line.obj (.text:Graphics_drawLineH)
                  00004a04    0000009c              : line.obj (.text:Graphics_drawLineV)
                  00004aa0    0000009c     rtsv7M4_T_le_v4SPD16_eabi.lib : memcpy_t2.asm.obj (.text)
                  00004b3c    00000098     game.lib : init_game.obj (.text)
                  00004bd4    00000096     rtsv7M4_T_le_v4SPD16_eabi.lib : ull_div_t2.asm.obj (.text)
                  00004c6a    00000002     --HOLE-- [fill = 0]
                  00004c6c    00000092     game.lib : scores.obj (.text)
                  00004cfe    00000002     --HOLE-- [fill = 0]
                  00004d00    0000008c     rtsv7M4_T_le_v4SPD16_eabi.lib : fputc.c.obj (.text:fputc)
                  00004d8c    00000088     game.lib : gpio.o (.text:GPIO_setAsPeripheralModuleFunctionOutputPin)
                  00004e14    00000086     rtsv7M4_T_le_v4SPD16_eabi.lib : fd_cmp_t2.asm.obj (.text:__aeabi_cdcmple)
                  00004e9a    00000086                                   : fd_cmp_t2.asm.obj (.text:__aeabi_cdrcmple)
                  00004f20    0000007a                                   : memset_t2.asm.obj (.text)
                  00004f9a    00000002     --HOLE-- [fill = 0]
                  00004f9c    00000074                                   : fclose.c.obj (.text:__TI_closefile)
                  00005010    00000070                                   : memory.c.obj (.text:split)
                  00005080    0000006e                                   : _printfi.c.obj (.text:_mcpy)
                  000050ee    0000006e                                   : fd_tos_t2.asm.obj (.text)
                  0000515c    0000006c                                   : hostrename.c.obj (.text:HOSTrename)
                  000051c8    00000068                                   : hostlseek.c.obj (.text:HOSTlseek)
                  00005230    00000068                                   : copy_decompress_lzss.c.obj (.text:decompress:lzss:__TI_decompress_lzss)
                  00005298    00000068                                   : printf.c.obj (.text:printf)
                  00005300    00000064     game.lib : line.obj (.text:Graphics_getClipCode)
                  00005364    00000064     rtsv7M4_T_le_v4SPD16_eabi.lib : s_frexp.c.obj (.text:frexp)
                  000053c8    00000064                                   : fseek.c.obj (.text:fseek)
                  0000542c    00000062                                   : _io_perm.c.obj (.text:__TI_wrt_ok)
                  0000548e    00000002     --HOLE-- [fill = 0]
                  00005490    00000060                                   : hostopen.c.obj (.text:HOSTopen)
                  000054f0    0000005c                                   : close.c.obj (.text:close)
                  0000554c    0000005a     game.lib : context.obj (.text:Graphics_drawPixel)
                  000055a6    00000002     --HOLE-- [fill = 0]
                  000055a8    00000058     rtsv7M4_T_le_v4SPD16_eabi.lib : hostread.c.obj (.text:HOSTread)
                  00005600    00000058                                   : hostwrite.c.obj (.text:HOSTwrite)
                  00005658    00000056                                   : _printfi.c.obj (.text:_pconv_f)
                  000056ae    00000054                                   : _ltoa.c.obj (.text:__TI_ltoa)
                  00005702    00000052     game.lib : context.obj (.text:Graphics_initContext)
                  00005754    00000052     rtsv7M4_T_le_v4SPD16_eabi.lib : _printfi.c.obj (.text:_ecpy)
                  000057a6    0000004c                                   : fflush.c.obj (.text:__TI_doflush)
                  000057f2    00000002     --HOLE-- [fill = 0]
                  000057f4    0000004c                                   : atoi.c.obj (.text:atoi)
                  00005840    00000048     game.lib : string.obj (.text:Graphics_drawStringCentered)
                  00005888    00000048     rtsv7M4_T_le_v4SPD16_eabi.lib : exit.c.obj (.text:exit)
                  000058d0    00000048                                   : fd_toi_t2.asm.obj (.text)
                  00005918    00000044                                   : hostclose.c.obj (.text:HOSTclose)
                  0000595c    00000044                                   : hostunlink.c.obj (.text:HOSTunlink)
                  000059a0    00000044                                   : autoinit.c.obj (.text:__TI_auto_init_nobinit_nopinit:__TI_auto_init_nobinit_nopinit)
                  000059e4    00000044                                   : getdevice.c.obj (.text:getdevice)
                  00005a28    00000040     game.lib : gpio.o (.text:GPIO_setAsOutputPin)
                  00005a68    00000040              : string.obj (.text:Graphics_getNumberOfLeadingZeros)
                  00005aa8    00000040              : spi.o (.text:is_A_Module)
                  00005ae8    00000040     rtsv7M4_T_le_v4SPD16_eabi.lib : sprintf.c.obj (.text:sprintf)
                  00005b28    0000003e                                   : _printfi.c.obj (.text:_fcpy)
                  00005b66    00000002     --HOLE-- [fill = 0]
                  00005b68    00000038                                   : trgmsg.c.obj (.text:__TI_writemsg)
                  00005ba0    00000038                                   : fs_tod_t2.asm.obj (.text)
                  00005bd8    00000036     game.lib : display.obj (.text:Graphics_drawHorizontalLineOnDisplay)
                  00005c0e    00000036              : display.obj (.text:Graphics_drawVerticalLineOnDisplay)
                  00005c44    00000036     rtsv7M4_T_le_v4SPD16_eabi.lib : strncpy.c.obj (.text:strncpy)
                  00005c7a    00000002     --HOLE-- [fill = 0]
                  00005c7c    00000034                                   : fopen.c.obj (.text:__TI_cleanup)
                  00005cb0    00000034                                   : trgmsg.c.obj (.text:__TI_readmsg)
                  00005ce4    00000034                                   : boot_cortex_m.c.obj (.text:_c_int00_noargs:_c_int00_noargs)
                  00005d18    00000030                                   : getdevice.c.obj (.text:finddevice)
                  00005d48    0000002e                                   : i_tofd_t2.asm.obj (.text)
                  00005d76    0000002c     game.lib : display.obj (.text:Graphics_drawPixelOnDisplay)
                  00005da2    00000002     --HOLE-- [fill = 0]
                  00005da4    0000002c     rtsv7M4_T_le_v4SPD16_eabi.lib : unlink.c.obj (.text:unlink)
                  00005dd0    00000028     game.lib : gpio.o (.text:GPIO_setOutputHighOnPin)
                  00005df8    00000028              : gpio.o (.text:GPIO_setOutputLowOnPin)
                  00005e20    00000028     rtsv7M4_T_le_v4SPD16_eabi.lib : memory.c.obj (.text:free_list_insert)
                  00005e48    00000028                                   : lseek.c.obj (.text:lseek)
                  00005e70    00000028                                   : write.c.obj (.text:write)
                  00005e98    00000020                                   : memchr.c.obj (.text:memchr)
                  00005eb8    0000001e     game.lib : display.obj (.text:Graphics_fillRectangleOnDisplay)
                  00005ed6    0000001c              : spi.o (.text:SPI_enableModule)
                  00005ef2    0000001c     rtsv7M4_T_le_v4SPD16_eabi.lib : copy_zero_init.c.obj (.text:decompress:ZI:__TI_zero_init_nomemset:__TI_zero_init_nomemset)
                  00005f0e    00000002     --HOLE-- [fill = 0]
                  00005f10    0000001c                                   : memory.c.obj (.text:free_list_remove)
                  00005f2c    0000001c                                   : memccpy.c.obj (.text:memccpy)
                  00005f48    0000001a     game.lib : display.obj (.text:Graphics_clearDisplayOnDisplay)
                  00005f62    0000001a              : context.obj (.text:Graphics_setBackgroundColor)
                  00005f7c    0000001a              : context.obj (.text:Graphics_setFont)
                  00005f96    0000001a     rtsv7M4_T_le_v4SPD16_eabi.lib : s_copysign.c.obj (.text:copysign)
                  00005fb0    00000018                                   : sprintf.c.obj (.text:_outs)
                  00005fc8    00000018                                   : strcmp.c.obj (.text:strcmp)
                  00005fe0    00000016     game.lib : spi.o (.text:EUSCI_A_SPI_enable)
                  00005ff6    00000016              : spi.o (.text:EUSCI_B_SPI_enable)
                  0000600c    00000016              : context.obj (.text:Graphics_setForegroundColor)
                  00006022    00000016              : display.obj (.text:Graphics_translateColorOnDisplay)
                  00006038    00000016     rtsv7M4_T_le_v4SPD16_eabi.lib : strchr.c.obj (.text:strchr)
                  0000604e    00000014                                   : strcpy.c.obj (.text:strcpy)
                  00006062    00000014                                   : strlen.c.obj (.text:strlen)
                  00006076    00000012     game.lib : context.obj (.text:Graphics_clearDisplay)
                  00006088    00000012     rtsv7M4_T_le_v4SPD16_eabi.lib : wcslen.c.obj (.text:wcslen)
                  0000609a    0000000e                                   : copy_decompress_none.c.obj (.text:decompress:none:__TI_decompress_none)
                  000060a8    0000000e     startup_msp432p401r_ccs.obj (.text)
                  000060b6    0000000a     rtsv7M4_T_le_v4SPD16_eabi.lib : sprintf.c.obj (.text:_outc)
                  000060c0    00000008                                   : errno.c.obj (.text:__aeabi_errno_addr)
                  000060c8    00000008                                   : memory.c.obj (.text:malloc)
                  000060d0    00000004                                   : printf.c.obj (.text:_outc)
                  000060d4    00000004                                   : printf.c.obj (.text:_outs)
                  000060d8    00000004                                   : pre_init.c.obj (.text:_system_pre_init)
                  000060dc    00000004                                   : exit.c.obj (.text:abort:abort)

.const     0    000060e0    0000100c     
                  000060e0    00000a17     game.lib : fontcmsc22.obj (.const:.string:g_pucCmsc22Data)
                  00006af7    000002f8              : fontfixed6x8.obj (.const:.string:g_pucFontFixed6x8Data)
                  00006def    00000101     rtsv7M4_T_le_v4SPD16_eabi.lib : ctype.c.obj (.const:.string:_ctypes_)
                  00006ef0    000000c8     game.lib : fontcmsc22.obj (.const:g_sFontCmsc22)
                  00006fb8    000000c8              : fontfixed6x8.obj (.const:g_sFontFixed6x8)
                  00007080    00000030              : gpio.o (.const:GPIO_PORT_TO_BASE)
                  000070b0    00000020              : Crystalfontz128x128_ST7735.obj (.const:g_sCrystalfontz128x128_funcs)
                  000070d0    0000001c              : HAL_MSP_EXP432P401R_Crystalfontz128x128_ST7735.obj (.const:$P$T0$1)

.cinit     0    000070f0    000000d0     
                  000070f0    000000a8     (.cinit..data.load) [load image, compression = lzss]
                  00007198    0000000c     (__TI_handler_table)
                  000071a4    00000004     --HOLE-- [fill = 0]
                  000071a8    00000008     (.cinit..bss.load) [load image, compression = zero_init]
                  000071b0    00000010     (__TI_cinit_table)

.init_array 
*          0    00000000    00000000     UNINITIALIZED

.binit     0    00000000    00000000     

.sysmem    0    20000000    00000400     UNINITIALIZED
                  20000000    00000010     rtsv7M4_T_le_v4SPD16_eabi.lib : memory.c.obj (.sysmem)
                  20000010    000003f0     --HOLE--

.data      0    20000400    000002a0     UNINITIALIZED
                  20000400    000000f0     rtsv7M4_T_le_v4SPD16_eabi.lib : defs.c.obj (.data:_ftable)
                  200004f0    00000078                                   : host_device.c.obj (.data:_device)
                  20000568    00000078     game.lib : menu.obj (.data:options)
                  200005e0    00000050     rtsv7M4_T_le_v4SPD16_eabi.lib : host_device.c.obj (.data:_stream)
                  20000630    00000010     game.lib : Crystalfontz128x128_ST7735.obj (.data:g_sCrystalfontz128x128)
                  20000640    00000010     rtsv7M4_T_le_v4SPD16_eabi.lib : defs.c.obj (.data)
                  20000650    0000000c                                   : exit.c.obj (.data:$O1$$)
                  2000065c    0000000c     game.lib : menu.obj (.data:color)
                  20000668    0000000c              : road.obj (.data)
                  20000674    00000008     rtsv7M4_T_le_v4SPD16_eabi.lib : _lock.c.obj (.data:$O1$$)
                  2000067c    00000008                                   : memory.c.obj (.data:$O1$$)
                  20000684    00000008     game.lib : car.obj (.data)
                  2000068c    00000004     analog.obj (.data)
                  20000690    00000004     buttons.obj (.data)
                  20000694    00000004     rtsv7M4_T_le_v4SPD16_eabi.lib : errno.c.obj (.data)
                  20000698    00000004     system_msp432p401r.obj (.data)
                  2000069c    00000002     game.lib : random.obj (.data)
                  2000069e    00000001              : init_game.obj (.data)
                  2000069f    00000001              : menu.obj (.data)

.bss       0    200006a0    00000237     UNINITIALIZED
                  200006a0    00000120     rtsv7M4_T_le_v4SPD16_eabi.lib : trgmsg.c.obj (.bss:_CIOBUF_)
                  200007c0    000000a0     (.common:__TI_tmpnams)
                  20000860    00000020     game.lib : road.obj (.bss:road)
                  20000880    0000001c              : lcd.obj (.bss:g_sContext)
                  2000089c    0000001c              : lcd.obj (.bss:g_sContext_big_font)
                  200008b8    0000000a     timer.obj (.bss)
                  200008c2    00000008     (.common:parmbuf)
                  200008ca    00000003     led.obj (.bss)
                  200008cd    00000001     (.common:Lcd_FlagRead)
                  200008ce    00000002     (.common:Lcd_ScreenHeigth)
                  200008d0    00000002     (.common:Lcd_ScreenWidth)
                  200008d2    00000002     (.common:Lcd_TouchTrim)
                  200008d4    00000001     (.common:Lcd_FontSolid)
                  200008d5    00000001     (.common:Lcd_Orientation)
                  200008d6    00000001     (.common:Lcd_PenSolid)

.stack     0    2000fe00    00000200     UNINITIALIZED
                  2000fe00    00000004     rtsv7M4_T_le_v4SPD16_eabi.lib : boot_cortex_m.c.obj (.stack)
                  2000fe04    000001fc     --HOLE--

__llvm_prf_cnts 
*          0    20000000    00000000     UNINITIALIZED

MODULE SUMMARY

       Module                                               code    ro data   rw data
       ------                                               ----    -------   -------
    ./
       system_msp432p401r.obj                               852     0         8      
       main.obj                                             292     0         0      
       startup_msp432p401r_ccs.obj                          14      228       0      
    +--+----------------------------------------------------+-------+---------+---------+
       Total:                                               1158    228       8      
                                                                                     
    ./Analog/
       analog.obj                                           1140    0         8      
    +--+----------------------------------------------------+-------+---------+---------+
       Total:                                               1140    0         8      
                                                                                     
    ./LED/
       led.obj                                              324     0         6      
    +--+----------------------------------------------------+-------+---------+---------+
       Total:                                               324     0         6      
                                                                                     
    ./buttons/
       buttons.obj                                          696     0         8      
    +--+----------------------------------------------------+-------+---------+---------+
       Total:                                               696     0         8      
                                                                                     
    ./timer/
       timer.obj                                            1204    0         20     
    +--+----------------------------------------------------+-------+---------+---------+
       Total:                                               1204    0         20     
                                                                                     
    ../game.lib
       fontcmsc22.obj                                       0       2783      0      
       string.obj                                           1536    0         0      
       circle.obj                                           1176    0         0      
       line.obj                                             1168    0         0      
       Crystalfontz128x128_ST7735.obj                       1012    32        52     
       fontfixed6x8.obj                                     0       960       0      
       road.obj                                             584     0         88     
       lcd.obj                                              492     0         112    
       menu.obj                                             332     0         266    
       gpio.o                                               280     48        0      
       car.obj                                              296     0         16     
       spi.o                                                312     0         0      
       rectangle.obj                                        274     0         0      
       context.obj                                          264     0         0      
       display.obj                                          230     0         0      
       HAL_MSP_EXP432P401R_Crystalfontz128x128_ST7735.obj   172     28        0      
       random.obj                                           160     0         4      
       init_game.obj                                        152     0         2      
       scores.obj                                           146     0         0      
    +--+----------------------------------------------------+-------+---------+---------+
       Total:                                               8586    3851      540    
                                                                                     
    /Applications/ti/ccs1220/ccs/tools/compiler/ti-cgt-arm_20.2.7.LTS/lib/rtsv7M4_T_le_v4SPD16_eabi.lib
       _printfi.c.obj                                       4851    0         0      
       defs.c.obj                                           0       0         832    
       memory.c.obj                                         672     0         16     
       trgmsg.c.obj                                         108     0         576    
       fd_add_t2.asm.obj                                    438     0         0      
       host_device.c.obj                                    0       0         400    
       fd_div_t2.asm.obj                                    310     0         0      
       fputs.c.obj                                          276     0         0      
       s_scalbn.c.obj                                       272     0         0      
       fd_cmp_t2.asm.obj                                    268     0         0      
       ctype.c.obj                                          0       257       0      
       fd_mul_t2.asm.obj                                    252     0         0      
       s_floor.c.obj                                        248     0         0      
       setvbuf.c.obj                                        220     0         0      
       s_round.c.obj                                        196     0         0      
       memcpy_t2.asm.obj                                    156     0         0      
       ull_div_t2.asm.obj                                   150     0         0      
       fputc.c.obj                                          140     0         0      
       memset_t2.asm.obj                                    122     0         0      
       fclose.c.obj                                         116     0         0      
       getdevice.c.obj                                      116     0         0      
       hostopen.c.obj                                       96      0         16     
       printf.c.obj                                         112     0         0      
       fd_tos_t2.asm.obj                                    110     0         0      
       hostrename.c.obj                                     108     0         0      
       copy_decompress_lzss.c.obj                           104     0         0      
       hostlseek.c.obj                                      104     0         0      
       exit.c.obj                                           76      0         24     
       fseek.c.obj                                          100     0         0      
       s_frexp.c.obj                                        100     0         0      
       _io_perm.c.obj                                       98      0         0      
       sprintf.c.obj                                        98      0         0      
       close.c.obj                                          92      0         0      
       hostread.c.obj                                       88      0         0      
       hostwrite.c.obj                                      88      0         0      
       _ltoa.c.obj                                          84      0         0      
       atoi.c.obj                                           76      0         0      
       fflush.c.obj                                         76      0         0      
       fd_toi_t2.asm.obj                                    72      0         0      
       autoinit.c.obj                                       68      0         0      
       hostclose.c.obj                                      68      0         0      
       hostunlink.c.obj                                     68      0         0      
       fs_tod_t2.asm.obj                                    56      0         0      
       strncpy.c.obj                                        54      0         0      
       boot_cortex_m.c.obj                                  52      0         0      
       fopen.c.obj                                          52      0         0      
       i_tofd_t2.asm.obj                                    46      0         0      
       unlink.c.obj                                         44      0         0      
       lseek.c.obj                                          40      0         0      
       write.c.obj                                          40      0         0      
       memchr.c.obj                                         32      0         0      
       copy_zero_init.c.obj                                 28      0         0      
       memccpy.c.obj                                        28      0         0      
       s_copysign.c.obj                                     26      0         0      
       strcmp.c.obj                                         24      0         0      
       strchr.c.obj                                         22      0         0      
       strcpy.c.obj                                         20      0         0      
       strlen.c.obj                                         20      0         0      
       _lock.c.obj                                          2       0         16     
       wcslen.c.obj                                         18      0         0      
       errno.c.obj                                          8       0         8      
       copy_decompress_none.c.obj                           14      0         0      
       pre_init.c.obj                                       4       0         0      
       div0.asm.obj                                         2       0         0      
    +--+----------------------------------------------------+-------+---------+---------+
       Total:                                               11429   257       1888   
                                                                                     
       Heap:                                                0       0         2048   
       Stack:                                               0       0         1024   
       Linker Generated:                                    0       204       0      
    +--+----------------------------------------------------+-------+---------+---------+
       Grand Total:                                         24537   4540      5550   


LINKER GENERATED COPY TABLES

__TI_cinit_table @ 000071b0 records: 2, size/record: 8, table size: 16
	.data: load addr=000070f0, load size=000000a8 bytes, run addr=20000400, run size=000002a0 bytes, compression=lzss
	.bss: load addr=000071a8, load size=00000008 bytes, run addr=200006a0, run size=00000237 bytes, compression=zero_init


LINKER GENERATED HANDLER TABLE

__TI_handler_table @ 00007198 records: 3, size/record: 4, table size: 12
	index: 0, handler: __TI_decompress_lzss
	index: 1, handler: __TI_decompress_none
	index: 2, handler: __TI_zero_init


GLOBAL SYMBOLS: SORTED ALPHABETICALLY BY Name 

address   name                                       
-------   ----                                       
00001861  ADC14_IRQHandler                           
00001861  ADC14_IRQHandler                           
000060b5  AES256_IRQHandler                          
000060b5  BusFault_Handler                           
000060dd  C$$EXIT                                    
00005b97  C$$IO$$                                    
000060b5  COMP_E0_IRQHandler                         
000060b5  COMP_E1_IRQHandler                         
000060b5  CS_IRQHandler                              
00003a9b  Check_Crash                                
00003501  Create_Menu                                
00001b89  Crystalfontz128x128_Init                   
0000190d  Crystalfontz128x128_SetDrawFrame           
000018dd  Crystalfontz128x128_SetOrientation         
000060b5  DMA_ERR_IRQHandler                         
000060b5  DMA_INT0_IRQHandler                        
000060b5  DMA_INT1_IRQHandler                        
000060b5  DMA_INT2_IRQHandler                        
000060b5  DMA_INT3_IRQHandler                        
000060b5  DebugMon_Handler                           
000060b5  Default_Handler                            
000039cb  Draw_Car                                   
00002987  Draw_Road                                  
000060b5  EUSCIA0_IRQHandler                         
000060b5  EUSCIA1_IRQHandler                         
000060b5  EUSCIA2_IRQHandler                         
000060b5  EUSCIA3_IRQHandler                         
000060b5  EUSCIB0_IRQHandler                         
000060b5  EUSCIB1_IRQHandler                         
000060b5  EUSCIB2_IRQHandler                         
000060b5  EUSCIB3_IRQHandler                         
00005fe1  EUSCI_A_SPI_enable                         
00005ff7  EUSCI_B_SPI_enable                         
000060b5  FLCTL_IRQHandler                           
000060b5  FPU_IRQHandler                             
00005a29  GPIO_setAsOutputPin                        
00004d8d  GPIO_setAsPeripheralModuleFunctionOutputPin
00005dd1  GPIO_setOutputHighOnPin                    
00005df9  GPIO_setOutputLowOnPin                     
00004cc5  Game_Over                                  
00006077  Graphics_clearDisplay                      
00005f49  Graphics_clearDisplayOnDisplay             
0000254d  Graphics_drawCircle                        
00005bd9  Graphics_drawHorizontalLineOnDisplay       
00003323  Graphics_drawLine                          
00004969  Graphics_drawLineH                         
00004a05  Graphics_drawLineV                         
0000554d  Graphics_drawPixel                         
00005d77  Graphics_drawPixelOnDisplay                
00000fe9  Graphics_drawString                        
00005841  Graphics_drawStringCentered                
00005c0f  Graphics_drawVerticalLineOnDisplay         
00002a05  Graphics_fillCircle                        
00003e21  Graphics_fillRectangle                     
00005eb9  Graphics_fillRectangleOnDisplay            
00004241  Graphics_getStringWidth                    
00005703  Graphics_initContext                       
00005f63  Graphics_setBackgroundColor                
00005f7d  Graphics_setFont                           
0000600d  Graphics_setForegroundColor                
00006023  Graphics_translateColorOnDisplay           
0000488d  HAL_LCD_PortInit                           
00004855  HAL_LCD_SpiInit                            
0000482f  HAL_LCD_writeCommand                       
0000481d  HAL_LCD_writeData                          
00005919  HOSTclose                                  
000051c9  HOSTlseek                                  
00005491  HOSTopen                                   
000055a9  HOSTread                                   
0000515d  HOSTrename                                 
0000595d  HOSTunlink                                 
00005601  HOSTwrite                                  
000060b5  HardFault_Handler                          
00003a8b  Init_Car                                   
00004ba7  Init_Game                                  
00002d97  Init_Lcd                                   
00004941  Init_Random                                
000027df  Init_Road                                  
200008cd  Lcd_FlagRead                               
200008d4  Lcd_FontSolid                              
200008d5  Lcd_Orientation                            
200008d6  Lcd_PenSolid                               
200008ce  Lcd_ScreenHeigth                           
200008d0  Lcd_ScreenWidth                            
200008d2  Lcd_TouchTrim                              
000060b5  MemManage_Handler                          
000060b5  NMI_Handler                                
000060b5  PCM_IRQHandler                             
000060b5  PORT1_IRQHandler                           
000060b5  PORT2_IRQHandler                           
0000221d  PORT3_IRQHandler                           
0000221d  PORT3_IRQHandler                           
00002241  PORT4_IRQHandler                           
00002241  PORT4_IRQHandler                           
00002257  PORT5_IRQHandler                           
00002257  PORT5_IRQHandler                           
000060b5  PORT6_IRQHandler                           
000060b5  PSS_IRQHandler                             
000060b5  PendSV_Handler                             
000060b5  RTC_C_IRQHandler                           
000060a9  Reset_Handler                              
00005ed7  SPI_enableModule                           
0000476b  SPI_initMaster                             
000060b5  SVC_Handler                                
000039ab  Set_Car_Color                              
00003499  Show_Menu                                  
00004cc3  Show_Msg                                   
00004c6d  Show_Scores                                
00004b79  Start_SysTick                              
0000399d  Steering_Wheel                             
00004b71  SysTick_Handler                            
00004b71  SysTick_Handler                            
20000698  SystemCoreClock                            
00001cd1  SystemCoreClockUpdate                      
00001f49  SystemInit                                 
000060b5  T32_INT1_IRQHandler                        
000060b5  T32_INT2_IRQHandler                        
000060b5  T32_INTC_IRQHandler                        
000060b5  TA0_0_IRQHandler                           
00000efd  TA0_N_IRQHandler                           
00000efd  TA0_N_IRQHandler                           
000060b5  TA1_0_IRQHandler                           
000060b5  TA1_N_IRQHandler                           
000060b5  TA2_0_IRQHandler                           
00000f89  TA2_N_IRQHandler                           
00000f89  TA2_N_IRQHandler                           
000060b5  TA3_0_IRQHandler                           
000060b5  TA3_N_IRQHandler                           
000060b5  UsageFault_Handler                         
4000480c  WDTCTL_SYM                                 
000060b5  WDT_A_IRQHandler                           
200006a0  __CIOBUF_                                  
20010000  __STACK_END                                
00000200  __STACK_SIZE                               
00000400  __SYSMEM_SIZE                              
000071b0  __TI_CINIT_Base                            
000071c0  __TI_CINIT_Limit                           
00007198  __TI_Handler_Table_Base                    
000071a4  __TI_Handler_Table_Limit                   
000059a1  __TI_auto_init_nobinit_nopinit             
00005c7d  __TI_cleanup                               
20000650  __TI_cleanup_ptr                           
00004f9d  __TI_closefile                             
00005231  __TI_decompress_lzss                       
0000609b  __TI_decompress_none                       
000057a7  __TI_doflush                               
20000654  __TI_dtors_ptr                             
20000658  __TI_enable_exit_profile_output            
20000640  __TI_ft_end                                
000056af  __TI_ltoa                                  
ffffffff  __TI_pprof_out_hndl                        
000000e5  __TI_printfi                               
ffffffff  __TI_prof_data_size                        
ffffffff  __TI_prof_data_start                       
00005cb1  __TI_readmsg                               
00000000  __TI_static_base__                         
200007c0  __TI_tmpnams                               
00005b69  __TI_writemsg                              
0000542d  __TI_wrt_ok                                
00005ef3  __TI_zero_init_nomemset                    
00004e15  __aeabi_cdcmpeq                            
00004e15  __aeabi_cdcmple                            
00004e9b  __aeabi_cdrcmple                           
000050ef  __aeabi_d2f                                
000058d1  __aeabi_d2iz                               
00002ff7  __aeabi_dadd                               
00003865  __aeabi_ddiv                               
00004145  __aeabi_dmul                               
00002fed  __aeabi_dsub                               
000060c1  __aeabi_errno_addr                         
00005ba1  __aeabi_f2d                                
00005d49  __aeabi_i2d                                
00001467  __aeabi_idiv0                              
00001467  __aeabi_ldiv0                              
00004f21  __aeabi_memclr                             
00004f21  __aeabi_memclr4                            
00004f21  __aeabi_memclr8                            
00004aa1  __aeabi_memcpy                             
00004aa1  __aeabi_memcpy4                            
00004aa1  __aeabi_memcpy8                            
00004f23  __aeabi_memset                             
00004f23  __aeabi_memset4                            
00004f23  __aeabi_memset8                            
2000064c  __aeabi_stderr                             
20000644  __aeabi_stdin                              
20000648  __aeabi_stdout                             
00004bd5  __aeabi_uldivmod                           
ffffffff  __binit__                                  
ffffffff  __c_args__                                 
UNDEFED   __mpu_init                                 
2000fe00  __stack                                    
20000000  __start___llvm_prf_cnts                    
20000000  __stop___llvm_prf_cnts                     
00005ce5  _c_int00_noargs                            
00006def  _ctypes_                                   
200004f0  _device                                    
20000400  _ftable                                    
20000674  _lock                                      
00000b33  _nop                                       
200005e0  _stream                                    
20000000  _sys_memory                                
UNDEFED   _system_post_cinit                         
000060d9  _system_pre_init                           
20000678  _unlock                                    
000060dd  abort                                      
00004045  aligned_alloc                              
00001831  all_values_temp                            
000057f5  atoi                                       
000016b7  better_control                             
ffffffff  binit                                      
00002165  button_bottom_fsm                          
000027bd  change_speed                               
00004b5d  check_SysTick_flag                         
000021a5  check_and_clear_bb_flag                    
000021cd  check_and_clear_bj_flag                    
000021f5  check_and_clear_bu_flag                    
00002d81  clear_display                              
000054f1  close                                      
00001555  config_accel                               
00000b61  config_blue_pwm                            
000014d9  config_joystic                             
00000bc9  config_red_green_pwm                       
000014a9  config_temp                                
000017dd  convert_to_Celsius                         
0000178d  convert_to_volts                           
00005f97  copysign                                   
00005f97  copysignl                                  
00002d57  drawLine                                   
00002d37  draw_circle                                
00002cdf  draw_string_back                           
00002cab  draw_string_big_font                       
00002c77  draw_string_font                           
20000694  errno                                      
00005889  exit                                       
00002c57  fill_circle                                
00002c31  fill_rectangle                             
00005d19  finddevice                                 
2000069e  flag_SysTick                               
0000433d  floor                                      
0000433d  floorl                                     
00004b59  foo                                        
00004d01  fputc                                      
00003d0d  fputs                                      
00004435  free                                       
00005365  frexp                                      
00005365  frexpl                                     
000053c9  fseek                                      
20000630  g_sCrystalfontz128x128                     
000070b0  g_sCrystalfontz128x128_funcs               
00006ef0  g_sFontCmsc22                              
00006fb8  g_sFontFixed6x8                            
000059e5  getdevice                                  
00001469  init_adc14                                 
00002051  init_buttons                               
000020ad  init_buttons_int                           
000035e5  init_rgb                                   
00000000  interruptVectors                           
00003f35  ldexp                                      
00003f35  ldexpl                                     
000036db  led_off                                    
0000369f  led_on                                     
0000365f  led_set                                    
00005e49  lseek                                      
00003be9  main                                       
000060c9  malloc                                     
00004045  memalign                                   
00005f2d  memccpy                                    
00005e99  memchr                                     
00004aa1  memcpy                                     
00004f29  memset                                     
200008c2  parmbuf                                    
00005299  printf                                     
00004d01  putc                                       
00000c71  pwm_blue                                   
00000dfb  pwm_green                                  
00000d33  pwm_red                                    
000048c9  rand                                       
00001639  read_accel                                 
00002121  read_button_bottom                         
000015f5  read_joystick                              
00001687  read_temp                                  
00002143  read_upper_bottom                          
00005da5  remove                                     
000045f5  round                                      
000045f5  roundl                                     
00003f35  scalbn                                     
00003f35  scalbnl                                    
00004519  setvbuf                                    
00004b3d  show_error                                 
00005ae9  sprintf                                    
00006039  strchr                                     
00005fc9  strcmp                                     
0000604f  strcpy                                     
00006063  strlen                                     
00005c45  strncpy                                    
2000068c  temp                                       
00005da5  unlink                                     
00006089  wcslen                                     
00005e71  write                                      


GLOBAL SYMBOLS: SORTED BY Symbol Address 

address   name                                       
-------   ----                                       
00000000  __TI_static_base__                         
00000000  interruptVectors                           
000000e5  __TI_printfi                               
00000200  __STACK_SIZE                               
00000400  __SYSMEM_SIZE                              
00000b33  _nop                                       
00000b61  config_blue_pwm                            
00000bc9  config_red_green_pwm                       
00000c71  pwm_blue                                   
00000d33  pwm_red                                    
00000dfb  pwm_green                                  
00000efd  TA0_N_IRQHandler                           
00000efd  TA0_N_IRQHandler                           
00000f89  TA2_N_IRQHandler                           
00000f89  TA2_N_IRQHandler                           
00000fe9  Graphics_drawString                        
00001467  __aeabi_idiv0                              
00001467  __aeabi_ldiv0                              
00001469  init_adc14                                 
000014a9  config_temp                                
000014d9  config_joystic                             
00001555  config_accel                               
000015f5  read_joystick                              
00001639  read_accel                                 
00001687  read_temp                                  
000016b7  better_control                             
0000178d  convert_to_volts                           
000017dd  convert_to_Celsius                         
00001831  all_values_temp                            
00001861  ADC14_IRQHandler                           
00001861  ADC14_IRQHandler                           
000018dd  Crystalfontz128x128_SetOrientation         
0000190d  Crystalfontz128x128_SetDrawFrame           
00001b89  Crystalfontz128x128_Init                   
00001cd1  SystemCoreClockUpdate                      
00001f49  SystemInit                                 
00002051  init_buttons                               
000020ad  init_buttons_int                           
00002121  read_button_bottom                         
00002143  read_upper_bottom                          
00002165  button_bottom_fsm                          
000021a5  check_and_clear_bb_flag                    
000021cd  check_and_clear_bj_flag                    
000021f5  check_and_clear_bu_flag                    
0000221d  PORT3_IRQHandler                           
0000221d  PORT3_IRQHandler                           
00002241  PORT4_IRQHandler                           
00002241  PORT4_IRQHandler                           
00002257  PORT5_IRQHandler                           
00002257  PORT5_IRQHandler                           
0000254d  Graphics_drawCircle                        
000027bd  change_speed                               
000027df  Init_Road                                  
00002987  Draw_Road                                  
00002a05  Graphics_fillCircle                        
00002c31  fill_rectangle                             
00002c57  fill_circle                                
00002c77  draw_string_font                           
00002cab  draw_string_big_font                       
00002cdf  draw_string_back                           
00002d37  draw_circle                                
00002d57  drawLine                                   
00002d81  clear_display                              
00002d97  Init_Lcd                                   
00002fed  __aeabi_dsub                               
00002ff7  __aeabi_dadd                               
00003323  Graphics_drawLine                          
00003499  Show_Menu                                  
00003501  Create_Menu                                
000035e5  init_rgb                                   
0000365f  led_set                                    
0000369f  led_on                                     
000036db  led_off                                    
00003865  __aeabi_ddiv                               
0000399d  Steering_Wheel                             
000039ab  Set_Car_Color                              
000039cb  Draw_Car                                   
00003a8b  Init_Car                                   
00003a9b  Check_Crash                                
00003be9  main                                       
00003d0d  fputs                                      
00003e21  Graphics_fillRectangle                     
00003f35  ldexp                                      
00003f35  ldexpl                                     
00003f35  scalbn                                     
00003f35  scalbnl                                    
00004045  aligned_alloc                              
00004045  memalign                                   
00004145  __aeabi_dmul                               
00004241  Graphics_getStringWidth                    
0000433d  floor                                      
0000433d  floorl                                     
00004435  free                                       
00004519  setvbuf                                    
000045f5  round                                      
000045f5  roundl                                     
0000476b  SPI_initMaster                             
0000481d  HAL_LCD_writeData                          
0000482f  HAL_LCD_writeCommand                       
00004855  HAL_LCD_SpiInit                            
0000488d  HAL_LCD_PortInit                           
000048c9  rand                                       
00004941  Init_Random                                
00004969  Graphics_drawLineH                         
00004a05  Graphics_drawLineV                         
00004aa1  __aeabi_memcpy                             
00004aa1  __aeabi_memcpy4                            
00004aa1  __aeabi_memcpy8                            
00004aa1  memcpy                                     
00004b3d  show_error                                 
00004b59  foo                                        
00004b5d  check_SysTick_flag                         
00004b71  SysTick_Handler                            
00004b71  SysTick_Handler                            
00004b79  Start_SysTick                              
00004ba7  Init_Game                                  
00004bd5  __aeabi_uldivmod                           
00004c6d  Show_Scores                                
00004cc3  Show_Msg                                   
00004cc5  Game_Over                                  
00004d01  fputc                                      
00004d01  putc                                       
00004d8d  GPIO_setAsPeripheralModuleFunctionOutputPin
00004e15  __aeabi_cdcmpeq                            
00004e15  __aeabi_cdcmple                            
00004e9b  __aeabi_cdrcmple                           
00004f21  __aeabi_memclr                             
00004f21  __aeabi_memclr4                            
00004f21  __aeabi_memclr8                            
00004f23  __aeabi_memset                             
00004f23  __aeabi_memset4                            
00004f23  __aeabi_memset8                            
00004f29  memset                                     
00004f9d  __TI_closefile                             
000050ef  __aeabi_d2f                                
0000515d  HOSTrename                                 
000051c9  HOSTlseek                                  
00005231  __TI_decompress_lzss                       
00005299  printf                                     
00005365  frexp                                      
00005365  frexpl                                     
000053c9  fseek                                      
0000542d  __TI_wrt_ok                                
00005491  HOSTopen                                   
000054f1  close                                      
0000554d  Graphics_drawPixel                         
000055a9  HOSTread                                   
00005601  HOSTwrite                                  
000056af  __TI_ltoa                                  
00005703  Graphics_initContext                       
000057a7  __TI_doflush                               
000057f5  atoi                                       
00005841  Graphics_drawStringCentered                
00005889  exit                                       
000058d1  __aeabi_d2iz                               
00005919  HOSTclose                                  
0000595d  HOSTunlink                                 
000059a1  __TI_auto_init_nobinit_nopinit             
000059e5  getdevice                                  
00005a29  GPIO_setAsOutputPin                        
00005ae9  sprintf                                    
00005b69  __TI_writemsg                              
00005b97  C$$IO$$                                    
00005ba1  __aeabi_f2d                                
00005bd9  Graphics_drawHorizontalLineOnDisplay       
00005c0f  Graphics_drawVerticalLineOnDisplay         
00005c45  strncpy                                    
00005c7d  __TI_cleanup                               
00005cb1  __TI_readmsg                               
00005ce5  _c_int00_noargs                            
00005d19  finddevice                                 
00005d49  __aeabi_i2d                                
00005d77  Graphics_drawPixelOnDisplay                
00005da5  remove                                     
00005da5  unlink                                     
00005dd1  GPIO_setOutputHighOnPin                    
00005df9  GPIO_setOutputLowOnPin                     
00005e49  lseek                                      
00005e71  write                                      
00005e99  memchr                                     
00005eb9  Graphics_fillRectangleOnDisplay            
00005ed7  SPI_enableModule                           
00005ef3  __TI_zero_init_nomemset                    
00005f2d  memccpy                                    
00005f49  Graphics_clearDisplayOnDisplay             
00005f63  Graphics_setBackgroundColor                
00005f7d  Graphics_setFont                           
00005f97  copysign                                   
00005f97  copysignl                                  
00005fc9  strcmp                                     
00005fe1  EUSCI_A_SPI_enable                         
00005ff7  EUSCI_B_SPI_enable                         
0000600d  Graphics_setForegroundColor                
00006023  Graphics_translateColorOnDisplay           
00006039  strchr                                     
0000604f  strcpy                                     
00006063  strlen                                     
00006077  Graphics_clearDisplay                      
00006089  wcslen                                     
0000609b  __TI_decompress_none                       
000060a9  Reset_Handler                              
000060b5  AES256_IRQHandler                          
000060b5  BusFault_Handler                           
000060b5  COMP_E0_IRQHandler                         
000060b5  COMP_E1_IRQHandler                         
000060b5  CS_IRQHandler                              
000060b5  DMA_ERR_IRQHandler                         
000060b5  DMA_INT0_IRQHandler                        
000060b5  DMA_INT1_IRQHandler                        
000060b5  DMA_INT2_IRQHandler                        
000060b5  DMA_INT3_IRQHandler                        
000060b5  DebugMon_Handler                           
000060b5  Default_Handler                            
000060b5  EUSCIA0_IRQHandler                         
000060b5  EUSCIA1_IRQHandler                         
000060b5  EUSCIA2_IRQHandler                         
000060b5  EUSCIA3_IRQHandler                         
000060b5  EUSCIB0_IRQHandler                         
000060b5  EUSCIB1_IRQHandler                         
000060b5  EUSCIB2_IRQHandler                         
000060b5  EUSCIB3_IRQHandler                         
000060b5  FLCTL_IRQHandler                           
000060b5  FPU_IRQHandler                             
000060b5  HardFault_Handler                          
000060b5  MemManage_Handler                          
000060b5  NMI_Handler                                
000060b5  PCM_IRQHandler                             
000060b5  PORT1_IRQHandler                           
000060b5  PORT2_IRQHandler                           
000060b5  PORT6_IRQHandler                           
000060b5  PSS_IRQHandler                             
000060b5  PendSV_Handler                             
000060b5  RTC_C_IRQHandler                           
000060b5  SVC_Handler                                
000060b5  T32_INT1_IRQHandler                        
000060b5  T32_INT2_IRQHandler                        
000060b5  T32_INTC_IRQHandler                        
000060b5  TA0_0_IRQHandler                           
000060b5  TA1_0_IRQHandler                           
000060b5  TA1_N_IRQHandler                           
000060b5  TA2_0_IRQHandler                           
000060b5  TA3_0_IRQHandler                           
000060b5  TA3_N_IRQHandler                           
000060b5  UsageFault_Handler                         
000060b5  WDT_A_IRQHandler                           
000060c1  __aeabi_errno_addr                         
000060c9  malloc                                     
000060d9  _system_pre_init                           
000060dd  C$$EXIT                                    
000060dd  abort                                      
00006def  _ctypes_                                   
00006ef0  g_sFontCmsc22                              
00006fb8  g_sFontFixed6x8                            
000070b0  g_sCrystalfontz128x128_funcs               
00007198  __TI_Handler_Table_Base                    
000071a4  __TI_Handler_Table_Limit                   
000071b0  __TI_CINIT_Base                            
000071c0  __TI_CINIT_Limit                           
20000000  __start___llvm_prf_cnts                    
20000000  __stop___llvm_prf_cnts                     
20000000  _sys_memory                                
20000400  _ftable                                    
200004f0  _device                                    
200005e0  _stream                                    
20000630  g_sCrystalfontz128x128                     
20000640  __TI_ft_end                                
20000644  __aeabi_stdin                              
20000648  __aeabi_stdout                             
2000064c  __aeabi_stderr                             
20000650  __TI_cleanup_ptr                           
20000654  __TI_dtors_ptr                             
20000658  __TI_enable_exit_profile_output            
20000674  _lock                                      
20000678  _unlock                                    
2000068c  temp                                       
20000694  errno                                      
20000698  SystemCoreClock                            
2000069e  flag_SysTick                               
200006a0  __CIOBUF_                                  
200007c0  __TI_tmpnams                               
200008c2  parmbuf                                    
200008cd  Lcd_FlagRead                               
200008ce  Lcd_ScreenHeigth                           
200008d0  Lcd_ScreenWidth                            
200008d2  Lcd_TouchTrim                              
200008d4  Lcd_FontSolid                              
200008d5  Lcd_Orientation                            
200008d6  Lcd_PenSolid                               
2000fe00  __stack                                    
20010000  __STACK_END                                
4000480c  WDTCTL_SYM                                 
ffffffff  __TI_pprof_out_hndl                        
ffffffff  __TI_prof_data_size                        
ffffffff  __TI_prof_data_start                       
ffffffff  __binit__                                  
ffffffff  __c_args__                                 
ffffffff  binit                                      
UNDEFED   __mpu_init                                 
UNDEFED   _system_post_cinit                         

[299 symbols]
