******************************************************************************
                  TI ARM Linker Unix v20.2.7                   
******************************************************************************
>> Linked Wed Mar  1 18:41:35 2023

OUTPUT FILE NAME:   <part1_exercise1.out>
ENTRY POINT SYMBOL: "_c_int00_noargs"  address: 00004fa1


MEMORY CONFIGURATION

         name            origin    length      used     unused   attr    fill
----------------------  --------  ---------  --------  --------  ----  --------
  MAIN                  00000000   00040000  000064d0  00039b30  R  X
  INFO                  00200000   00004000  00000000  00004000  R  X
  SRAM_CODE             01000000   00010000  00000ac2  0000f53e  RW X
  SRAM_DATA             20000000   00010000  00000ac2  0000f53e  RW  


SEGMENT ALLOCATION MAP

run origin  load origin   length   init length attrs members
----------  ----------- ---------- ----------- ----- -------
00000000    00000000    000064d0   000064d0    r-x
  00000000    00000000    000000e4   000000e4    r-- .intvecs
  000000e4    000000e4    00005310   00005310    r-x .text
  000053f4    000053f4    0000100c   0000100c    r-- .const
  00006400    00006400    000000d0   000000d0    r-- .cinit
20000000    20000000    000008c2   00000000    rw-
  20000000    20000000    00000400   00000000    rw- .sysmem
  20000400    20000400    00000298   00000000    rw- .data
  20000698    20000698    0000022a   00000000    rw- .bss
2000fe00    2000fe00    00000200   00000000    rw-
  2000fe00    2000fe00    00000200   00000000    rw- .stack


SECTION ALLOCATION MAP

 output                                  attributes/
section   page    origin      length       input sections
--------  ----  ----------  ----------   ----------------
.intvecs   0    00000000    000000e4     
                  00000000    000000e4     startup_msp432p401r_ccs.obj (.intvecs:retain)

.text      0    000000e4    00005310     
                  000000e4    00000a4e     rtsv7M4_T_le_v4SPD16_eabi.lib : _printfi.c.obj (.text:__TI_printfi)
                  00000b32    0000047e     game.lib : string.obj (.text:Graphics_drawString)
                  00000fb0    000003f4              : Crystalfontz128x128_ST7735.obj (.text)
                  000013a4    00000334     system_msp432p401r.obj (.text)
                  000016d8    00000270     rtsv7M4_T_le_v4SPD16_eabi.lib : _printfi.c.obj (.text:_pconv_a)
                  00001948    0000026e     game.lib : circle.obj (.text:Graphics_drawCircle)
                  00001bb6    00000002     rtsv7M4_T_le_v4SPD16_eabi.lib : _lock.c.obj (.text:_nop)
                  00001bb8    00000248     game.lib : road.obj (.text)
                  00001e00    0000022a              : circle.obj (.text:Graphics_fillCircle)
                  0000202a    00000002     rtsv7M4_T_le_v4SPD16_eabi.lib : div0.asm.obj (.text)
                  0000202c    000001ec     game.lib : lcd.obj (.text)
                  00002218    000001d0     rtsv7M4_T_le_v4SPD16_eabi.lib : _printfi.c.obj (.text:_pconv_g)
                  000023e8    000001b6                                   : fd_add_t2.asm.obj (.text)
                  0000259e    00000180     game.lib : line.obj (.text:Graphics_clipLine)
                  0000271e    00000174              : line.obj (.text:Graphics_drawLine)
                  00002892    00000002     --HOLE-- [fill = 0]
                  00002894    0000014c              : menu.obj (.text)
                  000029e0    0000013c     rtsv7M4_T_le_v4SPD16_eabi.lib : _printfi.c.obj (.text:_pconv_e)
                  00002b1c    00000136                                   : fd_div_t2.asm.obj (.text)
                  00002c52    00000002     --HOLE-- [fill = 0]
                  00002c54    00000128     game.lib : car.obj (.text)
                  00002d7c    00000124     rtsv7M4_T_le_v4SPD16_eabi.lib : _printfi.c.obj (.text:fcvt)
                  00002ea0    00000114                                   : fputs.c.obj (.text:fputs)
                  00002fb4    00000112     game.lib : rectangle.obj (.text:Graphics_fillRectangle)
                  000030c6    00000002     --HOLE-- [fill = 0]
                  000030c8    00000110     rtsv7M4_T_le_v4SPD16_eabi.lib : s_scalbn.c.obj (.text:scalbn)
                  000031d8    00000100                                   : memory.c.obj (.text:aligned_alloc)
                  000032d8    000000fc                                   : fd_mul_t2.asm.obj (.text)
                  000033d4    000000fa     game.lib : string.obj (.text:Graphics_getStringWidth)
                  000034ce    00000002     --HOLE-- [fill = 0]
                  000034d0    000000f8     rtsv7M4_T_le_v4SPD16_eabi.lib : s_floor.c.obj (.text:floor)
                  000035c8    000000e4                                   : memory.c.obj (.text:free)
                  000036ac    000000dc                                   : setvbuf.c.obj (.text:setvbuf)
                  00003788    000000d0     main.obj (.text)
                  00003858    000000c4     rtsv7M4_T_le_v4SPD16_eabi.lib : s_round.c.obj (.text:round)
                  0000391c    000000b1                                   : _printfi.c.obj (.text:_ltostr)
                  000039cd    00000001     --HOLE-- [fill = 0]
                  000039ce    000000b0     game.lib : spi.o (.text:SPI_initMaster)
                  00003a7e    00000002     --HOLE-- [fill = 0]
                  00003a80    000000ac              : HAL_MSP_EXP432P401R_Crystalfontz128x128_ST7735.obj (.text)
                  00003b2c    000000a0              : random.obj (.text)
                  00003bcc    0000009c              : line.obj (.text:Graphics_drawLineH)
                  00003c68    0000009c              : line.obj (.text:Graphics_drawLineV)
                  00003d04    0000009c     rtsv7M4_T_le_v4SPD16_eabi.lib : memcpy_t2.asm.obj (.text)
                  00003da0    00000098     game.lib : init_game.obj (.text)
                  00003e38    00000096     rtsv7M4_T_le_v4SPD16_eabi.lib : ull_div_t2.asm.obj (.text)
                  00003ece    00000002     --HOLE-- [fill = 0]
                  00003ed0    00000092     game.lib : scores.obj (.text)
                  00003f62    00000002     --HOLE-- [fill = 0]
                  00003f64    0000008c     rtsv7M4_T_le_v4SPD16_eabi.lib : fputc.c.obj (.text:fputc)
                  00003ff0    00000088     game.lib : gpio.o (.text:GPIO_setAsPeripheralModuleFunctionOutputPin)
                  00004078    00000086     rtsv7M4_T_le_v4SPD16_eabi.lib : fd_cmp_t2.asm.obj (.text:__aeabi_cdcmple)
                  000040fe    00000086                                   : fd_cmp_t2.asm.obj (.text:__aeabi_cdrcmple)
                  00004184    0000007a                                   : memset_t2.asm.obj (.text)
                  000041fe    00000002     --HOLE-- [fill = 0]
                  00004200    00000074                                   : fclose.c.obj (.text:__TI_closefile)
                  00004274    00000070                                   : memory.c.obj (.text:split)
                  000042e4    0000006e                                   : _printfi.c.obj (.text:_mcpy)
                  00004352    0000006e                                   : fd_tos_t2.asm.obj (.text)
                  000043c0    0000006c                                   : hostrename.c.obj (.text:HOSTrename)
                  0000442c    00000068                                   : hostlseek.c.obj (.text:HOSTlseek)
                  00004494    00000068                                   : copy_decompress_lzss.c.obj (.text:decompress:lzss:__TI_decompress_lzss)
                  000044fc    00000068                                   : printf.c.obj (.text:printf)
                  00004564    00000064     game.lib : line.obj (.text:Graphics_getClipCode)
                  000045c8    00000064     rtsv7M4_T_le_v4SPD16_eabi.lib : s_frexp.c.obj (.text:frexp)
                  0000462c    00000064                                   : fseek.c.obj (.text:fseek)
                  00004690    00000062                                   : _io_perm.c.obj (.text:__TI_wrt_ok)
                  000046f2    00000002     --HOLE-- [fill = 0]
                  000046f4    00000060                                   : hostopen.c.obj (.text:HOSTopen)
                  00004754    0000005c                                   : close.c.obj (.text:close)
                  000047b0    0000005a     game.lib : context.obj (.text:Graphics_drawPixel)
                  0000480a    00000002     --HOLE-- [fill = 0]
                  0000480c    00000058              : gpio.o (.text:GPIO_setAsInputPinWithPullUpResistor)
                  00004864    00000058     rtsv7M4_T_le_v4SPD16_eabi.lib : hostread.c.obj (.text:HOSTread)
                  000048bc    00000058                                   : hostwrite.c.obj (.text:HOSTwrite)
                  00004914    00000056                                   : _printfi.c.obj (.text:_pconv_f)
                  0000496a    00000054                                   : _ltoa.c.obj (.text:__TI_ltoa)
                  000049be    00000052     game.lib : context.obj (.text:Graphics_initContext)
                  00004a10    00000052     rtsv7M4_T_le_v4SPD16_eabi.lib : _printfi.c.obj (.text:_ecpy)
                  00004a62    0000004c                                   : fflush.c.obj (.text:__TI_doflush)
                  00004aae    00000002     --HOLE-- [fill = 0]
                  00004ab0    0000004c                                   : atoi.c.obj (.text:atoi)
                  00004afc    00000048     game.lib : string.obj (.text:Graphics_drawStringCentered)
                  00004b44    00000048     rtsv7M4_T_le_v4SPD16_eabi.lib : exit.c.obj (.text:exit)
                  00004b8c    00000048                                   : fd_toi_t2.asm.obj (.text)
                  00004bd4    00000044                                   : hostclose.c.obj (.text:HOSTclose)
                  00004c18    00000044                                   : hostunlink.c.obj (.text:HOSTunlink)
                  00004c5c    00000044                                   : autoinit.c.obj (.text:__TI_auto_init_nobinit_nopinit:__TI_auto_init_nobinit_nopinit)
                  00004ca0    00000044                                   : getdevice.c.obj (.text:getdevice)
                  00004ce4    00000040     game.lib : gpio.o (.text:GPIO_setAsOutputPin)
                  00004d24    00000040              : string.obj (.text:Graphics_getNumberOfLeadingZeros)
                  00004d64    00000040              : spi.o (.text:is_A_Module)
                  00004da4    00000040     rtsv7M4_T_le_v4SPD16_eabi.lib : sprintf.c.obj (.text:sprintf)
                  00004de4    0000003e                                   : _printfi.c.obj (.text:_fcpy)
                  00004e22    00000002     --HOLE-- [fill = 0]
                  00004e24    00000038                                   : trgmsg.c.obj (.text:__TI_writemsg)
                  00004e5c    00000038                                   : fs_tod_t2.asm.obj (.text)
                  00004e94    00000036     game.lib : display.obj (.text:Graphics_drawHorizontalLineOnDisplay)
                  00004eca    00000036              : display.obj (.text:Graphics_drawVerticalLineOnDisplay)
                  00004f00    00000036     rtsv7M4_T_le_v4SPD16_eabi.lib : strncpy.c.obj (.text:strncpy)
                  00004f36    00000002     --HOLE-- [fill = 0]
                  00004f38    00000034                                   : fopen.c.obj (.text:__TI_cleanup)
                  00004f6c    00000034                                   : trgmsg.c.obj (.text:__TI_readmsg)
                  00004fa0    00000034                                   : boot_cortex_m.c.obj (.text:_c_int00_noargs:_c_int00_noargs)
                  00004fd4    00000030     game.lib : gpio.o (.text:GPIO_getInputPinValue)
                  00005004    00000030     rtsv7M4_T_le_v4SPD16_eabi.lib : getdevice.c.obj (.text:finddevice)
                  00005034    0000002e                                   : i_tofd_t2.asm.obj (.text)
                  00005062    0000002c     game.lib : display.obj (.text:Graphics_drawPixelOnDisplay)
                  0000508e    00000002     --HOLE-- [fill = 0]
                  00005090    0000002c     rtsv7M4_T_le_v4SPD16_eabi.lib : unlink.c.obj (.text:unlink)
                  000050bc    00000028     game.lib : gpio.o (.text:GPIO_setOutputHighOnPin)
                  000050e4    00000028              : gpio.o (.text:GPIO_setOutputLowOnPin)
                  0000510c    00000028     buttons.obj (.text)
                  00005134    00000028     rtsv7M4_T_le_v4SPD16_eabi.lib : memory.c.obj (.text:free_list_insert)
                  0000515c    00000028                                   : lseek.c.obj (.text:lseek)
                  00005184    00000028                                   : write.c.obj (.text:write)
                  000051ac    00000020                                   : memchr.c.obj (.text:memchr)
                  000051cc    0000001e     game.lib : display.obj (.text:Graphics_fillRectangleOnDisplay)
                  000051ea    0000001c              : spi.o (.text:SPI_enableModule)
                  00005206    0000001c     rtsv7M4_T_le_v4SPD16_eabi.lib : copy_zero_init.c.obj (.text:decompress:ZI:__TI_zero_init_nomemset:__TI_zero_init_nomemset)
                  00005222    00000002     --HOLE-- [fill = 0]
                  00005224    0000001c                                   : memory.c.obj (.text:free_list_remove)
                  00005240    0000001c                                   : memccpy.c.obj (.text:memccpy)
                  0000525c    0000001a     game.lib : display.obj (.text:Graphics_clearDisplayOnDisplay)
                  00005276    0000001a              : context.obj (.text:Graphics_setBackgroundColor)
                  00005290    0000001a              : context.obj (.text:Graphics_setFont)
                  000052aa    0000001a     rtsv7M4_T_le_v4SPD16_eabi.lib : s_copysign.c.obj (.text:copysign)
                  000052c4    00000018                                   : sprintf.c.obj (.text:_outs)
                  000052dc    00000018                                   : strcmp.c.obj (.text:strcmp)
                  000052f4    00000016     game.lib : spi.o (.text:EUSCI_A_SPI_enable)
                  0000530a    00000016              : spi.o (.text:EUSCI_B_SPI_enable)
                  00005320    00000016              : context.obj (.text:Graphics_setForegroundColor)
                  00005336    00000016              : display.obj (.text:Graphics_translateColorOnDisplay)
                  0000534c    00000016     rtsv7M4_T_le_v4SPD16_eabi.lib : strchr.c.obj (.text:strchr)
                  00005362    00000014                                   : strcpy.c.obj (.text:strcpy)
                  00005376    00000014                                   : strlen.c.obj (.text:strlen)
                  0000538a    00000012     game.lib : context.obj (.text:Graphics_clearDisplay)
                  0000539c    00000012     rtsv7M4_T_le_v4SPD16_eabi.lib : wcslen.c.obj (.text:wcslen)
                  000053ae    0000000e                                   : copy_decompress_none.c.obj (.text:decompress:none:__TI_decompress_none)
                  000053bc    0000000e     startup_msp432p401r_ccs.obj (.text)
                  000053ca    0000000a     rtsv7M4_T_le_v4SPD16_eabi.lib : sprintf.c.obj (.text:_outc)
                  000053d4    00000008                                   : errno.c.obj (.text:__aeabi_errno_addr)
                  000053dc    00000008                                   : memory.c.obj (.text:malloc)
                  000053e4    00000004                                   : printf.c.obj (.text:_outc)
                  000053e8    00000004                                   : printf.c.obj (.text:_outs)
                  000053ec    00000004                                   : pre_init.c.obj (.text:_system_pre_init)
                  000053f0    00000004                                   : exit.c.obj (.text:abort:abort)

.const     0    000053f4    0000100c     
                  000053f4    00000a17     game.lib : fontcmsc22.obj (.const:.string:g_pucCmsc22Data)
                  00005e0b    000002f8              : fontfixed6x8.obj (.const:.string:g_pucFontFixed6x8Data)
                  00006103    00000101     rtsv7M4_T_le_v4SPD16_eabi.lib : ctype.c.obj (.const:.string:_ctypes_)
                  00006204    000000c8     game.lib : fontcmsc22.obj (.const:g_sFontCmsc22)
                  000062cc    000000c8              : fontfixed6x8.obj (.const:g_sFontFixed6x8)
                  00006394    00000030              : gpio.o (.const:GPIO_PORT_TO_BASE)
                  000063c4    00000020              : Crystalfontz128x128_ST7735.obj (.const:g_sCrystalfontz128x128_funcs)
                  000063e4    0000001c              : HAL_MSP_EXP432P401R_Crystalfontz128x128_ST7735.obj (.const:$P$T0$1)

.cinit     0    00006400    000000d0     
                  00006400    000000aa     (.cinit..data.load) [load image, compression = lzss]
                  000064aa    00000002     --HOLE-- [fill = 0]
                  000064ac    0000000c     (__TI_handler_table)
                  000064b8    00000008     (.cinit..bss.load) [load image, compression = zero_init]
                  000064c0    00000010     (__TI_cinit_table)

.init_array 
*          0    00000000    00000000     UNINITIALIZED

.binit     0    00000000    00000000     

.sysmem    0    20000000    00000400     UNINITIALIZED
                  20000000    00000010     rtsv7M4_T_le_v4SPD16_eabi.lib : memory.c.obj (.sysmem)
                  20000010    000003f0     --HOLE--

.data      0    20000400    00000298     UNINITIALIZED
                  20000400    000000f0     rtsv7M4_T_le_v4SPD16_eabi.lib : defs.c.obj (.data:_ftable)
                  200004f0    00000078                                   : host_device.c.obj (.data:_device)
                  20000568    00000078     game.lib : menu.obj (.data:options)
                  200005e0    00000050     rtsv7M4_T_le_v4SPD16_eabi.lib : host_device.c.obj (.data:_stream)
                  20000630    00000010     game.lib : Crystalfontz128x128_ST7735.obj (.data:g_sCrystalfontz128x128)
                  20000640    00000010     rtsv7M4_T_le_v4SPD16_eabi.lib : defs.c.obj (.data)
                  20000650    0000000c                                   : exit.c.obj (.data:$O1$$)
                  2000065c    0000000c     game.lib : menu.obj (.data:color)
                  20000668    0000000c              : road.obj (.data)
                  20000674    00000008     rtsv7M4_T_le_v4SPD16_eabi.lib : _lock.c.obj (.data:$O1$$)
                  2000067c    00000008                                   : memory.c.obj (.data:$O1$$)
                  20000684    00000008     game.lib : car.obj (.data)
                  2000068c    00000004     rtsv7M4_T_le_v4SPD16_eabi.lib : errno.c.obj (.data)
                  20000690    00000004     system_msp432p401r.obj (.data)
                  20000694    00000002     game.lib : random.obj (.data)
                  20000696    00000001              : init_game.obj (.data)
                  20000697    00000001              : menu.obj (.data)

.bss       0    20000698    0000022a     UNINITIALIZED
                  20000698    00000120     rtsv7M4_T_le_v4SPD16_eabi.lib : trgmsg.c.obj (.bss:_CIOBUF_)
                  200007b8    000000a0     (.common:__TI_tmpnams)
                  20000858    00000020     game.lib : road.obj (.bss:road)
                  20000878    0000001c              : lcd.obj (.bss:g_sContext)
                  20000894    0000001c              : lcd.obj (.bss:g_sContext_big_font)
                  200008b0    00000008     (.common:parmbuf)
                  200008b8    00000002     (.common:Lcd_ScreenHeigth)
                  200008ba    00000002     (.common:Lcd_ScreenWidth)
                  200008bc    00000002     (.common:Lcd_TouchTrim)
                  200008be    00000001     (.common:Lcd_FlagRead)
                  200008bf    00000001     (.common:Lcd_FontSolid)
                  200008c0    00000001     (.common:Lcd_Orientation)
                  200008c1    00000001     (.common:Lcd_PenSolid)

.stack     0    2000fe00    00000200     UNINITIALIZED
                  2000fe00    00000004     rtsv7M4_T_le_v4SPD16_eabi.lib : boot_cortex_m.c.obj (.stack)
                  2000fe04    000001fc     --HOLE--

__llvm_prf_cnts 
*          0    20000000    00000000     UNINITIALIZED

MODULE SUMMARY

       Module                                               code    ro data   rw data
       ------                                               ----    -------   -------
    ./
       system_msp432p401r.obj                               820     0         8      
       startup_msp432p401r_ccs.obj                          14      228       0      
       main.obj                                             208     0         0      
    +--+----------------------------------------------------+-------+---------+---------+
       Total:                                               1042    228       8      
                                                                                     
    ./buttons/
       buttons.obj                                          40      0         0      
    +--+----------------------------------------------------+-------+---------+---------+
       Total:                                               40      0         0      
                                                                                     
    ../game.lib
       fontcmsc22.obj                                       0       2783      0      
       string.obj                                           1536    0         0      
       circle.obj                                           1176    0         0      
       line.obj                                             1168    0         0      
       Crystalfontz128x128_ST7735.obj                       1012    32        52     
       fontfixed6x8.obj                                     0       960       0      
       road.obj                                             584     0         88     
       lcd.obj                                              492     0         112    
       menu.obj                                             332     0         266    
       gpio.o                                               416     48        0      
       car.obj                                              296     0         16     
       spi.o                                                312     0         0      
       rectangle.obj                                        274     0         0      
       context.obj                                          264     0         0      
       display.obj                                          230     0         0      
       HAL_MSP_EXP432P401R_Crystalfontz128x128_ST7735.obj   172     28        0      
       random.obj                                           160     0         4      
       init_game.obj                                        152     0         2      
       scores.obj                                           146     0         0      
    +--+----------------------------------------------------+-------+---------+---------+
       Total:                                               8722    3851      540    
                                                                                     
    /Applications/ti/ccs1220/ccs/tools/compiler/ti-cgt-arm_20.2.7.LTS/lib/rtsv7M4_T_le_v4SPD16_eabi.lib
       _printfi.c.obj                                       4851    0         0      
       defs.c.obj                                           0       0         832    
       memory.c.obj                                         672     0         16     
       trgmsg.c.obj                                         108     0         576    
       fd_add_t2.asm.obj                                    438     0         0      
       host_device.c.obj                                    0       0         400    
       fd_div_t2.asm.obj                                    310     0         0      
       fputs.c.obj                                          276     0         0      
       s_scalbn.c.obj                                       272     0         0      
       fd_cmp_t2.asm.obj                                    268     0         0      
       ctype.c.obj                                          0       257       0      
       fd_mul_t2.asm.obj                                    252     0         0      
       s_floor.c.obj                                        248     0         0      
       setvbuf.c.obj                                        220     0         0      
       s_round.c.obj                                        196     0         0      
       memcpy_t2.asm.obj                                    156     0         0      
       ull_div_t2.asm.obj                                   150     0         0      
       fputc.c.obj                                          140     0         0      
       memset_t2.asm.obj                                    122     0         0      
       fclose.c.obj                                         116     0         0      
       getdevice.c.obj                                      116     0         0      
       hostopen.c.obj                                       96      0         16     
       printf.c.obj                                         112     0         0      
       fd_tos_t2.asm.obj                                    110     0         0      
       hostrename.c.obj                                     108     0         0      
       copy_decompress_lzss.c.obj                           104     0         0      
       hostlseek.c.obj                                      104     0         0      
       exit.c.obj                                           76      0         24     
       fseek.c.obj                                          100     0         0      
       s_frexp.c.obj                                        100     0         0      
       _io_perm.c.obj                                       98      0         0      
       sprintf.c.obj                                        98      0         0      
       close.c.obj                                          92      0         0      
       hostread.c.obj                                       88      0         0      
       hostwrite.c.obj                                      88      0         0      
       _ltoa.c.obj                                          84      0         0      
       atoi.c.obj                                           76      0         0      
       fflush.c.obj                                         76      0         0      
       fd_toi_t2.asm.obj                                    72      0         0      
       autoinit.c.obj                                       68      0         0      
       hostclose.c.obj                                      68      0         0      
       hostunlink.c.obj                                     68      0         0      
       fs_tod_t2.asm.obj                                    56      0         0      
       strncpy.c.obj                                        54      0         0      
       boot_cortex_m.c.obj                                  52      0         0      
       fopen.c.obj                                          52      0         0      
       i_tofd_t2.asm.obj                                    46      0         0      
       unlink.c.obj                                         44      0         0      
       lseek.c.obj                                          40      0         0      
       write.c.obj                                          40      0         0      
       memchr.c.obj                                         32      0         0      
       copy_zero_init.c.obj                                 28      0         0      
       memccpy.c.obj                                        28      0         0      
       s_copysign.c.obj                                     26      0         0      
       strcmp.c.obj                                         24      0         0      
       strchr.c.obj                                         22      0         0      
       strcpy.c.obj                                         20      0         0      
       strlen.c.obj                                         20      0         0      
       _lock.c.obj                                          2       0         16     
       wcslen.c.obj                                         18      0         0      
       errno.c.obj                                          8       0         8      
       copy_decompress_none.c.obj                           14      0         0      
       pre_init.c.obj                                       4       0         0      
       div0.asm.obj                                         2       0         0      
    +--+----------------------------------------------------+-------+---------+---------+
       Total:                                               11429   257       1888   
                                                                                     
       Heap:                                                0       0         2048   
       Stack:                                               0       0         1024   
       Linker Generated:                                    0       206       0      
    +--+----------------------------------------------------+-------+---------+---------+
       Grand Total:                                         21233   4542      5508   


LINKER GENERATED COPY TABLES

__TI_cinit_table @ 000064c0 records: 2, size/record: 8, table size: 16
	.data: load addr=00006400, load size=000000aa bytes, run addr=20000400, run size=00000298 bytes, compression=lzss
	.bss: load addr=000064b8, load size=00000008 bytes, run addr=20000698, run size=0000022a bytes, compression=zero_init


LINKER GENERATED HANDLER TABLE

__TI_handler_table @ 000064ac records: 3, size/record: 4, table size: 12
	index: 0, handler: __TI_decompress_lzss
	index: 1, handler: __TI_decompress_none
	index: 2, handler: __TI_zero_init


GLOBAL SYMBOLS: SORTED ALPHABETICALLY BY Name 

address   name                                       
-------   ----                                       
000053c9  ADC14_IRQHandler                           
000053c9  AES256_IRQHandler                          
000053c9  BusFault_Handler                           
000053f1  C$$EXIT                                    
00004e53  C$$IO$$                                    
000053c9  COMP_E0_IRQHandler                         
000053c9  COMP_E1_IRQHandler                         
000053c9  CS_IRQHandler                              
00002d53  Check_Crash                                
000028fd  Create_Menu                                
0000125d  Crystalfontz128x128_Init                   
00000fe1  Crystalfontz128x128_SetDrawFrame           
00000fb1  Crystalfontz128x128_SetOrientation         
000053c9  DMA_ERR_IRQHandler                         
000053c9  DMA_INT0_IRQHandler                        
000053c9  DMA_INT1_IRQHandler                        
000053c9  DMA_INT2_IRQHandler                        
000053c9  DMA_INT3_IRQHandler                        
000053c9  DebugMon_Handler                           
000053c9  Default_Handler                            
00002c83  Draw_Car                                   
00001d83  Draw_Road                                  
000053c9  EUSCIA0_IRQHandler                         
000053c9  EUSCIA1_IRQHandler                         
000053c9  EUSCIA2_IRQHandler                         
000053c9  EUSCIA3_IRQHandler                         
000053c9  EUSCIB0_IRQHandler                         
000053c9  EUSCIB1_IRQHandler                         
000053c9  EUSCIB2_IRQHandler                         
000053c9  EUSCIB3_IRQHandler                         
000052f5  EUSCI_A_SPI_enable                         
0000530b  EUSCI_B_SPI_enable                         
000053c9  FLCTL_IRQHandler                           
000053c9  FPU_IRQHandler                             
00004fd5  GPIO_getInputPinValue                      
0000480d  GPIO_setAsInputPinWithPullUpResistor       
00004ce5  GPIO_setAsOutputPin                        
00003ff1  GPIO_setAsPeripheralModuleFunctionOutputPin
000050bd  GPIO_setOutputHighOnPin                    
000050e5  GPIO_setOutputLowOnPin                     
00003f29  Game_Over                                  
0000538b  Graphics_clearDisplay                      
0000525d  Graphics_clearDisplayOnDisplay             
00001949  Graphics_drawCircle                        
00004e95  Graphics_drawHorizontalLineOnDisplay       
0000271f  Graphics_drawLine                          
00003bcd  Graphics_drawLineH                         
00003c69  Graphics_drawLineV                         
000047b1  Graphics_drawPixel                         
00005063  Graphics_drawPixelOnDisplay                
00000b33  Graphics_drawString                        
00004afd  Graphics_drawStringCentered                
00004ecb  Graphics_drawVerticalLineOnDisplay         
00001e01  Graphics_fillCircle                        
00002fb5  Graphics_fillRectangle                     
000051cd  Graphics_fillRectangleOnDisplay            
000033d5  Graphics_getStringWidth                    
000049bf  Graphics_initContext                       
00005277  Graphics_setBackgroundColor                
00005291  Graphics_setFont                           
00005321  Graphics_setForegroundColor                
00005337  Graphics_translateColorOnDisplay           
00003af1  HAL_LCD_PortInit                           
00003ab9  HAL_LCD_SpiInit                            
00003a93  HAL_LCD_writeCommand                       
00003a81  HAL_LCD_writeData                          
00004bd5  HOSTclose                                  
0000442d  HOSTlseek                                  
000046f5  HOSTopen                                   
00004865  HOSTread                                   
000043c1  HOSTrename                                 
00004c19  HOSTunlink                                 
000048bd  HOSTwrite                                  
000053c9  HardFault_Handler                          
00002d43  Init_Car                                   
00003e0b  Init_Game                                  
00002193  Init_Lcd                                   
00003ba5  Init_Random                                
00001bdb  Init_Road                                  
200008be  Lcd_FlagRead                               
200008bf  Lcd_FontSolid                              
200008c0  Lcd_Orientation                            
200008c1  Lcd_PenSolid                               
200008b8  Lcd_ScreenHeigth                           
200008ba  Lcd_ScreenWidth                            
200008bc  Lcd_TouchTrim                              
000053c9  MemManage_Handler                          
000053c9  NMI_Handler                                
000053c9  PCM_IRQHandler                             
000053c9  PORT1_IRQHandler                           
000053c9  PORT2_IRQHandler                           
000053c9  PORT3_IRQHandler                           
000053c9  PORT4_IRQHandler                           
000053c9  PORT5_IRQHandler                           
000053c9  PORT6_IRQHandler                           
000053c9  PSS_IRQHandler                             
000053c9  PendSV_Handler                             
000053c9  RTC_C_IRQHandler                           
000053bd  Reset_Handler                              
000051eb  SPI_enableModule                           
000039cf  SPI_initMaster                             
000053c9  SVC_Handler                                
00002c63  Set_Car_Color                              
00002895  Show_Menu                                  
00003f27  Show_Msg                                   
00003ed1  Show_Scores                                
00003ddd  Start_SysTick                              
00002c55  Steering_Wheel                             
00003dd5  SysTick_Handler                            
00003dd5  SysTick_Handler                            
20000690  SystemCoreClock                            
000013a5  SystemCoreClockUpdate                      
0000161d  SystemInit                                 
000053c9  T32_INT1_IRQHandler                        
000053c9  T32_INT2_IRQHandler                        
000053c9  T32_INTC_IRQHandler                        
000053c9  TA0_0_IRQHandler                           
000053c9  TA0_N_IRQHandler                           
000053c9  TA1_0_IRQHandler                           
000053c9  TA1_N_IRQHandler                           
000053c9  TA2_0_IRQHandler                           
000053c9  TA2_N_IRQHandler                           
000053c9  TA3_0_IRQHandler                           
000053c9  TA3_N_IRQHandler                           
000053c9  UsageFault_Handler                         
4000480c  WDTCTL_SYM                                 
000053c9  WDT_A_IRQHandler                           
20000698  __CIOBUF_                                  
20010000  __STACK_END                                
00000200  __STACK_SIZE                               
00000400  __SYSMEM_SIZE                              
000064c0  __TI_CINIT_Base                            
000064d0  __TI_CINIT_Limit                           
000064ac  __TI_Handler_Table_Base                    
000064b8  __TI_Handler_Table_Limit                   
00004c5d  __TI_auto_init_nobinit_nopinit             
00004f39  __TI_cleanup                               
20000650  __TI_cleanup_ptr                           
00004201  __TI_closefile                             
00004495  __TI_decompress_lzss                       
000053af  __TI_decompress_none                       
00004a63  __TI_doflush                               
20000654  __TI_dtors_ptr                             
20000658  __TI_enable_exit_profile_output            
20000640  __TI_ft_end                                
0000496b  __TI_ltoa                                  
ffffffff  __TI_pprof_out_hndl                        
000000e5  __TI_printfi                               
ffffffff  __TI_prof_data_size                        
ffffffff  __TI_prof_data_start                       
00004f6d  __TI_readmsg                               
00000000  __TI_static_base__                         
200007b8  __TI_tmpnams                               
00004e25  __TI_writemsg                              
00004691  __TI_wrt_ok                                
00005207  __TI_zero_init_nomemset                    
00004079  __aeabi_cdcmpeq                            
00004079  __aeabi_cdcmple                            
000040ff  __aeabi_cdrcmple                           
00004353  __aeabi_d2f                                
00004b8d  __aeabi_d2iz                               
000023f3  __aeabi_dadd                               
00002b1d  __aeabi_ddiv                               
000032d9  __aeabi_dmul                               
000023e9  __aeabi_dsub                               
000053d5  __aeabi_errno_addr                         
00004e5d  __aeabi_f2d                                
00005035  __aeabi_i2d                                
0000202b  __aeabi_idiv0                              
0000202b  __aeabi_ldiv0                              
00004185  __aeabi_memclr                             
00004185  __aeabi_memclr4                            
00004185  __aeabi_memclr8                            
00003d05  __aeabi_memcpy                             
00003d05  __aeabi_memcpy4                            
00003d05  __aeabi_memcpy8                            
00004187  __aeabi_memset                             
00004187  __aeabi_memset4                            
00004187  __aeabi_memset8                            
2000064c  __aeabi_stderr                             
20000644  __aeabi_stdin                              
20000648  __aeabi_stdout                             
00003e39  __aeabi_uldivmod                           
ffffffff  __binit__                                  
ffffffff  __c_args__                                 
UNDEFED   __mpu_init                                 
2000fe00  __stack                                    
20000000  __start___llvm_prf_cnts                    
20000000  __stop___llvm_prf_cnts                     
00004fa1  _c_int00_noargs                            
00006103  _ctypes_                                   
200004f0  _device                                    
20000400  _ftable                                    
20000674  _lock                                      
00001bb7  _nop                                       
200005e0  _stream                                    
20000000  _sys_memory                                
UNDEFED   _system_post_cinit                         
000053ed  _system_pre_init                           
20000678  _unlock                                    
000053f1  abort                                      
000031d9  aligned_alloc                              
00004ab1  atoi                                       
ffffffff  binit                                      
00001bb9  change_speed                               
00003dc1  check_SysTick_flag                         
0000217d  clear_display                              
00004755  close                                      
000052ab  copysign                                   
000052ab  copysignl                                  
00002153  drawLine                                   
00002133  draw_circle                                
000020db  draw_string_back                           
000020a7  draw_string_big_font                       
00002073  draw_string_font                           
2000068c  errno                                      
00004b45  exit                                       
00002053  fill_circle                                
0000202d  fill_rectangle                             
00005005  finddevice                                 
20000696  flag_SysTick                               
000034d1  floor                                      
000034d1  floorl                                     
00003dbd  foo                                        
00003f65  fputc                                      
00002ea1  fputs                                      
000035c9  free                                       
000045c9  frexp                                      
000045c9  frexpl                                     
0000462d  fseek                                      
20000630  g_sCrystalfontz128x128                     
000063c4  g_sCrystalfontz128x128_funcs               
00006204  g_sFontCmsc22                              
000062cc  g_sFontFixed6x8                            
00004ca1  getdevice                                  
0000510d  init_buttons                               
00000000  interruptVectors                           
000030c9  ldexp                                      
000030c9  ldexpl                                     
0000515d  lseek                                      
00003789  main                                       
000053dd  malloc                                     
000031d9  memalign                                   
00005241  memccpy                                    
000051ad  memchr                                     
00003d05  memcpy                                     
0000418d  memset                                     
200008b0  parmbuf                                    
000044fd  printf                                     
00003f65  putc                                       
00003b2d  rand                                       
00005121  read_button_bottom                         
00005091  remove                                     
00003859  round                                      
00003859  roundl                                     
000030c9  scalbn                                     
000030c9  scalbnl                                    
000036ad  setvbuf                                    
00003da1  show_error                                 
00004da5  sprintf                                    
0000534d  strchr                                     
000052dd  strcmp                                     
00005363  strcpy                                     
00005377  strlen                                     
00004f01  strncpy                                    
00005091  unlink                                     
0000539d  wcslen                                     
00005185  write                                      


GLOBAL SYMBOLS: SORTED BY Symbol Address 

address   name                                       
-------   ----                                       
00000000  __TI_static_base__                         
00000000  interruptVectors                           
000000e5  __TI_printfi                               
00000200  __STACK_SIZE                               
00000400  __SYSMEM_SIZE                              
00000b33  Graphics_drawString                        
00000fb1  Crystalfontz128x128_SetOrientation         
00000fe1  Crystalfontz128x128_SetDrawFrame           
0000125d  Crystalfontz128x128_Init                   
000013a5  SystemCoreClockUpdate                      
0000161d  SystemInit                                 
00001949  Graphics_drawCircle                        
00001bb7  _nop                                       
00001bb9  change_speed                               
00001bdb  Init_Road                                  
00001d83  Draw_Road                                  
00001e01  Graphics_fillCircle                        
0000202b  __aeabi_idiv0                              
0000202b  __aeabi_ldiv0                              
0000202d  fill_rectangle                             
00002053  fill_circle                                
00002073  draw_string_font                           
000020a7  draw_string_big_font                       
000020db  draw_string_back                           
00002133  draw_circle                                
00002153  drawLine                                   
0000217d  clear_display                              
00002193  Init_Lcd                                   
000023e9  __aeabi_dsub                               
000023f3  __aeabi_dadd                               
0000271f  Graphics_drawLine                          
00002895  Show_Menu                                  
000028fd  Create_Menu                                
00002b1d  __aeabi_ddiv                               
00002c55  Steering_Wheel                             
00002c63  Set_Car_Color                              
00002c83  Draw_Car                                   
00002d43  Init_Car                                   
00002d53  Check_Crash                                
00002ea1  fputs                                      
00002fb5  Graphics_fillRectangle                     
000030c9  ldexp                                      
000030c9  ldexpl                                     
000030c9  scalbn                                     
000030c9  scalbnl                                    
000031d9  aligned_alloc                              
000031d9  memalign                                   
000032d9  __aeabi_dmul                               
000033d5  Graphics_getStringWidth                    
000034d1  floor                                      
000034d1  floorl                                     
000035c9  free                                       
000036ad  setvbuf                                    
00003789  main                                       
00003859  round                                      
00003859  roundl                                     
000039cf  SPI_initMaster                             
00003a81  HAL_LCD_writeData                          
00003a93  HAL_LCD_writeCommand                       
00003ab9  HAL_LCD_SpiInit                            
00003af1  HAL_LCD_PortInit                           
00003b2d  rand                                       
00003ba5  Init_Random                                
00003bcd  Graphics_drawLineH                         
00003c69  Graphics_drawLineV                         
00003d05  __aeabi_memcpy                             
00003d05  __aeabi_memcpy4                            
00003d05  __aeabi_memcpy8                            
00003d05  memcpy                                     
00003da1  show_error                                 
00003dbd  foo                                        
00003dc1  check_SysTick_flag                         
00003dd5  SysTick_Handler                            
00003dd5  SysTick_Handler                            
00003ddd  Start_SysTick                              
00003e0b  Init_Game                                  
00003e39  __aeabi_uldivmod                           
00003ed1  Show_Scores                                
00003f27  Show_Msg                                   
00003f29  Game_Over                                  
00003f65  fputc                                      
00003f65  putc                                       
00003ff1  GPIO_setAsPeripheralModuleFunctionOutputPin
00004079  __aeabi_cdcmpeq                            
00004079  __aeabi_cdcmple                            
000040ff  __aeabi_cdrcmple                           
00004185  __aeabi_memclr                             
00004185  __aeabi_memclr4                            
00004185  __aeabi_memclr8                            
00004187  __aeabi_memset                             
00004187  __aeabi_memset4                            
00004187  __aeabi_memset8                            
0000418d  memset                                     
00004201  __TI_closefile                             
00004353  __aeabi_d2f                                
000043c1  HOSTrename                                 
0000442d  HOSTlseek                                  
00004495  __TI_decompress_lzss                       
000044fd  printf                                     
000045c9  frexp                                      
000045c9  frexpl                                     
0000462d  fseek                                      
00004691  __TI_wrt_ok                                
000046f5  HOSTopen                                   
00004755  close                                      
000047b1  Graphics_drawPixel                         
0000480d  GPIO_setAsInputPinWithPullUpResistor       
00004865  HOSTread                                   
000048bd  HOSTwrite                                  
0000496b  __TI_ltoa                                  
000049bf  Graphics_initContext                       
00004a63  __TI_doflush                               
00004ab1  atoi                                       
00004afd  Graphics_drawStringCentered                
00004b45  exit                                       
00004b8d  __aeabi_d2iz                               
00004bd5  HOSTclose                                  
00004c19  HOSTunlink                                 
00004c5d  __TI_auto_init_nobinit_nopinit             
00004ca1  getdevice                                  
00004ce5  GPIO_setAsOutputPin                        
00004da5  sprintf                                    
00004e25  __TI_writemsg                              
00004e53  C$$IO$$                                    
00004e5d  __aeabi_f2d                                
00004e95  Graphics_drawHorizontalLineOnDisplay       
00004ecb  Graphics_drawVerticalLineOnDisplay         
00004f01  strncpy                                    
00004f39  __TI_cleanup                               
00004f6d  __TI_readmsg                               
00004fa1  _c_int00_noargs                            
00004fd5  GPIO_getInputPinValue                      
00005005  finddevice                                 
00005035  __aeabi_i2d                                
00005063  Graphics_drawPixelOnDisplay                
00005091  remove                                     
00005091  unlink                                     
000050bd  GPIO_setOutputHighOnPin                    
000050e5  GPIO_setOutputLowOnPin                     
0000510d  init_buttons                               
00005121  read_button_bottom                         
0000515d  lseek                                      
00005185  write                                      
000051ad  memchr                                     
000051cd  Graphics_fillRectangleOnDisplay            
000051eb  SPI_enableModule                           
00005207  __TI_zero_init_nomemset                    
00005241  memccpy                                    
0000525d  Graphics_clearDisplayOnDisplay             
00005277  Graphics_setBackgroundColor                
00005291  Graphics_setFont                           
000052ab  copysign                                   
000052ab  copysignl                                  
000052dd  strcmp                                     
000052f5  EUSCI_A_SPI_enable                         
0000530b  EUSCI_B_SPI_enable                         
00005321  Graphics_setForegroundColor                
00005337  Graphics_translateColorOnDisplay           
0000534d  strchr                                     
00005363  strcpy                                     
00005377  strlen                                     
0000538b  Graphics_clearDisplay                      
0000539d  wcslen                                     
000053af  __TI_decompress_none                       
000053bd  Reset_Handler                              
000053c9  ADC14_IRQHandler                           
000053c9  AES256_IRQHandler                          
000053c9  BusFault_Handler                           
000053c9  COMP_E0_IRQHandler                         
000053c9  COMP_E1_IRQHandler                         
000053c9  CS_IRQHandler                              
000053c9  DMA_ERR_IRQHandler                         
000053c9  DMA_INT0_IRQHandler                        
000053c9  DMA_INT1_IRQHandler                        
000053c9  DMA_INT2_IRQHandler                        
000053c9  DMA_INT3_IRQHandler                        
000053c9  DebugMon_Handler                           
000053c9  Default_Handler                            
000053c9  EUSCIA0_IRQHandler                         
000053c9  EUSCIA1_IRQHandler                         
000053c9  EUSCIA2_IRQHandler                         
000053c9  EUSCIA3_IRQHandler                         
000053c9  EUSCIB0_IRQHandler                         
000053c9  EUSCIB1_IRQHandler                         
000053c9  EUSCIB2_IRQHandler                         
000053c9  EUSCIB3_IRQHandler                         
000053c9  FLCTL_IRQHandler                           
000053c9  FPU_IRQHandler                             
000053c9  HardFault_Handler                          
000053c9  MemManage_Handler                          
000053c9  NMI_Handler                                
000053c9  PCM_IRQHandler                             
000053c9  PORT1_IRQHandler                           
000053c9  PORT2_IRQHandler                           
000053c9  PORT3_IRQHandler                           
000053c9  PORT4_IRQHandler                           
000053c9  PORT5_IRQHandler                           
000053c9  PORT6_IRQHandler                           
000053c9  PSS_IRQHandler                             
000053c9  PendSV_Handler                             
000053c9  RTC_C_IRQHandler                           
000053c9  SVC_Handler                                
000053c9  T32_INT1_IRQHandler                        
000053c9  T32_INT2_IRQHandler                        
000053c9  T32_INTC_IRQHandler                        
000053c9  TA0_0_IRQHandler                           
000053c9  TA0_N_IRQHandler                           
000053c9  TA1_0_IRQHandler                           
000053c9  TA1_N_IRQHandler                           
000053c9  TA2_0_IRQHandler                           
000053c9  TA2_N_IRQHandler                           
000053c9  TA3_0_IRQHandler                           
000053c9  TA3_N_IRQHandler                           
000053c9  UsageFault_Handler                         
000053c9  WDT_A_IRQHandler                           
000053d5  __aeabi_errno_addr                         
000053dd  malloc                                     
000053ed  _system_pre_init                           
000053f1  C$$EXIT                                    
000053f1  abort                                      
00006103  _ctypes_                                   
00006204  g_sFontCmsc22                              
000062cc  g_sFontFixed6x8                            
000063c4  g_sCrystalfontz128x128_funcs               
000064ac  __TI_Handler_Table_Base                    
000064b8  __TI_Handler_Table_Limit                   
000064c0  __TI_CINIT_Base                            
000064d0  __TI_CINIT_Limit                           
20000000  __start___llvm_prf_cnts                    
20000000  __stop___llvm_prf_cnts                     
20000000  _sys_memory                                
20000400  _ftable                                    
200004f0  _device                                    
200005e0  _stream                                    
20000630  g_sCrystalfontz128x128                     
20000640  __TI_ft_end                                
20000644  __aeabi_stdin                              
20000648  __aeabi_stdout                             
2000064c  __aeabi_stderr                             
20000650  __TI_cleanup_ptr                           
20000654  __TI_dtors_ptr                             
20000658  __TI_enable_exit_profile_output            
20000674  _lock                                      
20000678  _unlock                                    
2000068c  errno                                      
20000690  SystemCoreClock                            
20000696  flag_SysTick                               
20000698  __CIOBUF_                                  
200007b8  __TI_tmpnams                               
200008b0  parmbuf                                    
200008b8  Lcd_ScreenHeigth                           
200008ba  Lcd_ScreenWidth                            
200008bc  Lcd_TouchTrim                              
200008be  Lcd_FlagRead                               
200008bf  Lcd_FontSolid                              
200008c0  Lcd_Orientation                            
200008c1  Lcd_PenSolid                               
2000fe00  __stack                                    
20010000  __STACK_END                                
4000480c  WDTCTL_SYM                                 
ffffffff  __TI_pprof_out_hndl                        
ffffffff  __TI_prof_data_size                        
ffffffff  __TI_prof_data_start                       
ffffffff  __binit__                                  
ffffffff  __c_args__                                 
ffffffff  binit                                      
UNDEFED   __mpu_init                                 
UNDEFED   _system_post_cinit                         

[268 symbols]
