<?xml version="1.0" encoding="ISO-8859-1" ?>
<link_info>
   <banner>TI ARM Linker Unix v20.2.7.LTS</banner>
   <copyright>Copyright (c) 1996-2018 Texas Instruments Incorporated</copyright>
   <link_time>0x64215e33</link_time>
   <link_errors>0x0</link_errors>
   <output_file>part2_exercise16.out</output_file>
   <entry_point>
      <name>_c_int00_noargs</name>
      <address>0x578d</address>
   </entry_point>
   <input_file_list>
      <input_file id="fl-1">
         <path>./</path>
         <kind>object</kind>
         <file>main.obj</file>
         <name>main.obj</name>
      </input_file>
      <input_file id="fl-2">
         <path>./</path>
         <kind>object</kind>
         <file>startup_msp432p401r_ccs.obj</file>
         <name>startup_msp432p401r_ccs.obj</name>
      </input_file>
      <input_file id="fl-3">
         <path>./</path>
         <kind>object</kind>
         <file>system_msp432p401r.obj</file>
         <name>system_msp432p401r.obj</name>
      </input_file>
      <input_file id="fl-4">
         <path>./Analog/</path>
         <kind>object</kind>
         <file>analog.obj</file>
         <name>analog.obj</name>
      </input_file>
      <input_file id="fl-5">
         <path>./LED/</path>
         <kind>object</kind>
         <file>led.obj</file>
         <name>led.obj</name>
      </input_file>
      <input_file id="fl-6">
         <path>./buttons/</path>
         <kind>object</kind>
         <file>buttons.obj</file>
         <name>buttons.obj</name>
      </input_file>
      <input_file id="fl-b">
         <kind>object</kind>
         <file>&lt;internal&gt;</file>
         <name>&lt;internal&gt;</name>
      </input_file>
      <input_file id="fl-c">
         <path>../</path>
         <kind>archive</kind>
         <file>game.lib</file>
         <name>car.obj</name>
      </input_file>
      <input_file id="fl-d">
         <path>../</path>
         <kind>archive</kind>
         <file>game.lib</file>
         <name>init_game.obj</name>
      </input_file>
      <input_file id="fl-e">
         <path>../</path>
         <kind>archive</kind>
         <file>game.lib</file>
         <name>lcd.obj</name>
      </input_file>
      <input_file id="fl-f">
         <path>../</path>
         <kind>archive</kind>
         <file>game.lib</file>
         <name>line.obj</name>
      </input_file>
      <input_file id="fl-10">
         <path>../</path>
         <kind>archive</kind>
         <file>game.lib</file>
         <name>menu.obj</name>
      </input_file>
      <input_file id="fl-11">
         <path>../</path>
         <kind>archive</kind>
         <file>game.lib</file>
         <name>random.obj</name>
      </input_file>
      <input_file id="fl-12">
         <path>../</path>
         <kind>archive</kind>
         <file>game.lib</file>
         <name>rectangle.obj</name>
      </input_file>
      <input_file id="fl-13">
         <path>../</path>
         <kind>archive</kind>
         <file>game.lib</file>
         <name>road.obj</name>
      </input_file>
      <input_file id="fl-14">
         <path>../</path>
         <kind>archive</kind>
         <file>game.lib</file>
         <name>scores.obj</name>
      </input_file>
      <input_file id="fl-15">
         <path>../</path>
         <kind>archive</kind>
         <file>game.lib</file>
         <name>string.obj</name>
      </input_file>
      <input_file id="fl-16">
         <path>../</path>
         <kind>archive</kind>
         <file>game.lib</file>
         <name>circle.obj</name>
      </input_file>
      <input_file id="fl-17">
         <path>../</path>
         <kind>archive</kind>
         <file>game.lib</file>
         <name>context.obj</name>
      </input_file>
      <input_file id="fl-18">
         <path>../</path>
         <kind>archive</kind>
         <file>game.lib</file>
         <name>Crystalfontz128x128_ST7735.obj</name>
      </input_file>
      <input_file id="fl-19">
         <path>../</path>
         <kind>archive</kind>
         <file>game.lib</file>
         <name>display.obj</name>
      </input_file>
      <input_file id="fl-1a">
         <path>../</path>
         <kind>archive</kind>
         <file>game.lib</file>
         <name>fontcmsc22.obj</name>
      </input_file>
      <input_file id="fl-1b">
         <path>../</path>
         <kind>archive</kind>
         <file>game.lib</file>
         <name>fontfixed6x8.obj</name>
      </input_file>
      <input_file id="fl-1c">
         <path>../</path>
         <kind>archive</kind>
         <file>game.lib</file>
         <name>gpio.o</name>
      </input_file>
      <input_file id="fl-1d">
         <path>../</path>
         <kind>archive</kind>
         <file>game.lib</file>
         <name>HAL_MSP_EXP432P401R_Crystalfontz128x128_ST7735.obj</name>
      </input_file>
      <input_file id="fl-1e">
         <path>../</path>
         <kind>archive</kind>
         <file>game.lib</file>
         <name>interrupt.o</name>
      </input_file>
      <input_file id="fl-1f">
         <path>../</path>
         <kind>archive</kind>
         <file>game.lib</file>
         <name>spi.o</name>
      </input_file>
      <input_file id="fl-20">
         <path>../</path>
         <kind>archive</kind>
         <file>game.lib</file>
         <name>cpu.o</name>
      </input_file>
      <input_file id="fl-d6">
         <path>/Applications/ti/ccs1220/ccs/tools/compiler/ti-cgt-arm_20.2.7.LTS/lib/</path>
         <kind>archive</kind>
         <file>rtsv7M4_T_le_v4SPD16_eabi.lib</file>
         <name>s_round.c.obj</name>
      </input_file>
      <input_file id="fl-d7">
         <path>/Applications/ti/ccs1220/ccs/tools/compiler/ti-cgt-arm_20.2.7.LTS/lib/</path>
         <kind>archive</kind>
         <file>rtsv7M4_T_le_v4SPD16_eabi.lib</file>
         <name>printf.c.obj</name>
      </input_file>
      <input_file id="fl-d8">
         <path>/Applications/ti/ccs1220/ccs/tools/compiler/ti-cgt-arm_20.2.7.LTS/lib/</path>
         <kind>archive</kind>
         <file>rtsv7M4_T_le_v4SPD16_eabi.lib</file>
         <name>_printfi.c.obj</name>
      </input_file>
      <input_file id="fl-d9">
         <path>/Applications/ti/ccs1220/ccs/tools/compiler/ti-cgt-arm_20.2.7.LTS/lib/</path>
         <kind>archive</kind>
         <file>rtsv7M4_T_le_v4SPD16_eabi.lib</file>
         <name>sprintf.c.obj</name>
      </input_file>
      <input_file id="fl-da">
         <path>/Applications/ti/ccs1220/ccs/tools/compiler/ti-cgt-arm_20.2.7.LTS/lib/</path>
         <kind>archive</kind>
         <file>rtsv7M4_T_le_v4SPD16_eabi.lib</file>
         <name>fputc.c.obj</name>
      </input_file>
      <input_file id="fl-db">
         <path>/Applications/ti/ccs1220/ccs/tools/compiler/ti-cgt-arm_20.2.7.LTS/lib/</path>
         <kind>archive</kind>
         <file>rtsv7M4_T_le_v4SPD16_eabi.lib</file>
         <name>fputs.c.obj</name>
      </input_file>
      <input_file id="fl-dc">
         <path>/Applications/ti/ccs1220/ccs/tools/compiler/ti-cgt-arm_20.2.7.LTS/lib/</path>
         <kind>archive</kind>
         <file>rtsv7M4_T_le_v4SPD16_eabi.lib</file>
         <name>_io_perm.c.obj</name>
      </input_file>
      <input_file id="fl-dd">
         <path>/Applications/ti/ccs1220/ccs/tools/compiler/ti-cgt-arm_20.2.7.LTS/lib/</path>
         <kind>archive</kind>
         <file>rtsv7M4_T_le_v4SPD16_eabi.lib</file>
         <name>setvbuf.c.obj</name>
      </input_file>
      <input_file id="fl-de">
         <path>/Applications/ti/ccs1220/ccs/tools/compiler/ti-cgt-arm_20.2.7.LTS/lib/</path>
         <kind>archive</kind>
         <file>rtsv7M4_T_le_v4SPD16_eabi.lib</file>
         <name>fd_add_t2.asm.obj</name>
      </input_file>
      <input_file id="fl-df">
         <path>/Applications/ti/ccs1220/ccs/tools/compiler/ti-cgt-arm_20.2.7.LTS/lib/</path>
         <kind>archive</kind>
         <file>rtsv7M4_T_le_v4SPD16_eabi.lib</file>
         <name>fd_cmp_t2.asm.obj</name>
      </input_file>
      <input_file id="fl-e0">
         <path>/Applications/ti/ccs1220/ccs/tools/compiler/ti-cgt-arm_20.2.7.LTS/lib/</path>
         <kind>archive</kind>
         <file>rtsv7M4_T_le_v4SPD16_eabi.lib</file>
         <name>fd_div_t2.asm.obj</name>
      </input_file>
      <input_file id="fl-e1">
         <path>/Applications/ti/ccs1220/ccs/tools/compiler/ti-cgt-arm_20.2.7.LTS/lib/</path>
         <kind>archive</kind>
         <file>rtsv7M4_T_le_v4SPD16_eabi.lib</file>
         <name>fd_mul_t2.asm.obj</name>
      </input_file>
      <input_file id="fl-e2">
         <path>/Applications/ti/ccs1220/ccs/tools/compiler/ti-cgt-arm_20.2.7.LTS/lib/</path>
         <kind>archive</kind>
         <file>rtsv7M4_T_le_v4SPD16_eabi.lib</file>
         <name>fd_toi_t2.asm.obj</name>
      </input_file>
      <input_file id="fl-e3">
         <path>/Applications/ti/ccs1220/ccs/tools/compiler/ti-cgt-arm_20.2.7.LTS/lib/</path>
         <kind>archive</kind>
         <file>rtsv7M4_T_le_v4SPD16_eabi.lib</file>
         <name>fd_tos_t2.asm.obj</name>
      </input_file>
      <input_file id="fl-e4">
         <path>/Applications/ti/ccs1220/ccs/tools/compiler/ti-cgt-arm_20.2.7.LTS/lib/</path>
         <kind>archive</kind>
         <file>rtsv7M4_T_le_v4SPD16_eabi.lib</file>
         <name>fs_tod_t2.asm.obj</name>
      </input_file>
      <input_file id="fl-e5">
         <path>/Applications/ti/ccs1220/ccs/tools/compiler/ti-cgt-arm_20.2.7.LTS/lib/</path>
         <kind>archive</kind>
         <file>rtsv7M4_T_le_v4SPD16_eabi.lib</file>
         <name>i_tofd_t2.asm.obj</name>
      </input_file>
      <input_file id="fl-e6">
         <path>/Applications/ti/ccs1220/ccs/tools/compiler/ti-cgt-arm_20.2.7.LTS/lib/</path>
         <kind>archive</kind>
         <file>rtsv7M4_T_le_v4SPD16_eabi.lib</file>
         <name>memcpy_t2.asm.obj</name>
      </input_file>
      <input_file id="fl-e7">
         <path>/Applications/ti/ccs1220/ccs/tools/compiler/ti-cgt-arm_20.2.7.LTS/lib/</path>
         <kind>archive</kind>
         <file>rtsv7M4_T_le_v4SPD16_eabi.lib</file>
         <name>memset_t2.asm.obj</name>
      </input_file>
      <input_file id="fl-e8">
         <path>/Applications/ti/ccs1220/ccs/tools/compiler/ti-cgt-arm_20.2.7.LTS/lib/</path>
         <kind>archive</kind>
         <file>rtsv7M4_T_le_v4SPD16_eabi.lib</file>
         <name>ull_div_t2.asm.obj</name>
      </input_file>
      <input_file id="fl-e9">
         <path>/Applications/ti/ccs1220/ccs/tools/compiler/ti-cgt-arm_20.2.7.LTS/lib/</path>
         <kind>archive</kind>
         <file>rtsv7M4_T_le_v4SPD16_eabi.lib</file>
         <name>copy_zero_init.c.obj</name>
      </input_file>
      <input_file id="fl-ea">
         <path>/Applications/ti/ccs1220/ccs/tools/compiler/ti-cgt-arm_20.2.7.LTS/lib/</path>
         <kind>archive</kind>
         <file>rtsv7M4_T_le_v4SPD16_eabi.lib</file>
         <name>copy_decompress_none.c.obj</name>
      </input_file>
      <input_file id="fl-eb">
         <path>/Applications/ti/ccs1220/ccs/tools/compiler/ti-cgt-arm_20.2.7.LTS/lib/</path>
         <kind>archive</kind>
         <file>rtsv7M4_T_le_v4SPD16_eabi.lib</file>
         <name>copy_decompress_lzss.c.obj</name>
      </input_file>
      <input_file id="fl-ec">
         <path>/Applications/ti/ccs1220/ccs/tools/compiler/ti-cgt-arm_20.2.7.LTS/lib/</path>
         <kind>archive</kind>
         <file>rtsv7M4_T_le_v4SPD16_eabi.lib</file>
         <name>exit.c.obj</name>
      </input_file>
      <input_file id="fl-ed">
         <path>/Applications/ti/ccs1220/ccs/tools/compiler/ti-cgt-arm_20.2.7.LTS/lib/</path>
         <kind>archive</kind>
         <file>rtsv7M4_T_le_v4SPD16_eabi.lib</file>
         <name>_lock.c.obj</name>
      </input_file>
      <input_file id="fl-ee">
         <path>/Applications/ti/ccs1220/ccs/tools/compiler/ti-cgt-arm_20.2.7.LTS/lib/</path>
         <kind>archive</kind>
         <file>rtsv7M4_T_le_v4SPD16_eabi.lib</file>
         <name>_ltoa.c.obj</name>
      </input_file>
      <input_file id="fl-ef">
         <path>/Applications/ti/ccs1220/ccs/tools/compiler/ti-cgt-arm_20.2.7.LTS/lib/</path>
         <kind>archive</kind>
         <file>rtsv7M4_T_le_v4SPD16_eabi.lib</file>
         <name>atoi.c.obj</name>
      </input_file>
      <input_file id="fl-f0">
         <path>/Applications/ti/ccs1220/ccs/tools/compiler/ti-cgt-arm_20.2.7.LTS/lib/</path>
         <kind>archive</kind>
         <file>rtsv7M4_T_le_v4SPD16_eabi.lib</file>
         <name>ctype.c.obj</name>
      </input_file>
      <input_file id="fl-f1">
         <path>/Applications/ti/ccs1220/ccs/tools/compiler/ti-cgt-arm_20.2.7.LTS/lib/</path>
         <kind>archive</kind>
         <file>rtsv7M4_T_le_v4SPD16_eabi.lib</file>
         <name>defs.c.obj</name>
      </input_file>
      <input_file id="fl-f2">
         <path>/Applications/ti/ccs1220/ccs/tools/compiler/ti-cgt-arm_20.2.7.LTS/lib/</path>
         <kind>archive</kind>
         <file>rtsv7M4_T_le_v4SPD16_eabi.lib</file>
         <name>memccpy.c.obj</name>
      </input_file>
      <input_file id="fl-f3">
         <path>/Applications/ti/ccs1220/ccs/tools/compiler/ti-cgt-arm_20.2.7.LTS/lib/</path>
         <kind>archive</kind>
         <file>rtsv7M4_T_le_v4SPD16_eabi.lib</file>
         <name>memchr.c.obj</name>
      </input_file>
      <input_file id="fl-f4">
         <path>/Applications/ti/ccs1220/ccs/tools/compiler/ti-cgt-arm_20.2.7.LTS/lib/</path>
         <kind>archive</kind>
         <file>rtsv7M4_T_le_v4SPD16_eabi.lib</file>
         <name>memory.c.obj</name>
      </input_file>
      <input_file id="fl-f5">
         <path>/Applications/ti/ccs1220/ccs/tools/compiler/ti-cgt-arm_20.2.7.LTS/lib/</path>
         <kind>archive</kind>
         <file>rtsv7M4_T_le_v4SPD16_eabi.lib</file>
         <name>strchr.c.obj</name>
      </input_file>
      <input_file id="fl-f6">
         <path>/Applications/ti/ccs1220/ccs/tools/compiler/ti-cgt-arm_20.2.7.LTS/lib/</path>
         <kind>archive</kind>
         <file>rtsv7M4_T_le_v4SPD16_eabi.lib</file>
         <name>strlen.c.obj</name>
      </input_file>
      <input_file id="fl-f7">
         <path>/Applications/ti/ccs1220/ccs/tools/compiler/ti-cgt-arm_20.2.7.LTS/lib/</path>
         <kind>archive</kind>
         <file>rtsv7M4_T_le_v4SPD16_eabi.lib</file>
         <name>boot_cortex_m.c.obj</name>
      </input_file>
      <input_file id="fl-f8">
         <path>/Applications/ti/ccs1220/ccs/tools/compiler/ti-cgt-arm_20.2.7.LTS/lib/</path>
         <kind>archive</kind>
         <file>rtsv7M4_T_le_v4SPD16_eabi.lib</file>
         <name>write.c.obj</name>
      </input_file>
      <input_file id="fl-f9">
         <path>/Applications/ti/ccs1220/ccs/tools/compiler/ti-cgt-arm_20.2.7.LTS/lib/</path>
         <kind>archive</kind>
         <file>rtsv7M4_T_le_v4SPD16_eabi.lib</file>
         <name>host_device.c.obj</name>
      </input_file>
      <input_file id="fl-fa">
         <path>/Applications/ti/ccs1220/ccs/tools/compiler/ti-cgt-arm_20.2.7.LTS/lib/</path>
         <kind>archive</kind>
         <file>rtsv7M4_T_le_v4SPD16_eabi.lib</file>
         <name>errno.c.obj</name>
      </input_file>
      <input_file id="fl-fb">
         <path>/Applications/ti/ccs1220/ccs/tools/compiler/ti-cgt-arm_20.2.7.LTS/lib/</path>
         <kind>archive</kind>
         <file>rtsv7M4_T_le_v4SPD16_eabi.lib</file>
         <name>wcslen.c.obj</name>
      </input_file>
      <input_file id="fl-fc">
         <path>/Applications/ti/ccs1220/ccs/tools/compiler/ti-cgt-arm_20.2.7.LTS/lib/</path>
         <kind>archive</kind>
         <file>rtsv7M4_T_le_v4SPD16_eabi.lib</file>
         <name>s_floor.c.obj</name>
      </input_file>
      <input_file id="fl-fd">
         <path>/Applications/ti/ccs1220/ccs/tools/compiler/ti-cgt-arm_20.2.7.LTS/lib/</path>
         <kind>archive</kind>
         <file>rtsv7M4_T_le_v4SPD16_eabi.lib</file>
         <name>s_frexp.c.obj</name>
      </input_file>
      <input_file id="fl-fe">
         <path>/Applications/ti/ccs1220/ccs/tools/compiler/ti-cgt-arm_20.2.7.LTS/lib/</path>
         <kind>archive</kind>
         <file>rtsv7M4_T_le_v4SPD16_eabi.lib</file>
         <name>s_scalbn.c.obj</name>
      </input_file>
      <input_file id="fl-ff">
         <path>/Applications/ti/ccs1220/ccs/tools/compiler/ti-cgt-arm_20.2.7.LTS/lib/</path>
         <kind>archive</kind>
         <file>rtsv7M4_T_le_v4SPD16_eabi.lib</file>
         <name>fflush.c.obj</name>
      </input_file>
      <input_file id="fl-100">
         <path>/Applications/ti/ccs1220/ccs/tools/compiler/ti-cgt-arm_20.2.7.LTS/lib/</path>
         <kind>archive</kind>
         <file>rtsv7M4_T_le_v4SPD16_eabi.lib</file>
         <name>fopen.c.obj</name>
      </input_file>
      <input_file id="fl-101">
         <path>/Applications/ti/ccs1220/ccs/tools/compiler/ti-cgt-arm_20.2.7.LTS/lib/</path>
         <kind>archive</kind>
         <file>rtsv7M4_T_le_v4SPD16_eabi.lib</file>
         <name>fseek.c.obj</name>
      </input_file>
      <input_file id="fl-102">
         <path>/Applications/ti/ccs1220/ccs/tools/compiler/ti-cgt-arm_20.2.7.LTS/lib/</path>
         <kind>archive</kind>
         <file>rtsv7M4_T_le_v4SPD16_eabi.lib</file>
         <name>div0.asm.obj</name>
      </input_file>
      <input_file id="fl-103">
         <path>/Applications/ti/ccs1220/ccs/tools/compiler/ti-cgt-arm_20.2.7.LTS/lib/</path>
         <kind>archive</kind>
         <file>rtsv7M4_T_le_v4SPD16_eabi.lib</file>
         <name>autoinit.c.obj</name>
      </input_file>
      <input_file id="fl-104">
         <path>/Applications/ti/ccs1220/ccs/tools/compiler/ti-cgt-arm_20.2.7.LTS/lib/</path>
         <kind>archive</kind>
         <file>rtsv7M4_T_le_v4SPD16_eabi.lib</file>
         <name>pre_init.c.obj</name>
      </input_file>
      <input_file id="fl-105">
         <path>/Applications/ti/ccs1220/ccs/tools/compiler/ti-cgt-arm_20.2.7.LTS/lib/</path>
         <kind>archive</kind>
         <file>rtsv7M4_T_le_v4SPD16_eabi.lib</file>
         <name>cpy_tbl.c.obj</name>
      </input_file>
      <input_file id="fl-106">
         <path>/Applications/ti/ccs1220/ccs/tools/compiler/ti-cgt-arm_20.2.7.LTS/lib/</path>
         <kind>archive</kind>
         <file>rtsv7M4_T_le_v4SPD16_eabi.lib</file>
         <name>args_main.c.obj</name>
      </input_file>
      <input_file id="fl-107">
         <path>/Applications/ti/ccs1220/ccs/tools/compiler/ti-cgt-arm_20.2.7.LTS/lib/</path>
         <kind>archive</kind>
         <file>rtsv7M4_T_le_v4SPD16_eabi.lib</file>
         <name>hostclose.c.obj</name>
      </input_file>
      <input_file id="fl-108">
         <path>/Applications/ti/ccs1220/ccs/tools/compiler/ti-cgt-arm_20.2.7.LTS/lib/</path>
         <kind>archive</kind>
         <file>rtsv7M4_T_le_v4SPD16_eabi.lib</file>
         <name>hostlseek.c.obj</name>
      </input_file>
      <input_file id="fl-109">
         <path>/Applications/ti/ccs1220/ccs/tools/compiler/ti-cgt-arm_20.2.7.LTS/lib/</path>
         <kind>archive</kind>
         <file>rtsv7M4_T_le_v4SPD16_eabi.lib</file>
         <name>hostopen.c.obj</name>
      </input_file>
      <input_file id="fl-10a">
         <path>/Applications/ti/ccs1220/ccs/tools/compiler/ti-cgt-arm_20.2.7.LTS/lib/</path>
         <kind>archive</kind>
         <file>rtsv7M4_T_le_v4SPD16_eabi.lib</file>
         <name>hostread.c.obj</name>
      </input_file>
      <input_file id="fl-10b">
         <path>/Applications/ti/ccs1220/ccs/tools/compiler/ti-cgt-arm_20.2.7.LTS/lib/</path>
         <kind>archive</kind>
         <file>rtsv7M4_T_le_v4SPD16_eabi.lib</file>
         <name>hostrename.c.obj</name>
      </input_file>
      <input_file id="fl-10c">
         <path>/Applications/ti/ccs1220/ccs/tools/compiler/ti-cgt-arm_20.2.7.LTS/lib/</path>
         <kind>archive</kind>
         <file>rtsv7M4_T_le_v4SPD16_eabi.lib</file>
         <name>hostunlink.c.obj</name>
      </input_file>
      <input_file id="fl-10d">
         <path>/Applications/ti/ccs1220/ccs/tools/compiler/ti-cgt-arm_20.2.7.LTS/lib/</path>
         <kind>archive</kind>
         <file>rtsv7M4_T_le_v4SPD16_eabi.lib</file>
         <name>hostwrite.c.obj</name>
      </input_file>
      <input_file id="fl-10e">
         <path>/Applications/ti/ccs1220/ccs/tools/compiler/ti-cgt-arm_20.2.7.LTS/lib/</path>
         <kind>archive</kind>
         <file>rtsv7M4_T_le_v4SPD16_eabi.lib</file>
         <name>trgmsg.c.obj</name>
      </input_file>
      <input_file id="fl-10f">
         <path>/Applications/ti/ccs1220/ccs/tools/compiler/ti-cgt-arm_20.2.7.LTS/lib/</path>
         <kind>archive</kind>
         <file>rtsv7M4_T_le_v4SPD16_eabi.lib</file>
         <name>open.c.obj</name>
      </input_file>
      <input_file id="fl-110">
         <path>/Applications/ti/ccs1220/ccs/tools/compiler/ti-cgt-arm_20.2.7.LTS/lib/</path>
         <kind>archive</kind>
         <file>rtsv7M4_T_le_v4SPD16_eabi.lib</file>
         <name>lseek.c.obj</name>
      </input_file>
      <input_file id="fl-111">
         <path>/Applications/ti/ccs1220/ccs/tools/compiler/ti-cgt-arm_20.2.7.LTS/lib/</path>
         <kind>archive</kind>
         <file>rtsv7M4_T_le_v4SPD16_eabi.lib</file>
         <name>s_copysign.c.obj</name>
      </input_file>
      <input_file id="fl-112">
         <path>/Applications/ti/ccs1220/ccs/tools/compiler/ti-cgt-arm_20.2.7.LTS/lib/</path>
         <kind>archive</kind>
         <file>rtsv7M4_T_le_v4SPD16_eabi.lib</file>
         <name>fclose.c.obj</name>
      </input_file>
      <input_file id="fl-113">
         <path>/Applications/ti/ccs1220/ccs/tools/compiler/ti-cgt-arm_20.2.7.LTS/lib/</path>
         <kind>archive</kind>
         <file>rtsv7M4_T_le_v4SPD16_eabi.lib</file>
         <name>getdevice.c.obj</name>
      </input_file>
      <input_file id="fl-114">
         <path>/Applications/ti/ccs1220/ccs/tools/compiler/ti-cgt-arm_20.2.7.LTS/lib/</path>
         <kind>archive</kind>
         <file>rtsv7M4_T_le_v4SPD16_eabi.lib</file>
         <name>strcmp.c.obj</name>
      </input_file>
      <input_file id="fl-115">
         <path>/Applications/ti/ccs1220/ccs/tools/compiler/ti-cgt-arm_20.2.7.LTS/lib/</path>
         <kind>archive</kind>
         <file>rtsv7M4_T_le_v4SPD16_eabi.lib</file>
         <name>strcpy.c.obj</name>
      </input_file>
      <input_file id="fl-116">
         <path>/Applications/ti/ccs1220/ccs/tools/compiler/ti-cgt-arm_20.2.7.LTS/lib/</path>
         <kind>archive</kind>
         <file>rtsv7M4_T_le_v4SPD16_eabi.lib</file>
         <name>strncpy.c.obj</name>
      </input_file>
      <input_file id="fl-117">
         <path>/Applications/ti/ccs1220/ccs/tools/compiler/ti-cgt-arm_20.2.7.LTS/lib/</path>
         <kind>archive</kind>
         <file>rtsv7M4_T_le_v4SPD16_eabi.lib</file>
         <name>remove.c.obj</name>
      </input_file>
      <input_file id="fl-118">
         <path>/Applications/ti/ccs1220/ccs/tools/compiler/ti-cgt-arm_20.2.7.LTS/lib/</path>
         <kind>archive</kind>
         <file>rtsv7M4_T_le_v4SPD16_eabi.lib</file>
         <name>close.c.obj</name>
      </input_file>
      <input_file id="fl-119">
         <path>/Applications/ti/ccs1220/ccs/tools/compiler/ti-cgt-arm_20.2.7.LTS/lib/</path>
         <kind>archive</kind>
         <file>rtsv7M4_T_le_v4SPD16_eabi.lib</file>
         <name>unlink.c.obj</name>
      </input_file>
   </input_file_list>
   <object_component_list>
      <object_component id="oc-26">
         <name>.intvecs:retain</name>
         <load_address>0x0</load_address>
         <run_address>0x0</run_address>
         <size>0xe4</size>
         <input_file_ref idref="fl-2"/>
      </object_component>
      <object_component id="oc-237">
         <name>.text:__TI_printfi</name>
         <load_address>0xe4</load_address>
         <run_address>0xe4</run_address>
         <size>0xa4e</size>
         <input_file_ref idref="fl-d8"/>
      </object_component>
      <object_component id="oc-1a4">
         <name>.text:Graphics_drawString</name>
         <load_address>0xb32</load_address>
         <run_address>0xb32</run_address>
         <size>0x47e</size>
         <input_file_ref idref="fl-15"/>
      </object_component>
      <object_component id="oc-1b6">
         <name>.text</name>
         <load_address>0xfb0</load_address>
         <run_address>0xfb0</run_address>
         <size>0x3f4</size>
         <input_file_ref idref="fl-18"/>
      </object_component>
      <object_component id="oc-76">
         <name>.text</name>
         <load_address>0x13a4</load_address>
         <run_address>0x13a4</run_address>
         <size>0x37c</size>
         <input_file_ref idref="fl-4"/>
      </object_component>
      <object_component id="oc-be">
         <name>.text</name>
         <load_address>0x1720</load_address>
         <run_address>0x1720</run_address>
         <size>0x354</size>
         <input_file_ref idref="fl-3"/>
      </object_component>
      <object_component id="oc-7c">
         <name>.text</name>
         <load_address>0x1a74</load_address>
         <run_address>0x1a74</run_address>
         <size>0x2b8</size>
         <input_file_ref idref="fl-6"/>
      </object_component>
      <object_component id="oc-34c">
         <name>.text:_pconv_a</name>
         <load_address>0x1d2c</load_address>
         <run_address>0x1d2c</run_address>
         <size>0x270</size>
         <input_file_ref idref="fl-d8"/>
      </object_component>
      <object_component id="oc-1aa">
         <name>.text:Graphics_drawCircle</name>
         <load_address>0x1f9c</load_address>
         <run_address>0x1f9c</run_address>
         <size>0x26e</size>
         <input_file_ref idref="fl-16"/>
      </object_component>
      <object_component id="oc-370">
         <name>.text:_nop</name>
         <load_address>0x220a</load_address>
         <run_address>0x220a</run_address>
         <size>0x2</size>
         <input_file_ref idref="fl-ed"/>
      </object_component>
      <object_component id="oc-d1">
         <name>.text</name>
         <load_address>0x220c</load_address>
         <run_address>0x220c</run_address>
         <size>0x248</size>
         <input_file_ref idref="fl-13"/>
      </object_component>
      <object_component id="oc-192">
         <name>.text:Graphics_fillCircle</name>
         <load_address>0x2454</load_address>
         <run_address>0x2454</run_address>
         <size>0x22a</size>
         <input_file_ref idref="fl-16"/>
      </object_component>
      <object_component id="oc-4fd">
         <name>.text</name>
         <load_address>0x267e</load_address>
         <run_address>0x267e</run_address>
         <size>0x2</size>
         <input_file_ref idref="fl-102"/>
      </object_component>
      <object_component id="oc-c5">
         <name>.text</name>
         <load_address>0x2680</load_address>
         <run_address>0x2680</run_address>
         <size>0x1ec</size>
         <input_file_ref idref="fl-e"/>
      </object_component>
      <object_component id="oc-33a">
         <name>.text:_pconv_g</name>
         <load_address>0x286c</load_address>
         <run_address>0x286c</run_address>
         <size>0x1d0</size>
         <input_file_ref idref="fl-d8"/>
      </object_component>
      <object_component id="oc-fb">
         <name>.text</name>
         <load_address>0x2a3c</load_address>
         <run_address>0x2a3c</run_address>
         <size>0x1b6</size>
         <input_file_ref idref="fl-de"/>
      </object_component>
      <object_component id="oc-ac">
         <name>.text</name>
         <load_address>0x2bf4</load_address>
         <run_address>0x2bf4</run_address>
         <size>0x188</size>
         <input_file_ref idref="fl-1"/>
      </object_component>
      <object_component id="oc-2ba">
         <name>.text:Graphics_clipLine</name>
         <load_address>0x2d7c</load_address>
         <run_address>0x2d7c</run_address>
         <size>0x180</size>
         <input_file_ref idref="fl-f"/>
      </object_component>
      <object_component id="oc-1b0">
         <name>.text:Graphics_drawLine</name>
         <load_address>0x2efc</load_address>
         <run_address>0x2efc</run_address>
         <size>0x174</size>
         <input_file_ref idref="fl-f"/>
      </object_component>
      <object_component id="oc-137">
         <name>.text</name>
         <load_address>0x3070</load_address>
         <run_address>0x3070</run_address>
         <size>0x14c</size>
         <input_file_ref idref="fl-10"/>
      </object_component>
      <object_component id="oc-346">
         <name>.text:_pconv_e</name>
         <load_address>0x31bc</load_address>
         <run_address>0x31bc</run_address>
         <size>0x13c</size>
         <input_file_ref idref="fl-d8"/>
      </object_component>
      <object_component id="oc-131">
         <name>.text</name>
         <load_address>0x32f8</load_address>
         <run_address>0x32f8</run_address>
         <size>0x138</size>
         <input_file_ref idref="fl-5"/>
      </object_component>
      <object_component id="oc-f1">
         <name>.text</name>
         <load_address>0x3430</load_address>
         <run_address>0x3430</run_address>
         <size>0x136</size>
         <input_file_ref idref="fl-e0"/>
      </object_component>
      <object_component id="oc-d7">
         <name>.text</name>
         <load_address>0x3568</load_address>
         <run_address>0x3568</run_address>
         <size>0x128</size>
         <input_file_ref idref="fl-c"/>
      </object_component>
      <object_component id="oc-45a">
         <name>.text:fcvt</name>
         <load_address>0x3690</load_address>
         <run_address>0x3690</run_address>
         <size>0x124</size>
         <input_file_ref idref="fl-d8"/>
      </object_component>
      <object_component id="oc-37e">
         <name>.text:fputs</name>
         <load_address>0x37b4</load_address>
         <run_address>0x37b4</run_address>
         <size>0x114</size>
         <input_file_ref idref="fl-db"/>
      </object_component>
      <object_component id="oc-18c">
         <name>.text:Graphics_fillRectangle</name>
         <load_address>0x38c8</load_address>
         <run_address>0x38c8</run_address>
         <size>0x112</size>
         <input_file_ref idref="fl-12"/>
      </object_component>
      <object_component id="oc-46e">
         <name>.text:scalbn</name>
         <load_address>0x39dc</load_address>
         <run_address>0x39dc</run_address>
         <size>0x110</size>
         <input_file_ref idref="fl-fe"/>
      </object_component>
      <object_component id="oc-5b8">
         <name>.text:aligned_alloc</name>
         <load_address>0x3aec</load_address>
         <run_address>0x3aec</run_address>
         <size>0x100</size>
         <input_file_ref idref="fl-f4"/>
      </object_component>
      <object_component id="oc-ec">
         <name>.text</name>
         <load_address>0x3bec</load_address>
         <run_address>0x3bec</run_address>
         <size>0xfc</size>
         <input_file_ref idref="fl-e1"/>
      </object_component>
      <object_component id="oc-297">
         <name>.text:Graphics_getStringWidth</name>
         <load_address>0x3ce8</load_address>
         <run_address>0x3ce8</run_address>
         <size>0xfa</size>
         <input_file_ref idref="fl-15"/>
      </object_component>
      <object_component id="oc-2fe">
         <name>.text:floor</name>
         <load_address>0x3de4</load_address>
         <run_address>0x3de4</run_address>
         <size>0xf8</size>
         <input_file_ref idref="fl-fc"/>
      </object_component>
      <object_component id="oc-576">
         <name>.text:free</name>
         <load_address>0x3edc</load_address>
         <run_address>0x3edc</run_address>
         <size>0xe4</size>
         <input_file_ref idref="fl-f4"/>
      </object_component>
      <object_component id="oc-532">
         <name>.text:setvbuf</name>
         <load_address>0x3fc0</load_address>
         <run_address>0x3fc0</run_address>
         <size>0xdc</size>
         <input_file_ref idref="fl-dd"/>
      </object_component>
      <object_component id="oc-1f1">
         <name>.text:round</name>
         <load_address>0x409c</load_address>
         <run_address>0x409c</run_address>
         <size>0xc4</size>
         <input_file_ref idref="fl-d6"/>
      </object_component>
      <object_component id="oc-334">
         <name>.text:_ltostr</name>
         <load_address>0x4160</load_address>
         <run_address>0x4160</run_address>
         <size>0xb1</size>
         <input_file_ref idref="fl-d8"/>
      </object_component>
      <object_component id="oc-3da">
         <name>.text:SPI_initMaster</name>
         <load_address>0x4212</load_address>
         <run_address>0x4212</run_address>
         <size>0xb0</size>
         <input_file_ref idref="fl-1f"/>
      </object_component>
      <object_component id="oc-2c2">
         <name>.text</name>
         <load_address>0x42c4</load_address>
         <run_address>0x42c4</run_address>
         <size>0xac</size>
         <input_file_ref idref="fl-1d"/>
      </object_component>
      <object_component id="oc-cb">
         <name>.text</name>
         <load_address>0x4370</load_address>
         <run_address>0x4370</run_address>
         <size>0xa0</size>
         <input_file_ref idref="fl-11"/>
      </object_component>
      <object_component id="oc-28f">
         <name>.text:Graphics_drawLineH</name>
         <load_address>0x4410</load_address>
         <run_address>0x4410</run_address>
         <size>0x9c</size>
         <input_file_ref idref="fl-f"/>
      </object_component>
      <object_component id="oc-2b4">
         <name>.text:Graphics_drawLineV</name>
         <load_address>0x44ac</load_address>
         <run_address>0x44ac</run_address>
         <size>0x9c</size>
         <input_file_ref idref="fl-f"/>
      </object_component>
      <object_component id="oc-3a">
         <name>.text</name>
         <load_address>0x4548</load_address>
         <run_address>0x4548</run_address>
         <size>0x9c</size>
         <input_file_ref idref="fl-e6"/>
      </object_component>
      <object_component id="oc-70">
         <name>.text</name>
         <load_address>0x45e4</load_address>
         <run_address>0x45e4</run_address>
         <size>0x98</size>
         <input_file_ref idref="fl-d"/>
      </object_component>
      <object_component id="oc-441">
         <name>.text</name>
         <load_address>0x467c</load_address>
         <run_address>0x467c</run_address>
         <size>0x96</size>
         <input_file_ref idref="fl-e8"/>
      </object_component>
      <object_component id="oc-1fe">
         <name>.text</name>
         <load_address>0x4714</load_address>
         <run_address>0x4714</run_address>
         <size>0x92</size>
         <input_file_ref idref="fl-14"/>
      </object_component>
      <object_component id="oc-385">
         <name>.text:fputc</name>
         <load_address>0x47a8</load_address>
         <run_address>0x47a8</run_address>
         <size>0x8c</size>
         <input_file_ref idref="fl-da"/>
      </object_component>
      <object_component id="oc-3e6">
         <name>.text:GPIO_setAsPeripheralModuleFunctionOutputPin</name>
         <load_address>0x4834</load_address>
         <run_address>0x4834</run_address>
         <size>0x88</size>
         <input_file_ref idref="fl-1c"/>
      </object_component>
      <object_component id="oc-304">
         <name>.text:__aeabi_cdcmple</name>
         <load_address>0x48bc</load_address>
         <run_address>0x48bc</run_address>
         <size>0x86</size>
         <input_file_ref idref="fl-df"/>
      </object_component>
      <object_component id="oc-41b">
         <name>.text:__aeabi_cdrcmple</name>
         <load_address>0x4942</load_address>
         <run_address>0x4942</run_address>
         <size>0x86</size>
         <input_file_ref idref="fl-df"/>
      </object_component>
      <object_component id="oc-a0">
         <name>.text</name>
         <load_address>0x49c8</load_address>
         <run_address>0x49c8</run_address>
         <size>0x7a</size>
         <input_file_ref idref="fl-e7"/>
      </object_component>
      <object_component id="oc-5bf">
         <name>.text:__TI_closefile</name>
         <load_address>0x4a44</load_address>
         <run_address>0x4a44</run_address>
         <size>0x74</size>
         <input_file_ref idref="fl-112"/>
      </object_component>
      <object_component id="oc-600">
         <name>.text:split</name>
         <load_address>0x4ab8</load_address>
         <run_address>0x4ab8</run_address>
         <size>0x70</size>
         <input_file_ref idref="fl-f4"/>
      </object_component>
      <object_component id="oc-453">
         <name>.text:_mcpy</name>
         <load_address>0x4b28</load_address>
         <run_address>0x4b28</run_address>
         <size>0x6e</size>
         <input_file_ref idref="fl-d8"/>
      </object_component>
      <object_component id="oc-f6">
         <name>.text</name>
         <load_address>0x4b96</load_address>
         <run_address>0x4b96</run_address>
         <size>0x6e</size>
         <input_file_ref idref="fl-e3"/>
      </object_component>
      <object_component id="oc-5ef">
         <name>.text:HOSTrename</name>
         <load_address>0x4c04</load_address>
         <run_address>0x4c04</run_address>
         <size>0x6c</size>
         <input_file_ref idref="fl-10b"/>
      </object_component>
      <object_component id="oc-5e3">
         <name>.text:HOSTlseek</name>
         <load_address>0x4c70</load_address>
         <run_address>0x4c70</run_address>
         <size>0x68</size>
         <input_file_ref idref="fl-108"/>
      </object_component>
      <object_component id="oc-17">
         <name>.text:decompress:lzss:__TI_decompress_lzss</name>
         <load_address>0x4cd8</load_address>
         <run_address>0x4cd8</run_address>
         <size>0x68</size>
         <input_file_ref idref="fl-eb"/>
      </object_component>
      <object_component id="oc-13d">
         <name>.text:printf</name>
         <load_address>0x4d40</load_address>
         <run_address>0x4d40</run_address>
         <size>0x68</size>
         <input_file_ref idref="fl-d7"/>
      </object_component>
      <object_component id="oc-3d1">
         <name>.text:Graphics_getClipCode</name>
         <load_address>0x4da8</load_address>
         <run_address>0x4da8</run_address>
         <size>0x64</size>
         <input_file_ref idref="fl-f"/>
      </object_component>
      <object_component id="oc-468">
         <name>.text:frexp</name>
         <load_address>0x4e0c</load_address>
         <run_address>0x4e0c</run_address>
         <size>0x64</size>
         <input_file_ref idref="fl-fd"/>
      </object_component>
      <object_component id="oc-52c">
         <name>.text:fseek</name>
         <load_address>0x4e70</load_address>
         <run_address>0x4e70</run_address>
         <size>0x64</size>
         <input_file_ref idref="fl-101"/>
      </object_component>
      <object_component id="oc-49f">
         <name>.text:__TI_wrt_ok</name>
         <load_address>0x4ed4</load_address>
         <run_address>0x4ed4</run_address>
         <size>0x62</size>
         <input_file_ref idref="fl-dc"/>
      </object_component>
      <object_component id="oc-5cb">
         <name>.text:HOSTopen</name>
         <load_address>0x4f38</load_address>
         <run_address>0x4f38</run_address>
         <size>0x60</size>
         <input_file_ref idref="fl-109"/>
      </object_component>
      <object_component id="oc-607">
         <name>.text:close</name>
         <load_address>0x4f98</load_address>
         <run_address>0x4f98</run_address>
         <size>0x5c</size>
         <input_file_ref idref="fl-118"/>
      </object_component>
      <object_component id="oc-2ad">
         <name>.text:Graphics_drawPixel</name>
         <load_address>0x4ff4</load_address>
         <run_address>0x4ff4</run_address>
         <size>0x5a</size>
         <input_file_ref idref="fl-17"/>
      </object_component>
      <object_component id="oc-5d7">
         <name>.text:HOSTread</name>
         <load_address>0x5050</load_address>
         <run_address>0x5050</run_address>
         <size>0x58</size>
         <input_file_ref idref="fl-10a"/>
      </object_component>
      <object_component id="oc-5dd">
         <name>.text:HOSTwrite</name>
         <load_address>0x50a8</load_address>
         <run_address>0x50a8</run_address>
         <size>0x58</size>
         <input_file_ref idref="fl-10d"/>
      </object_component>
      <object_component id="oc-340">
         <name>.text:_pconv_f</name>
         <load_address>0x5100</load_address>
         <run_address>0x5100</run_address>
         <size>0x56</size>
         <input_file_ref idref="fl-d8"/>
      </object_component>
      <object_component id="oc-447">
         <name>.text:__TI_ltoa</name>
         <load_address>0x5156</load_address>
         <run_address>0x5156</run_address>
         <size>0x54</size>
         <input_file_ref idref="fl-ee"/>
      </object_component>
      <object_component id="oc-1bc">
         <name>.text:Graphics_initContext</name>
         <load_address>0x51aa</load_address>
         <run_address>0x51aa</run_address>
         <size>0x52</size>
         <input_file_ref idref="fl-17"/>
      </object_component>
      <object_component id="oc-44d">
         <name>.text:_ecpy</name>
         <load_address>0x51fc</load_address>
         <run_address>0x51fc</run_address>
         <size>0x52</size>
         <input_file_ref idref="fl-d8"/>
      </object_component>
      <object_component id="oc-4ab">
         <name>.text:__TI_doflush</name>
         <load_address>0x524e</load_address>
         <run_address>0x524e</run_address>
         <size>0x4c</size>
         <input_file_ref idref="fl-ff"/>
      </object_component>
      <object_component id="oc-32e">
         <name>.text:atoi</name>
         <load_address>0x529c</load_address>
         <run_address>0x529c</run_address>
         <size>0x4c</size>
         <input_file_ref idref="fl-ef"/>
      </object_component>
      <object_component id="oc-198">
         <name>.text:Graphics_drawStringCentered</name>
         <load_address>0x52e8</load_address>
         <run_address>0x52e8</run_address>
         <size>0x48</size>
         <input_file_ref idref="fl-15"/>
      </object_component>
      <object_component id="oc-14a">
         <name>.text:exit</name>
         <load_address>0x5330</load_address>
         <run_address>0x5330</run_address>
         <size>0x48</size>
         <input_file_ref idref="fl-ec"/>
      </object_component>
      <object_component id="oc-1f7">
         <name>.text</name>
         <load_address>0x5378</load_address>
         <run_address>0x5378</run_address>
         <size>0x48</size>
         <input_file_ref idref="fl-e2"/>
      </object_component>
      <object_component id="oc-5d1">
         <name>.text:HOSTclose</name>
         <load_address>0x53c0</load_address>
         <run_address>0x53c0</run_address>
         <size>0x44</size>
         <input_file_ref idref="fl-107"/>
      </object_component>
      <object_component id="oc-5e9">
         <name>.text:HOSTunlink</name>
         <load_address>0x5404</load_address>
         <run_address>0x5404</run_address>
         <size>0x44</size>
         <input_file_ref idref="fl-10c"/>
      </object_component>
      <object_component id="oc-150">
         <name>.text:__TI_auto_init_nobinit_nopinit:__TI_auto_init_nobinit_nopinit</name>
         <load_address>0x5448</load_address>
         <run_address>0x5448</run_address>
         <size>0x44</size>
         <input_file_ref idref="fl-103"/>
      </object_component>
      <object_component id="oc-63f">
         <name>.text:getdevice</name>
         <load_address>0x548c</load_address>
         <run_address>0x548c</run_address>
         <size>0x44</size>
         <input_file_ref idref="fl-113"/>
      </object_component>
      <object_component id="oc-3ec">
         <name>.text:GPIO_setAsOutputPin</name>
         <load_address>0x54d0</load_address>
         <run_address>0x54d0</run_address>
         <size>0x40</size>
         <input_file_ref idref="fl-1c"/>
      </object_component>
      <object_component id="oc-2a0">
         <name>.text:Graphics_getNumberOfLeadingZeros</name>
         <load_address>0x5510</load_address>
         <run_address>0x5510</run_address>
         <size>0x40</size>
         <input_file_ref idref="fl-15"/>
      </object_component>
      <object_component id="oc-4cc">
         <name>.text:is_A_Module</name>
         <load_address>0x5550</load_address>
         <run_address>0x5550</run_address>
         <size>0x40</size>
         <input_file_ref idref="fl-1f"/>
      </object_component>
      <object_component id="oc-30c">
         <name>.text:sprintf</name>
         <load_address>0x5590</load_address>
         <run_address>0x5590</run_address>
         <size>0x40</size>
         <input_file_ref idref="fl-d9"/>
      </object_component>
      <object_component id="oc-460">
         <name>.text:_fcpy</name>
         <load_address>0x55d0</load_address>
         <run_address>0x55d0</run_address>
         <size>0x3e</size>
         <input_file_ref idref="fl-d8"/>
      </object_component>
      <object_component id="oc-618">
         <name>.text:__TI_writemsg</name>
         <load_address>0x5610</load_address>
         <run_address>0x5610</run_address>
         <size>0x38</size>
         <input_file_ref idref="fl-10e"/>
      </object_component>
      <object_component id="oc-e7">
         <name>.text</name>
         <load_address>0x5648</load_address>
         <run_address>0x5648</run_address>
         <size>0x38</size>
         <input_file_ref idref="fl-e4"/>
      </object_component>
      <object_component id="oc-3bb">
         <name>.text:Graphics_drawHorizontalLineOnDisplay</name>
         <load_address>0x5680</load_address>
         <run_address>0x5680</run_address>
         <size>0x36</size>
         <input_file_ref idref="fl-19"/>
      </object_component>
      <object_component id="oc-3ca">
         <name>.text:Graphics_drawVerticalLineOnDisplay</name>
         <load_address>0x56b6</load_address>
         <run_address>0x56b6</run_address>
         <size>0x36</size>
         <input_file_ref idref="fl-19"/>
      </object_component>
      <object_component id="oc-661">
         <name>.text:strncpy</name>
         <load_address>0x56ec</load_address>
         <run_address>0x56ec</run_address>
         <size>0x36</size>
         <input_file_ref idref="fl-116"/>
      </object_component>
      <object_component id="oc-582">
         <name>.text:__TI_cleanup</name>
         <load_address>0x5724</load_address>
         <run_address>0x5724</run_address>
         <size>0x34</size>
         <input_file_ref idref="fl-100"/>
      </object_component>
      <object_component id="oc-61e">
         <name>.text:__TI_readmsg</name>
         <load_address>0x5758</load_address>
         <run_address>0x5758</run_address>
         <size>0x34</size>
         <input_file_ref idref="fl-10e"/>
      </object_component>
      <object_component id="oc-58">
         <name>.text:_c_int00_noargs:_c_int00_noargs</name>
         <load_address>0x578c</load_address>
         <run_address>0x578c</run_address>
         <size>0x34</size>
         <input_file_ref idref="fl-f7"/>
      </object_component>
      <object_component id="oc-667">
         <name>.text:finddevice</name>
         <load_address>0x57c0</load_address>
         <run_address>0x57c0</run_address>
         <size>0x30</size>
         <input_file_ref idref="fl-113"/>
      </object_component>
      <object_component id="oc-1ec">
         <name>.text</name>
         <load_address>0x57f0</load_address>
         <run_address>0x57f0</run_address>
         <size>0x2e</size>
         <input_file_ref idref="fl-e5"/>
      </object_component>
      <object_component id="oc-2a6">
         <name>.text:Graphics_drawPixelOnDisplay</name>
         <load_address>0x581e</load_address>
         <run_address>0x581e</run_address>
         <size>0x2c</size>
         <input_file_ref idref="fl-19"/>
      </object_component>
      <object_component id="oc-60d">
         <name>.text:unlink</name>
         <load_address>0x584c</load_address>
         <run_address>0x584c</run_address>
         <size>0x2c</size>
         <input_file_ref idref="fl-119"/>
      </object_component>
      <object_component id="oc-2d1">
         <name>.text:GPIO_setOutputHighOnPin</name>
         <load_address>0x5878</load_address>
         <run_address>0x5878</run_address>
         <size>0x28</size>
         <input_file_ref idref="fl-1c"/>
      </object_component>
      <object_component id="oc-2cb">
         <name>.text:GPIO_setOutputLowOnPin</name>
         <load_address>0x58a0</load_address>
         <run_address>0x58a0</run_address>
         <size>0x28</size>
         <input_file_ref idref="fl-1c"/>
      </object_component>
      <object_component id="oc-5b1">
         <name>.text:free_list_insert</name>
         <load_address>0x58c8</load_address>
         <run_address>0x58c8</run_address>
         <size>0x28</size>
         <input_file_ref idref="fl-f4"/>
      </object_component>
      <object_component id="oc-56e">
         <name>.text:lseek</name>
         <load_address>0x58f0</load_address>
         <run_address>0x58f0</run_address>
         <size>0x28</size>
         <input_file_ref idref="fl-110"/>
      </object_component>
      <object_component id="oc-4b1">
         <name>.text:write</name>
         <load_address>0x5918</load_address>
         <run_address>0x5918</run_address>
         <size>0x28</size>
         <input_file_ref idref="fl-f8"/>
      </object_component>
      <object_component id="oc-4a5">
         <name>.text:memchr</name>
         <load_address>0x5940</load_address>
         <run_address>0x5940</run_address>
         <size>0x20</size>
         <input_file_ref idref="fl-f3"/>
      </object_component>
      <object_component id="oc-282">
         <name>.text:Graphics_fillRectangleOnDisplay</name>
         <load_address>0x5960</load_address>
         <run_address>0x5960</run_address>
         <size>0x1e</size>
         <input_file_ref idref="fl-19"/>
      </object_component>
      <object_component id="oc-3e0">
         <name>.text:SPI_enableModule</name>
         <load_address>0x597e</load_address>
         <run_address>0x597e</run_address>
         <size>0x1c</size>
         <input_file_ref idref="fl-1f"/>
      </object_component>
      <object_component id="oc-46">
         <name>.text:decompress:ZI:__TI_zero_init_nomemset:__TI_zero_init_nomemset</name>
         <load_address>0x599a</load_address>
         <run_address>0x599a</run_address>
         <size>0x1c</size>
         <input_file_ref idref="fl-e9"/>
      </object_component>
      <object_component id="oc-5ab">
         <name>.text:free_list_remove</name>
         <load_address>0x59b8</load_address>
         <run_address>0x59b8</run_address>
         <size>0x1c</size>
         <input_file_ref idref="fl-f4"/>
      </object_component>
      <object_component id="oc-352">
         <name>.text:memccpy</name>
         <load_address>0x59d4</load_address>
         <run_address>0x59d4</run_address>
         <size>0x1c</size>
         <input_file_ref idref="fl-f2"/>
      </object_component>
      <object_component id="oc-2e0">
         <name>.text:Graphics_clearDisplayOnDisplay</name>
         <load_address>0x59f0</load_address>
         <run_address>0x59f0</run_address>
         <size>0x1a</size>
         <input_file_ref idref="fl-19"/>
      </object_component>
      <object_component id="oc-19e">
         <name>.text:Graphics_setBackgroundColor</name>
         <load_address>0x5a0a</load_address>
         <run_address>0x5a0a</run_address>
         <size>0x1a</size>
         <input_file_ref idref="fl-17"/>
      </object_component>
      <object_component id="oc-1c2">
         <name>.text:Graphics_setFont</name>
         <load_address>0x5a24</load_address>
         <run_address>0x5a24</run_address>
         <size>0x1a</size>
         <input_file_ref idref="fl-17"/>
      </object_component>
      <object_component id="oc-510">
         <name>.text:copysign</name>
         <load_address>0x5a3e</load_address>
         <run_address>0x5a3e</run_address>
         <size>0x1a</size>
         <input_file_ref idref="fl-111"/>
      </object_component>
      <object_component id="oc-42a">
         <name>.text:_outs</name>
         <load_address>0x5a58</load_address>
         <run_address>0x5a58</run_address>
         <size>0x18</size>
         <input_file_ref idref="fl-d9"/>
      </object_component>
      <object_component id="oc-67e">
         <name>.text:strcmp</name>
         <load_address>0x5a70</load_address>
         <run_address>0x5a70</run_address>
         <size>0x18</size>
         <input_file_ref idref="fl-114"/>
      </object_component>
      <object_component id="oc-4d4">
         <name>.text:EUSCI_A_SPI_enable</name>
         <load_address>0x5a88</load_address>
         <run_address>0x5a88</run_address>
         <size>0x16</size>
         <input_file_ref idref="fl-1f"/>
      </object_component>
      <object_component id="oc-4da">
         <name>.text:EUSCI_B_SPI_enable</name>
         <load_address>0x5a9e</load_address>
         <run_address>0x5a9e</run_address>
         <size>0x16</size>
         <input_file_ref idref="fl-1f"/>
      </object_component>
      <object_component id="oc-186">
         <name>.text:Graphics_setForegroundColor</name>
         <load_address>0x5ab4</load_address>
         <run_address>0x5ab4</run_address>
         <size>0x16</size>
         <input_file_ref idref="fl-17"/>
      </object_component>
      <object_component id="oc-275">
         <name>.text:Graphics_translateColorOnDisplay</name>
         <load_address>0x5aca</load_address>
         <run_address>0x5aca</run_address>
         <size>0x16</size>
         <input_file_ref idref="fl-19"/>
      </object_component>
      <object_component id="oc-474">
         <name>.text:strchr</name>
         <load_address>0x5ae0</load_address>
         <run_address>0x5ae0</run_address>
         <size>0x16</size>
         <input_file_ref idref="fl-f5"/>
      </object_component>
      <object_component id="oc-632">
         <name>.text:strcpy</name>
         <load_address>0x5af6</load_address>
         <run_address>0x5af6</run_address>
         <size>0x14</size>
         <input_file_ref idref="fl-115"/>
      </object_component>
      <object_component id="oc-328">
         <name>.text:strlen</name>
         <load_address>0x5b0a</load_address>
         <run_address>0x5b0a</run_address>
         <size>0x14</size>
         <input_file_ref idref="fl-f6"/>
      </object_component>
      <object_component id="oc-1c8">
         <name>.text:Graphics_clearDisplay</name>
         <load_address>0x5b1e</load_address>
         <run_address>0x5b1e</run_address>
         <size>0x12</size>
         <input_file_ref idref="fl-17"/>
      </object_component>
      <object_component id="oc-358">
         <name>.text:wcslen</name>
         <load_address>0x5b30</load_address>
         <run_address>0x5b30</run_address>
         <size>0x12</size>
         <input_file_ref idref="fl-fb"/>
      </object_component>
      <object_component id="oc-1d">
         <name>.text:decompress:none:__TI_decompress_none</name>
         <load_address>0x5b42</load_address>
         <run_address>0x5b42</run_address>
         <size>0xe</size>
         <input_file_ref idref="fl-ea"/>
      </object_component>
      <object_component id="oc-6a">
         <name>.text</name>
         <load_address>0x5b50</load_address>
         <run_address>0x5b50</run_address>
         <size>0xe</size>
         <input_file_ref idref="fl-2"/>
      </object_component>
      <object_component id="oc-430">
         <name>.text:_outc</name>
         <load_address>0x5b5e</load_address>
         <run_address>0x5b5e</run_address>
         <size>0xa</size>
         <input_file_ref idref="fl-d9"/>
      </object_component>
      <object_component id="oc-35e">
         <name>.text:__aeabi_errno_addr</name>
         <load_address>0x5b68</load_address>
         <run_address>0x5b68</run_address>
         <size>0x8</size>
         <input_file_ref idref="fl-fa"/>
      </object_component>
      <object_component id="oc-57c">
         <name>.text:malloc</name>
         <load_address>0x5b70</load_address>
         <run_address>0x5b70</run_address>
         <size>0x8</size>
         <input_file_ref idref="fl-f4"/>
      </object_component>
      <object_component id="oc-249">
         <name>.text:_outc</name>
         <load_address>0x5b78</load_address>
         <run_address>0x5b78</run_address>
         <size>0x4</size>
         <input_file_ref idref="fl-d7"/>
      </object_component>
      <object_component id="oc-243">
         <name>.text:_outs</name>
         <load_address>0x5b7c</load_address>
         <run_address>0x5b7c</run_address>
         <size>0x4</size>
         <input_file_ref idref="fl-d7"/>
      </object_component>
      <object_component id="oc-a6">
         <name>.text:_system_pre_init</name>
         <load_address>0x5b80</load_address>
         <run_address>0x5b80</run_address>
         <size>0x4</size>
         <input_file_ref idref="fl-104"/>
      </object_component>
      <object_component id="oc-144">
         <name>.text:abort:abort</name>
         <load_address>0x5b84</load_address>
         <run_address>0x5b84</run_address>
         <size>0x4</size>
         <input_file_ref idref="fl-ec"/>
      </object_component>
      <object_component id="oc-2f5">
         <name>.const:.string:g_pucCmsc22Data</name>
         <load_address>0x5b88</load_address>
         <run_address>0x5b88</run_address>
         <size>0xa17</size>
         <input_file_ref idref="fl-1a"/>
      </object_component>
      <object_component id="oc-2ef">
         <name>.const:.string:g_pucFontFixed6x8Data</name>
         <load_address>0x659f</load_address>
         <run_address>0x659f</run_address>
         <size>0x2f8</size>
         <input_file_ref idref="fl-1b"/>
      </object_component>
      <object_component id="oc-43c">
         <name>.const:.string:_ctypes_</name>
         <load_address>0x6897</load_address>
         <run_address>0x6897</run_address>
         <size>0x101</size>
         <input_file_ref idref="fl-f0"/>
      </object_component>
      <object_component id="oc-1dd">
         <name>.const:g_sFontCmsc22</name>
         <load_address>0x6998</load_address>
         <run_address>0x6998</run_address>
         <size>0xc8</size>
         <input_file_ref idref="fl-1a"/>
      </object_component>
      <object_component id="oc-1da">
         <name>.const:g_sFontFixed6x8</name>
         <load_address>0x6a60</load_address>
         <run_address>0x6a60</run_address>
         <size>0xc8</size>
         <input_file_ref idref="fl-1b"/>
      </object_component>
      <object_component id="oc-408">
         <name>.const:GPIO_PORT_TO_BASE</name>
         <load_address>0x6b28</load_address>
         <run_address>0x6b28</run_address>
         <size>0x30</size>
         <input_file_ref idref="fl-1c"/>
      </object_component>
      <object_component id="oc-1d7">
         <name>.const:g_sCrystalfontz128x128_funcs</name>
         <load_address>0x6b58</load_address>
         <run_address>0x6b58</run_address>
         <size>0x20</size>
         <input_file_ref idref="fl-18"/>
      </object_component>
      <object_component id="oc-3f2">
         <name>.const:$P$T0$1</name>
         <load_address>0x6b78</load_address>
         <run_address>0x6b78</run_address>
         <size>0x1c</size>
         <input_file_ref idref="fl-1d"/>
      </object_component>
      <object_component id="oc-6be">
         <name>.cinit..data.load</name>
         <load_address>0x6b98</load_address>
         <run_address>0x6b98</run_address>
         <size>0xa9</size>
      </object_component>
      <object_component id="oc-6bc">
         <name>__TI_handler_table</name>
         <load_address>0x6c44</load_address>
         <run_address>0x6c44</run_address>
         <size>0xc</size>
      </object_component>
      <object_component id="oc-6bf">
         <name>.cinit..bss.load</name>
         <load_address>0x6c50</load_address>
         <run_address>0x6c50</run_address>
         <size>0x8</size>
      </object_component>
      <object_component id="oc-6bd">
         <name>__TI_cinit_table</name>
         <load_address>0x6c58</load_address>
         <run_address>0x6c58</run_address>
         <size>0x10</size>
      </object_component>
      <object_component id="oc-690">
         <name>.binit</name>
         <load_address>0x0</load_address>
         <run_address>0x0</run_address>
         <size>0x0</size>
      </object_component>
      <object_component id="oc-182">
         <name>.data</name>
         <load_address>0x20000698</load_address>
         <run_address>0x20000698</run_address>
         <size>0x4</size>
         <input_file_ref idref="fl-3"/>
      </object_component>
      <object_component id="oc-100">
         <name>.data</name>
         <load_address>0x2000068c</load_address>
         <run_address>0x2000068c</run_address>
         <size>0x4</size>
         <input_file_ref idref="fl-4"/>
      </object_component>
      <object_component id="oc-105">
         <name>.data</name>
         <load_address>0x20000690</load_address>
         <run_address>0x20000690</run_address>
         <size>0x4</size>
         <input_file_ref idref="fl-6"/>
      </object_component>
      <object_component id="oc-20c">
         <name>.data</name>
         <load_address>0x20000684</load_address>
         <run_address>0x20000684</run_address>
         <size>0x8</size>
         <input_file_ref idref="fl-c"/>
      </object_component>
      <object_component id="oc-dd">
         <name>.data</name>
         <load_address>0x2000069e</load_address>
         <run_address>0x2000069e</run_address>
         <size>0x1</size>
         <input_file_ref idref="fl-d"/>
      </object_component>
      <object_component id="oc-22f">
         <name>.data:options</name>
         <load_address>0x20000568</load_address>
         <run_address>0x20000568</run_address>
         <size>0x78</size>
         <input_file_ref idref="fl-10"/>
      </object_component>
      <object_component id="oc-232">
         <name>.data:color</name>
         <load_address>0x2000065c</load_address>
         <run_address>0x2000065c</run_address>
         <size>0xc</size>
         <input_file_ref idref="fl-10"/>
      </object_component>
      <object_component id="oc-22c">
         <name>.data</name>
         <load_address>0x2000069f</load_address>
         <run_address>0x2000069f</run_address>
         <size>0x1</size>
         <input_file_ref idref="fl-10"/>
      </object_component>
      <object_component id="oc-1fc">
         <name>.data</name>
         <load_address>0x2000069c</load_address>
         <run_address>0x2000069c</run_address>
         <size>0x2</size>
         <input_file_ref idref="fl-11"/>
      </object_component>
      <object_component id="oc-204">
         <name>.data</name>
         <load_address>0x20000668</load_address>
         <run_address>0x20000668</run_address>
         <size>0xc</size>
         <input_file_ref idref="fl-13"/>
      </object_component>
      <object_component id="oc-1d4">
         <name>.data:g_sCrystalfontz128x128</name>
         <load_address>0x20000630</load_address>
         <run_address>0x20000630</run_address>
         <size>0x10</size>
         <input_file_ref idref="fl-18"/>
      </object_component>
      <object_component id="oc-257">
         <name>.data:$O1$$</name>
         <load_address>0x20000650</load_address>
         <run_address>0x20000650</run_address>
         <size>0xc</size>
         <input_file_ref idref="fl-ec"/>
      </object_component>
      <object_component id="oc-23d">
         <name>.data:$O1$$</name>
         <load_address>0x20000674</load_address>
         <run_address>0x20000674</run_address>
         <size>0x8</size>
         <input_file_ref idref="fl-ed"/>
      </object_component>
      <object_component id="oc-240">
         <name>.data:_ftable</name>
         <load_address>0x20000400</load_address>
         <run_address>0x20000400</run_address>
         <size>0xf0</size>
         <input_file_ref idref="fl-f1"/>
      </object_component>
      <object_component id="oc-5c5">
         <name>.data</name>
         <load_address>0x20000640</load_address>
         <run_address>0x20000640</run_address>
         <size>0x10</size>
         <input_file_ref idref="fl-f1"/>
      </object_component>
      <object_component id="oc-5fb">
         <name>.data:$O1$$</name>
         <load_address>0x2000067c</load_address>
         <run_address>0x2000067c</run_address>
         <size>0x8</size>
         <input_file_ref idref="fl-f4"/>
      </object_component>
      <object_component id="oc-595">
         <name>.data:_device</name>
         <load_address>0x200004f0</load_address>
         <run_address>0x200004f0</run_address>
         <size>0x78</size>
         <input_file_ref idref="fl-f9"/>
      </object_component>
      <object_component id="oc-53e">
         <name>.data:_stream</name>
         <load_address>0x200005e0</load_address>
         <run_address>0x200005e0</run_address>
         <size>0x50</size>
         <input_file_ref idref="fl-f9"/>
      </object_component>
      <object_component id="oc-484">
         <name>.data</name>
         <load_address>0x20000694</load_address>
         <run_address>0x20000694</run_address>
         <size>0x4</size>
         <input_file_ref idref="fl-fa"/>
      </object_component>
      <object_component id="oc-1ce">
         <name>.bss:g_sContext</name>
         <uninitialized>true</uninitialized>
         <run_address>0x20000880</run_address>
         <size>0x1c</size>
         <input_file_ref idref="fl-e"/>
      </object_component>
      <object_component id="oc-1d1">
         <name>.bss:g_sContext_big_font</name>
         <uninitialized>true</uninitialized>
         <run_address>0x2000089c</run_address>
         <size>0x1c</size>
         <input_file_ref idref="fl-e"/>
      </object_component>
      <object_component id="oc-207">
         <name>.bss:road</name>
         <uninitialized>true</uninitialized>
         <run_address>0x20000860</run_address>
         <size>0x20</size>
         <input_file_ref idref="fl-13"/>
      </object_component>
      <object_component id="oc-649">
         <name>.bss:_CIOBUF_</name>
         <uninitialized>true</uninitialized>
         <run_address>0x200006a0</run_address>
         <size>0x120</size>
         <input_file_ref idref="fl-10e"/>
      </object_component>
      <object_component id="oc-2c8">
         <name>.common:Lcd_Orientation</name>
         <uninitialized>true</uninitialized>
         <run_address>0x200008c8</run_address>
         <size>0x1</size>
      </object_component>
      <object_component id="oc-2d7">
         <name>.common:Lcd_ScreenWidth</name>
         <uninitialized>true</uninitialized>
         <run_address>0x200008c2</run_address>
         <size>0x2</size>
      </object_component>
      <object_component id="oc-2d8">
         <name>.common:Lcd_ScreenHeigth</name>
         <uninitialized>true</uninitialized>
         <run_address>0x200008c0</run_address>
         <size>0x2</size>
      </object_component>
      <object_component id="oc-2d9">
         <name>.common:Lcd_PenSolid</name>
         <uninitialized>true</uninitialized>
         <run_address>0x200008c9</run_address>
         <size>0x1</size>
      </object_component>
      <object_component id="oc-2da">
         <name>.common:Lcd_FontSolid</name>
         <uninitialized>true</uninitialized>
         <run_address>0x200008c7</run_address>
         <size>0x1</size>
      </object_component>
      <object_component id="oc-2db">
         <name>.common:Lcd_FlagRead</name>
         <uninitialized>true</uninitialized>
         <run_address>0x200008c6</run_address>
         <size>0x1</size>
      </object_component>
      <object_component id="oc-2dc">
         <name>.common:Lcd_TouchTrim</name>
         <uninitialized>true</uninitialized>
         <run_address>0x200008c4</run_address>
         <size>0x2</size>
      </object_component>
      <object_component id="oc-613">
         <name>.common:__TI_tmpnams</name>
         <uninitialized>true</uninitialized>
         <run_address>0x200007c0</run_address>
         <size>0xa0</size>
      </object_component>
      <object_component id="oc-624">
         <name>.common:parmbuf</name>
         <uninitialized>true</uninitialized>
         <run_address>0x200008b8</run_address>
         <size>0x8</size>
      </object_component>
      <object_component id="oc-29">
         <name>.sysmem</name>
         <uninitialized>true</uninitialized>
         <run_address>0x20000000</run_address>
         <size>0x10</size>
         <input_file_ref idref="fl-f4"/>
      </object_component>
      <object_component id="oc-6c2">
         <name>.sysmem</name>
         <uninitialized>true</uninitialized>
         <run_address>0x20000000</run_address>
         <size>0x0</size>
      </object_component>
      <object_component id="oc-2c">
         <name>.stack</name>
         <uninitialized>true</uninitialized>
         <run_address>0x2000fe00</run_address>
         <size>0x4</size>
         <input_file_ref idref="fl-f7"/>
      </object_component>
      <object_component id="oc-6c1">
         <name>.stack</name>
         <uninitialized>true</uninitialized>
         <run_address>0x2000fe00</run_address>
         <size>0x0</size>
      </object_component>
      <object_component id="oc-22a">
         <name>.debug_info</name>
         <load_address>0x0</load_address>
         <run_address>0x0</run_address>
         <size>0x8e8</size>
         <input_file_ref idref="fl-1"/>
      </object_component>
      <object_component id="oc-ad">
         <name>.debug_info</name>
         <load_address>0x8e8</load_address>
         <run_address>0x8e8</run_address>
         <size>0x3ce</size>
         <input_file_ref idref="fl-1"/>
      </object_component>
      <object_component id="oc-109">
         <name>.debug_info</name>
         <load_address>0xcb6</load_address>
         <run_address>0xcb6</run_address>
         <size>0x37e2</size>
         <input_file_ref idref="fl-1"/>
      </object_component>
      <object_component id="oc-110">
         <name>.debug_info</name>
         <load_address>0x4498</load_address>
         <run_address>0x4498</run_address>
         <size>0x26b</size>
         <input_file_ref idref="fl-1"/>
      </object_component>
      <object_component id="oc-21a">
         <name>.debug_info</name>
         <load_address>0x4703</load_address>
         <run_address>0x4703</run_address>
         <size>0x1055</size>
         <input_file_ref idref="fl-1"/>
      </object_component>
      <object_component id="oc-35">
         <name>.debug_info</name>
         <load_address>0x5758</load_address>
         <run_address>0x5758</run_address>
         <size>0x84</size>
         <input_file_ref idref="fl-1"/>
      </object_component>
      <object_component id="oc-213">
         <name>.debug_info</name>
         <load_address>0x57dc</load_address>
         <run_address>0x57dc</run_address>
         <size>0x2a4</size>
         <input_file_ref idref="fl-1"/>
      </object_component>
      <object_component id="oc-403">
         <name>.debug_info</name>
         <load_address>0x5a80</load_address>
         <run_address>0x5a80</run_address>
         <size>0xef</size>
         <input_file_ref idref="fl-1"/>
      </object_component>
      <object_component id="oc-e1">
         <name>.debug_info</name>
         <load_address>0x5b6f</load_address>
         <run_address>0x5b6f</run_address>
         <size>0xbb</size>
         <input_file_ref idref="fl-1"/>
      </object_component>
      <object_component id="oc-251">
         <name>.debug_info</name>
         <load_address>0x5c2a</load_address>
         <run_address>0x5c2a</run_address>
         <size>0x2c</size>
         <input_file_ref idref="fl-1"/>
      </object_component>
      <object_component id="oc-84">
         <name>.debug_info</name>
         <load_address>0x5c56</load_address>
         <run_address>0x5c56</run_address>
         <size>0x2ec</size>
         <input_file_ref idref="fl-2"/>
      </object_component>
      <object_component id="oc-27">
         <name>.debug_info</name>
         <load_address>0x5f42</load_address>
         <run_address>0x5f42</run_address>
         <size>0x118</size>
         <input_file_ref idref="fl-2"/>
      </object_component>
      <object_component id="oc-6b">
         <name>.debug_info</name>
         <load_address>0x605a</load_address>
         <run_address>0x605a</run_address>
         <size>0x1df</size>
         <input_file_ref idref="fl-2"/>
      </object_component>
      <object_component id="oc-183">
         <name>.debug_info</name>
         <load_address>0x6239</load_address>
         <run_address>0x6239</run_address>
         <size>0x111</size>
         <input_file_ref idref="fl-3"/>
      </object_component>
      <object_component id="oc-bf">
         <name>.debug_info</name>
         <load_address>0x634a</load_address>
         <run_address>0x634a</run_address>
         <size>0x283</size>
         <input_file_ref idref="fl-3"/>
      </object_component>
      <object_component id="oc-104">
         <name>.debug_info</name>
         <load_address>0x65cd</load_address>
         <run_address>0x65cd</run_address>
         <size>0x56c</size>
         <input_file_ref idref="fl-4"/>
      </object_component>
      <object_component id="oc-101">
         <name>.debug_info</name>
         <load_address>0x6b39</load_address>
         <run_address>0x6b39</run_address>
         <size>0xf6</size>
         <input_file_ref idref="fl-4"/>
      </object_component>
      <object_component id="oc-77">
         <name>.debug_info</name>
         <load_address>0x6c2f</load_address>
         <run_address>0x6c2f</run_address>
         <size>0x77e</size>
         <input_file_ref idref="fl-4"/>
      </object_component>
      <object_component id="oc-132">
         <name>.debug_info</name>
         <load_address>0x73ad</load_address>
         <run_address>0x73ad</run_address>
         <size>0x1db</size>
         <input_file_ref idref="fl-5"/>
      </object_component>
      <object_component id="oc-106">
         <name>.debug_info</name>
         <load_address>0x7588</load_address>
         <run_address>0x7588</run_address>
         <size>0x17d</size>
         <input_file_ref idref="fl-6"/>
      </object_component>
      <object_component id="oc-7d">
         <name>.debug_info</name>
         <load_address>0x7705</load_address>
         <run_address>0x7705</run_address>
         <size>0x7fb</size>
         <input_file_ref idref="fl-6"/>
      </object_component>
      <object_component id="oc-210">
         <name>.debug_info</name>
         <load_address>0x7f00</load_address>
         <run_address>0x7f00</run_address>
         <size>0x41c</size>
         <input_file_ref idref="fl-c"/>
      </object_component>
      <object_component id="oc-20d">
         <name>.debug_info</name>
         <load_address>0x831c</load_address>
         <run_address>0x831c</run_address>
         <size>0x122</size>
         <input_file_ref idref="fl-c"/>
      </object_component>
      <object_component id="oc-d8">
         <name>.debug_info</name>
         <load_address>0x843e</load_address>
         <run_address>0x843e</run_address>
         <size>0x3ca</size>
         <input_file_ref idref="fl-c"/>
      </object_component>
      <object_component id="oc-1e2">
         <name>.debug_info</name>
         <load_address>0x8808</load_address>
         <run_address>0x8808</run_address>
         <size>0x439</size>
         <input_file_ref idref="fl-c"/>
      </object_component>
      <object_component id="oc-e6">
         <name>.debug_info</name>
         <load_address>0x8c41</load_address>
         <run_address>0x8c41</run_address>
         <size>0x7b8</size>
         <input_file_ref idref="fl-d"/>
      </object_component>
      <object_component id="oc-de">
         <name>.debug_info</name>
         <load_address>0x93f9</load_address>
         <run_address>0x93f9</run_address>
         <size>0xf9</size>
         <input_file_ref idref="fl-d"/>
      </object_component>
      <object_component id="oc-73">
         <name>.debug_info</name>
         <load_address>0x94f2</load_address>
         <run_address>0x94f2</run_address>
         <size>0x3fb</size>
         <input_file_ref idref="fl-d"/>
      </object_component>
      <object_component id="oc-1e1">
         <name>.debug_info</name>
         <load_address>0x98ed</load_address>
         <run_address>0x98ed</run_address>
         <size>0xb56</size>
         <input_file_ref idref="fl-e"/>
      </object_component>
      <object_component id="oc-1cf">
         <name>.debug_info</name>
         <load_address>0xa443</load_address>
         <run_address>0xa443</run_address>
         <size>0xf3</size>
         <input_file_ref idref="fl-e"/>
      </object_component>
      <object_component id="oc-1d2">
         <name>.debug_info</name>
         <load_address>0xa536</load_address>
         <run_address>0xa536</run_address>
         <size>0x105</size>
         <input_file_ref idref="fl-e"/>
      </object_component>
      <object_component id="oc-c8">
         <name>.debug_info</name>
         <load_address>0xa63b</load_address>
         <run_address>0xa63b</run_address>
         <size>0xb65</size>
         <input_file_ref idref="fl-e"/>
      </object_component>
      <object_component id="oc-1e7">
         <name>.debug_info</name>
         <load_address>0xb1a0</load_address>
         <run_address>0xb1a0</run_address>
         <size>0x8b</size>
         <input_file_ref idref="fl-e"/>
      </object_component>
      <object_component id="oc-3f6">
         <name>.debug_info</name>
         <load_address>0xb22b</load_address>
         <run_address>0xb22b</run_address>
         <size>0x131</size>
         <input_file_ref idref="fl-e"/>
      </object_component>
      <object_component id="oc-2c1">
         <name>.debug_info</name>
         <load_address>0xb35c</load_address>
         <run_address>0xb35c</run_address>
         <size>0x53b</size>
         <input_file_ref idref="fl-f"/>
      </object_component>
      <object_component id="oc-293">
         <name>.debug_info</name>
         <load_address>0xb897</load_address>
         <run_address>0xb897</run_address>
         <size>0x216</size>
         <input_file_ref idref="fl-f"/>
      </object_component>
      <object_component id="oc-2b7">
         <name>.debug_info</name>
         <load_address>0xbaad</load_address>
         <run_address>0xbaad</run_address>
         <size>0x214</size>
         <input_file_ref idref="fl-f"/>
      </object_component>
      <object_component id="oc-3d5">
         <name>.debug_info</name>
         <load_address>0xbcc1</load_address>
         <run_address>0xbcc1</run_address>
         <size>0x1d4</size>
         <input_file_ref idref="fl-f"/>
      </object_component>
      <object_component id="oc-2be">
         <name>.debug_info</name>
         <load_address>0xbe95</load_address>
         <run_address>0xbe95</run_address>
         <size>0x2ad</size>
         <input_file_ref idref="fl-f"/>
      </object_component>
      <object_component id="oc-1b4">
         <name>.debug_info</name>
         <load_address>0xc142</load_address>
         <run_address>0xc142</run_address>
         <size>0x2e2</size>
         <input_file_ref idref="fl-f"/>
      </object_component>
      <object_component id="oc-3ae">
         <name>.debug_info</name>
         <load_address>0xc424</load_address>
         <run_address>0xc424</run_address>
         <size>0x26b</size>
         <input_file_ref idref="fl-f"/>
      </object_component>
      <object_component id="oc-28a">
         <name>.debug_info</name>
         <load_address>0xc68f</load_address>
[...]
         <object_component_ref idref="oc-e7"/>
      </symbol>
      <symbol id="sm-85b">
         <name>__aeabi_i2d</name>
         <value>0x57f1</value>
         <object_component_ref idref="oc-1ec"/>
      </symbol>
      <symbol id="sm-876">
         <name>memcpy</name>
         <value>0x4549</value>
         <object_component_ref idref="oc-3a"/>
      </symbol>
      <symbol id="sm-877">
         <name>__aeabi_memcpy</name>
         <value>0x4549</value>
         <object_component_ref idref="oc-3a"/>
      </symbol>
      <symbol id="sm-878">
         <name>__aeabi_memcpy8</name>
         <value>0x4549</value>
         <object_component_ref idref="oc-3a"/>
      </symbol>
      <symbol id="sm-879">
         <name>__aeabi_memcpy4</name>
         <value>0x4549</value>
         <object_component_ref idref="oc-3a"/>
      </symbol>
      <symbol id="sm-888">
         <name>__aeabi_memset</name>
         <value>0x49cb</value>
         <object_component_ref idref="oc-a0"/>
      </symbol>
      <symbol id="sm-889">
         <name>memset</name>
         <value>0x49d1</value>
         <object_component_ref idref="oc-a0"/>
      </symbol>
      <symbol id="sm-88a">
         <name>__aeabi_memset8</name>
         <value>0x49cb</value>
         <object_component_ref idref="oc-a0"/>
      </symbol>
      <symbol id="sm-88b">
         <name>__aeabi_memset4</name>
         <value>0x49cb</value>
         <object_component_ref idref="oc-a0"/>
      </symbol>
      <symbol id="sm-88c">
         <name>__aeabi_memclr8</name>
         <value>0x49c9</value>
         <object_component_ref idref="oc-a0"/>
      </symbol>
      <symbol id="sm-88d">
         <name>__aeabi_memclr4</name>
         <value>0x49c9</value>
         <object_component_ref idref="oc-a0"/>
      </symbol>
      <symbol id="sm-88e">
         <name>__aeabi_memclr</name>
         <value>0x49c9</value>
         <object_component_ref idref="oc-a0"/>
      </symbol>
      <symbol id="sm-89b">
         <name>__aeabi_uldivmod</name>
         <value>0x467d</value>
         <object_component_ref idref="oc-441"/>
      </symbol>
      <symbol id="sm-8af">
         <name>__TI_zero_init_nomemset</name>
         <value>0x599b</value>
         <object_component_ref idref="oc-46"/>
      </symbol>
      <symbol id="sm-8c6">
         <name>__TI_decompress_none</name>
         <value>0x5b43</value>
         <object_component_ref idref="oc-1d"/>
      </symbol>
      <symbol id="sm-8e9">
         <name>__TI_decompress_lzss</name>
         <value>0x4cd9</value>
         <object_component_ref idref="oc-17"/>
      </symbol>
      <symbol id="sm-90f">
         <name>C$$EXIT</name>
         <value>0x5b85</value>
         <object_component_ref idref="oc-144"/>
      </symbol>
      <symbol id="sm-910">
         <name>abort</name>
         <value>0x5b85</value>
         <object_component_ref idref="oc-144"/>
      </symbol>
      <symbol id="sm-911">
         <name>__TI_dtors_ptr</name>
         <value>0x20000654</value>
         <object_component_ref idref="oc-257"/>
      </symbol>
      <symbol id="sm-912">
         <name>__TI_cleanup_ptr</name>
         <value>0x20000650</value>
         <object_component_ref idref="oc-257"/>
      </symbol>
      <symbol id="sm-913">
         <name>__TI_enable_exit_profile_output</name>
         <value>0x20000658</value>
         <object_component_ref idref="oc-257"/>
      </symbol>
      <symbol id="sm-914">
         <name>exit</name>
         <value>0x5331</value>
         <object_component_ref idref="oc-14a"/>
      </symbol>
      <symbol id="sm-929">
         <name>_nop</name>
         <value>0x220b</value>
         <object_component_ref idref="oc-370"/>
      </symbol>
      <symbol id="sm-92a">
         <name>_lock</name>
         <value>0x20000674</value>
         <object_component_ref idref="oc-23d"/>
      </symbol>
      <symbol id="sm-92b">
         <name>_unlock</name>
         <value>0x20000678</value>
         <object_component_ref idref="oc-23d"/>
      </symbol>
      <symbol id="sm-93a">
         <name>__TI_ltoa</name>
         <value>0x5157</value>
         <object_component_ref idref="oc-447"/>
      </symbol>
      <symbol id="sm-950">
         <name>atoi</name>
         <value>0x529d</value>
         <object_component_ref idref="oc-32e"/>
      </symbol>
      <symbol id="sm-95b">
         <name>_ctypes_</name>
         <value>0x6897</value>
         <object_component_ref idref="oc-43c"/>
      </symbol>
      <symbol id="sm-970">
         <name>__TI_tmpnams</name>
         <value>0x200007c0</value>
      </symbol>
      <symbol id="sm-971">
         <name>__aeabi_stdout</name>
         <value>0x20000648</value>
         <object_component_ref idref="oc-5c5"/>
      </symbol>
      <symbol id="sm-972">
         <name>__aeabi_stderr</name>
         <value>0x2000064c</value>
         <object_component_ref idref="oc-5c5"/>
      </symbol>
      <symbol id="sm-973">
         <name>__aeabi_stdin</name>
         <value>0x20000644</value>
         <object_component_ref idref="oc-5c5"/>
      </symbol>
      <symbol id="sm-974">
         <name>_ftable</name>
         <value>0x20000400</value>
         <object_component_ref idref="oc-240"/>
      </symbol>
      <symbol id="sm-975">
         <name>__TI_ft_end</name>
         <value>0x20000640</value>
         <object_component_ref idref="oc-5c5"/>
      </symbol>
      <symbol id="sm-985">
         <name>memccpy</name>
         <value>0x59d5</value>
         <object_component_ref idref="oc-352"/>
      </symbol>
      <symbol id="sm-995">
         <name>memchr</name>
         <value>0x5941</value>
         <object_component_ref idref="oc-4a5"/>
      </symbol>
      <symbol id="sm-a1e">
         <name>_sys_memory</name>
         <value>0x20000000</value>
         <object_component_ref idref="oc-29"/>
      </symbol>
      <symbol id="sm-a1f">
         <name>free</name>
         <value>0x3edd</value>
         <object_component_ref idref="oc-576"/>
      </symbol>
      <symbol id="sm-a20">
         <name>memalign</name>
         <value>0x3aed</value>
         <object_component_ref idref="oc-5b8"/>
      </symbol>
      <symbol id="sm-a21">
         <name>malloc</name>
         <value>0x5b71</value>
         <object_component_ref idref="oc-57c"/>
      </symbol>
      <symbol id="sm-a22">
         <name>aligned_alloc</name>
         <value>0x3aed</value>
         <object_component_ref idref="oc-5b8"/>
      </symbol>
      <symbol id="sm-a32">
         <name>strchr</name>
         <value>0x5ae1</value>
         <object_component_ref idref="oc-474"/>
      </symbol>
      <symbol id="sm-a40">
         <name>strlen</name>
         <value>0x5b0b</value>
         <object_component_ref idref="oc-328"/>
      </symbol>
      <symbol id="sm-a53">
         <name>__stack</name>
         <value>0x2000fe00</value>
         <object_component_ref idref="oc-2c"/>
      </symbol>
      <symbol id="sm-a54">
         <name>_c_int00_noargs</name>
         <value>0x578d</value>
         <object_component_ref idref="oc-58"/>
      </symbol>
      <symbol id="sm-a6e">
         <name>write</name>
         <value>0x5919</value>
         <object_component_ref idref="oc-4b1"/>
      </symbol>
      <symbol id="sm-a7f">
         <name>_stream</name>
         <value>0x200005e0</value>
         <object_component_ref idref="oc-53e"/>
      </symbol>
      <symbol id="sm-a80">
         <name>_device</name>
         <value>0x200004f0</value>
         <object_component_ref idref="oc-595"/>
      </symbol>
      <symbol id="sm-a96">
         <name>__aeabi_errno_addr</name>
         <value>0x5b69</value>
         <object_component_ref idref="oc-35e"/>
      </symbol>
      <symbol id="sm-a97">
         <name>errno</name>
         <value>0x20000694</value>
         <object_component_ref idref="oc-484"/>
      </symbol>
      <symbol id="sm-ab0">
         <name>wcslen</name>
         <value>0x5b31</value>
         <object_component_ref idref="oc-358"/>
      </symbol>
      <symbol id="sm-ad7">
         <name>floorl</name>
         <value>0x3de5</value>
         <object_component_ref idref="oc-2fe"/>
      </symbol>
      <symbol id="sm-ad8">
         <name>floor</name>
         <value>0x3de5</value>
         <object_component_ref idref="oc-2fe"/>
      </symbol>
      <symbol id="sm-af8">
         <name>frexpl</name>
         <value>0x4e0d</value>
         <object_component_ref idref="oc-468"/>
      </symbol>
      <symbol id="sm-af9">
         <name>frexp</name>
         <value>0x4e0d</value>
         <object_component_ref idref="oc-468"/>
      </symbol>
      <symbol id="sm-b16">
         <name>scalbn</name>
         <value>0x39dd</value>
         <object_component_ref idref="oc-46e"/>
      </symbol>
      <symbol id="sm-b17">
         <name>scalbnl</name>
         <value>0x39dd</value>
         <object_component_ref idref="oc-46e"/>
      </symbol>
      <symbol id="sm-b18">
         <name>ldexpl</name>
         <value>0x39dd</value>
         <object_component_ref idref="oc-46e"/>
      </symbol>
      <symbol id="sm-b19">
         <name>ldexp</name>
         <value>0x39dd</value>
         <object_component_ref idref="oc-46e"/>
      </symbol>
      <symbol id="sm-b29">
         <name>__TI_doflush</name>
         <value>0x524f</value>
         <object_component_ref idref="oc-4ab"/>
      </symbol>
      <symbol id="sm-b39">
         <name>__TI_cleanup</name>
         <value>0x5725</value>
         <object_component_ref idref="oc-582"/>
      </symbol>
      <symbol id="sm-b4b">
         <name>fseek</name>
         <value>0x4e71</value>
         <object_component_ref idref="oc-52c"/>
      </symbol>
      <symbol id="sm-b55">
         <name>__aeabi_idiv0</name>
         <value>0x267f</value>
         <object_component_ref idref="oc-4fd"/>
      </symbol>
      <symbol id="sm-b56">
         <name>__aeabi_ldiv0</name>
         <value>0x267f</value>
         <object_component_ref idref="oc-4fd"/>
      </symbol>
      <symbol id="sm-b7e">
         <name>__TI_auto_init_nobinit_nopinit</name>
         <value>0x5449</value>
         <object_component_ref idref="oc-150"/>
      </symbol>
      <symbol id="sm-b88">
         <name>_system_pre_init</name>
         <value>0x5b81</value>
         <object_component_ref idref="oc-a6"/>
      </symbol>
      <symbol id="sm-b9b">
         <name>HOSTclose</name>
         <value>0x53c1</value>
         <object_component_ref idref="oc-5d1"/>
      </symbol>
      <symbol id="sm-bac">
         <name>HOSTlseek</name>
         <value>0x4c71</value>
         <object_component_ref idref="oc-5e3"/>
      </symbol>
      <symbol id="sm-bbe">
         <name>parmbuf</name>
         <value>0x200008b8</value>
      </symbol>
      <symbol id="sm-bbf">
         <name>HOSTopen</name>
         <value>0x4f39</value>
         <object_component_ref idref="oc-5cb"/>
      </symbol>
      <symbol id="sm-bd0">
         <name>HOSTread</name>
         <value>0x5051</value>
         <object_component_ref idref="oc-5d7"/>
      </symbol>
      <symbol id="sm-be1">
         <name>HOSTrename</name>
         <value>0x4c05</value>
         <object_component_ref idref="oc-5ef"/>
      </symbol>
      <symbol id="sm-bf2">
         <name>HOSTunlink</name>
         <value>0x5405</value>
         <object_component_ref idref="oc-5e9"/>
      </symbol>
      <symbol id="sm-c03">
         <name>HOSTwrite</name>
         <value>0x50a9</value>
         <object_component_ref idref="oc-5dd"/>
      </symbol>
      <symbol id="sm-c27">
         <name>__TI_readmsg</name>
         <value>0x5759</value>
         <object_component_ref idref="oc-61e"/>
      </symbol>
      <symbol id="sm-c28">
         <name>C$$IO$$</name>
         <value>0x563f</value>
         <object_component_ref idref="oc-618"/>
      </symbol>
      <symbol id="sm-c29">
         <name>__CIOBUF_</name>
         <value>0x200006a0</value>
         <object_component_ref idref="oc-649"/>
      </symbol>
      <symbol id="sm-c2a">
         <name>__TI_writemsg</name>
         <value>0x5611</value>
         <object_component_ref idref="oc-618"/>
      </symbol>
      <symbol id="sm-c3b">
         <name>lseek</name>
         <value>0x58f1</value>
         <object_component_ref idref="oc-56e"/>
      </symbol>
      <symbol id="sm-c45">
         <name>copysign</name>
         <value>0x5a3f</value>
         <object_component_ref idref="oc-510"/>
      </symbol>
      <symbol id="sm-c46">
         <name>copysignl</name>
         <value>0x5a3f</value>
         <object_component_ref idref="oc-510"/>
      </symbol>
      <symbol id="sm-c5b">
         <name>__TI_closefile</name>
         <value>0x4a45</value>
         <object_component_ref idref="oc-5bf"/>
      </symbol>
      <symbol id="sm-c7e">
         <name>finddevice</name>
         <value>0x57c1</value>
         <object_component_ref idref="oc-667"/>
      </symbol>
      <symbol id="sm-c7f">
         <name>getdevice</name>
         <value>0x548d</value>
         <object_component_ref idref="oc-63f"/>
      </symbol>
      <symbol id="sm-c8e">
         <name>strcmp</name>
         <value>0x5a71</value>
         <object_component_ref idref="oc-67e"/>
      </symbol>
      <symbol id="sm-c9c">
         <name>strcpy</name>
         <value>0x5af7</value>
         <object_component_ref idref="oc-632"/>
      </symbol>
      <symbol id="sm-cac">
         <name>strncpy</name>
         <value>0x56ed</value>
         <object_component_ref idref="oc-661"/>
      </symbol>
      <symbol id="sm-cc1">
         <name>close</name>
         <value>0x4f99</value>
         <object_component_ref idref="oc-607"/>
      </symbol>
      <symbol id="sm-cd1">
         <name>unlink</name>
         <value>0x584d</value>
         <object_component_ref idref="oc-60d"/>
      </symbol>
      <symbol id="sm-cd2">
         <name>__TI_static_base__</name>
         <value>0x0</value>
      </symbol>
      <symbol id="sm-cd5">
         <name>__mpu_init</name>
         <value>0x0</value>
      </symbol>
      <symbol id="sm-cd6">
         <name>_system_post_cinit</name>
         <value>0x0</value>
      </symbol>
      <symbol id="sm-cd7">
         <name>NMI_Handler</name>
         <value>0x5b5d</value>
      </symbol>
      <symbol id="sm-cd8">
         <name>HardFault_Handler</name>
         <value>0x5b5d</value>
      </symbol>
      <symbol id="sm-cd9">
         <name>MemManage_Handler</name>
         <value>0x5b5d</value>
      </symbol>
      <symbol id="sm-cda">
         <name>BusFault_Handler</name>
         <value>0x5b5d</value>
      </symbol>
      <symbol id="sm-cdb">
         <name>UsageFault_Handler</name>
         <value>0x5b5d</value>
      </symbol>
      <symbol id="sm-cdc">
         <name>SVC_Handler</name>
         <value>0x5b5d</value>
      </symbol>
      <symbol id="sm-cdd">
         <name>DebugMon_Handler</name>
         <value>0x5b5d</value>
      </symbol>
      <symbol id="sm-cde">
         <name>PendSV_Handler</name>
         <value>0x5b5d</value>
      </symbol>
      <symbol id="sm-cdf">
         <name>SysTick_Handler</name>
         <value>0x4619</value>
      </symbol>
      <symbol id="sm-ce0">
         <name>PSS_IRQHandler</name>
         <value>0x5b5d</value>
      </symbol>
      <symbol id="sm-ce1">
         <name>CS_IRQHandler</name>
         <value>0x5b5d</value>
      </symbol>
      <symbol id="sm-ce2">
         <name>PCM_IRQHandler</name>
         <value>0x5b5d</value>
      </symbol>
      <symbol id="sm-ce3">
         <name>WDT_A_IRQHandler</name>
         <value>0x5b5d</value>
      </symbol>
      <symbol id="sm-ce4">
         <name>FPU_IRQHandler</name>
         <value>0x5b5d</value>
      </symbol>
      <symbol id="sm-ce5">
         <name>FLCTL_IRQHandler</name>
         <value>0x5b5d</value>
      </symbol>
      <symbol id="sm-ce6">
         <name>COMP_E0_IRQHandler</name>
         <value>0x5b5d</value>
      </symbol>
      <symbol id="sm-ce7">
         <name>COMP_E1_IRQHandler</name>
         <value>0x5b5d</value>
      </symbol>
      <symbol id="sm-ce8">
         <name>TA0_0_IRQHandler</name>
         <value>0x5b5d</value>
      </symbol>
      <symbol id="sm-ce9">
         <name>TA0_N_IRQHandler</name>
         <value>0x5b5d</value>
      </symbol>
      <symbol id="sm-cea">
         <name>TA1_0_IRQHandler</name>
         <value>0x5b5d</value>
      </symbol>
      <symbol id="sm-ceb">
         <name>TA1_N_IRQHandler</name>
         <value>0x5b5d</value>
      </symbol>
      <symbol id="sm-cec">
         <name>TA2_0_IRQHandler</name>
         <value>0x5b5d</value>
      </symbol>
      <symbol id="sm-ced">
         <name>TA2_N_IRQHandler</name>
         <value>0x5b5d</value>
      </symbol>
      <symbol id="sm-cee">
         <name>TA3_0_IRQHandler</name>
         <value>0x5b5d</value>
      </symbol>
      <symbol id="sm-cef">
         <name>TA3_N_IRQHandler</name>
         <value>0x5b5d</value>
      </symbol>
      <symbol id="sm-cf0">
         <name>EUSCIA0_IRQHandler</name>
         <value>0x5b5d</value>
      </symbol>
      <symbol id="sm-cf1">
         <name>EUSCIA1_IRQHandler</name>
         <value>0x5b5d</value>
      </symbol>
      <symbol id="sm-cf2">
         <name>EUSCIA2_IRQHandler</name>
         <value>0x5b5d</value>
      </symbol>
      <symbol id="sm-cf3">
         <name>EUSCIA3_IRQHandler</name>
         <value>0x5b5d</value>
      </symbol>
      <symbol id="sm-cf4">
         <name>EUSCIB0_IRQHandler</name>
         <value>0x5b5d</value>
      </symbol>
      <symbol id="sm-cf5">
         <name>EUSCIB1_IRQHandler</name>
         <value>0x5b5d</value>
      </symbol>
      <symbol id="sm-cf6">
         <name>EUSCIB2_IRQHandler</name>
         <value>0x5b5d</value>
      </symbol>
      <symbol id="sm-cf7">
         <name>EUSCIB3_IRQHandler</name>
         <value>0x5b5d</value>
      </symbol>
      <symbol id="sm-cf8">
         <name>ADC14_IRQHandler</name>
         <value>0x1695</value>
      </symbol>
      <symbol id="sm-cf9">
         <name>T32_INT1_IRQHandler</name>
         <value>0x5b5d</value>
      </symbol>
      <symbol id="sm-cfa">
         <name>T32_INT2_IRQHandler</name>
         <value>0x5b5d</value>
      </symbol>
      <symbol id="sm-cfb">
         <name>T32_INTC_IRQHandler</name>
         <value>0x5b5d</value>
      </symbol>
      <symbol id="sm-cfc">
         <name>AES256_IRQHandler</name>
         <value>0x5b5d</value>
      </symbol>
      <symbol id="sm-cfd">
         <name>RTC_C_IRQHandler</name>
         <value>0x5b5d</value>
      </symbol>
      <symbol id="sm-cfe">
         <name>DMA_ERR_IRQHandler</name>
         <value>0x5b5d</value>
      </symbol>
      <symbol id="sm-cff">
         <name>DMA_INT3_IRQHandler</name>
         <value>0x5b5d</value>
      </symbol>
      <symbol id="sm-d00">
         <name>DMA_INT2_IRQHandler</name>
         <value>0x5b5d</value>
      </symbol>
      <symbol id="sm-d01">
         <name>DMA_INT1_IRQHandler</name>
         <value>0x5b5d</value>
      </symbol>
      <symbol id="sm-d02">
         <name>DMA_INT0_IRQHandler</name>
         <value>0x5b5d</value>
      </symbol>
      <symbol id="sm-d03">
         <name>PORT1_IRQHandler</name>
         <value>0x5b5d</value>
      </symbol>
      <symbol id="sm-d04">
         <name>PORT2_IRQHandler</name>
         <value>0x5b5d</value>
      </symbol>
      <symbol id="sm-d05">
         <name>PORT3_IRQHandler</name>
         <value>0x1c6d</value>
      </symbol>
      <symbol id="sm-d06">
         <name>PORT4_IRQHandler</name>
         <value>0x1c91</value>
      </symbol>
      <symbol id="sm-d07">
         <name>PORT5_IRQHandler</name>
         <value>0x1ca7</value>
      </symbol>
      <symbol id="sm-d08">
         <name>PORT6_IRQHandler</name>
         <value>0x5b5d</value>
      </symbol>
      <symbol id="sm-d09">
         <name>remove</name>
         <value>0x584d</value>
      </symbol>
   </symbol_table>
   <title>Link successful</title>
</link_info>
