******************************************************************************
                  TI ARM Linker Unix v20.2.7                   
******************************************************************************
>> Linked Mon Mar 27 17:13:23 2023

OUTPUT FILE NAME:   <part2_exercise16.out>
ENTRY POINT SYMBOL: "_c_int00_noargs"  address: 0000578d


MEMORY CONFIGURATION

         name            origin    length      used     unused   attr    fill
----------------------  --------  ---------  --------  --------  ----  --------
  MAIN                  00000000   00040000  00006c64  0003939c  R  X
  INFO                  00200000   00004000  00000000  00004000  R  X
  SRAM_CODE             01000000   00010000  00000aca  0000f536  RW X
  SRAM_DATA             20000000   00010000  00000aca  0000f536  RW  


SEGMENT ALLOCATION MAP

run origin  load origin   length   init length attrs members
----------  ----------- ---------- ----------- ----- -------
00000000    00000000    00006c68   00006c68    r-x
  00000000    00000000    000000e4   000000e4    r-- .intvecs
  000000e4    000000e4    00005aa4   00005aa4    r-x .text
  00005b88    00005b88    0000100c   0000100c    r-- .const
  00006b98    00006b98    000000d0   000000d0    r-- .cinit
20000000    20000000    000008ca   00000000    rw-
  20000000    20000000    00000400   00000000    rw- .sysmem
  20000400    20000400    000002a0   00000000    rw- .data
  200006a0    200006a0    0000022a   00000000    rw- .bss
2000fe00    2000fe00    00000200   00000000    rw-
  2000fe00    2000fe00    00000200   00000000    rw- .stack


SECTION ALLOCATION MAP

 output                                  attributes/
section   page    origin      length       input sections
--------  ----  ----------  ----------   ----------------
.intvecs   0    00000000    000000e4     
                  00000000    000000e4     startup_msp432p401r_ccs.obj (.intvecs:retain)

.text      0    000000e4    00005aa4     
                  000000e4    00000a4e     rtsv7M4_T_le_v4SPD16_eabi.lib : _printfi.c.obj (.text:__TI_printfi)
                  00000b32    0000047e     game.lib : string.obj (.text:Graphics_drawString)
                  00000fb0    000003f4              : Crystalfontz128x128_ST7735.obj (.text)
                  000013a4    0000037c     analog.obj (.text)
                  00001720    00000354     system_msp432p401r.obj (.text)
                  00001a74    000002b8     buttons.obj (.text)
                  00001d2c    00000270     rtsv7M4_T_le_v4SPD16_eabi.lib : _printfi.c.obj (.text:_pconv_a)
                  00001f9c    0000026e     game.lib : circle.obj (.text:Graphics_drawCircle)
                  0000220a    00000002     rtsv7M4_T_le_v4SPD16_eabi.lib : _lock.c.obj (.text:_nop)
                  0000220c    00000248     game.lib : road.obj (.text)
                  00002454    0000022a              : circle.obj (.text:Graphics_fillCircle)
                  0000267e    00000002     rtsv7M4_T_le_v4SPD16_eabi.lib : div0.asm.obj (.text)
                  00002680    000001ec     game.lib : lcd.obj (.text)
                  0000286c    000001d0     rtsv7M4_T_le_v4SPD16_eabi.lib : _printfi.c.obj (.text:_pconv_g)
                  00002a3c    000001b6                                   : fd_add_t2.asm.obj (.text)
                  00002bf2    00000002     --HOLE-- [fill = 0]
                  00002bf4    00000188     main.obj (.text)
                  00002d7c    00000180     game.lib : line.obj (.text:Graphics_clipLine)
                  00002efc    00000174              : line.obj (.text:Graphics_drawLine)
                  00003070    0000014c              : menu.obj (.text)
                  000031bc    0000013c     rtsv7M4_T_le_v4SPD16_eabi.lib : _printfi.c.obj (.text:_pconv_e)
                  000032f8    00000138     led.obj (.text)
                  00003430    00000136     rtsv7M4_T_le_v4SPD16_eabi.lib : fd_div_t2.asm.obj (.text)
                  00003566    00000002     --HOLE-- [fill = 0]
                  00003568    00000128     game.lib : car.obj (.text)
                  00003690    00000124     rtsv7M4_T_le_v4SPD16_eabi.lib : _printfi.c.obj (.text:fcvt)
                  000037b4    00000114                                   : fputs.c.obj (.text:fputs)
                  000038c8    00000112     game.lib : rectangle.obj (.text:Graphics_fillRectangle)
                  000039da    00000002     --HOLE-- [fill = 0]
                  000039dc    00000110     rtsv7M4_T_le_v4SPD16_eabi.lib : s_scalbn.c.obj (.text:scalbn)
                  00003aec    00000100                                   : memory.c.obj (.text:aligned_alloc)
                  00003bec    000000fc                                   : fd_mul_t2.asm.obj (.text)
                  00003ce8    000000fa     game.lib : string.obj (.text:Graphics_getStringWidth)
                  00003de2    00000002     --HOLE-- [fill = 0]
                  00003de4    000000f8     rtsv7M4_T_le_v4SPD16_eabi.lib : s_floor.c.obj (.text:floor)
                  00003edc    000000e4                                   : memory.c.obj (.text:free)
                  00003fc0    000000dc                                   : setvbuf.c.obj (.text:setvbuf)
                  0000409c    000000c4                                   : s_round.c.obj (.text:round)
                  00004160    000000b1                                   : _printfi.c.obj (.text:_ltostr)
                  00004211    00000001     --HOLE-- [fill = 0]
                  00004212    000000b0     game.lib : spi.o (.text:SPI_initMaster)
                  000042c2    00000002     --HOLE-- [fill = 0]
                  000042c4    000000ac              : HAL_MSP_EXP432P401R_Crystalfontz128x128_ST7735.obj (.text)
                  00004370    000000a0              : random.obj (.text)
                  00004410    0000009c              : line.obj (.text:Graphics_drawLineH)
                  000044ac    0000009c              : line.obj (.text:Graphics_drawLineV)
                  00004548    0000009c     rtsv7M4_T_le_v4SPD16_eabi.lib : memcpy_t2.asm.obj (.text)
                  000045e4    00000098     game.lib : init_game.obj (.text)
                  0000467c    00000096     rtsv7M4_T_le_v4SPD16_eabi.lib : ull_div_t2.asm.obj (.text)
                  00004712    00000002     --HOLE-- [fill = 0]
                  00004714    00000092     game.lib : scores.obj (.text)
                  000047a6    00000002     --HOLE-- [fill = 0]
                  000047a8    0000008c     rtsv7M4_T_le_v4SPD16_eabi.lib : fputc.c.obj (.text:fputc)
                  00004834    00000088     game.lib : gpio.o (.text:GPIO_setAsPeripheralModuleFunctionOutputPin)
                  000048bc    00000086     rtsv7M4_T_le_v4SPD16_eabi.lib : fd_cmp_t2.asm.obj (.text:__aeabi_cdcmple)
                  00004942    00000086                                   : fd_cmp_t2.asm.obj (.text:__aeabi_cdrcmple)
                  000049c8    0000007a                                   : memset_t2.asm.obj (.text)
                  00004a42    00000002     --HOLE-- [fill = 0]
                  00004a44    00000074                                   : fclose.c.obj (.text:__TI_closefile)
                  00004ab8    00000070                                   : memory.c.obj (.text:split)
                  00004b28    0000006e                                   : _printfi.c.obj (.text:_mcpy)
                  00004b96    0000006e                                   : fd_tos_t2.asm.obj (.text)
                  00004c04    0000006c                                   : hostrename.c.obj (.text:HOSTrename)
                  00004c70    00000068                                   : hostlseek.c.obj (.text:HOSTlseek)
                  00004cd8    00000068                                   : copy_decompress_lzss.c.obj (.text:decompress:lzss:__TI_decompress_lzss)
                  00004d40    00000068                                   : printf.c.obj (.text:printf)
                  00004da8    00000064     game.lib : line.obj (.text:Graphics_getClipCode)
                  00004e0c    00000064     rtsv7M4_T_le_v4SPD16_eabi.lib : s_frexp.c.obj (.text:frexp)
                  00004e70    00000064                                   : fseek.c.obj (.text:fseek)
                  00004ed4    00000062                                   : _io_perm.c.obj (.text:__TI_wrt_ok)
                  00004f36    00000002     --HOLE-- [fill = 0]
                  00004f38    00000060                                   : hostopen.c.obj (.text:HOSTopen)
                  00004f98    0000005c                                   : close.c.obj (.text:close)
                  00004ff4    0000005a     game.lib : context.obj (.text:Graphics_drawPixel)
                  0000504e    00000002     --HOLE-- [fill = 0]
                  00005050    00000058     rtsv7M4_T_le_v4SPD16_eabi.lib : hostread.c.obj (.text:HOSTread)
                  000050a8    00000058                                   : hostwrite.c.obj (.text:HOSTwrite)
                  00005100    00000056                                   : _printfi.c.obj (.text:_pconv_f)
                  00005156    00000054                                   : _ltoa.c.obj (.text:__TI_ltoa)
                  000051aa    00000052     game.lib : context.obj (.text:Graphics_initContext)
                  000051fc    00000052     rtsv7M4_T_le_v4SPD16_eabi.lib : _printfi.c.obj (.text:_ecpy)
                  0000524e    0000004c                                   : fflush.c.obj (.text:__TI_doflush)
                  0000529a    00000002     --HOLE-- [fill = 0]
                  0000529c    0000004c                                   : atoi.c.obj (.text:atoi)
                  000052e8    00000048     game.lib : string.obj (.text:Graphics_drawStringCentered)
                  00005330    00000048     rtsv7M4_T_le_v4SPD16_eabi.lib : exit.c.obj (.text:exit)
                  00005378    00000048                                   : fd_toi_t2.asm.obj (.text)
                  000053c0    00000044                                   : hostclose.c.obj (.text:HOSTclose)
                  00005404    00000044                                   : hostunlink.c.obj (.text:HOSTunlink)
                  00005448    00000044                                   : autoinit.c.obj (.text:__TI_auto_init_nobinit_nopinit:__TI_auto_init_nobinit_nopinit)
                  0000548c    00000044                                   : getdevice.c.obj (.text:getdevice)
                  000054d0    00000040     game.lib : gpio.o (.text:GPIO_setAsOutputPin)
                  00005510    00000040              : string.obj (.text:Graphics_getNumberOfLeadingZeros)
                  00005550    00000040              : spi.o (.text:is_A_Module)
                  00005590    00000040     rtsv7M4_T_le_v4SPD16_eabi.lib : sprintf.c.obj (.text:sprintf)
                  000055d0    0000003e                                   : _printfi.c.obj (.text:_fcpy)
                  0000560e    00000002     --HOLE-- [fill = 0]
                  00005610    00000038                                   : trgmsg.c.obj (.text:__TI_writemsg)
                  00005648    00000038                                   : fs_tod_t2.asm.obj (.text)
                  00005680    00000036     game.lib : display.obj (.text:Graphics_drawHorizontalLineOnDisplay)
                  000056b6    00000036              : display.obj (.text:Graphics_drawVerticalLineOnDisplay)
                  000056ec    00000036     rtsv7M4_T_le_v4SPD16_eabi.lib : strncpy.c.obj (.text:strncpy)
                  00005722    00000002     --HOLE-- [fill = 0]
                  00005724    00000034                                   : fopen.c.obj (.text:__TI_cleanup)
                  00005758    00000034                                   : trgmsg.c.obj (.text:__TI_readmsg)
                  0000578c    00000034                                   : boot_cortex_m.c.obj (.text:_c_int00_noargs:_c_int00_noargs)
                  000057c0    00000030                                   : getdevice.c.obj (.text:finddevice)
                  000057f0    0000002e                                   : i_tofd_t2.asm.obj (.text)
                  0000581e    0000002c     game.lib : display.obj (.text:Graphics_drawPixelOnDisplay)
                  0000584a    00000002     --HOLE-- [fill = 0]
                  0000584c    0000002c     rtsv7M4_T_le_v4SPD16_eabi.lib : unlink.c.obj (.text:unlink)
                  00005878    00000028     game.lib : gpio.o (.text:GPIO_setOutputHighOnPin)
                  000058a0    00000028              : gpio.o (.text:GPIO_setOutputLowOnPin)
                  000058c8    00000028     rtsv7M4_T_le_v4SPD16_eabi.lib : memory.c.obj (.text:free_list_insert)
                  000058f0    00000028                                   : lseek.c.obj (.text:lseek)
                  00005918    00000028                                   : write.c.obj (.text:write)
                  00005940    00000020                                   : memchr.c.obj (.text:memchr)
                  00005960    0000001e     game.lib : display.obj (.text:Graphics_fillRectangleOnDisplay)
                  0000597e    0000001c              : spi.o (.text:SPI_enableModule)
                  0000599a    0000001c     rtsv7M4_T_le_v4SPD16_eabi.lib : copy_zero_init.c.obj (.text:decompress:ZI:__TI_zero_init_nomemset:__TI_zero_init_nomemset)
                  000059b6    00000002     --HOLE-- [fill = 0]
                  000059b8    0000001c                                   : memory.c.obj (.text:free_list_remove)
                  000059d4    0000001c                                   : memccpy.c.obj (.text:memccpy)
                  000059f0    0000001a     game.lib : display.obj (.text:Graphics_clearDisplayOnDisplay)
                  00005a0a    0000001a              : context.obj (.text:Graphics_setBackgroundColor)
                  00005a24    0000001a              : context.obj (.text:Graphics_setFont)
                  00005a3e    0000001a     rtsv7M4_T_le_v4SPD16_eabi.lib : s_copysign.c.obj (.text:copysign)
                  00005a58    00000018                                   : sprintf.c.obj (.text:_outs)
                  00005a70    00000018                                   : strcmp.c.obj (.text:strcmp)
                  00005a88    00000016     game.lib : spi.o (.text:EUSCI_A_SPI_enable)
                  00005a9e    00000016              : spi.o (.text:EUSCI_B_SPI_enable)
                  00005ab4    00000016              : context.obj (.text:Graphics_setForegroundColor)
                  00005aca    00000016              : display.obj (.text:Graphics_translateColorOnDisplay)
                  00005ae0    00000016     rtsv7M4_T_le_v4SPD16_eabi.lib : strchr.c.obj (.text:strchr)
                  00005af6    00000014                                   : strcpy.c.obj (.text:strcpy)
                  00005b0a    00000014                                   : strlen.c.obj (.text:strlen)
                  00005b1e    00000012     game.lib : context.obj (.text:Graphics_clearDisplay)
                  00005b30    00000012     rtsv7M4_T_le_v4SPD16_eabi.lib : wcslen.c.obj (.text:wcslen)
                  00005b42    0000000e                                   : copy_decompress_none.c.obj (.text:decompress:none:__TI_decompress_none)
                  00005b50    0000000e     startup_msp432p401r_ccs.obj (.text)
                  00005b5e    0000000a     rtsv7M4_T_le_v4SPD16_eabi.lib : sprintf.c.obj (.text:_outc)
                  00005b68    00000008                                   : errno.c.obj (.text:__aeabi_errno_addr)
                  00005b70    00000008                                   : memory.c.obj (.text:malloc)
                  00005b78    00000004                                   : printf.c.obj (.text:_outc)
                  00005b7c    00000004                                   : printf.c.obj (.text:_outs)
                  00005b80    00000004                                   : pre_init.c.obj (.text:_system_pre_init)
                  00005b84    00000004                                   : exit.c.obj (.text:abort:abort)

.const     0    00005b88    0000100c     
                  00005b88    00000a17     game.lib : fontcmsc22.obj (.const:.string:g_pucCmsc22Data)
                  0000659f    000002f8              : fontfixed6x8.obj (.const:.string:g_pucFontFixed6x8Data)
                  00006897    00000101     rtsv7M4_T_le_v4SPD16_eabi.lib : ctype.c.obj (.const:.string:_ctypes_)
                  00006998    000000c8     game.lib : fontcmsc22.obj (.const:g_sFontCmsc22)
                  00006a60    000000c8              : fontfixed6x8.obj (.const:g_sFontFixed6x8)
                  00006b28    00000030              : gpio.o (.const:GPIO_PORT_TO_BASE)
                  00006b58    00000020              : Crystalfontz128x128_ST7735.obj (.const:g_sCrystalfontz128x128_funcs)
                  00006b78    0000001c              : HAL_MSP_EXP432P401R_Crystalfontz128x128_ST7735.obj (.const:$P$T0$1)

.cinit     0    00006b98    000000d0     
                  00006b98    000000a9     (.cinit..data.load) [load image, compression = lzss]
                  00006c41    00000003     --HOLE-- [fill = 0]
                  00006c44    0000000c     (__TI_handler_table)
                  00006c50    00000008     (.cinit..bss.load) [load image, compression = zero_init]
                  00006c58    00000010     (__TI_cinit_table)

.init_array 
*          0    00000000    00000000     UNINITIALIZED

.binit     0    00000000    00000000     

.sysmem    0    20000000    00000400     UNINITIALIZED
                  20000000    00000010     rtsv7M4_T_le_v4SPD16_eabi.lib : memory.c.obj (.sysmem)
                  20000010    000003f0     --HOLE--

.data      0    20000400    000002a0     UNINITIALIZED
                  20000400    000000f0     rtsv7M4_T_le_v4SPD16_eabi.lib : defs.c.obj (.data:_ftable)
                  200004f0    00000078                                   : host_device.c.obj (.data:_device)
                  20000568    00000078     game.lib : menu.obj (.data:options)
                  200005e0    00000050     rtsv7M4_T_le_v4SPD16_eabi.lib : host_device.c.obj (.data:_stream)
                  20000630    00000010     game.lib : Crystalfontz128x128_ST7735.obj (.data:g_sCrystalfontz128x128)
                  20000640    00000010     rtsv7M4_T_le_v4SPD16_eabi.lib : defs.c.obj (.data)
                  20000650    0000000c                                   : exit.c.obj (.data:$O1$$)
                  2000065c    0000000c     game.lib : menu.obj (.data:color)
                  20000668    0000000c              : road.obj (.data)
                  20000674    00000008     rtsv7M4_T_le_v4SPD16_eabi.lib : _lock.c.obj (.data:$O1$$)
                  2000067c    00000008                                   : memory.c.obj (.data:$O1$$)
                  20000684    00000008     game.lib : car.obj (.data)
                  2000068c    00000004     analog.obj (.data)
                  20000690    00000004     buttons.obj (.data)
                  20000694    00000004     rtsv7M4_T_le_v4SPD16_eabi.lib : errno.c.obj (.data)
                  20000698    00000004     system_msp432p401r.obj (.data)
                  2000069c    00000002     game.lib : random.obj (.data)
                  2000069e    00000001              : init_game.obj (.data)
                  2000069f    00000001              : menu.obj (.data)

.bss       0    200006a0    0000022a     UNINITIALIZED
                  200006a0    00000120     rtsv7M4_T_le_v4SPD16_eabi.lib : trgmsg.c.obj (.bss:_CIOBUF_)
                  200007c0    000000a0     (.common:__TI_tmpnams)
                  20000860    00000020     game.lib : road.obj (.bss:road)
                  20000880    0000001c              : lcd.obj (.bss:g_sContext)
                  2000089c    0000001c              : lcd.obj (.bss:g_sContext_big_font)
                  200008b8    00000008     (.common:parmbuf)
                  200008c0    00000002     (.common:Lcd_ScreenHeigth)
                  200008c2    00000002     (.common:Lcd_ScreenWidth)
                  200008c4    00000002     (.common:Lcd_TouchTrim)
                  200008c6    00000001     (.common:Lcd_FlagRead)
                  200008c7    00000001     (.common:Lcd_FontSolid)
                  200008c8    00000001     (.common:Lcd_Orientation)
                  200008c9    00000001     (.common:Lcd_PenSolid)

.stack     0    2000fe00    00000200     UNINITIALIZED
                  2000fe00    00000004     rtsv7M4_T_le_v4SPD16_eabi.lib : boot_cortex_m.c.obj (.stack)
                  2000fe04    000001fc     --HOLE--

__llvm_prf_cnts 
*          0    20000000    00000000     UNINITIALIZED

MODULE SUMMARY

       Module                                               code    ro data   rw data
       ------                                               ----    -------   -------
    ./
       system_msp432p401r.obj                               852     0         8      
       main.obj                                             392     0         0      
       startup_msp432p401r_ccs.obj                          14      228       0      
    +--+----------------------------------------------------+-------+---------+---------+
       Total:                                               1258    228       8      
                                                                                     
    ./Analog/
       analog.obj                                           892     0         8      
    +--+----------------------------------------------------+-------+---------+---------+
       Total:                                               892     0         8      
                                                                                     
    ./LED/
       led.obj                                              312     0         0      
    +--+----------------------------------------------------+-------+---------+---------+
       Total:                                               312     0         0      
                                                                                     
    ./buttons/
       buttons.obj                                          696     0         8      
    +--+----------------------------------------------------+-------+---------+---------+
       Total:                                               696     0         8      
                                                                                     
    ../game.lib
       fontcmsc22.obj                                       0       2783      0      
       string.obj                                           1536    0         0      
       circle.obj                                           1176    0         0      
       line.obj                                             1168    0         0      
       Crystalfontz128x128_ST7735.obj                       1012    32        52     
       fontfixed6x8.obj                                     0       960       0      
       road.obj                                             584     0         88     
       lcd.obj                                              492     0         112    
       menu.obj                                             332     0         266    
       gpio.o                                               280     48        0      
       car.obj                                              296     0         16     
       spi.o                                                312     0         0      
       rectangle.obj                                        274     0         0      
       context.obj                                          264     0         0      
       display.obj                                          230     0         0      
       HAL_MSP_EXP432P401R_Crystalfontz128x128_ST7735.obj   172     28        0      
       random.obj                                           160     0         4      
       init_game.obj                                        152     0         2      
       scores.obj                                           146     0         0      
    +--+----------------------------------------------------+-------+---------+---------+
       Total:                                               8586    3851      540    
                                                                                     
    /Applications/ti/ccs1220/ccs/tools/compiler/ti-cgt-arm_20.2.7.LTS/lib/rtsv7M4_T_le_v4SPD16_eabi.lib
       _printfi.c.obj                                       4851    0         0      
       defs.c.obj                                           0       0         832    
       memory.c.obj                                         672     0         16     
       trgmsg.c.obj                                         108     0         576    
       fd_add_t2.asm.obj                                    438     0         0      
       host_device.c.obj                                    0       0         400    
       fd_div_t2.asm.obj                                    310     0         0      
       fputs.c.obj                                          276     0         0      
       s_scalbn.c.obj                                       272     0         0      
       fd_cmp_t2.asm.obj                                    268     0         0      
       ctype.c.obj                                          0       257       0      
       fd_mul_t2.asm.obj                                    252     0         0      
       s_floor.c.obj                                        248     0         0      
       setvbuf.c.obj                                        220     0         0      
       s_round.c.obj                                        196     0         0      
       memcpy_t2.asm.obj                                    156     0         0      
       ull_div_t2.asm.obj                                   150     0         0      
       fputc.c.obj                                          140     0         0      
       memset_t2.asm.obj                                    122     0         0      
       fclose.c.obj                                         116     0         0      
       getdevice.c.obj                                      116     0         0      
       hostopen.c.obj                                       96      0         16     
       printf.c.obj                                         112     0         0      
       fd_tos_t2.asm.obj                                    110     0         0      
       hostrename.c.obj                                     108     0         0      
       copy_decompress_lzss.c.obj                           104     0         0      
       hostlseek.c.obj                                      104     0         0      
       exit.c.obj                                           76      0         24     
       fseek.c.obj                                          100     0         0      
       s_frexp.c.obj                                        100     0         0      
       _io_perm.c.obj                                       98      0         0      
       sprintf.c.obj                                        98      0         0      
       close.c.obj                                          92      0         0      
       hostread.c.obj                                       88      0         0      
       hostwrite.c.obj                                      88      0         0      
       _ltoa.c.obj                                          84      0         0      
       atoi.c.obj                                           76      0         0      
       fflush.c.obj                                         76      0         0      
       fd_toi_t2.asm.obj                                    72      0         0      
       autoinit.c.obj                                       68      0         0      
       hostclose.c.obj                                      68      0         0      
       hostunlink.c.obj                                     68      0         0      
       fs_tod_t2.asm.obj                                    56      0         0      
       strncpy.c.obj                                        54      0         0      
       boot_cortex_m.c.obj                                  52      0         0      
       fopen.c.obj                                          52      0         0      
       i_tofd_t2.asm.obj                                    46      0         0      
       unlink.c.obj                                         44      0         0      
       lseek.c.obj                                          40      0         0      
       write.c.obj                                          40      0         0      
       memchr.c.obj                                         32      0         0      
       copy_zero_init.c.obj                                 28      0         0      
       memccpy.c.obj                                        28      0         0      
       s_copysign.c.obj                                     26      0         0      
       strcmp.c.obj                                         24      0         0      
       strchr.c.obj                                         22      0         0      
       strcpy.c.obj                                         20      0         0      
       strlen.c.obj                                         20      0         0      
       _lock.c.obj                                          2       0         16     
       wcslen.c.obj                                         18      0         0      
       errno.c.obj                                          8       0         8      
       copy_decompress_none.c.obj                           14      0         0      
       pre_init.c.obj                                       4       0         0      
       div0.asm.obj                                         2       0         0      
    +--+----------------------------------------------------+-------+---------+---------+
       Total:                                               11429   257       1888   
                                                                                     
       Heap:                                                0       0         2048   
       Stack:                                               0       0         1024   
       Linker Generated:                                    0       205       0      
    +--+----------------------------------------------------+-------+---------+---------+
       Grand Total:                                         23173   4541      5524   


LINKER GENERATED COPY TABLES

__TI_cinit_table @ 00006c58 records: 2, size/record: 8, table size: 16
	.data: load addr=00006b98, load size=000000a9 bytes, run addr=20000400, run size=000002a0 bytes, compression=lzss
	.bss: load addr=00006c50, load size=00000008 bytes, run addr=200006a0, run size=0000022a bytes, compression=zero_init


LINKER GENERATED HANDLER TABLE

__TI_handler_table @ 00006c44 records: 3, size/record: 4, table size: 12
	index: 0, handler: __TI_decompress_lzss
	index: 1, handler: __TI_decompress_none
	index: 2, handler: __TI_zero_init


GLOBAL SYMBOLS: SORTED ALPHABETICALLY BY Name 

address   name                                       
-------   ----                                       
00001695  ADC14_IRQHandler                           
00001695  ADC14_IRQHandler                           
00005b5d  AES256_IRQHandler                          
00005b5d  BusFault_Handler                           
00005b85  C$$EXIT                                    
0000563f  C$$IO$$                                    
00005b5d  COMP_E0_IRQHandler                         
00005b5d  COMP_E1_IRQHandler                         
00005b5d  CS_IRQHandler                              
00003667  Check_Crash                                
000030d9  Create_Menu                                
0000125d  Crystalfontz128x128_Init                   
00000fe1  Crystalfontz128x128_SetDrawFrame           
00000fb1  Crystalfontz128x128_SetOrientation         
00005b5d  DMA_ERR_IRQHandler                         
00005b5d  DMA_INT0_IRQHandler                        
00005b5d  DMA_INT1_IRQHandler                        
00005b5d  DMA_INT2_IRQHandler                        
00005b5d  DMA_INT3_IRQHandler                        
00005b5d  DebugMon_Handler                           
00005b5d  Default_Handler                            
00003597  Draw_Car                                   
000023d7  Draw_Road                                  
00005b5d  EUSCIA0_IRQHandler                         
00005b5d  EUSCIA1_IRQHandler                         
00005b5d  EUSCIA2_IRQHandler                         
00005b5d  EUSCIA3_IRQHandler                         
00005b5d  EUSCIB0_IRQHandler                         
00005b5d  EUSCIB1_IRQHandler                         
00005b5d  EUSCIB2_IRQHandler                         
00005b5d  EUSCIB3_IRQHandler                         
00005a89  EUSCI_A_SPI_enable                         
00005a9f  EUSCI_B_SPI_enable                         
00005b5d  FLCTL_IRQHandler                           
00005b5d  FPU_IRQHandler                             
000054d1  GPIO_setAsOutputPin                        
00004835  GPIO_setAsPeripheralModuleFunctionOutputPin
00005879  GPIO_setOutputHighOnPin                    
000058a1  GPIO_setOutputLowOnPin                     
0000476d  Game_Over                                  
00005b1f  Graphics_clearDisplay                      
000059f1  Graphics_clearDisplayOnDisplay             
00001f9d  Graphics_drawCircle                        
00005681  Graphics_drawHorizontalLineOnDisplay       
00002efd  Graphics_drawLine                          
00004411  Graphics_drawLineH                         
000044ad  Graphics_drawLineV                         
00004ff5  Graphics_drawPixel                         
0000581f  Graphics_drawPixelOnDisplay                
00000b33  Graphics_drawString                        
000052e9  Graphics_drawStringCentered                
000056b7  Graphics_drawVerticalLineOnDisplay         
00002455  Graphics_fillCircle                        
000038c9  Graphics_fillRectangle                     
00005961  Graphics_fillRectangleOnDisplay            
00003ce9  Graphics_getStringWidth                    
000051ab  Graphics_initContext                       
00005a0b  Graphics_setBackgroundColor                
00005a25  Graphics_setFont                           
00005ab5  Graphics_setForegroundColor                
00005acb  Graphics_translateColorOnDisplay           
00004335  HAL_LCD_PortInit                           
000042fd  HAL_LCD_SpiInit                            
000042d7  HAL_LCD_writeCommand                       
000042c5  HAL_LCD_writeData                          
000053c1  HOSTclose                                  
00004c71  HOSTlseek                                  
00004f39  HOSTopen                                   
00005051  HOSTread                                   
00004c05  HOSTrename                                 
00005405  HOSTunlink                                 
000050a9  HOSTwrite                                  
00005b5d  HardFault_Handler                          
00003657  Init_Car                                   
0000464f  Init_Game                                  
000027e7  Init_Lcd                                   
000043e9  Init_Random                                
0000222f  Init_Road                                  
200008c6  Lcd_FlagRead                               
200008c7  Lcd_FontSolid                              
200008c8  Lcd_Orientation                            
200008c9  Lcd_PenSolid                               
200008c0  Lcd_ScreenHeigth                           
200008c2  Lcd_ScreenWidth                            
200008c4  Lcd_TouchTrim                              
00005b5d  MemManage_Handler                          
00005b5d  NMI_Handler                                
00005b5d  PCM_IRQHandler                             
00005b5d  PORT1_IRQHandler                           
00005b5d  PORT2_IRQHandler                           
00001c6d  PORT3_IRQHandler                           
00001c6d  PORT3_IRQHandler                           
00001c91  PORT4_IRQHandler                           
00001c91  PORT4_IRQHandler                           
00001ca7  PORT5_IRQHandler                           
00001ca7  PORT5_IRQHandler                           
00005b5d  PORT6_IRQHandler                           
00005b5d  PSS_IRQHandler                             
00005b5d  PendSV_Handler                             
00005b5d  RTC_C_IRQHandler                           
00005b51  Reset_Handler                              
0000597f  SPI_enableModule                           
00004213  SPI_initMaster                             
00005b5d  SVC_Handler                                
00003577  Set_Car_Color                              
00003071  Show_Menu                                  
0000476b  Show_Msg                                   
00004715  Show_Scores                                
00004621  Start_SysTick                              
00003569  Steering_Wheel                             
00004619  SysTick_Handler                            
00004619  SysTick_Handler                            
20000698  SystemCoreClock                            
00001721  SystemCoreClockUpdate                      
00001999  SystemInit                                 
00005b5d  T32_INT1_IRQHandler                        
00005b5d  T32_INT2_IRQHandler                        
00005b5d  T32_INTC_IRQHandler                        
00005b5d  TA0_0_IRQHandler                           
00005b5d  TA0_N_IRQHandler                           
00005b5d  TA1_0_IRQHandler                           
00005b5d  TA1_N_IRQHandler                           
00005b5d  TA2_0_IRQHandler                           
00005b5d  TA2_N_IRQHandler                           
00005b5d  TA3_0_IRQHandler                           
00005b5d  TA3_N_IRQHandler                           
00005b5d  UsageFault_Handler                         
4000480c  WDTCTL_SYM                                 
00005b5d  WDT_A_IRQHandler                           
200006a0  __CIOBUF_                                  
20010000  __STACK_END                                
00000200  __STACK_SIZE                               
00000400  __SYSMEM_SIZE                              
00006c58  __TI_CINIT_Base                            
00006c68  __TI_CINIT_Limit                           
00006c44  __TI_Handler_Table_Base                    
00006c50  __TI_Handler_Table_Limit                   
00005449  __TI_auto_init_nobinit_nopinit             
00005725  __TI_cleanup                               
20000650  __TI_cleanup_ptr                           
00004a45  __TI_closefile                             
00004cd9  __TI_decompress_lzss                       
00005b43  __TI_decompress_none                       
0000524f  __TI_doflush                               
20000654  __TI_dtors_ptr                             
20000658  __TI_enable_exit_profile_output            
20000640  __TI_ft_end                                
00005157  __TI_ltoa                                  
ffffffff  __TI_pprof_out_hndl                        
000000e5  __TI_printfi                               
ffffffff  __TI_prof_data_size                        
ffffffff  __TI_prof_data_start                       
00005759  __TI_readmsg                               
00000000  __TI_static_base__                         
200007c0  __TI_tmpnams                               
00005611  __TI_writemsg                              
00004ed5  __TI_wrt_ok                                
0000599b  __TI_zero_init_nomemset                    
000048bd  __aeabi_cdcmpeq                            
000048bd  __aeabi_cdcmple                            
00004943  __aeabi_cdrcmple                           
00004b97  __aeabi_d2f                                
00005379  __aeabi_d2iz                               
00002a47  __aeabi_dadd                               
00003431  __aeabi_ddiv                               
00003bed  __aeabi_dmul                               
00002a3d  __aeabi_dsub                               
00005b69  __aeabi_errno_addr                         
00005649  __aeabi_f2d                                
000057f1  __aeabi_i2d                                
0000267f  __aeabi_idiv0                              
0000267f  __aeabi_ldiv0                              
000049c9  __aeabi_memclr                             
000049c9  __aeabi_memclr4                            
000049c9  __aeabi_memclr8                            
00004549  __aeabi_memcpy                             
00004549  __aeabi_memcpy4                            
00004549  __aeabi_memcpy8                            
000049cb  __aeabi_memset                             
000049cb  __aeabi_memset4                            
000049cb  __aeabi_memset8                            
2000064c  __aeabi_stderr                             
20000644  __aeabi_stdin                              
20000648  __aeabi_stdout                             
0000467d  __aeabi_uldivmod                           
ffffffff  __binit__                                  
ffffffff  __c_args__                                 
UNDEFED   __mpu_init                                 
2000fe00  __stack                                    
20000000  __start___llvm_prf_cnts                    
20000000  __stop___llvm_prf_cnts                     
0000578d  _c_int00_noargs                            
00006897  _ctypes_                                   
200004f0  _device                                    
20000400  _ftable                                    
20000674  _lock                                      
0000220b  _nop                                       
200005e0  _stream                                    
20000000  _sys_memory                                
UNDEFED   _system_post_cinit                         
00005b81  _system_pre_init                           
20000678  _unlock                                    
00005b85  abort                                      
00003aed  aligned_alloc                              
00001665  all_values_temp                            
0000529d  atoi                                       
ffffffff  binit                                      
00001bb5  button_bottom_fsm                          
0000220d  change_speed                               
00004605  check_SysTick_flag                         
00001bf5  check_and_clear_bb_flag                    
00001c1d  check_and_clear_bj_flag                    
00001c45  check_and_clear_bu_flag                    
000027d1  clear_display                              
00004f99  close                                      
00001491  config_accel                               
00001415  config_joystic                             
000013e5  config_temp                                
0000162f  convert_to_Celsius                         
000015f3  convert_to_volts                           
00005a3f  copysign                                   
00005a3f  copysignl                                  
000027a7  drawLine                                   
00002787  draw_circle                                
0000272f  draw_string_back                           
000026fb  draw_string_big_font                       
000026c7  draw_string_font                           
20000694  errno                                      
00005331  exit                                       
000026a7  fill_circle                                
00002681  fill_rectangle                             
000057c1  finddevice                                 
2000069e  flag_SysTick                               
00003de5  floor                                      
00003de5  floorl                                     
00004601  foo                                        
000047a9  fputc                                      
000037b5  fputs                                      
00003edd  free                                       
00004e0d  frexp                                      
00004e0d  frexpl                                     
00004e71  fseek                                      
20000630  g_sCrystalfontz128x128                     
00006b58  g_sCrystalfontz128x128_funcs               
00006998  g_sFontCmsc22                              
00006a60  g_sFontFixed6x8                            
0000548d  getdevice                                  
000013a5  init_adc14                                 
00001aa1  init_buttons                               
00001afd  init_buttons_int                           
000032f9  init_rgb                                   
00000000  interruptVectors                           
000039dd  ldexp                                      
000039dd  ldexpl                                     
000033ef  led_off                                    
00003373  led_on                                     
000058f1  lseek                                      
00002bf5  main                                       
00005b71  malloc                                     
00003aed  memalign                                   
000059d5  memccpy                                    
00005941  memchr                                     
00004549  memcpy                                     
000049d1  memset                                     
200008b8  parmbuf                                    
00004d41  printf                                     
000047a9  putc                                       
00004371  rand                                       
00001575  read_accel                                 
00001b71  read_button_bottom                         
00001531  read_joystick                              
000015c3  read_temp                                  
00001b93  read_upper_bottom                          
0000584d  remove                                     
0000409d  round                                      
0000409d  roundl                                     
000039dd  scalbn                                     
000039dd  scalbnl                                    
00003fc1  setvbuf                                    
000045e5  show_error                                 
00005591  sprintf                                    
00005ae1  strchr                                     
00005a71  strcmp                                     
00005af7  strcpy                                     
00005b0b  strlen                                     
000056ed  strncpy                                    
2000068c  temp                                       
0000584d  unlink                                     
00005b31  wcslen                                     
00005919  write                                      


GLOBAL SYMBOLS: SORTED BY Symbol Address 

address   name                                       
-------   ----                                       
00000000  __TI_static_base__                         
00000000  interruptVectors                           
000000e5  __TI_printfi                               
00000200  __STACK_SIZE                               
00000400  __SYSMEM_SIZE                              
00000b33  Graphics_drawString                        
00000fb1  Crystalfontz128x128_SetOrientation         
00000fe1  Crystalfontz128x128_SetDrawFrame           
0000125d  Crystalfontz128x128_Init                   
000013a5  init_adc14                                 
000013e5  config_temp                                
00001415  config_joystic                             
00001491  config_accel                               
00001531  read_joystick                              
00001575  read_accel                                 
000015c3  read_temp                                  
000015f3  convert_to_volts                           
0000162f  convert_to_Celsius                         
00001665  all_values_temp                            
00001695  ADC14_IRQHandler                           
00001695  ADC14_IRQHandler                           
00001721  SystemCoreClockUpdate                      
00001999  SystemInit                                 
00001aa1  init_buttons                               
00001afd  init_buttons_int                           
00001b71  read_button_bottom                         
00001b93  read_upper_bottom                          
00001bb5  button_bottom_fsm                          
00001bf5  check_and_clear_bb_flag                    
00001c1d  check_and_clear_bj_flag                    
00001c45  check_and_clear_bu_flag                    
00001c6d  PORT3_IRQHandler                           
00001c6d  PORT3_IRQHandler                           
00001c91  PORT4_IRQHandler                           
00001c91  PORT4_IRQHandler                           
00001ca7  PORT5_IRQHandler                           
00001ca7  PORT5_IRQHandler                           
00001f9d  Graphics_drawCircle                        
0000220b  _nop                                       
0000220d  change_speed                               
0000222f  Init_Road                                  
000023d7  Draw_Road                                  
00002455  Graphics_fillCircle                        
0000267f  __aeabi_idiv0                              
0000267f  __aeabi_ldiv0                              
00002681  fill_rectangle                             
000026a7  fill_circle                                
000026c7  draw_string_font                           
000026fb  draw_string_big_font                       
0000272f  draw_string_back                           
00002787  draw_circle                                
000027a7  drawLine                                   
000027d1  clear_display                              
000027e7  Init_Lcd                                   
00002a3d  __aeabi_dsub                               
00002a47  __aeabi_dadd                               
00002bf5  main                                       
00002efd  Graphics_drawLine                          
00003071  Show_Menu                                  
000030d9  Create_Menu                                
000032f9  init_rgb                                   
00003373  led_on                                     
000033ef  led_off                                    
00003431  __aeabi_ddiv                               
00003569  Steering_Wheel                             
00003577  Set_Car_Color                              
00003597  Draw_Car                                   
00003657  Init_Car                                   
00003667  Check_Crash                                
000037b5  fputs                                      
000038c9  Graphics_fillRectangle                     
000039dd  ldexp                                      
000039dd  ldexpl                                     
000039dd  scalbn                                     
000039dd  scalbnl                                    
00003aed  aligned_alloc                              
00003aed  memalign                                   
00003bed  __aeabi_dmul                               
00003ce9  Graphics_getStringWidth                    
00003de5  floor                                      
00003de5  floorl                                     
00003edd  free                                       
00003fc1  setvbuf                                    
0000409d  round                                      
0000409d  roundl                                     
00004213  SPI_initMaster                             
000042c5  HAL_LCD_writeData                          
000042d7  HAL_LCD_writeCommand                       
000042fd  HAL_LCD_SpiInit                            
00004335  HAL_LCD_PortInit                           
00004371  rand                                       
000043e9  Init_Random                                
00004411  Graphics_drawLineH                         
000044ad  Graphics_drawLineV                         
00004549  __aeabi_memcpy                             
00004549  __aeabi_memcpy4                            
00004549  __aeabi_memcpy8                            
00004549  memcpy                                     
000045e5  show_error                                 
00004601  foo                                        
00004605  check_SysTick_flag                         
00004619  SysTick_Handler                            
00004619  SysTick_Handler                            
00004621  Start_SysTick                              
0000464f  Init_Game                                  
0000467d  __aeabi_uldivmod                           
00004715  Show_Scores                                
0000476b  Show_Msg                                   
0000476d  Game_Over                                  
000047a9  fputc                                      
000047a9  putc                                       
00004835  GPIO_setAsPeripheralModuleFunctionOutputPin
000048bd  __aeabi_cdcmpeq                            
000048bd  __aeabi_cdcmple                            
00004943  __aeabi_cdrcmple                           
000049c9  __aeabi_memclr                             
000049c9  __aeabi_memclr4                            
000049c9  __aeabi_memclr8                            
000049cb  __aeabi_memset                             
000049cb  __aeabi_memset4                            
000049cb  __aeabi_memset8                            
000049d1  memset                                     
00004a45  __TI_closefile                             
00004b97  __aeabi_d2f                                
00004c05  HOSTrename                                 
00004c71  HOSTlseek                                  
00004cd9  __TI_decompress_lzss                       
00004d41  printf                                     
00004e0d  frexp                                      
00004e0d  frexpl                                     
00004e71  fseek                                      
00004ed5  __TI_wrt_ok                                
00004f39  HOSTopen                                   
00004f99  close                                      
00004ff5  Graphics_drawPixel                         
00005051  HOSTread                                   
000050a9  HOSTwrite                                  
00005157  __TI_ltoa                                  
000051ab  Graphics_initContext                       
0000524f  __TI_doflush                               
0000529d  atoi                                       
000052e9  Graphics_drawStringCentered                
00005331  exit                                       
00005379  __aeabi_d2iz                               
000053c1  HOSTclose                                  
00005405  HOSTunlink                                 
00005449  __TI_auto_init_nobinit_nopinit             
0000548d  getdevice                                  
000054d1  GPIO_setAsOutputPin                        
00005591  sprintf                                    
00005611  __TI_writemsg                              
0000563f  C$$IO$$                                    
00005649  __aeabi_f2d                                
00005681  Graphics_drawHorizontalLineOnDisplay       
000056b7  Graphics_drawVerticalLineOnDisplay         
000056ed  strncpy                                    
00005725  __TI_cleanup                               
00005759  __TI_readmsg                               
0000578d  _c_int00_noargs                            
000057c1  finddevice                                 
000057f1  __aeabi_i2d                                
0000581f  Graphics_drawPixelOnDisplay                
0000584d  remove                                     
0000584d  unlink                                     
00005879  GPIO_setOutputHighOnPin                    
000058a1  GPIO_setOutputLowOnPin                     
000058f1  lseek                                      
00005919  write                                      
00005941  memchr                                     
00005961  Graphics_fillRectangleOnDisplay            
0000597f  SPI_enableModule                           
0000599b  __TI_zero_init_nomemset                    
000059d5  memccpy                                    
000059f1  Graphics_clearDisplayOnDisplay             
00005a0b  Graphics_setBackgroundColor                
00005a25  Graphics_setFont                           
00005a3f  copysign                                   
00005a3f  copysignl                                  
00005a71  strcmp                                     
00005a89  EUSCI_A_SPI_enable                         
00005a9f  EUSCI_B_SPI_enable                         
00005ab5  Graphics_setForegroundColor                
00005acb  Graphics_translateColorOnDisplay           
00005ae1  strchr                                     
00005af7  strcpy                                     
00005b0b  strlen                                     
00005b1f  Graphics_clearDisplay                      
00005b31  wcslen                                     
00005b43  __TI_decompress_none                       
00005b51  Reset_Handler                              
00005b5d  AES256_IRQHandler                          
00005b5d  BusFault_Handler                           
00005b5d  COMP_E0_IRQHandler                         
00005b5d  COMP_E1_IRQHandler                         
00005b5d  CS_IRQHandler                              
00005b5d  DMA_ERR_IRQHandler                         
00005b5d  DMA_INT0_IRQHandler                        
00005b5d  DMA_INT1_IRQHandler                        
00005b5d  DMA_INT2_IRQHandler                        
00005b5d  DMA_INT3_IRQHandler                        
00005b5d  DebugMon_Handler                           
00005b5d  Default_Handler                            
00005b5d  EUSCIA0_IRQHandler                         
00005b5d  EUSCIA1_IRQHandler                         
00005b5d  EUSCIA2_IRQHandler                         
00005b5d  EUSCIA3_IRQHandler                         
00005b5d  EUSCIB0_IRQHandler                         
00005b5d  EUSCIB1_IRQHandler                         
00005b5d  EUSCIB2_IRQHandler                         
00005b5d  EUSCIB3_IRQHandler                         
00005b5d  FLCTL_IRQHandler                           
00005b5d  FPU_IRQHandler                             
00005b5d  HardFault_Handler                          
00005b5d  MemManage_Handler                          
00005b5d  NMI_Handler                                
00005b5d  PCM_IRQHandler                             
00005b5d  PORT1_IRQHandler                           
00005b5d  PORT2_IRQHandler                           
00005b5d  PORT6_IRQHandler                           
00005b5d  PSS_IRQHandler                             
00005b5d  PendSV_Handler                             
00005b5d  RTC_C_IRQHandler                           
00005b5d  SVC_Handler                                
00005b5d  T32_INT1_IRQHandler                        
00005b5d  T32_INT2_IRQHandler                        
00005b5d  T32_INTC_IRQHandler                        
00005b5d  TA0_0_IRQHandler                           
00005b5d  TA0_N_IRQHandler                           
00005b5d  TA1_0_IRQHandler                           
00005b5d  TA1_N_IRQHandler                           
00005b5d  TA2_0_IRQHandler                           
00005b5d  TA2_N_IRQHandler                           
00005b5d  TA3_0_IRQHandler                           
00005b5d  TA3_N_IRQHandler                           
00005b5d  UsageFault_Handler                         
00005b5d  WDT_A_IRQHandler                           
00005b69  __aeabi_errno_addr                         
00005b71  malloc                                     
00005b81  _system_pre_init                           
00005b85  C$$EXIT                                    
00005b85  abort                                      
00006897  _ctypes_                                   
00006998  g_sFontCmsc22                              
00006a60  g_sFontFixed6x8                            
00006b58  g_sCrystalfontz128x128_funcs               
00006c44  __TI_Handler_Table_Base                    
00006c50  __TI_Handler_Table_Limit                   
00006c58  __TI_CINIT_Base                            
00006c68  __TI_CINIT_Limit                           
20000000  __start___llvm_prf_cnts                    
20000000  __stop___llvm_prf_cnts                     
20000000  _sys_memory                                
20000400  _ftable                                    
200004f0  _device                                    
200005e0  _stream                                    
20000630  g_sCrystalfontz128x128                     
20000640  __TI_ft_end                                
20000644  __aeabi_stdin                              
20000648  __aeabi_stdout                             
2000064c  __aeabi_stderr                             
20000650  __TI_cleanup_ptr                           
20000654  __TI_dtors_ptr                             
20000658  __TI_enable_exit_profile_output            
20000674  _lock                                      
20000678  _unlock                                    
2000068c  temp                                       
20000694  errno                                      
20000698  SystemCoreClock                            
2000069e  flag_SysTick                               
200006a0  __CIOBUF_                                  
200007c0  __TI_tmpnams                               
200008b8  parmbuf                                    
200008c0  Lcd_ScreenHeigth                           
200008c2  Lcd_ScreenWidth                            
200008c4  Lcd_TouchTrim                              
200008c6  Lcd_FlagRead                               
200008c7  Lcd_FontSolid                              
200008c8  Lcd_Orientation                            
200008c9  Lcd_PenSolid                               
2000fe00  __stack                                    
20010000  __STACK_END                                
4000480c  WDTCTL_SYM                                 
ffffffff  __TI_pprof_out_hndl                        
ffffffff  __TI_prof_data_size                        
ffffffff  __TI_prof_data_start                       
ffffffff  __binit__                                  
ffffffff  __c_args__                                 
ffffffff  binit                                      
UNDEFED   __mpu_init                                 
UNDEFED   _system_post_cinit                         

[290 symbols]
